<?xml version="1.0" encoding="UTF-8" ?>
<testsuites name="vitest tests" tests="3400" failures="0" errors="0" time="27.2967761">
    <testsuite name="tests/annotations.test.js" timestamp="2026-03-17T19:02:05.787Z" hostname="Kahana-PC" tests="40" failures="0" errors="0" skipped="0" time="0.0914833">
        <testcase classname="tests/annotations.test.js" name="ANNOTATION_COLORS &gt; is a non-empty array of strings" time="0.0036646">
        </testcase>
        <testcase classname="tests/annotations.test.js" name="saveAnnotation &gt; saves the first annotation and returns a list with one item" time="0.0044795">
        </testcase>
        <testcase classname="tests/annotations.test.js" name="saveAnnotation &gt; appends to an existing list" time="0.0007938">
        </testcase>
        <testcase classname="tests/annotations.test.js" name="saveAnnotation &gt; calls storage.set with the updated list" time="0.0010482">
        </testcase>
        <testcase classname="tests/annotations.test.js" name="loadAnnotations &gt; returns empty array when nothing is stored" time="0.0017766">
        </testcase>
        <testcase classname="tests/annotations.test.js" name="loadAnnotations &gt; returns stored annotations" time="0.0005099">
        </testcase>
        <testcase classname="tests/annotations.test.js" name="deleteAnnotation &gt; removes the annotation with the matching id" time="0.0007886">
        </testcase>
        <testcase classname="tests/annotations.test.js" name="deleteAnnotation &gt; returns empty array when all annotations deleted" time="0.0031006">
        </testcase>
        <testcase classname="tests/annotations.test.js" name="deleteAnnotation &gt; returns unchanged list when id not found" time="0.0007128">
        </testcase>
        <testcase classname="tests/annotations.test.js" name="deleteAnnotation &gt; returns empty list when no annotations exist" time="0.0005754">
        </testcase>
        <testcase classname="tests/annotations.test.js" name="getCharOffset &gt; returns 0 for the first char of the first text node" time="0.0034698">
        </testcase>
        <testcase classname="tests/annotations.test.js" name="getCharOffset &gt; returns the correct offset within a single text node" time="0.0006883">
        </testcase>
        <testcase classname="tests/annotations.test.js" name="getCharOffset &gt; returns cumulative offset across multiple text nodes" time="0.0011135">
        </testcase>
        <testcase classname="tests/annotations.test.js" name="getCharOffset &gt; returns fallback offset when node not found (total text length + offset)" time="0.0005775">
        </testcase>
        <testcase classname="tests/annotations.test.js" name="resolveCharOffset &gt; returns null for empty container" time="0.0006124">
        </testcase>
        <testcase classname="tests/annotations.test.js" name="resolveCharOffset &gt; resolves offset 0 to start of first text node" time="0.0006117">
        </testcase>
        <testcase classname="tests/annotations.test.js" name="resolveCharOffset &gt; resolves offset to correct node and offset within text" time="0.0005594">
        </testcase>
        <testcase classname="tests/annotations.test.js" name="resolveCharOffset &gt; resolves offset spanning two text nodes" time="0.0006657">
        </testcase>
        <testcase classname="tests/annotations.test.js" name="resolveCharOffset &gt; resolves to end of last text node" time="0.0004446">
        </testcase>
        <testcase classname="tests/annotations.test.js" name="serializeRange &gt; returns null when range is outside container" time="0.0011248">
        </testcase>
        <testcase classname="tests/annotations.test.js" name="serializeRange &gt; returns null when start &gt;= end" time="0.0014212">
        </testcase>
        <testcase classname="tests/annotations.test.js" name="serializeRange &gt; serializes a valid range" time="0.0009999">
        </testcase>
        <testcase classname="tests/annotations.test.js" name="highlightRange &gt; wraps a valid range with a &lt;mark&gt; element" time="0.0139504">
        </testcase>
        <testcase classname="tests/annotations.test.js" name="highlightRange &gt; sets title when note is provided" time="0.0015083">
        </testcase>
        <testcase classname="tests/annotations.test.js" name="highlightRange &gt; uses default color when no color provided" time="0.0011984">
        </testcase>
        <testcase classname="tests/annotations.test.js" name="highlightRange &gt; skips when startPos not resolved" time="0.0111747">
        </testcase>
        <testcase classname="tests/annotations.test.js" name="highlightRange &gt; skips when endPos not resolved" time="0.0011999">
        </testcase>
        <testcase classname="tests/annotations.test.js" name="highlightRange &gt; highlights a selection that spans across different element boundaries" time="0.011161">
        </testcase>
        <testcase classname="tests/annotations.test.js" name="highlightRange &gt; highlights across deeply nested markdown elements" time="0.0042457">
        </testcase>
        <testcase classname="tests/annotations.test.js" name="applyAnnotations &gt; applies multiple annotations from last to first" time="0.0034003">
        </testcase>
        <testcase classname="tests/annotations.test.js" name="applyAnnotations &gt; handles empty annotations array" time="0.0009269">
        </testcase>
        <testcase classname="tests/annotations.test.js" name="applyAnnotations &gt; does not mutate the original array" time="0.0023814">
        </testcase>
        <testcase classname="tests/annotations.test.js" name="parseBacklinks &gt; returns empty array for falsy input" time="0.0013384">
        </testcase>
        <testcase classname="tests/annotations.test.js" name="parseBacklinks &gt; returns empty array for non-string input" time="0.0005272">
        </testcase>
        <testcase classname="tests/annotations.test.js" name="parseBacklinks &gt; returns empty array when no [[...]] found" time="0.0005754">
        </testcase>
        <testcase classname="tests/annotations.test.js" name="parseBacklinks &gt; extracts a single backlink" time="0.0007638">
        </testcase>
        <testcase classname="tests/annotations.test.js" name="parseBacklinks &gt; extracts multiple backlinks" time="0.0004849">
        </testcase>
        <testcase classname="tests/annotations.test.js" name="parseBacklinks &gt; trims whitespace inside backlinks" time="0.0004056">
        </testcase>
        <testcase classname="tests/annotations.test.js" name="parseBacklinks &gt; ignores empty backlinks" time="0.0004027">
        </testcase>
        <testcase classname="tests/annotations.test.js" name="parseBacklinks &gt; handles complex titles with spaces and slashes" time="0.0004498">
        </testcase>
    </testsuite>
    <testsuite name="tests/artifact-preview.test.js" timestamp="2026-03-17T19:02:05.834Z" hostname="Kahana-PC" tests="11" failures="0" errors="0" skipped="0" time="0.2159967">
        <testcase classname="tests/artifact-preview.test.js" name="showArtifactPreview() &gt; sets iframe srcdoc to entity.source (HTML)" time="0.03358">
        </testcase>
        <testcase classname="tests/artifact-preview.test.js" name="showArtifactPreview() &gt; wraps SVG source in an HTML body" time="0.0186306">
        </testcase>
        <testcase classname="tests/artifact-preview.test.js" name="showArtifactPreview() &gt; wraps plain text source in &lt;pre&gt;" time="0.0184841">
        </testcase>
        <testcase classname="tests/artifact-preview.test.js" name="showArtifactPreview() &gt; removes hidden attribute on show" time="0.012784">
        </testcase>
        <testcase classname="tests/artifact-preview.test.js" name="showArtifactPreview() &gt; updates the panel title from entity.title" time="0.0125422">
        </testcase>
        <testcase classname="tests/artifact-preview.test.js" name="showArtifactPreview() &gt; uses fallback title when entity.title is empty" time="0.0121263">
        </testcase>
        <testcase classname="tests/artifact-preview.test.js" name="showArtifactPreview() &gt; Copy button calls clipboard.writeText with entity.source" time="0.020783">
        </testcase>
        <testcase classname="tests/artifact-preview.test.js" name="showArtifactPreview() &gt; Download button creates a blob download link" time="0.0174618">
        </testcase>
        <testcase classname="tests/artifact-preview.test.js" name="hideArtifactPreview() &gt; adds hidden attribute" time="0.0252943">
        </testcase>
        <testcase classname="tests/artifact-preview.test.js" name="hideArtifactPreview() &gt; clears iframe srcdoc" time="0.0182751">
        </testcase>
        <testcase classname="tests/artifact-preview.test.js" name="close button wiring &gt; clicking the close button hides the panel" time="0.0216425">
        </testcase>
    </testsuite>
    <testsuite name="tests/artifact-screenshot.test.js" timestamp="2026-03-17T19:02:05.854Z" hostname="Kahana-PC" tests="9" failures="0" errors="0" skipped="0" time="0.095639">
        <testcase classname="tests/artifact-screenshot.test.js" name="captureArtifactScreenshot() — guard clauses &gt; resolves to null for null source" time="0.0034484">
        </testcase>
        <testcase classname="tests/artifact-screenshot.test.js" name="captureArtifactScreenshot() — guard clauses &gt; resolves to null for empty string source" time="0.0004302">
        </testcase>
        <testcase classname="tests/artifact-screenshot.test.js" name="captureArtifactScreenshot() — guard clauses &gt; resolves to null for whitespace-only source" time="0.0002521">
        </testcase>
        <testcase classname="tests/artifact-screenshot.test.js" name="captureArtifactScreenshot() — iframe attributes &gt; creates iframe with sandbox=&quot;allow-scripts&quot;" time="0.0367179">
        </testcase>
        <testcase classname="tests/artifact-screenshot.test.js" name="captureArtifactScreenshot() — iframe attributes &gt; sets srcdoc to entity source for text/html mimeType" time="0.008511">
        </testcase>
        <testcase classname="tests/artifact-screenshot.test.js" name="captureArtifactScreenshot() — iframe attributes &gt; wraps SVG source in HTML body" time="0.0154919">
        </testcase>
        <testcase classname="tests/artifact-screenshot.test.js" name="captureArtifactScreenshot() — iframe attributes &gt; wraps plain text in &lt;pre&gt; block" time="0.0104404">
        </testcase>
        <testcase classname="tests/artifact-screenshot.test.js" name="captureArtifactScreenshot() — error resilience &gt; resolves to null when iframe fires error event" time="0.0064553">
        </testcase>
        <testcase classname="tests/artifact-screenshot.test.js" name="captureArtifactScreenshot() — error resilience &gt; resolves to null when canvas.toDataURL throws (tainted canvas)" time="0.0093802">
        </testcase>
    </testsuite>
    <testsuite name="tests/chat-actions.test.js" timestamp="2026-03-17T19:02:05.869Z" hostname="Kahana-PC" tests="49" failures="0" errors="0" skipped="0" time="0.2398734">
        <testcase classname="tests/chat-actions.test.js" name="showChatContextMenu() &gt; does nothing gracefully when elements.chatContextMenu is null" time="0.0137562">
        </testcase>
        <testcase classname="tests/chat-actions.test.js" name="showChatContextMenu() &gt; sets style.left and style.top and makes the menu visible" time="0.0124264">
        </testcase>
        <testcase classname="tests/chat-actions.test.js" name="showChatContextMenu() &gt; adjusts position if menu overflows the right edge of the viewport" time="0.0031341">
        </testcase>
        <testcase classname="tests/chat-actions.test.js" name="hideChatContextMenu() &gt; does nothing gracefully when elements.chatContextMenu is null" time="0.0011918">
        </testcase>
        <testcase classname="tests/chat-actions.test.js" name="hideChatContextMenu() &gt; sets display to none" time="0.0017722">
        </testcase>
        <testcase classname="tests/chat-actions.test.js" name="handleChatClick() &gt; does nothing when chat is falsy" time="0.003276">
        </testcase>
        <testcase classname="tests/chat-actions.test.js" name="handleChatClick() &gt; does nothing when chat.id is absent" time="0.0014457">
        </testcase>
        <testcase classname="tests/chat-actions.test.js" name="handleChatClick() &gt; calls browser.tabs.create with the reader URL for a valid chat" time="0.0106982">
        </testcase>
        <testcase classname="tests/chat-actions.test.js" name="handleChatContextMenu() &gt; calls event.preventDefault()" time="0.0039495">
        </testcase>
        <testcase classname="tests/chat-actions.test.js" name="handleChatContextMenu() &gt; sets contextMenuChat on state to the given chat" time="0.0041263">
        </testcase>
        <testcase classname="tests/chat-actions.test.js" name="handleChatContextMenu() &gt; renders review date &quot;Set review date&quot; when chat has no reviewDate and is not stale" time="0.0047508">
        </testcase>
        <testcase classname="tests/chat-actions.test.js" name="handleChatContextMenu() &gt; renders review date label when chat has a reviewDate" time="0.0043296">
        </testcase>
        <testcase classname="tests/chat-actions.test.js" name="handleChatContextMenu() &gt; renders stale warning when chat.flaggedAsStale with no reviewDate" time="0.0024614">
        </testcase>
        <testcase classname="tests/chat-actions.test.js" name="handleChatContextMenu() &gt; renders stale warning with reviewDate when flaggedAsStale" time="0.0025891">
        </testcase>
        <testcase classname="tests/chat-actions.test.js" name="updateChatRatingWidget() &gt; does nothing when no #chatRatingWidget element exists" time="0.0011504">
        </testcase>
        <testcase classname="tests/chat-actions.test.js" name="updateChatRatingWidget() &gt; marks stars up to the rating as active" time="0.0099051">
        </testcase>
        <testcase classname="tests/chat-actions.test.js" name="updateChatRatingWidget() &gt; sets aria-pressed correctly on each star button" time="0.002675">
        </testcase>
        <testcase classname="tests/chat-actions.test.js" name="updateChatRatingWidget() &gt; clears all active stars when rating is 0" time="0.0038777">
        </testcase>
        <testcase classname="tests/chat-actions.test.js" name="setupChatContextMenuActions() &gt; does nothing when elements.chatContextMenu is null" time="0.0019231">
        </testcase>
        <testcase classname="tests/chat-actions.test.js" name="setupChatContextMenuActions() &gt; wires click handlers to [data-chat-action] items" time="0.0100663">
        </testcase>
        <testcase classname="tests/chat-actions.test.js" name="setupChatContextMenuActions() &gt; logs a warning when no chat is selected for an action" time="0.0053996">
        </testcase>
        <testcase classname="tests/chat-actions.test.js" name="handleRateChatAction() &gt; does nothing when contextMenuChat is null" time="0.0043062">
        </testcase>
        <testcase classname="tests/chat-actions.test.js" name="handleRateChatAction() &gt; sets rating when chat does not already have that rating" time="0.0046766">
        </testcase>
        <testcase classname="tests/chat-actions.test.js" name="handleRateChatAction() &gt; clears rating (sets to null) when the same value is clicked again" time="0.0024835">
        </testcase>
        <testcase classname="tests/chat-actions.test.js" name="handleRateChatAction() &gt; calls renderer.setChatData with the returned chats" time="0.0018863">
        </testcase>
        <testcase classname="tests/chat-actions.test.js" name="handleChatSaved() &gt; resets save button to default when user cancels from the assign dialog" time="0.002279">
        </testcase>
        <testcase classname="tests/chat-actions.test.js" name="handleChatSaved() &gt; adds the chat to state.chats before showing dialog" time="0.0018109">
        </testcase>
        <testcase classname="tests/chat-actions.test.js" name="handleChatSaved() &gt; updates the chat and saves tree when dialog returns a result" time="0.0025841">
        </testcase>
        <testcase classname="tests/chat-actions.test.js" name="handleChatSaved() &gt; replaces stale duplicate chat in state.chats" time="0.0020056">
        </testcase>
        <testcase classname="tests/chat-actions.test.js" name="private chat-action handlers via setupChatContextMenuActions &gt; rename: calls showRenameChat for the context chat" time="0.0040556">
        </testcase>
        <testcase classname="tests/chat-actions.test.js" name="private chat-action handlers via setupChatContextMenuActions &gt; rename: updates chat when dialog returns a result" time="0.0032967">
        </testcase>
        <testcase classname="tests/chat-actions.test.js" name="private chat-action handlers via setupChatContextMenuActions &gt; edit-tags: calls showEditTags" time="0.0038085">
        </testcase>
        <testcase classname="tests/chat-actions.test.js" name="private chat-action handlers via setupChatContextMenuActions &gt; edit-tags: updates tags when dialog returns result" time="0.00378">
        </testcase>
        <testcase classname="tests/chat-actions.test.js" name="private chat-action handlers via setupChatContextMenuActions &gt; move: calls showMoveChat" time="0.0040377">
        </testcase>
        <testcase classname="tests/chat-actions.test.js" name="private chat-action handlers via setupChatContextMenuActions &gt; move: moves chat and calls saveTree when dialog returns result" time="0.0036772">
        </testcase>
        <testcase classname="tests/chat-actions.test.js" name="private chat-action handlers via setupChatContextMenuActions &gt; set-review-date: calls showSetReviewDate" time="0.0031598">
        </testcase>
        <testcase classname="tests/chat-actions.test.js" name="private chat-action handlers via setupChatContextMenuActions &gt; set-review-date: updates reviewDate when dialog returns result" time="0.0036824">
        </testcase>
        <testcase classname="tests/chat-actions.test.js" name="private chat-action handlers via setupChatContextMenuActions &gt; export: calls showExportChat" time="0.0037767">
        </testcase>
        <testcase classname="tests/chat-actions.test.js" name="private chat-action handlers via setupChatContextMenuActions &gt; export: calls dialog.alert when showExportChat throws" time="0.0298115">
            <system-err>
[bAInder] [ERROR] Export chat failed: Error: Boom
    at C:/Repos/Personal/bAInder/tests/chat-actions.test.js:620:67
    at [90mfile:///C:/Repos/Personal/bAInder/[39mnode_modules/[4m@vitest/runner[24m/dist/index.js:145:11
    at [90mfile:///C:/Repos/Personal/bAInder/[39mnode_modules/[4m@vitest/runner[24m/dist/index.js:915:26
    at [90mfile:///C:/Repos/Personal/bAInder/[39mnode_modules/[4m@vitest/runner[24m/dist/index.js:1243:20
    at new Promise (&lt;anonymous&gt;)
    at runWithTimeout [90m(file:///C:/Repos/Personal/bAInder/[39mnode_modules/[4m@vitest/runner[24m/dist/index.js:1209:10[90m)[39m
    at [90mfile:///C:/Repos/Personal/bAInder/[39mnode_modules/[4m@vitest/runner[24m/dist/index.js:1653:37
    at Traces.$ [90m(file:///C:/Repos/Personal/bAInder/[39mnode_modules/[4mvitest[24m/dist/chunks/traces.CCmnQaNT.js:142:27[90m)[39m
    at trace [90m(file:///C:/Repos/Personal/bAInder/[39mnode_modules/[4mvitest[24m/dist/chunks/test.B8ej_ZHS.js:239:21[90m)[39m
    at runTest [90m(file:///C:/Repos/Personal/bAInder/[39mnode_modules/[4m@vitest/runner[24m/dist/index.js:1653:12[90m)[39m

            </system-err>
        </testcase>
        <testcase classname="tests/chat-actions.test.js" name="private chat-action handlers via setupChatContextMenuActions &gt; delete: removes chat from state immediately (optimistic UI)" time="0.0058971">
        </testcase>
        <testcase classname="tests/chat-actions.test.js" name="private chat-action handlers via setupChatContextMenuActions &gt; delete: calls saveTree and removeChat after deferred timer when chat has a topicId" time="0.0045631">
        </testcase>
        <testcase classname="tests/chat-actions.test.js" name="private chat-action handlers via setupChatContextMenuActions &gt; delete: undo button restores the chat to state (no topic)" time="0.0062796">
        </testcase>
        <testcase classname="tests/chat-actions.test.js" name="private chat-action handlers via setupChatContextMenuActions &gt; delete: undo button restores a chat that belonged to a topic (covers topic.chatIds.push)" time="0.005122">
        </testcase>
        <testcase classname="tests/chat-actions.test.js" name="private chat-action handlers via setupChatContextMenuActions &gt; copy: copies chat to clipboard successfully" time="0.003526">
        </testcase>
        <testcase classname="tests/chat-actions.test.js" name="private chat-action handlers via setupChatContextMenuActions &gt; copy: shows error notification when clipboard result is not ok" time="0.0030802">
        </testcase>
        <testcase classname="tests/chat-actions.test.js" name="private chat-action handlers via setupChatContextMenuActions &gt; copy: shows tooLarge notification when result.tooLarge is true" time="0.0031304">
        </testcase>
        <testcase classname="tests/chat-actions.test.js" name="private chat-action handlers via setupChatContextMenuActions &gt; copy: shows error when chatRepo.loadFullByIds returns empty" time="0.0035243">
        </testcase>
        <testcase classname="tests/chat-actions.test.js" name="private chat-action handlers via setupChatContextMenuActions &gt; copy: shows error when chatRepo.loadFullByIds rejects" time="0.005612">
            <system-err>
[bAInder] [WARN] Copy: failed to load chat content Error: load fail
    at C:/Repos/Personal/bAInder/tests/chat-actions.test.js:751:59
    at [90mfile:///C:/Repos/Personal/bAInder/[39mnode_modules/[4m@vitest/runner[24m/dist/index.js:145:11
    at [90mfile:///C:/Repos/Personal/bAInder/[39mnode_modules/[4m@vitest/runner[24m/dist/index.js:915:26
    at [90mfile:///C:/Repos/Personal/bAInder/[39mnode_modules/[4m@vitest/runner[24m/dist/index.js:1243:20
    at new Promise (&lt;anonymous&gt;)
    at runWithTimeout [90m(file:///C:/Repos/Personal/bAInder/[39mnode_modules/[4m@vitest/runner[24m/dist/index.js:1209:10[90m)[39m
    at [90mfile:///C:/Repos/Personal/bAInder/[39mnode_modules/[4m@vitest/runner[24m/dist/index.js:1653:37
    at Traces.$ [90m(file:///C:/Repos/Personal/bAInder/[39mnode_modules/[4mvitest[24m/dist/chunks/traces.CCmnQaNT.js:142:27[90m)[39m
    at trace [90m(file:///C:/Repos/Personal/bAInder/[39mnode_modules/[4mvitest[24m/dist/chunks/test.B8ej_ZHS.js:239:21[90m)[39m
    at runTest [90m(file:///C:/Repos/Personal/bAInder/[39mnode_modules/[4m@vitest/runner[24m/dist/index.js:1653:12[90m)[39m

            </system-err>
        </testcase>
        <testcase classname="tests/chat-actions.test.js" name="private chat-action handlers via setupChatContextMenuActions &gt; unknown action: does not throw and logs a warning" time="0.0031274">
        </testcase>
    </testsuite>
    <testsuite name="tests/chat-dialogs.test.js" timestamp="2026-03-17T19:02:05.922Z" hostname="Kahana-PC" tests="43" failures="0" errors="0" skipped="0" time="0.3733292">
        <testcase classname="tests/chat-dialogs.test.js" name="ChatDialogs – constructor &gt; throws when dialogManager is missing" time="0.0058516">
        </testcase>
        <testcase classname="tests/chat-dialogs.test.js" name="ChatDialogs – constructor &gt; throws when topicTree is missing" time="0.0026638">
        </testcase>
        <testcase classname="tests/chat-dialogs.test.js" name="ChatDialogs – constructor &gt; stores dialog and tree on instance" time="0.0029181">
        </testcase>
        <testcase classname="tests/chat-dialogs.test.js" name="ChatDialogs – showAssignChat &gt; throws when chatEntry is missing" time="0.0030408">
        </testcase>
        <testcase classname="tests/chat-dialogs.test.js" name="ChatDialogs – showAssignChat &gt; alerts and returns null when no topics exist" time="0.0252915">
        </testcase>
        <testcase classname="tests/chat-dialogs.test.js" name="ChatDialogs – showAssignChat &gt; returns null when form is cancelled" time="0.0222076">
        </testcase>
        <testcase classname="tests/chat-dialogs.test.js" name="ChatDialogs – showAssignChat &gt; returns {topicId, title} when form is submitted" time="0.0283115">
        </testcase>
        <testcase classname="tests/chat-dialogs.test.js" name="ChatDialogs – showAssignChat &gt; allows editing the title before assigning" time="0.0209528">
        </testcase>
        <testcase classname="tests/chat-dialogs.test.js" name="ChatDialogs – showAssignChat &gt; truncates long title in dialog heading to 50 chars" time="0.0179541">
        </testcase>
        <testcase classname="tests/chat-dialogs.test.js" name="ChatDialogs – showRenameChat &gt; throws when chat is missing" time="0.0019671">
        </testcase>
        <testcase classname="tests/chat-dialogs.test.js" name="ChatDialogs – showRenameChat &gt; returns null when cancelled" time="0.010794">
        </testcase>
        <testcase classname="tests/chat-dialogs.test.js" name="ChatDialogs – showRenameChat &gt; returns null when title is unchanged" time="0.0210851">
        </testcase>
        <testcase classname="tests/chat-dialogs.test.js" name="ChatDialogs – showRenameChat &gt; returns {title} when a new title is submitted" time="0.0137401">
        </testcase>
        <testcase classname="tests/chat-dialogs.test.js" name="ChatDialogs – showRenameChat &gt; pre-fills the title input with current chat title" time="0.0075947">
        </testcase>
        <testcase classname="tests/chat-dialogs.test.js" name="ChatDialogs – showRenameChat &gt; trims whitespace before comparing titles" time="0.0099964">
        </testcase>
        <testcase classname="tests/chat-dialogs.test.js" name="ChatDialogs – showMoveChat &gt; throws when chat is missing" time="0.0017649">
        </testcase>
        <testcase classname="tests/chat-dialogs.test.js" name="ChatDialogs – showMoveChat &gt; alerts and returns null when no other topics are available" time="0.0048356">
        </testcase>
        <testcase classname="tests/chat-dialogs.test.js" name="ChatDialogs – showMoveChat &gt; returns null when cancelled" time="0.0386449">
        </testcase>
        <testcase classname="tests/chat-dialogs.test.js" name="ChatDialogs – showMoveChat &gt; returns {topicId} when submitted" time="0.0074985">
        </testcase>
        <testcase classname="tests/chat-dialogs.test.js" name="ChatDialogs – showMoveChat &gt; excludes the current topic from options" time="0.0093901">
        </testcase>
        <testcase classname="tests/chat-dialogs.test.js" name="ChatDialogs – showMoveChat &gt; truncates long chat title in dialog heading" time="0.0092784">
        </testcase>
        <testcase classname="tests/chat-dialogs.test.js" name="ChatDialogs – showDeleteChat &gt; throws when chat is missing" time="0.0018075">
        </testcase>
        <testcase classname="tests/chat-dialogs.test.js" name="ChatDialogs – showDeleteChat &gt; returns null when user cancels" time="0.0042971">
        </testcase>
        <testcase classname="tests/chat-dialogs.test.js" name="ChatDialogs – showDeleteChat &gt; returns {chatId} when user confirms" time="0.0043926">
        </testcase>
        <testcase classname="tests/chat-dialogs.test.js" name="ChatDialogs – showDeleteChat &gt; shows chat title in the confirmation dialog" time="0.003921">
        </testcase>
        <testcase classname="tests/chat-dialogs.test.js" name="ChatDialogs – _buildTopicOptions &gt; returns empty array when tree has no topics" time="0.0045206">
        </testcase>
        <testcase classname="tests/chat-dialogs.test.js" name="ChatDialogs – _buildTopicOptions &gt; returns all topics sorted alphabetically by name" time="0.0022032">
        </testcase>
        <testcase classname="tests/chat-dialogs.test.js" name="ChatDialogs – _buildTopicOptions &gt; excludes the specified topic when excludeTopicId is given" time="0.0021666">
        </testcase>
        <testcase classname="tests/chat-dialogs.test.js" name="ChatDialogs – _buildTopicOptions &gt; returns options with value and label properties" time="0.000842">
        </testcase>
        <testcase classname="tests/chat-dialogs.test.js" name="ChatDialogs – _buildTopicOptions &gt; includes all topics when excludeTopicId is null (default)" time="0.0013382">
        </testcase>
        <testcase classname="tests/chat-dialogs.test.js" name="ChatDialogs – showEditTags &gt; throws when chat is missing" time="0.001757">
        </testcase>
        <testcase classname="tests/chat-dialogs.test.js" name="ChatDialogs – showEditTags &gt; returns null when cancelled" time="0.007094">
        </testcase>
        <testcase classname="tests/chat-dialogs.test.js" name="ChatDialogs – showEditTags &gt; returns { tags } when new tags are submitted" time="0.0062245">
        </testcase>
        <testcase classname="tests/chat-dialogs.test.js" name="ChatDialogs – showEditTags &gt; pre-fills tags input with current chat tags" time="0.0055228">
        </testcase>
        <testcase classname="tests/chat-dialogs.test.js" name="ChatDialogs – showEditTags &gt; normalises tags to lowercase and trims whitespace" time="0.0083058">
        </testcase>
        <testcase classname="tests/chat-dialogs.test.js" name="ChatDialogs – showEditTags &gt; returns empty array when tags field is cleared" time="0.0184982">
        </testcase>
        <testcase classname="tests/chat-dialogs.test.js" name="ChatDialogs – showSetReviewDate &gt; throws when chat is missing" time="0.0017922">
        </testcase>
        <testcase classname="tests/chat-dialogs.test.js" name="ChatDialogs – showSetReviewDate &gt; returns null when form is cancelled" time="0.0037437">
        </testcase>
        <testcase classname="tests/chat-dialogs.test.js" name="ChatDialogs – showSetReviewDate &gt; returns {reviewDate} when a date is submitted" time="0.0086576">
        </testcase>
        <testcase classname="tests/chat-dialogs.test.js" name="ChatDialogs – showSetReviewDate &gt; returns {reviewDate: null} when date field is cleared" time="0.0036873">
        </testcase>
        <testcase classname="tests/chat-dialogs.test.js" name="ChatDialogs – showSetReviewDate &gt; shows &quot;Set Review Date&quot; title when chat has no review date" time="0.0036279">
        </testcase>
        <testcase classname="tests/chat-dialogs.test.js" name="ChatDialogs – showSetReviewDate &gt; shows &quot;Update Review Date&quot; title when chat already has a review date" time="0.0045089">
        </testcase>
        <testcase classname="tests/chat-dialogs.test.js" name="ChatDialogs – showSetReviewDate &gt; pre-fills the date input with the existing review date" time="0.0034576">
        </testcase>
    </testsuite>
    <testsuite name="tests/chat-entity.test.js" timestamp="2026-03-17T19:02:05.955Z" hostname="Kahana-PC" tests="8" failures="0" errors="0" skipped="0" time="0.0137598">
        <testcase classname="tests/chat-entity.test.js" name="ENTITY_TYPES &gt; all values are distinct strings" time="0.0053522">
        </testcase>
        <testcase classname="tests/chat-entity.test.js" name="ENTITY_TYPES &gt; contains the 10 expected types" time="0.0009813">
        </testcase>
        <testcase classname="tests/chat-entity.test.js" name="ENTITY_TYPES &gt; is frozen (immutable)" time="0.0004143">
        </testcase>
        <testcase classname="tests/chat-entity.test.js" name="createEntity() &gt; populates all base fields" time="0.0015466">
        </testcase>
        <testcase classname="tests/chat-entity.test.js" name="createEntity() &gt; generates a non-empty string id" time="0.0003227">
        </testcase>
        <testcase classname="tests/chat-entity.test.js" name="createEntity() &gt; generates unique ids across calls" time="0.0006259">
        </testcase>
        <testcase classname="tests/chat-entity.test.js" name="createEntity() &gt; spreads extra fields onto the entity" time="0.0002527">
        </testcase>
        <testcase classname="tests/chat-entity.test.js" name="createEntity() &gt; works with no fields argument" time="0.0001762">
        </testcase>
    </testsuite>
    <testsuite name="tests/chat-extractor.test.js" timestamp="2026-03-17T19:02:05.962Z" hostname="Kahana-PC" tests="254" failures="0" errors="0" skipped="0" time="1.1189001">
        <testcase classname="tests/chat-extractor.test.js" name="detectPlatform() &gt; returns chatgpt for chat.openai.com" time="0.0054905">
        </testcase>
        <testcase classname="tests/chat-extractor.test.js" name="detectPlatform() &gt; returns claude for claude.ai" time="0.000783">
        </testcase>
        <testcase classname="tests/chat-extractor.test.js" name="detectPlatform() &gt; returns gemini for gemini.google.com" time="0.0019332">
        </testcase>
        <testcase classname="tests/chat-extractor.test.js" name="detectPlatform() &gt; returns null for an unknown hostname" time="0.0007164">
        </testcase>
        <testcase classname="tests/chat-extractor.test.js" name="detectPlatform() &gt; returns null for empty string" time="0.0004745">
        </testcase>
        <testcase classname="tests/chat-extractor.test.js" name="detectPlatform() &gt; returns null for null" time="0.0004314">
        </testcase>
        <testcase classname="tests/chat-extractor.test.js" name="detectPlatform() &gt; returns null for undefined" time="0.0004032">
        </testcase>
        <testcase classname="tests/chat-extractor.test.js" name="detectPlatform() &gt; detects copilot from copilot.microsoft.com hostname" time="0.000431">
        </testcase>
        <testcase classname="tests/chat-extractor.test.js" name="detectPlatform() &gt; detects copilot with path on copilot.microsoft.com" time="0.0003329">
        </testcase>
        <testcase classname="tests/chat-extractor.test.js" name="detectPlatform() &gt; detects copilot from m365.cloud.microsoft (redirect target)" time="0.0003033">
        </testcase>
        <testcase classname="tests/chat-extractor.test.js" name="detectPlatform() &gt; detects copilot from m365.cloud.microsoft with subdomain" time="0.0003329">
        </testcase>
        <testcase classname="tests/chat-extractor.test.js" name="detectPlatform() &gt; is case-insensitive" time="0.0004228">
        </testcase>
        <testcase classname="tests/chat-extractor.test.js" name="detectPlatform() &gt; matches on substrings (e.g. subdomain)" time="0.0004239">
        </testcase>
        <testcase classname="tests/chat-extractor.test.js" name="detectPlatform() &gt; returns &quot;perplexity&quot; for www.perplexity.ai" time="0.0002779">
        </testcase>
        <testcase classname="tests/chat-extractor.test.js" name="detectPlatform() &gt; returns &quot;perplexity&quot; for perplexity.ai" time="0.0002922">
        </testcase>
        <testcase classname="tests/chat-extractor.test.js" name="detectPlatform() &gt; returns &quot;deepseek&quot; for chat.deepseek.com" time="0.000526">
        </testcase>
        <testcase classname="tests/chat-extractor.test.js" name="sanitizeContent() &gt; strips HTML tags" time="0.0077917">
        </testcase>
        <testcase classname="tests/chat-extractor.test.js" name="sanitizeContent() &gt; decodes HTML entities" time="0.0054118">
        </testcase>
        <testcase classname="tests/chat-extractor.test.js" name="sanitizeContent() &gt; normalises whitespace" time="0.0177066">
        </testcase>
        <testcase classname="tests/chat-extractor.test.js" name="sanitizeContent() &gt; handles nested tags" time="0.001093">
        </testcase>
        <testcase classname="tests/chat-extractor.test.js" name="sanitizeContent() &gt; returns empty string for empty input" time="0.0007331">
        </testcase>
        <testcase classname="tests/chat-extractor.test.js" name="sanitizeContent() &gt; returns empty string for null" time="0.0005511">
        </testcase>
        <testcase classname="tests/chat-extractor.test.js" name="sanitizeContent() &gt; returns empty string for undefined" time="0.0005221">
        </testcase>
        <testcase classname="tests/chat-extractor.test.js" name="sanitizeContent() &gt; handles plain text without HTML" time="0.0022528">
        </testcase>
        <testcase classname="tests/chat-extractor.test.js" name="sanitizeContent() &gt; handles mixed tags and entities" time="0.0009249">
        </testcase>
        <testcase classname="tests/chat-extractor.test.js" name="getTextContent() &gt; extracts text from a DOM element" time="0.0052207">
        </testcase>
        <testcase classname="tests/chat-extractor.test.js" name="getTextContent() &gt; strips tags from innerHTML" time="0.0098499">
        </testcase>
        <testcase classname="tests/chat-extractor.test.js" name="getTextContent() &gt; returns empty string for null" time="0.0013467">
        </testcase>
        <testcase classname="tests/chat-extractor.test.js" name="getTextContent() &gt; falls back to textContent when innerHTML is empty" time="0.0017606">
        </testcase>
        <testcase classname="tests/chat-extractor.test.js" name="getTextContent() &gt; returns empty string when both innerHTML and textContent are empty" time="0.0006865">
        </testcase>
        <testcase classname="tests/chat-extractor.test.js" name="htmlToMarkdown() &gt; returns empty string for null" time="0.0015719">
        </testcase>
        <testcase classname="tests/chat-extractor.test.js" name="htmlToMarkdown() &gt; returns plain text unchanged" time="0.0066279">
        </testcase>
        <testcase classname="tests/chat-extractor.test.js" name="htmlToMarkdown() &gt; converts &lt;strong&gt; to **bold**" time="0.0015332">
        </testcase>
        <testcase classname="tests/chat-extractor.test.js" name="htmlToMarkdown() &gt; converts &lt;b&gt; to **bold**" time="0.001211">
        </testcase>
        <testcase classname="tests/chat-extractor.test.js" name="htmlToMarkdown() &gt; converts &lt;em&gt; to *italic*" time="0.001074">
        </testcase>
        <testcase classname="tests/chat-extractor.test.js" name="htmlToMarkdown() &gt; converts &lt;i&gt; to *italic*" time="0.0010532">
        </testcase>
        <testcase classname="tests/chat-extractor.test.js" name="htmlToMarkdown() &gt; converts inline &lt;code&gt; to backtick-code" time="0.0010494">
        </testcase>
        <testcase classname="tests/chat-extractor.test.js" name="htmlToMarkdown() &gt; converts &lt;pre&gt;&lt;code&gt; to fenced code block" time="0.0083686">
        </testcase>
        <testcase classname="tests/chat-extractor.test.js" name="htmlToMarkdown() &gt; preserves language class in fenced code block" time="0.0049623">
        </testcase>
        <testcase classname="tests/chat-extractor.test.js" name="htmlToMarkdown() &gt; converts &lt;h1&gt; to # heading" time="0.002171">
        </testcase>
        <testcase classname="tests/chat-extractor.test.js" name="htmlToMarkdown() &gt; converts &lt;h2&gt; to ## heading" time="0.0013813">
        </testcase>
        <testcase classname="tests/chat-extractor.test.js" name="htmlToMarkdown() &gt; converts &lt;h3&gt; to ### heading" time="0.0011543">
        </testcase>
        <testcase classname="tests/chat-extractor.test.js" name="htmlToMarkdown() &gt; converts &lt;ul&gt;&lt;li&gt; to unordered list" time="0.0034532">
        </testcase>
        <testcase classname="tests/chat-extractor.test.js" name="htmlToMarkdown() &gt; converts &lt;ol&gt;&lt;li&gt; to ordered list" time="0.0024003">
        </testcase>
        <testcase classname="tests/chat-extractor.test.js" name="htmlToMarkdown() &gt; converts &lt;blockquote&gt; to &gt; quote lines" time="0.0014793">
        </testcase>
        <testcase classname="tests/chat-extractor.test.js" name="htmlToMarkdown() &gt; converts &lt;a href&gt; to [text](url)" time="0.0024202">
        </testcase>
        <testcase classname="tests/chat-extractor.test.js" name="htmlToMarkdown() &gt; uses link text only when href is absent" time="0.0009795">
        </testcase>
        <testcase classname="tests/chat-extractor.test.js" name="htmlToMarkdown() &gt; skips aria-hidden elements" time="0.0017204">
        </testcase>
        <testcase classname="tests/chat-extractor.test.js" name="htmlToMarkdown() &gt; skips &lt;svg&gt;, &lt;button&gt;, &lt;script&gt; elements" time="0.0110575">
            <system-out>
[bAInder] [htmlToMarkdown] dropping &lt;button&gt; text: click

            </system-out>
        </testcase>
        <testcase classname="tests/chat-extractor.test.js" name="htmlToMarkdown() &gt; collapses 3+ consecutive newlines to 2" time="0.0026204">
        </testcase>
        <testcase classname="tests/chat-extractor.test.js" name="htmlToMarkdown() &gt; handles mixed rich content: bold inside list item" time="0.001445">
        </testcase>
        <testcase classname="tests/chat-extractor.test.js" name="htmlToMarkdown() &gt; handles a realistic assistant response with heading, list, and code" time="0.0028425">
        </testcase>
        <testcase classname="tests/chat-extractor.test.js" name="htmlToMarkdown() &gt; renders multi-line &lt;code&gt; without &lt;pre&gt; as a fenced code block" time="0.001357">
        </testcase>
        <testcase classname="tests/chat-extractor.test.js" name="htmlToMarkdown() &gt; detects language from &lt;code class=&quot;language-python&quot;&gt; inside standalone code" time="0.0022783">
        </testcase>
        <testcase classname="tests/chat-extractor.test.js" name="htmlToMarkdown() &gt; detects language from parent &lt;div class=&quot;highlight-source-python&quot;&gt;&lt;pre&gt;" time="0.0020001">
        </testcase>
        <testcase classname="tests/chat-extractor.test.js" name="htmlToMarkdown() &gt; &lt;pre&gt; without &lt;code&gt; child still produces a fenced code block" time="0.0027437">
        </testcase>
        <testcase classname="tests/chat-extractor.test.js" name="htmlToMarkdown() &gt; skips h5 headings with text &quot;You said:&quot; (Copilot role label)" time="0.0014898">
        </testcase>
        <testcase classname="tests/chat-extractor.test.js" name="htmlToMarkdown() &gt; skips role-label headings case-insensitively (&quot;YOU SAID:&quot;)" time="0.0009942">
        </testcase>
        <testcase classname="tests/chat-extractor.test.js" name="htmlToMarkdown() &gt; skips h5 with text &quot;Copilot said:&quot;" time="0.0013255">
        </testcase>
        <testcase classname="tests/chat-extractor.test.js" name="htmlToMarkdown() &gt; skips &quot;I said:&quot; role-label headings" time="0.0012776">
        </testcase>
        <testcase classname="tests/chat-extractor.test.js" name="htmlToMarkdown() &gt; does NOT skip a real content heading like &quot;Key Concepts&quot;" time="0.0009672">
        </testcase>
        <testcase classname="tests/chat-extractor.test.js" name="htmlToMarkdown() &gt; skips a language-label div that is a sibling of &lt;pre&gt;" time="0.0028284">
        </testcase>
        <testcase classname="tests/chat-extractor.test.js" name="htmlToMarkdown() &gt; does NOT skip a &lt;div&gt; sibling of &lt;pre&gt; that itself contains &lt;code&gt;" time="0.0019919">
        </testcase>
        <testcase classname="tests/chat-extractor.test.js" name="htmlToMarkdown() &gt; skips &lt;img&gt; with blob: src (session-only URL)" time="0.002631">
        </testcase>
        <testcase classname="tests/chat-extractor.test.js" name="htmlToMarkdown() &gt; renders &lt;img&gt; with https: src as markdown image" time="0.0012086">
        </testcase>
        <testcase classname="tests/chat-extractor.test.js" name="htmlToMarkdown() &gt; renders &lt;img&gt; with https: src and no alt attribute (alt || &quot;&quot; fallback)" time="0.0012082">
        </testcase>
        <testcase classname="tests/chat-extractor.test.js" name="htmlToMarkdown() &gt; &lt;audio data-binder-audio-lost=&quot;too_large&quot;&gt; → &quot;(file too large to capture)&quot; note" time="0.0021057">
        </testcase>
        <testcase classname="tests/chat-extractor.test.js" name="htmlToMarkdown() &gt; &lt;audio data-binder-audio-lost=&quot;other&quot;&gt; → &quot;(not captured)&quot; note" time="0.0011234">
        </testcase>
        <testcase classname="tests/chat-extractor.test.js" name="htmlToMarkdown() &gt; &lt;audio&gt; with no src → returns empty (inner fallback)" time="0.0008684">
        </testcase>
        <testcase classname="tests/chat-extractor.test.js" name="htmlToMarkdown() &gt; &lt;audio src=&quot;blob:...&quot;&gt; → session-only marker with blob URL" time="0.0015056">
        </testcase>
        <testcase classname="tests/chat-extractor.test.js" name="htmlToMarkdown() &gt; &lt;audio src=&quot;data:audio/mp3;base64,...&quot;&gt; → playable marker with data URI" time="0.0012531">
        </testcase>
        <testcase classname="tests/chat-extractor.test.js" name="htmlToMarkdown() &gt; &lt;audio src=&quot;https://cdn.example.com/audio.mp3&quot;&gt; → playable marker with https URL" time="0.0012531">
        </testcase>
        <testcase classname="tests/chat-extractor.test.js" name="htmlToMarkdown() &gt; &lt;audio src=&quot;sandbox://...&quot;&gt; → not captured marker (inaccessible scheme)" time="0.00141">
        </testcase>
        <testcase classname="tests/chat-extractor.test.js" name="htmlToMarkdown() &gt; &lt;iframe aria-label=&quot;Microsoft Designer&quot; src with image param&gt; → markdown image" time="0.0036851">
        </testcase>
        <testcase classname="tests/chat-extractor.test.js" name="htmlToMarkdown() &gt; &lt;iframe name=&quot;Microsoft Designer&quot;&gt; with src but no image param → fallback link" time="0.0016141">
        </testcase>
        <testcase classname="tests/chat-extractor.test.js" name="htmlToMarkdown() &gt; &lt;iframe aria-label=&quot;Microsoft Designer&quot;&gt; with no src → bare placeholder" time="0.0010626">
        </testcase>
        <testcase classname="tests/chat-extractor.test.js" name="htmlToMarkdown() &gt; &lt;iframe&gt; without Microsoft Designer label → returns inner content" time="0.001306">
        </testcase>
        <testcase classname="tests/chat-extractor.test.js" name="htmlToMarkdown() &gt; &lt;table&gt; with &lt;th&gt; header row → GFM table with separator after header" time="0.0127553">
            <system-out>
[bAInder] htmlToMarkdown: &lt;table&gt; hit, tr count: [33m2[39m

            </system-out>
        </testcase>
        <testcase classname="tests/chat-extractor.test.js" name="htmlToMarkdown() &gt; &lt;table&gt; with only &lt;td&gt; rows → inserts GFM separator after first row" time="0.0024456">
            <system-out>
[bAInder] htmlToMarkdown: &lt;table&gt; hit, tr count: [33m2[39m

            </system-out>
        </testcase>
        <testcase classname="tests/chat-extractor.test.js" name="htmlToMarkdown() &gt; &lt;table&gt; with pipe character in cell → pipe is escaped" time="0.0035692">
            <system-out>
[bAInder] htmlToMarkdown: &lt;table&gt; hit, tr count: [33m2[39m

            </system-out>
        </testcase>
        <testcase classname="tests/chat-extractor.test.js" name="htmlToMarkdown() &gt; empty &lt;table&gt; → returns empty string" time="0.003079">
            <system-out>
[bAInder] htmlToMarkdown: &lt;table&gt; hit, tr count: [33m0[39m

            </system-out>
        </testcase>
        <testcase classname="tests/chat-extractor.test.js" name="formatMessage() &gt; creates a message with role and content" time="0.0030618">
        </testcase>
        <testcase classname="tests/chat-extractor.test.js" name="formatMessage() &gt; trims content" time="0.002731">
        </testcase>
        <testcase classname="tests/chat-extractor.test.js" name="formatMessage() &gt; falls back role to &quot;unknown&quot; if empty" time="0.000466">
        </testcase>
        <testcase classname="tests/chat-extractor.test.js" name="formatMessage() &gt; handles null content gracefully" time="0.0003351">
        </testcase>
        <testcase classname="tests/chat-extractor.test.js" name="generateTitle() &gt; uses the first user message as the title when assistant has no heading" time="0.0025199">
        </testcase>
        <testcase classname="tests/chat-extractor.test.js" name="generateTitle() &gt; does NOT truncate long first user messages (regression: was 80 chars)" time="0.0010658">
        </testcase>
        <testcase classname="tests/chat-extractor.test.js" name="generateTitle() &gt; exactly-80-char message is not truncated" time="0.0005441">
        </testcase>
        <testcase classname="tests/chat-extractor.test.js" name="generateTitle() &gt; falls back to URL path segment when no messages" time="0.000531">
        </testcase>
        <testcase classname="tests/chat-extractor.test.js" name="generateTitle() &gt; falls back to &quot;Untitled Chat&quot; when no messages and no useful URL" time="0.0003618">
        </testcase>
        <testcase classname="tests/chat-extractor.test.js" name="generateTitle() &gt; returns &quot;Untitled Chat&quot; when messages array is empty and URL is null" time="0.0009681">
        </testcase>
        <testcase classname="tests/chat-extractor.test.js" name="generateTitle() &gt; skips short URL segments and falls back to Untitled" time="0.0004603">
        </testcase>
        <testcase classname="tests/chat-extractor.test.js" name="generateTitle() &gt; strips ** bold markers from user content when building the title" time="0.000597">
        </testcase>
        <testcase classname="tests/chat-extractor.test.js" name="generateTitle() &gt; strips # heading markers from user content when building the title" time="0.0005925">
        </testcase>
        <testcase classname="tests/chat-extractor.test.js" name="generateTitle() &gt; strips inline `code` markers from user content" time="0.0004665">
        </testcase>
        <testcase classname="tests/chat-extractor.test.js" name="generateTitle() &gt; uses first non-empty line from multi-line user content" time="0.0009671">
        </testcase>
        <testcase classname="tests/chat-extractor.test.js" name="generateTitle() &gt; skips blank lines and code fences to find first real text" time="0.0007919">
        </testcase>
        <testcase classname="tests/chat-extractor.test.js" name="generateTitle() &gt; uses user message even when assistant has h1 heading" time="0.0015349">
        </testcase>
        <testcase classname="tests/chat-extractor.test.js" name="generateTitle() &gt; uses user message even when assistant has h2 heading" time="0.0010219">
        </testcase>
        <testcase classname="tests/chat-extractor.test.js" name="generateTitle() &gt; falls through to user message when assistant has no heading" time="0.0009428">
        </testcase>
        <testcase classname="tests/chat-extractor.test.js" name="generateTitle() &gt; skips assistant heading shorter than 4 chars" time="0.00072">
        </testcase>
        <testcase classname="tests/chat-extractor.test.js" name="generateTitle() &gt; extracts first complete sentence when followed by more text" time="0.0009349">
        </testcase>
        <testcase classname="tests/chat-extractor.test.js" name="generateTitle() &gt; returns full first line when there is no sentence terminator" time="0.0008269">
        </testcase>
        <testcase classname="tests/chat-extractor.test.js" name="generateTitle() &gt; skips &quot;You said:&quot; Copilot label and uses the actual question as title" time="0.0009395">
        </testcase>
        <testcase classname="tests/chat-extractor.test.js" name="generateTitle() &gt; skips &quot;I said:&quot; and uses subsequent line as title" time="0.0008428">
        </testcase>
        <testcase classname="tests/chat-extractor.test.js" name="generateTitle() &gt; skips Copilot label even without colon (&quot;Copilot&quot;)" time="0.0005914">
        </testcase>
        <testcase classname="tests/chat-extractor.test.js" name="generateTitle() &gt; uses || &quot;&quot; fallback when all user content lines are empty after stripping (line 19 branch)" time="0.0005769">
        </testcase>
        <testcase classname="tests/chat-extractor.test.js" name="generateTitle() &gt; returns full cleaned line when sentence is too short (&lt; 8 chars) to extract sentence" time="0.000562">
        </testcase>
        <testcase classname="tests/chat-extractor.test.js" name="extractors — rich formatting preserved via htmlToMarkdown &gt; extractChatGPT: preserves bold, inline code, and list from assistant HTML" time="0.0322313">
            <system-out>
[bAInder] ChatGPT extraction: turns=1
[bAInder] ChatGPT turn conversation-turn-0 assistant | contentEl: .markdown | imgs contentEl/turn: [33m0[39m / [33m0[39m

[bAInder] ChatGPT turn result conversation-turn-0 assistant | markdown len: [33m51[39m | hasImg: [33mfalse[39m | hasPlaceholder: [33mfalse[39m

[bAInder] ChatGPT docSweep: total audio markers found: [33m0[39m

            </system-out>
        </testcase>
        <testcase classname="tests/chat-extractor.test.js" name="extractors — rich formatting preserved via htmlToMarkdown &gt; extractCopilot: preserves heading, code block, and bold from assistant HTML" time="0.0246198">
            <system-out>
[bAInder] [copilot] extracted msg [33m0[39m user | len: [33m22[39m | preview: &quot;How do I centre a div?&quot;

[bAInder] [copilot] extracted msg [33m1[39m assistant | len: [33m80[39m | preview: &quot;## Answer\n\nUse **flexbox** on the parent.\n\n```css\n.parent { display: flex; }\n```&quot;

            </system-out>
        </testcase>
        <testcase classname="tests/chat-extractor.test.js" name="extractors — rich formatting preserved via htmlToMarkdown &gt; prepareChatForSave: markdown content contains preserved formatting" time="0.0185593">
            <system-out>
[bAInder] [copilot] extracted msg [33m0[39m user | len: [33m13[39m | preview: &quot;Explain lists&quot;

[bAInder] [copilot] extracted msg [33m1[39m assistant | len: [33m37[39m | preview: &quot;- **ul**: unordered\n- **ol**: ordered&quot;

            </system-out>
        </testcase>
        <testcase classname="tests/chat-extractor.test.js" name="extractors — rich formatting preserved via htmlToMarkdown &gt; extractCopilot: ignores user elements outside &lt;main&gt; when &lt;main&gt; is present" time="0.0106466">
            <system-out>
[bAInder] [copilot] extracted msg [33m0[39m user | len: [33m16[39m | preview: &quot;Real user prompt&quot;

[bAInder] [copilot] extracted msg [33m1[39m assistant | len: [33m21[39m | preview: &quot;Real copilot response&quot;

            </system-out>
        </testcase>
        <testcase classname="tests/chat-extractor.test.js" name="extractors — rich formatting preserved via htmlToMarkdown &gt; extractCopilot: title comes from actual first user message, not sidebar" time="0.0088978">
            <system-out>
[bAInder] [copilot] extracted msg [33m0[39m user | len: [33m28[39m | preview: &quot;My full original prompt text&quot;

[bAInder] [copilot] extracted msg [33m1[39m assistant | len: [33m6[39m | preview: &quot;Answer&quot;

            </system-out>
        </testcase>
        <testcase classname="tests/chat-extractor.test.js" name="extractChatGPT() &gt; throws if document is null" time="0.0085322">
        </testcase>
        <testcase classname="tests/chat-extractor.test.js" name="extractChatGPT() &gt; returns empty messages for a page with no conversation" time="0.0068025">
            <system-out>
[bAInder] ChatGPT extraction: turns=0
[bAInder] ChatGPT: primary selector found no turns, trying fallback
[bAInder] ChatGPT docSweep: total audio markers found: [33m0[39m

            </system-out>
        </testcase>
        <testcase classname="tests/chat-extractor.test.js" name="extractChatGPT() &gt; extracts a single user message" time="0.0147679">
            <system-out>
[bAInder] ChatGPT extraction: turns=1
[bAInder] ChatGPT turn conversation-turn-0 user | contentEl: .markdown | imgs contentEl/turn: [33m0[39m / [33m0[39m

[bAInder] ChatGPT turn result conversation-turn-0 user | markdown len: [33m13[39m | hasImg: [33mfalse[39m | hasPlaceholder: [33mfalse[39m
[bAInder] ChatGPT docSweep: total audio markers found: [33m0[39m

            </system-out>
        </testcase>
        <testcase classname="tests/chat-extractor.test.js" name="extractChatGPT() &gt; extracts a full conversation in order" time="0.0143379">
            <system-out>
[bAInder] ChatGPT extraction: turns=4
[bAInder] ChatGPT turn conversation-turn-0 user | contentEl: .markdown | imgs contentEl/turn: [33m0[39m / [33m0[39m

[bAInder] ChatGPT turn result conversation-turn-0 user | markdown len: [33m12[39m | hasImg: [33mfalse[39m | hasPlaceholder: [33mfalse[39m
[bAInder] ChatGPT turn conversation-turn-1 assistant | contentEl: .markdown | imgs contentEl/turn: [33m0[39m / [33m0[39m

[bAInder] ChatGPT turn result conversation-turn-1 assistant | markdown len: [33m1[39m | hasImg: [33mfalse[39m | hasPlaceholder: [33mfalse[39m

[bAInder] ChatGPT turn conversation-turn-2 user | contentEl: .markdown | imgs contentEl/turn: [33m0[39m / [33m0[39m

[bAInder] ChatGPT turn result conversation-turn-2 user | markdown len: [33m7[39m | hasImg: [33mfalse[39m | hasPlaceholder: [33mfalse[39m
[bAInder] ChatGPT turn conversation-turn-3 assistant | contentEl: .markdown | imgs contentEl/turn: [33m0[39m / [33m0[39m

[bAInder] ChatGPT turn result conversation-turn-3 assistant | markdown len: [33m16[39m | hasImg: [33mfalse[39m | hasPlaceholder: [33mfalse[39m

[bAInder] ChatGPT docSweep: total audio markers found: [33m0[39m

            </system-out>
        </testcase>
        <testcase classname="tests/chat-extractor.test.js" name="extractChatGPT() &gt; sets the title from the first user message" time="0.0139271">
            <system-out>
[bAInder] ChatGPT extraction: turns=2
[bAInder] ChatGPT turn conversation-turn-0 user | contentEl: .markdown | imgs contentEl/turn: [33m0[39m / [33m0[39m

[bAInder] ChatGPT turn result conversation-turn-0 user | markdown len: [33m26[39m | hasImg: [33mfalse[39m | hasPlaceholder: [33mfalse[39m
[bAInder] ChatGPT turn conversation-turn-1 assistant | contentEl: .markdown | imgs contentEl/turn: [33m0[39m / [33m0[39m

[bAInder] ChatGPT turn result conversation-turn-1 assistant | markdown len: [33m31[39m | hasImg: [33mfalse[39m | hasPlaceholder: [33mfalse[39m

[bAInder] ChatGPT docSweep: total audio markers found: [33m0[39m

            </system-out>
        </testcase>
        <testcase classname="tests/chat-extractor.test.js" name="extractChatGPT() &gt; uses the fallback selector when no .markdown exists" time="0.0084829">
            <system-out>
[bAInder] ChatGPT extraction: turns=1
[bAInder] ChatGPT turn conversation-turn-0 user | contentEl: roleEl | imgs contentEl/turn: [33m0[39m / [33m0[39m

[bAInder] ChatGPT turn result conversation-turn-0 user | markdown len: [33m19[39m | hasImg: [33mfalse[39m | hasPlaceholder: [33mfalse[39m
[bAInder] ChatGPT docSweep: total audio markers found: [33m0[39m

            </system-out>
        </testcase>
        <testcase classname="tests/chat-extractor.test.js" name="extractChatGPT() &gt; skips turns without a role element" time="0.0102336">
            <system-out>
[bAInder] ChatGPT extraction: turns=1
[bAInder] ChatGPT skip turn conversation-turn-0 | cannot determine role | h6: &quot;&quot;
[bAInder] ChatGPT: primary selector found no turns, trying fallback
[bAInder] ChatGPT docSweep: total audio markers found: [33m0[39m

            </system-out>
        </testcase>
        <testcase classname="tests/chat-extractor.test.js" name="extractChatGPT() &gt; maps unknown role to &quot;assistant&quot;" time="0.0075573">
            <system-out>
[bAInder] ChatGPT extraction: turns=1
[bAInder] ChatGPT turn conversation-turn-0 assistant | contentEl: roleEl | imgs contentEl/turn: [33m0[39m / [33m0[39m

[bAInder] ChatGPT turn result conversation-turn-0 assistant | markdown len: [33m10[39m | hasImg: [33mfalse[39m | hasPlaceholder: [33mfalse[39m

[bAInder] ChatGPT docSweep: total audio markers found: [33m0[39m

            </system-out>
        </testcase>
        <testcase classname="tests/chat-extractor.test.js" name="extractChatGPT() &gt; uses the global fallback selector when no articles found" time="0.0079306">
            <system-out>
[bAInder] ChatGPT extraction: turns=0
[bAInder] ChatGPT: primary selector found no turns, trying fallback

[bAInder] ChatGPT fallback turn: user | markdown len: [33m16[39m
[bAInder] ChatGPT docSweep: total audio markers found: [33m0[39m

            </system-out>
        </testcase>
        <testcase classname="tests/chat-extractor.test.js" name="extractChatGPT() &gt; returns messageCount equal to messages length" time="0.0132248">
            <system-out>
[bAInder] ChatGPT extraction: turns=2
[bAInder] ChatGPT turn conversation-turn-0 user | contentEl: .markdown | imgs contentEl/turn: [33m0[39m / [33m0[39m

[bAInder] ChatGPT turn result conversation-turn-0 user | markdown len: [33m2[39m | hasImg: [33mfalse[39m | hasPlaceholder: [33mfalse[39m
[bAInder] ChatGPT turn conversation-turn-1 assistant | contentEl: .markdown | imgs contentEl/turn: [33m0[39m / [33m0[39m

[bAInder] ChatGPT turn result conversation-turn-1 assistant | markdown len: [33m2[39m | hasImg: [33mfalse[39m | hasPlaceholder: [33mfalse[39m

[bAInder] ChatGPT docSweep: total audio markers found: [33m0[39m

            </system-out>
        </testcase>
        <testcase classname="tests/chat-extractor.test.js" name="extractChatGPT() &gt; skips an article turn with no [data-message-author-role] child" time="0.0170082">
            <system-out>
[bAInder] ChatGPT extraction: turns=1
[bAInder] ChatGPT skip turn conversation-turn-0 | cannot determine role | h6: &quot;&quot;
[bAInder] ChatGPT: primary selector found no turns, trying fallback
[bAInder] ChatGPT docSweep: total audio markers found: [33m0[39m

            </system-out>
        </testcase>
        <testcase classname="tests/chat-extractor.test.js" name="extractChatGPT() &gt; uses [class*=&quot;prose&quot;] element when .markdown is absent" time="0.0082011">
            <system-out>
[bAInder] ChatGPT extraction: turns=1
[bAInder] ChatGPT turn conversation-turn-0 user | contentEl: [class*=prose] | imgs contentEl/turn: [33m0[39m / [33m0[39m

[bAInder] ChatGPT turn result conversation-turn-0 user | markdown len: [33m10[39m | hasImg: [33mfalse[39m | hasPlaceholder: [33mfalse[39m
[bAInder] ChatGPT docSweep: total audio markers found: [33m0[39m

            </system-out>
        </testcase>
        <testcase classname="tests/chat-extractor.test.js" name="extractChatGPT() &gt; uses || &quot;&quot; fallback for rawRole when attribute value is empty string" time="0.0065695">
            <system-out>
[bAInder] ChatGPT extraction: turns=1
[bAInder] ChatGPT turn conversation-turn-0 assistant | contentEl: roleEl | imgs contentEl/turn: [33m0[39m / [33m0[39m

[bAInder] ChatGPT turn result conversation-turn-0 assistant | markdown len: [33m18[39m | hasImg: [33mfalse[39m | hasPlaceholder: [33mfalse[39m

[bAInder] ChatGPT docSweep: total audio markers found: [33m0[39m

            </system-out>
        </testcase>
        <testcase classname="tests/chat-extractor.test.js" name="extractChatGPT() &gt; fallback path: maps non-user role to assistant and calls stripSourceContainers" time="0.015463">
            <system-out>
[bAInder] ChatGPT extraction: turns=0
[bAInder] ChatGPT: primary selector found no turns, trying fallback

[bAInder] ChatGPT fallback turn: assistant | markdown len: [33m26[39m
[bAInder] ChatGPT docSweep: total audio markers found: [33m0[39m

            </system-out>
        </testcase>
        <testcase classname="tests/chat-extractor.test.js" name="extractChatGPT() &gt; skips primary turn when htmlToMarkdown returns empty content (if (content) false branch)" time="0.0064834">
            <system-out>
[bAInder] ChatGPT extraction: turns=1
[bAInder] ChatGPT turn conversation-turn-0 user | contentEl: roleEl | imgs contentEl/turn: [33m0[39m / [33m0[39m

[bAInder] ChatGPT turn result conversation-turn-0 user | markdown len: [33m0[39m | hasImg: [33mfalse[39m | hasPlaceholder: [33mfalse[39m
[bAInder] ChatGPT: primary selector found no turns, trying fallback

[bAInder] ChatGPT fallback turn: user | markdown len: [33m0[39m
[bAInder] ChatGPT docSweep: total audio markers found: [33m0[39m

            </system-out>
        </testcase>
        <testcase classname="tests/chat-extractor.test.js" name="extractChatGPT() &gt; fallback: skips element when htmlToMarkdown returns empty content (if (content) false branch)" time="0.0066153">
            <system-out>
[bAInder] ChatGPT extraction: turns=0
[bAInder] ChatGPT: primary selector found no turns, trying fallback

[bAInder] ChatGPT fallback turn: user | markdown len: [33m0[39m
[bAInder] ChatGPT docSweep: total audio markers found: [33m0[39m

            </system-out>
        </testcase>
        <testcase classname="tests/chat-extractor.test.js" name="extractClaude() &gt; throws when no conversation ID in URL" time="0.0022314">
        </testcase>
        <testcase classname="tests/chat-extractor.test.js" name="extractClaude() &gt; throws when fetch organizations fails" time="0.0035724">
        </testcase>
        <testcase classname="tests/chat-extractor.test.js" name="extractClaude() &gt; throws when no organizations found" time="0.0022898">
        </testcase>
        <testcase classname="tests/chat-extractor.test.js" name="extractClaude() &gt; throws when conversation fetch fails for all orgs" time="0.0027827">
        </testcase>
        <testcase classname="tests/chat-extractor.test.js" name="extractClaude() &gt; throws when conversation data has no chat_messages" time="0.0033466">
        </testcase>
        <testcase classname="tests/chat-extractor.test.js" name="extractClaude() &gt; extracts messages from API response" time="0.0108227">
        </testcase>
        <testcase classname="tests/chat-extractor.test.js" name="extractClaude() &gt; uses data.name as conversation title" time="0.0014601">
        </testcase>
        <testcase classname="tests/chat-extractor.test.js" name="extractClaude() &gt; generates title from messages when data.name is absent" time="0.0012516">
        </testcase>
        <testcase classname="tests/chat-extractor.test.js" name="extractClaude() &gt; returns messageCount equal to messages length" time="0.0007615">
        </testcase>
        <testcase classname="tests/chat-extractor.test.js" name="extractClaude() &gt; falls back to chat_messages when current_leaf_message_uuid is missing" time="0.001435">
        </testcase>
        <testcase classname="tests/chat-extractor.test.js" name="extractClaude() &gt; handles msg.text string field as content fallback" time="0.001053">
        </testcase>
        <testcase classname="tests/chat-extractor.test.js" name="extractClaude() &gt; skips messages with empty content (if(content.trim()) FALSE branch)" time="0.001364">
        </testcase>
        <testcase classname="tests/chat-extractor.test.js" name="extractClaude() &gt; tries multiple orgs and uses first successful one" time="0.0016963">
        </testcase>
        <testcase classname="tests/chat-extractor.test.js" name="extractGemini() &gt; throws if document is null" time="0.0026527">
        </testcase>
        <testcase classname="tests/chat-extractor.test.js" name="extractGemini() &gt; returns empty messages for a blank page" time="0.0030057">
            <system-out>
[bAInder] Gemini extraction: user elements=0 model elements=0

            </system-out>
        </testcase>
        <testcase classname="tests/chat-extractor.test.js" name="extractGemini() &gt; extracts user queries and model responses" time="0.0149788">
            <system-out>
[bAInder] Gemini extraction: user elements=1 model elements=1

[bAInder] Gemini user : NO &lt;table&gt; elements. Tags in response el: 

[bAInder] Gemini turn: user DIV | light imgs: [33m0[39m | markdown len: [33m11[39m

[bAInder] Gemini assistant : NO &lt;table&gt; elements. Tags in response el: 

[bAInder] Gemini turn: assistant DIV | light imgs: [33m0[39m | markdown len: [33m22[39m

            </system-out>
        </testcase>
        <testcase classname="tests/chat-extractor.test.js" name="extractGemini() &gt; extracts using .query-text class fallback" time="0.003996">
            <system-out>
[bAInder] Gemini extraction: user elements=1 model elements=0

[bAInder] Gemini user : NO &lt;table&gt; elements. Tags in response el: 

[bAInder] Gemini turn: user DIV | light imgs: [33m0[39m | markdown len: [33m20[39m

            </system-out>
        </testcase>
        <testcase classname="tests/chat-extractor.test.js" name="extractGemini() &gt; extracts using .response-text class fallback" time="0.0091055">
            <system-out>
[bAInder] Gemini extraction: user elements=0 model elements=1

[bAInder] Gemini assistant : NO &lt;table&gt; elements. Tags in response el: 

[bAInder] Gemini turn: assistant DIV | light imgs: [33m0[39m | markdown len: [33m18[39m

            </system-out>
        </testcase>
        <testcase classname="tests/chat-extractor.test.js" name="extractGemini() &gt; sets title from first user message" time="0.0053546">
            <system-out>
[bAInder] Gemini extraction: user elements=1 model elements=0

[bAInder] Gemini user : NO &lt;table&gt; elements. Tags in response el: 

[bAInder] Gemini turn: user DIV | light imgs: [33m0[39m | markdown len: [33m23[39m

            </system-out>
        </testcase>
        <testcase classname="tests/chat-extractor.test.js" name="extractGemini() &gt; returns messageCount equal to messages length" time="0.0153153">
            <system-out>
[bAInder] Gemini extraction: user elements=2 model elements=1

[bAInder] Gemini user : NO &lt;table&gt; elements. Tags in response el: 

[bAInder] Gemini turn: user DIV | light imgs: [33m0[39m | markdown len: [33m1[39m

[bAInder] Gemini assistant : NO &lt;table&gt; elements. Tags in response el: 

[bAInder] Gemini turn: assistant DIV | light imgs: [33m0[39m | markdown len: [33m1[39m

[bAInder] Gemini user : NO &lt;table&gt; elements. Tags in response el: 

[bAInder] Gemini turn: user DIV | light imgs: [33m0[39m | markdown len: [33m1[39m

            </system-out>
        </testcase>
        <testcase classname="tests/chat-extractor.test.js" name="extractGemini() &gt; does not duplicate user message when outer wrapper also matches [class*=&quot;user-query&quot;]" time="0.0156521">
            <system-out>
[bAInder] Gemini extraction: user elements=1 model elements=0

[bAInder] Gemini user : NO &lt;table&gt; elements. Tags in response el: div

[bAInder] Gemini turn: user DIV | light imgs: [33m0[39m | markdown len: [33m25[39m

            </system-out>
        </testcase>
        <testcase classname="tests/chat-extractor.test.js" name="extractGemini() &gt; does not duplicate assistant message when outer wrapper also matches [class*=&quot;model-response&quot;]" time="0.0295789">
            <system-out>
[bAInder] Gemini extraction: user elements=0 model elements=1

[bAInder] Gemini assistant : NO &lt;table&gt; elements. Tags in response el: div

[bAInder] Gemini turn: assistant DIV | light imgs: [33m0[39m | markdown len: [33m21[39m

            </system-out>
        </testcase>
        <testcase classname="tests/chat-extractor.test.js" name="extractGemini() &gt; skips a turn whose content is empty (if(content) FALSE branch)" time="0.0180767">
            <system-out>
[bAInder] Gemini extraction: user elements=0 model elements=1

[bAInder] Gemini assistant : NO &lt;table&gt; elements. Tags in response el: 

[bAInder] Gemini turn: assistant DIV | light imgs: [33m0[39m | markdown len: [33m0[39m

            </system-out>
        </testcase>
        <testcase classname="tests/chat-extractor.test.js" name="extractGemini() &gt; strips &quot;Gemini said&quot; heading from assistant content" time="0.0067107">
            <system-out>
[bAInder] Gemini extraction: user elements=0 model elements=1

[bAInder] Gemini assistant : NO &lt;table&gt; elements. Tags in response el: h2,p

[bAInder] Gemini turn: assistant DIV | light imgs: [33m0[39m | markdown len: [33m17[39m

            </system-out>
        </testcase>
        <testcase classname="tests/chat-extractor.test.js" name="extractGemini() &gt; strips &quot;You stopped this response&quot; text from assistant content" time="0.0086268">
            <system-out>
[bAInder] Gemini extraction: user elements=0 model elements=1

[bAInder] Gemini assistant : NO &lt;table&gt; elements. Tags in response el: p

[bAInder] Gemini turn: assistant DIV | light imgs: [33m0[39m | markdown len: [33m21[39m

            </system-out>
        </testcase>
        <testcase classname="tests/chat-extractor.test.js" name="extractGemini() &gt; skips a model-response element whose next sibling contains &quot;you stopped this response&quot;" time="0.003031">
            <system-out>
[bAInder] Gemini extraction: user elements=0 model elements=0

            </system-out>
        </testcase>
        <testcase classname="tests/chat-extractor.test.js" name="extractGemini() &gt; skips a model-response element when parent next sibling contains the stopped marker" time="0.0025555">
            <system-out>
[bAInder] Gemini extraction: user elements=0 model elements=0

            </system-out>
        </testcase>
        <testcase classname="tests/chat-extractor.test.js" name="extractGemini() &gt; skips a model-response element when parent has a sibling child with the stopped marker" time="0.0030638">
            <system-out>
[bAInder] Gemini extraction: user elements=0 model elements=0

            </system-out>
        </testcase>
        <testcase classname="tests/chat-extractor.test.js" name="extractGemini() &gt; appends cached audio markers to last assistant message" time="0.0105298">
            <system-out>
[bAInder] Gemini extraction: user elements=1 model elements=1

[bAInder] Gemini user : NO &lt;table&gt; elements. Tags in response el: 

[bAInder] Gemini turn: user DIV | light imgs: [33m0[39m | markdown len: [33m14[39m

[bAInder] Gemini assistant : NO &lt;table&gt; elements. Tags in response el: 

[bAInder] Gemini turn: assistant DIV | light imgs: [33m0[39m | markdown len: [33m18[39m
[bAInder] Gemini: interceptor cache hit, blob: blob:fake-url

            </system-out>
        </testcase>
        <testcase classname="tests/chat-extractor.test.js" name="extractGemini() &gt; creates a new assistant message for cached audio when no assistant exists" time="0.0056653">
            <system-out>
[bAInder] Gemini extraction: user elements=1 model elements=0

[bAInder] Gemini user : NO &lt;table&gt; elements. Tags in response el: 

[bAInder] Gemini turn: user DIV | light imgs: [33m0[39m | markdown len: [33m17[39m
[bAInder] Gemini: interceptor cache hit, blob: blob:fake-url-2

            </system-out>
        </testcase>
        <testcase classname="tests/chat-extractor.test.js" name="extractGemini() &gt; deduplicates cached audio with the same blob URL" time="0.0073188">
            <system-out>
[bAInder] Gemini extraction: user elements=0 model elements=1

[bAInder] Gemini assistant : NO &lt;table&gt; elements. Tags in response el: 

[bAInder] Gemini turn: assistant DIV | light imgs: [33m0[39m | markdown len: [33m7[39m
[bAInder] Gemini: interceptor cache hit, blob: blob:same-url

            </system-out>
        </testcase>
        <testcase classname="tests/chat-extractor.test.js" name="extractGemini() &gt; logs table debug info when assistant response contains a &lt;table&gt;" time="0.0077004">
            <system-out>
[bAInder] Gemini extraction: user elements=0 model elements=1

[bAInder] htmlToMarkdown: &lt;table&gt; hit, tr count: [33m2[39m
[bAInder] Gemini assistant : found [33m1[39m &lt;table&gt; element(s); markdown pipes: [33m6[39m

[bAInder] Gemini turn: assistant DIV | light imgs: [33m0[39m | markdown len: [33m27[39m

            </system-out>
        </testcase>
        <testcase classname="tests/chat-extractor.test.js" name="extractCopilot() &gt; throws when document is null" time="0.0050437">
        </testcase>
        <testcase classname="tests/chat-extractor.test.js" name="extractCopilot() &gt; returns empty messages when no elements found" time="0.0027313">
        </testcase>
        <testcase classname="tests/chat-extractor.test.js" name="extractCopilot() &gt; extracts a single user message via data-testid=&quot;user-message&quot;" time="0.0043678">
            <system-out>
[bAInder] [copilot] extracted msg [33m0[39m user | len: [33m13[39m | preview: &quot;Hello Copilot&quot;

            </system-out>
        </testcase>
        <testcase classname="tests/chat-extractor.test.js" name="extractCopilot() &gt; extracts a single assistant message via data-testid=&quot;copilot-message&quot;" time="0.0056961">
            <system-out>
[bAInder] [copilot] extracted msg [33m0[39m assistant | len: [33m9[39m | preview: &quot;Hi there!&quot;

            </system-out>
        </testcase>
        <testcase classname="tests/chat-extractor.test.js" name="extractCopilot() &gt; extracts multi-turn conversation in DOM order" time="0.0089845">
            <system-out>
[bAInder] [copilot] extracted msg [33m0[39m user | len: [33m19[39m | preview: &quot;What is TypeScript?&quot;

[bAInder] [copilot] extracted msg [33m1[39m assistant | len: [33m45[39m | preview: &quot;TypeScript is a typed superset of JavaScript.&quot;

[bAInder] [copilot] extracted msg [33m2[39m user | len: [33m19[39m | preview: &quot;Give me an example.&quot;

[bAInder] [copilot] extracted msg [33m3[39m assistant | len: [33m21[39m | preview: &quot;const x: number = 42;&quot;

            </system-out>
        </testcase>
        <testcase classname="tests/chat-extractor.test.js" name="extractCopilot() &gt; sets title from the first user message" time="0.0045138">
            <system-out>
[bAInder] [copilot] extracted msg [33m0[39m user | len: [33m19[39m | preview: &quot;Explain async/await&quot;

            </system-out>
        </testcase>
        <testcase classname="tests/chat-extractor.test.js" name="extractCopilot() &gt; uses fallback title when no user message present" time="0.0067022">
            <system-out>
[bAInder] [copilot] extracted msg [33m0[39m assistant | len: [33m6[39m | preview: &quot;Hello!&quot;

            </system-out>
        </testcase>
        <testcase classname="tests/chat-extractor.test.js" name="extractCopilot() &gt; returns messageCount equal to messages length" time="0.007176">
            <system-out>
[bAInder] [copilot] extracted msg [33m0[39m user | len: [33m2[39m | preview: &quot;Q1&quot;

[bAInder] [copilot] extracted msg [33m1[39m assistant | len: [33m2[39m | preview: &quot;A1&quot;

[bAInder] [copilot] extracted msg [33m2[39m user | len: [33m2[39m | preview: &quot;Q2&quot;

            </system-out>
        </testcase>
        <testcase classname="tests/chat-extractor.test.js" name="extractCopilot() &gt; matches user elements with .UserMessage class fallback" time="0.0029496">
            <system-out>
[bAInder] [copilot] extracted msg [33m0[39m user | len: [33m18[39m | preview: &quot;Via class fallback&quot;

            </system-out>
        </testcase>
        <testcase classname="tests/chat-extractor.test.js" name="extractCopilot() &gt; matches assistant elements with data-testid=&quot;assistant-message&quot; fallback" time="0.0062695">
            <system-out>
[bAInder] [copilot] extracted msg [33m0[39m assistant | len: [33m18[39m | preview: &quot;Fallback assistant&quot;

            </system-out>
        </testcase>
        <testcase classname="tests/chat-extractor.test.js" name="extractCopilot() &gt; strips &quot;You said:&quot; h5 injected by Copilot from user message content" time="0.0112046">
            <system-out>
[bAInder] [copilot] extracted msg [33m0[39m user | len: [33m21[39m | preview: &quot;How do closures work?&quot;

            </system-out>
        </testcase>
        <testcase classname="tests/chat-extractor.test.js" name="extractCopilot() &gt; strips &quot;Copilot said:&quot; h5 from assistant message content" time="0.0067046">
            <system-out>
[bAInder] [copilot] extracted msg [33m0[39m assistant | len: [33m41[39m | preview: &quot;A closure captures its surrounding scope.&quot;

            </system-out>
        </testcase>
        <testcase classname="tests/chat-extractor.test.js" name="extractCopilot() &gt; title uses the real question, not the Copilot label" time="0.0031581">
            <system-out>
[bAInder] [copilot] extracted msg [33m0[39m user | len: [33m53[39m | preview: &quot;Can I tell if arguments were passed to a JS function?&quot;

            </system-out>
        </testcase>
        <testcase classname="tests/chat-extractor.test.js" name="extractCopilot() &gt; does not create duplicate messages when outer and inner element both match" time="0.0030873">
            <system-out>
[bAInder] [copilot] extracted msg [33m0[39m user | len: [33m26[39m | preview: &quot;One message not duplicated&quot;

            </system-out>
        </testcase>
        <testcase classname="tests/chat-extractor.test.js" name="extractCopilot() &gt; ignores user elements inside &lt;aside&gt; (history sidebar)" time="0.0031466">
            <system-out>
[bAInder] [copilot] extracted msg [33m0[39m user | len: [33m19[39m | preview: &quot;Current real prompt&quot;

            </system-out>
        </testcase>
        <testcase classname="tests/chat-extractor.test.js" name="extractCopilot() &gt; skips a turn whose htmlToMarkdown content is empty after stripRoleLabels (if(content) FALSE branch)" time="0.0033388">
            <system-out>
[bAInder] [copilot] extracted msg [33m0[39m user | len: [33m0[39m | preview: &quot;&quot;

            </system-out>
        </testcase>
        <testcase classname="tests/chat-extractor.test.js" name="extractSourceLinks() &gt; returns empty string when turnEl is null" time="0.0008855">
        </testcase>
        <testcase classname="tests/chat-extractor.test.js" name="extractSourceLinks() &gt; returns empty string when no source links are present" time="0.0025547">
        </testcase>
        <testcase classname="tests/chat-extractor.test.js" name="extractSourceLinks() &gt; returns empty string for internal / relative links only" time="0.0026033">
        </testcase>
        <testcase classname="tests/chat-extractor.test.js" name="extractSourceLinks() &gt; extracts links inside a &lt;button aria-label=&quot;Sources&quot;&gt; (Copilot pattern)" time="0.0031095">
        </testcase>
        <testcase classname="tests/chat-extractor.test.js" name="extractSourceLinks() &gt; extracts links inside a &lt;button&gt; whose text contains &quot;references&quot;" time="0.0022974">
        </testcase>
        <testcase classname="tests/chat-extractor.test.js" name="extractSourceLinks() &gt; ignores &lt;button&gt; elements unrelated to sources" time="0.0018313">
        </testcase>
        <testcase classname="tests/chat-extractor.test.js" name="extractSourceLinks() &gt; ignores &lt;button&gt; that mentions &quot;sources&quot; but has no &lt;a href&gt; links" time="0.0013489">
        </testcase>
        <testcase classname="tests/chat-extractor.test.js" name="extractSourceLinks() &gt; collects links from a [data-testid*=&quot;citation&quot;] sibling of contentEl" time="0.0026599">
        </testcase>
        <testcase classname="tests/chat-extractor.test.js" name="extractSourceLinks() &gt; does NOT duplicate links that are already inside contentEl" time="0.0026905">
        </testcase>
        <testcase classname="tests/chat-extractor.test.js" name="extractSourceLinks() &gt; deduplicates repeated URLs across source containers" time="0.0021864">
        </testcase>
        <testcase classname="tests/chat-extractor.test.js" name="extractSourceLinks() &gt; ChatGPT: sources in a citation sibling are appended to the assistant message" time="0.0066098">
            <system-out>
[bAInder] ChatGPT extraction: turns=1
[bAInder] ChatGPT turn conversation-turn-1 assistant | contentEl: .markdown | imgs contentEl/turn: [33m0[39m / [33m0[39m

[bAInder] ChatGPT turn result conversation-turn-1 assistant | markdown len: [33m19[39m | hasImg: [33mfalse[39m | hasPlaceholder: [33mfalse[39m

[bAInder] ChatGPT docSweep: total audio markers found: [33m0[39m

            </system-out>
        </testcase>
        <testcase classname="tests/chat-extractor.test.js" name="extractSourceLinks() &gt; Copilot: sources inside a &lt;button&gt; are appended to the assistant message" time="0.0072407">
            <system-out>
[bAInder] [copilot] extracted msg [33m0[39m assistant | len: [33m102[39m | preview: &quot;Response text\n\n**Sources:**\n\n- [CS1](https://copilot-source1.com)\n- [CS2](https://copilot-source2.com)&quot;

            </system-out>
        </testcase>
        <testcase classname="tests/chat-extractor.test.js" name="extractSourceLinks() &gt; Gemini: sources inside a &lt;button aria-label=&quot;Citations&quot;&gt; are appended" time="0.0060427">
            <system-out>
[bAInder] Gemini extraction: user elements=0 model elements=1

[bAInder] Gemini assistant : NO &lt;table&gt; elements. Tags in response el: p

[bAInder] Gemini turn: assistant DIV | light imgs: [33m0[39m | markdown len: [33m13[39m

            </system-out>
        </testcase>
        <testcase classname="tests/chat-extractor.test.js" name="extractSourceLinks() &gt; Gemini: attribution links inside the response div are moved to the Sources block" time="0.0052199">
            <system-out>
[bAInder] Gemini extraction: user elements=0 model elements=1

[bAInder] Gemini assistant : NO &lt;table&gt; elements. Tags in response el: p

[bAInder] Gemini turn: assistant DIV | light imgs: [33m0[39m | markdown len: [33m13[39m

            </system-out>
        </testcase>
        <testcase classname="tests/chat-extractor.test.js" name="extractSourceLinks() &gt; user messages never get a Sources section appended" time="0.0069791">
            <system-out>
[bAInder] ChatGPT extraction: turns=1
[bAInder] ChatGPT turn conversation-turn-0 user | contentEl: .markdown | imgs contentEl/turn: [33m0[39m / [33m0[39m

[bAInder] ChatGPT turn result conversation-turn-0 user | markdown len: [33m13[39m | hasImg: [33mfalse[39m | hasPlaceholder: [33mfalse[39m
[bAInder] ChatGPT docSweep: total audio markers found: [33m0[39m

            </system-out>
        </testcase>
        <testcase classname="tests/chat-extractor.test.js" name="extractSourceLinks() &gt; Copilot: sources-button-testid container is stripped from main content and links are collected" time="0.0073839">
            <system-out>
[bAInder] [copilot] extracted msg [33m0[39m assistant | len: [33m138[39m | preview: &quot;Main response text\n\n**Sources:**\n\n- [Source A](https://source-a.com)\n- [Source B](https://source-b.com)\n- [Source C](https://source-c.com)&quot;

            </system-out>
        </testcase>
        <testcase classname="tests/chat-extractor.test.js" name="extractSourceLinks() &gt; Copilot: data-test-id (hyphenated) sources container is stripped and links collected" time="0.0142399">
            <system-out>
[bAInder] [copilot] extracted msg [33m0[39m assistant | len: [33m117[39m | preview: &quot;Main response text\n\n**Sources:**\n\n- [Hyphen A](https://hyphen-source-a.com)\n- [Hyphen B](https://hyphen-source-b.com)&quot;

            </system-out>
        </testcase>
        <testcase classname="tests/chat-extractor.test.js" name="extractSourceLinks() &gt; ChatGPT: sources-button content (images) excluded from message body" time="0.0095211">
            <system-out>
[bAInder] ChatGPT extraction: turns=1
[bAInder] ChatGPT turn conversation-turn-1 assistant | contentEl: .markdown | imgs contentEl/turn: [33m0[39m / [33m1[39m

[bAInder] ChatGPT turn result conversation-turn-1 assistant | markdown len: [33m11[39m | hasImg: [33mfalse[39m | hasPlaceholder: [33mfalse[39m

[bAInder] ChatGPT docSweep: total audio markers found: [33m0[39m

            </system-out>
        </testcase>
        <testcase classname="tests/chat-extractor.test.js" name="extractPerplexity() &gt; throws when document is null" time="0.0017602">
        </testcase>
        <testcase classname="tests/chat-extractor.test.js" name="extractPerplexity() &gt; returns empty messages when no elements found" time="0.0025622">
            <system-out>
[bAInder] Perplexity extraction: user=0 answer=0

            </system-out>
        </testcase>
        <testcase classname="tests/chat-extractor.test.js" name="extractPerplexity() &gt; extracts a single user message via class &quot;query&quot;" time="0.0035129">
            <system-out>
[bAInder] Perplexity extraction: user=1 answer=0

            </system-out>
        </testcase>
        <testcase classname="tests/chat-extractor.test.js" name="extractPerplexity() &gt; extracts a single assistant message via class &quot;prose&quot;" time="0.0055893">
            <system-out>
[bAInder] Perplexity extraction: user=0 answer=1

            </system-out>
        </testcase>
        <testcase classname="tests/chat-extractor.test.js" name="extractPerplexity() &gt; extracts a full conversation in correct order" time="0.0075658">
            <system-out>
[bAInder] Perplexity extraction: user=2 answer=2

            </system-out>
        </testcase>
        <testcase classname="tests/chat-extractor.test.js" name="extractPerplexity() &gt; strips &quot;Sources&quot; heading from assistant content" time="0.0051068">
            <system-out>
[bAInder] Perplexity extraction: user=0 answer=1

            </system-out>
        </testcase>
        <testcase classname="tests/chat-extractor.test.js" name="extractPerplexity() &gt; strips footnote-only lines like &quot;[1] [2]&quot;" time="0.0073542">
            <system-out>
[bAInder] Perplexity extraction: user=0 answer=1

            </system-out>
        </testcase>
        <testcase classname="tests/chat-extractor.test.js" name="extractPerplexity() &gt; uses first &lt;h1&gt; as title" time="0.0046029">
            <system-out>
[bAInder] Perplexity extraction: user=1 answer=0

            </system-out>
        </testcase>
        <testcase classname="tests/chat-extractor.test.js" name="extractPerplexity() &gt; falls back to generating title from messages when no h1" time="0.0023594">
            <system-out>
[bAInder] Perplexity extraction: user=1 answer=0

            </system-out>
        </testcase>
        <testcase classname="tests/chat-extractor.test.js" name="extractPerplexity() &gt; messageCount matches messages array length" time="0.0047491">
            <system-out>
[bAInder] Perplexity extraction: user=1 answer=1

            </system-out>
        </testcase>
        <testcase classname="tests/chat-extractor.test.js" name="extractChat() &gt; throws when platform is null" time="0.0032562">
        </testcase>
        <testcase classname="tests/chat-extractor.test.js" name="extractChat() &gt; throws when document is null" time="0.000974">
        </testcase>
        <testcase classname="tests/chat-extractor.test.js" name="extractChat() &gt; throws for unsupported platform" time="0.0007415">
        </testcase>
        <testcase classname="tests/chat-extractor.test.js" name="extractChat() &gt; dispatches to extractChatGPT" time="0.004672">
            <system-out>
[bAInder] ChatGPT extraction: turns=1
[bAInder] ChatGPT turn conversation-turn-0 user | contentEl: .markdown | imgs contentEl/turn: [33m0[39m / [33m0[39m

[bAInder] ChatGPT turn result conversation-turn-0 user | markdown len: [33m12[39m | hasImg: [33mfalse[39m | hasPlaceholder: [33mfalse[39m
[bAInder] ChatGPT docSweep: total audio markers found: [33m0[39m

            </system-out>
        </testcase>
        <testcase classname="tests/chat-extractor.test.js" name="extractChat() &gt; dispatches to extractClaude" time="0.0012347">
        </testcase>
        <testcase classname="tests/chat-extractor.test.js" name="extractChat() &gt; dispatches to extractGemini" time="0.0030769">
            <system-out>
[bAInder] Gemini extraction: user elements=1 model elements=0

[bAInder] Gemini user : NO &lt;table&gt; elements. Tags in response el: 

[bAInder] Gemini turn: user DIV | light imgs: [33m0[39m | markdown len: [33m15[39m

            </system-out>
        </testcase>
        <testcase classname="tests/chat-extractor.test.js" name="extractChat() &gt; dispatches to extractCopilot" time="0.004153">
            <system-out>
[bAInder] [copilot] extracted msg [33m0[39m user | len: [33m16[39m | preview: &quot;Copilot question&quot;

            </system-out>
        </testcase>
        <testcase classname="tests/chat-extractor.test.js" name="extractChat() &gt; dispatches to extractPerplexity" time="0.0043108">
            <system-out>
[bAInder] Perplexity extraction: user=1 answer=0

            </system-out>
        </testcase>
        <testcase classname="tests/chat-extractor.test.js" name="extractChat() &gt; dispatches to extractDeepSeek" time="0.0023665">
        </testcase>
        <testcase classname="tests/chat-extractor.test.js" name="extractChat() &gt; includes extractedAt timestamp" time="0.0137444">
            <system-out>
[bAInder] ChatGPT extraction: turns=1
[bAInder] ChatGPT turn conversation-turn-0 user | contentEl: .markdown | imgs contentEl/turn: [33m0[39m / [33m0[39m

[bAInder] ChatGPT turn result conversation-turn-0 user | markdown len: [33m1[39m | hasImg: [33mfalse[39m | hasPlaceholder: [33mfalse[39m
[bAInder] ChatGPT docSweep: total audio markers found: [33m0[39m

            </system-out>
        </testcase>
        <testcase classname="tests/chat-extractor.test.js" name="extractChat() &gt; includes url from document.location.href" time="0.0078654">
            <system-out>
[bAInder] ChatGPT extraction: turns=1
[bAInder] ChatGPT turn conversation-turn-0 user | contentEl: .markdown | imgs contentEl/turn: [33m0[39m / [33m0[39m

[bAInder] ChatGPT turn result conversation-turn-0 user | markdown len: [33m1[39m | hasImg: [33mfalse[39m | hasPlaceholder: [33mfalse[39m
[bAInder] ChatGPT docSweep: total audio markers found: [33m0[39m

            </system-out>
        </testcase>
        <testcase classname="tests/chat-extractor.test.js" name="extractChat() &gt; accepts an explicit URL override" time="0.0061876">
            <system-out>
[bAInder] ChatGPT extraction: turns=1
[bAInder] ChatGPT turn conversation-turn-0 user | contentEl: .markdown | imgs contentEl/turn: [33m0[39m / [33m0[39m

[bAInder] ChatGPT turn result conversation-turn-0 user | markdown len: [33m1[39m | hasImg: [33mfalse[39m | hasPlaceholder: [33mfalse[39m
[bAInder] ChatGPT docSweep: total audio markers found: [33m0[39m

            </system-out>
        </testcase>
        <testcase classname="tests/chat-extractor.test.js" name="extractChat() &gt; returns messageCount in the envelope" time="0.0022536">
        </testcase>
        <testcase classname="tests/chat-extractor.test.js" name="prepareChatForSave() &gt; throws when chatData is null" time="0.0006529">
        </testcase>
        <testcase classname="tests/chat-extractor.test.js" name="prepareChatForSave() &gt; returns an object with all storage-ready fields" time="0.0010679">
        </testcase>
        <testcase classname="tests/chat-extractor.test.js" name="prepareChatForSave() &gt; generates content as markdown with emoji role prefixes" time="0.0008729">
        </testcase>
        <testcase classname="tests/chat-extractor.test.js" name="prepareChatForSave() &gt; includes YAML frontmatter separator in content" time="0.0004676">
        </testcase>
        <testcase classname="tests/chat-extractor.test.js" name="prepareChatForSave() &gt; handles empty messages array — content has frontmatter but no role labels" time="0.000811">
        </testcase>
        <testcase classname="tests/chat-extractor.test.js" name="prepareChatForSave() &gt; includes contentFormat in metadata" time="0.0006659">
        </testcase>
        <testcase classname="tests/chat-extractor.test.js" name="Full extraction pipeline &gt; ChatGPT: end-to-end extract and prepare" time="0.0138658">
            <system-out>
[bAInder] ChatGPT extraction: turns=4
[bAInder] ChatGPT turn conversation-turn-0 user | contentEl: .markdown | imgs contentEl/turn: [33m0[39m / [33m0[39m

[bAInder] ChatGPT turn result conversation-turn-0 user | markdown len: [33m17[39m | hasImg: [33mfalse[39m | hasPlaceholder: [33mfalse[39m
[bAInder] ChatGPT turn conversation-turn-1 assistant | contentEl: .markdown | imgs contentEl/turn: [33m0[39m / [33m0[39m

[bAInder] ChatGPT turn result conversation-turn-1 assistant | markdown len: [33m42[39m | hasImg: [33mfalse[39m | hasPlaceholder: [33mfalse[39m

[bAInder] ChatGPT turn conversation-turn-2 user | contentEl: .markdown | imgs contentEl/turn: [33m0[39m / [33m0[39m

[bAInder] ChatGPT turn result conversation-turn-2 user | markdown len: [33m25[39m | hasImg: [33mfalse[39m | hasPlaceholder: [33mfalse[39m
[bAInder] ChatGPT turn conversation-turn-3 assistant | contentEl: .markdown | imgs contentEl/turn: [33m0[39m / [33m0[39m

[bAInder] ChatGPT turn result conversation-turn-3 assistant | markdown len: [33m46[39m | hasImg: [33mfalse[39m | hasPlaceholder: [33mfalse[39m

[bAInder] ChatGPT docSweep: total audio markers found: [33m0[39m

            </system-out>
        </testcase>
        <testcase classname="tests/chat-extractor.test.js" name="Full extraction pipeline &gt; Claude: end-to-end extract and prepare" time="0.0015158">
        </testcase>
        <testcase classname="tests/chat-extractor.test.js" name="Full extraction pipeline &gt; Gemini: end-to-end extract and prepare" time="0.007031">
            <system-out>
[bAInder] Gemini extraction: user elements=1 model elements=1

[bAInder] Gemini user : NO &lt;table&gt; elements. Tags in response el: 

[bAInder] Gemini turn: user DIV | light imgs: [33m0[39m | markdown len: [33m41[39m

[bAInder] Gemini assistant : NO &lt;table&gt; elements. Tags in response el: 

[bAInder] Gemini turn: assistant DIV | light imgs: [33m0[39m | markdown len: [33m62[39m

            </system-out>
        </testcase>
        <testcase classname="tests/chat-extractor.test.js" name="Full extraction pipeline &gt; Copilot: end-to-end extract and prepare" time="0.0121587">
            <system-out>
[bAInder] [copilot] extracted msg [33m0[39m user | len: [33m36[39m | preview: &quot;How do I reverse a string in Python?&quot;

[bAInder] [copilot] extracted msg [33m1[39m assistant | len: [33m20[39m | preview: &quot;Use slicing: s[::-1]&quot;

[bAInder] [copilot] extracted msg [33m2[39m user | len: [33m25[39m | preview: &quot;What about in JavaScript?&quot;

[bAInder] [copilot] extracted msg [33m3[39m assistant | len: [33m32[39m | preview: &quot;str.split(&apos;&apos;).reverse().join(&apos;&apos;)&quot;

            </system-out>
        </testcase>
        <testcase classname="tests/chat-extractor.test.js" name="Full extraction pipeline &gt; handles an empty conversation gracefully end-to-end" time="0.0023116">
            <system-out>
[bAInder] ChatGPT extraction: turns=0
[bAInder] ChatGPT: primary selector found no turns, trying fallback
[bAInder] ChatGPT docSweep: total audio markers found: [33m0[39m

            </system-out>
        </testcase>
        <testcase classname="tests/chat-extractor.test.js" name="extractClaude() – branch traversal from leaf to root &gt; walks parent_message_uuid chain to reconstruct branch in chronological order" time="0.0013655">
        </testcase>
        <testcase classname="tests/chat-extractor.test.js" name="extractGemini() – sort returns 1 when model element precedes user in DOM &gt; should still capture messages correctly when model turn appears before user in DOM" time="0.0068426">
            <system-out>
[bAInder] Gemini extraction: user elements=1 model elements=1

[bAInder] Gemini assistant : NO &lt;table&gt; elements. Tags in response el: 

[bAInder] Gemini turn: assistant DIV | light imgs: [33m0[39m | markdown len: [33m21[39m

[bAInder] Gemini user : NO &lt;table&gt; elements. Tags in response el: 

[bAInder] Gemini turn: user DIV | light imgs: [33m0[39m | markdown len: [33m13[39m

            </system-out>
        </testcase>
        <testcase classname="tests/chat-extractor.test.js" name="extractCopilot() – sort returns 1 when assistant element precedes user in DOM &gt; should still capture messages correctly when assistant turn appears before user in DOM" time="0.0056521">
            <system-out>
[bAInder] [copilot] extracted msg [33m0[39m assistant | len: [33m20[39m | preview: &quot;I am GitHub Copilot.&quot;

[bAInder] [copilot] extracted msg [33m1[39m user | len: [33m12[39m | preview: &quot;Who are you?&quot;

            </system-out>
        </testcase>
        <testcase classname="tests/chat-extractor.test.js" name="extractChat() – URL resolution branches &gt; uses doc.location.href when no url arg is provided" time="0.0077999">
            <system-out>
[bAInder] ChatGPT extraction: turns=1
[bAInder] ChatGPT turn conversation-turn-0 user | contentEl: .markdown | imgs contentEl/turn: [33m0[39m / [33m0[39m

[bAInder] ChatGPT turn result conversation-turn-0 user | markdown len: [33m5[39m | hasImg: [33mfalse[39m | hasPlaceholder: [33mfalse[39m
[bAInder] ChatGPT docSweep: total audio markers found: [33m0[39m

            </system-out>
        </testcase>
        <testcase classname="tests/chat-extractor.test.js" name="extractChat() – URL resolution branches &gt; uses empty string when url arg is omitted and doc has no location" time="0.0044256">
            <system-out>
[bAInder] ChatGPT extraction: turns=1
[bAInder] ChatGPT turn conversation-turn-0 user | contentEl: .markdown | imgs contentEl/turn: [33m0[39m / [33m0[39m

[bAInder] ChatGPT turn result conversation-turn-0 user | markdown len: [33m4[39m | hasImg: [33mfalse[39m | hasPlaceholder: [33mfalse[39m
[bAInder] ChatGPT docSweep: total audio markers found: [33m0[39m

            </system-out>
        </testcase>
        <testcase classname="tests/chat-extractor.test.js" name="extractChat() – URL resolution branches &gt; copilot: uses explicit url arg when provided" time="0.0026764">
            <system-out>
[bAInder] [copilot] extracted msg [33m0[39m user | len: [33m5[39m | preview: &quot;Hello&quot;

            </system-out>
        </testcase>
        <testcase classname="tests/chat-extractor.test.js" name="extractChat() – URL resolution branches &gt; copilot: falls back to doc.location.href when no url arg" time="0.0030774">
            <system-out>
[bAInder] [copilot] extracted msg [33m0[39m user | len: [33m5[39m | preview: &quot;Hello&quot;

            </system-out>
        </testcase>
        <testcase classname="tests/chat-extractor.test.js" name="extractSourceLinks() – additional branches &gt; Part B: extracts from elements with data-testid containing &quot;source&quot;" time="0.0017315">
        </testcase>
        <testcase classname="tests/chat-extractor.test.js" name="extractSourceLinks() – additional branches &gt; Part B: extracts from element with data-test-id containing &quot;source&quot;" time="0.0040058">
        </testcase>
        <testcase classname="tests/chat-extractor.test.js" name="extractSourceLinks() – additional branches &gt; Part C: extracts favicon-based sources from Copilot button" time="0.0039166">
        </testcase>
        <testcase classname="tests/chat-extractor.test.js" name="extractSourceLinks() – additional branches &gt; Part C: skips favicon imgs with no matching query param" time="0.0021002">
        </testcase>
        <testcase classname="tests/chat-extractor.test.js" name="extractSourceLinks() – additional branches &gt; Part C: deduplicates repeated favicon domains" time="0.0023586">
        </testcase>
        <testcase classname="tests/chat-extractor.test.js" name="extractSourceLinks() – additional branches &gt; skips protocol-relative links that are not http/https" time="0.0013707">
        </testcase>
        <testcase classname="tests/chat-extractor.test.js" name="extractSourceLinks() – additional branches &gt; uses href as title when anchor has no text" time="0.0014636">
        </testcase>
        <testcase classname="tests/chat-extractor.test.js" name="stripSourceContainers() &gt; returns a clone and does not mutate the original" time="0.0031462">
        </testcase>
        <testcase classname="tests/chat-extractor.test.js" name="stripSourceContainers() &gt; removes elements matching SOURCE_CONTAINER_SELECTORS" time="0.0038171">
        </testcase>
        <testcase classname="tests/chat-extractor.test.js" name="stripSourceContainers() &gt; removes elements whose data-testid contains &quot;source&quot;" time="0.0027607">
        </testcase>
        <testcase classname="tests/chat-extractor.test.js" name="stripSourceContainers() &gt; removes elements whose data-test-id contains &quot;source&quot;" time="0.0025938">
        </testcase>
        <testcase classname="tests/chat-extractor.test.js" name="stripSourceContainers() &gt; removes &lt;button&gt; elements with aria-label containing &quot;sources&quot;" time="0.002201">
        </testcase>
        <testcase classname="tests/chat-extractor.test.js" name="stripSourceContainers() &gt; removes &lt;button&gt; with text containing &quot;references&quot;" time="0.0022934">
        </testcase>
        <testcase classname="tests/chat-extractor.test.js" name="stripSourceContainers() &gt; keeps &lt;button&gt; unrelated to sources" time="0.0033576">
        </testcase>
        <testcase classname="tests/chat-extractor.test.js" name="stripSourceContainers() &gt; removes Copilot feedback banner elements" time="0.0028815">
        </testcase>
        <testcase classname="tests/chat-extractor.test.js" name="stripSourceContainers() &gt; removes Copilot UI chrome (messageAttributionIcon)" time="0.0045992">
        </testcase>
        <testcase classname="tests/chat-extractor.test.js" name="stripSourceContainers() &gt; handles element with no children safely" time="0.0132217">
        </testcase>
        <testcase classname="tests/chat-extractor.test.js" name="stripSourceContainers() &gt; [role=button] matching sources is removed" time="0.0025053">
        </testcase>
    </testsuite>
    <testsuite name="tests/chat-manager.test.js" timestamp="2026-03-17T19:02:06.217Z" hostname="Kahana-PC" tests="56" failures="0" errors="0" skipped="0" time="0.0539922">
        <testcase classname="tests/chat-manager.test.js" name="getUnassignedChats &gt; returns empty array when passed non-array" time="0.0042621">
        </testcase>
        <testcase classname="tests/chat-manager.test.js" name="getUnassignedChats &gt; returns empty array for empty chats" time="0.0006307">
        </testcase>
        <testcase classname="tests/chat-manager.test.js" name="getUnassignedChats &gt; returns all chats when none have topicId" time="0.0022607">
        </testcase>
        <testcase classname="tests/chat-manager.test.js" name="getUnassignedChats &gt; filters out chats that have topicId" time="0.0008724">
        </testcase>
        <testcase classname="tests/chat-manager.test.js" name="getUnassignedChats &gt; treats empty-string topicId as falsy (unassigned)" time="0.0004961">
        </testcase>
        <testcase classname="tests/chat-manager.test.js" name="getChatsForTopic &gt; returns empty array when topicId is falsy" time="0.0011274">
        </testcase>
        <testcase classname="tests/chat-manager.test.js" name="getChatsForTopic &gt; returns empty array when chats is not an array" time="0.000427">
        </testcase>
        <testcase classname="tests/chat-manager.test.js" name="getChatsForTopic &gt; returns only chats matching topicId" time="0.0008934">
        </testcase>
        <testcase classname="tests/chat-manager.test.js" name="assignChatToTopic &gt; throws when chat is missing" time="0.0022443">
        </testcase>
        <testcase classname="tests/chat-manager.test.js" name="assignChatToTopic &gt; throws when topicId is missing" time="0.0008052">
        </testcase>
        <testcase classname="tests/chat-manager.test.js" name="assignChatToTopic &gt; throws when tree is missing" time="0.0004682">
        </testcase>
        <testcase classname="tests/chat-manager.test.js" name="assignChatToTopic &gt; throws when topic is not found in tree" time="0.0005399">
        </testcase>
        <testcase classname="tests/chat-manager.test.js" name="assignChatToTopic &gt; adds chat id to topic.chatIds" time="0.0014585">
        </testcase>
        <testcase classname="tests/chat-manager.test.js" name="assignChatToTopic &gt; does not duplicate chatId if already present" time="0.0006254">
        </testcase>
        <testcase classname="tests/chat-manager.test.js" name="assignChatToTopic &gt; returns updated chat with topicId set" time="0.0004653">
        </testcase>
        <testcase classname="tests/chat-manager.test.js" name="assignChatToTopic &gt; calls updateTopicDateRange when chat has timestamp" time="0.0024847">
        </testcase>
        <testcase classname="tests/chat-manager.test.js" name="assignChatToTopic &gt; skips updateTopicDateRange when chat has no timestamp" time="0.0013119">
        </testcase>
        <testcase classname="tests/chat-manager.test.js" name="assignChatToTopic &gt; skips updateTopicDateRange when tree has no such method" time="0.0008804">
        </testcase>
        <testcase classname="tests/chat-manager.test.js" name="removeChatFromTopic &gt; throws when chatId is falsy" time="0.0013886">
        </testcase>
        <testcase classname="tests/chat-manager.test.js" name="removeChatFromTopic &gt; is a no-op when topicId is falsy" time="0.0009417">
        </testcase>
        <testcase classname="tests/chat-manager.test.js" name="removeChatFromTopic &gt; is a no-op when tree is null" time="0.0005714">
        </testcase>
        <testcase classname="tests/chat-manager.test.js" name="removeChatFromTopic &gt; is a no-op when topic not found in tree" time="0.0006843">
        </testcase>
        <testcase classname="tests/chat-manager.test.js" name="removeChatFromTopic &gt; removes chatId from topic.chatIds" time="0.0008503">
        </testcase>
        <testcase classname="tests/chat-manager.test.js" name="removeChatFromTopic &gt; is a no-op when chatId not in topic.chatIds" time="0.0005888">
        </testcase>
        <testcase classname="tests/chat-manager.test.js" name="moveChatToTopic &gt; throws when chat is missing" time="0.0008426">
        </testcase>
        <testcase classname="tests/chat-manager.test.js" name="moveChatToTopic &gt; throws when newTopicId is missing" time="0.0010624">
        </testcase>
        <testcase classname="tests/chat-manager.test.js" name="moveChatToTopic &gt; throws when tree is missing" time="0.0005914">
        </testcase>
        <testcase classname="tests/chat-manager.test.js" name="moveChatToTopic &gt; moves chat from old topic to new topic" time="0.0008064">
        </testcase>
        <testcase classname="tests/chat-manager.test.js" name="moveChatToTopic &gt; assigns chat without removing old if chat has no topicId" time="0.000626">
        </testcase>
        <testcase classname="tests/chat-manager.test.js" name="updateChatInArray &gt; throws when chatId is falsy" time="0.0010009">
        </testcase>
        <testcase classname="tests/chat-manager.test.js" name="updateChatInArray &gt; returns empty array when chats is not an array" time="0.0005654">
        </testcase>
        <testcase classname="tests/chat-manager.test.js" name="updateChatInArray &gt; merges updates into matching chat" time="0.0006151">
        </testcase>
        <testcase classname="tests/chat-manager.test.js" name="updateChatInArray &gt; does not mutate unmatched chats" time="0.0003827">
        </testcase>
        <testcase classname="tests/chat-manager.test.js" name="updateChatInArray &gt; returns new array (immutable)" time="0.0010506">
        </testcase>
        <testcase classname="tests/chat-manager.test.js" name="updateChatInArray &gt; is a no-op (passes through) when chatId not in array" time="0.0004723">
        </testcase>
        <testcase classname="tests/chat-manager.test.js" name="removeChatFromArray &gt; throws when chatId is falsy" time="0.0010674">
        </testcase>
        <testcase classname="tests/chat-manager.test.js" name="removeChatFromArray &gt; returns empty array when chats is not an array" time="0.0005606">
        </testcase>
        <testcase classname="tests/chat-manager.test.js" name="removeChatFromArray &gt; removes matching chat" time="0.0009137">
        </testcase>
        <testcase classname="tests/chat-manager.test.js" name="removeChatFromArray &gt; returns new array (immutable)" time="0.0004874">
        </testcase>
        <testcase classname="tests/chat-manager.test.js" name="removeChatFromArray &gt; returns unchanged array when chatId not found" time="0.0005816">
        </testcase>
        <testcase classname="tests/chat-manager.test.js" name="Topic chatId helpers &gt; hasChatId returns false for empty topic" time="0.0003921">
        </testcase>
        <testcase classname="tests/chat-manager.test.js" name="Topic chatId helpers &gt; addChatId adds to both array and Set" time="0.0004641">
        </testcase>
        <testcase classname="tests/chat-manager.test.js" name="Topic chatId helpers &gt; addChatId is idempotent — duplicate is rejected in O(1)" time="0.0005028">
        </testcase>
        <testcase classname="tests/chat-manager.test.js" name="Topic chatId helpers &gt; removeChatId removes from both array and Set" time="0.0005557">
        </testcase>
        <testcase classname="tests/chat-manager.test.js" name="Topic chatId helpers &gt; removeChatId is a no-op for unknown id" time="0.0004052">
        </testcase>
        <testcase classname="tests/chat-manager.test.js" name="Topic chatId helpers &gt; fromObject initialises _chatIdSet from persisted chatIds" time="0.0004317">
        </testcase>
        <testcase classname="tests/chat-manager.test.js" name="Topic chatId helpers &gt; toObject does not include _chatIdSet" time="0.0019597">
        </testcase>
        <testcase classname="tests/chat-manager.test.js" name="buildChatDisplayTitle &gt; returns empty string for null/undefined" time="0.0005715">
        </testcase>
        <testcase classname="tests/chat-manager.test.js" name="buildChatDisplayTitle &gt; prefixes 💬 for regular chat" time="0.0006197">
        </testcase>
        <testcase classname="tests/chat-manager.test.js" name="buildChatDisplayTitle &gt; prefixes ✂️ for excerpt" time="0.000408">
        </testcase>
        <testcase classname="tests/chat-manager.test.js" name="buildChatDisplayTitle &gt; uses &quot;Untitled Chat&quot; fallback when title is missing" time="0.0003982">
        </testcase>
        <testcase classname="tests/chat-manager.test.js" name="buildChatDisplayTitle &gt; prefixes 💬 when metadata is absent" time="0.0003227">
        </testcase>
        <testcase classname="tests/chat-manager.test.js" name="assignChatToTopic – plain-object topic fallback &gt; pushes chat id onto chatIds when topic is a plain object (no addChatId)" time="0.0008116">
        </testcase>
        <testcase classname="tests/chat-manager.test.js" name="assignChatToTopic – plain-object topic fallback &gt; does not duplicate chat id in plain-object topic (else-if false branch)" time="0.0006793">
        </testcase>
        <testcase classname="tests/chat-manager.test.js" name="removeChatFromTopic – plain-object topic fallback &gt; filters chatIds via array method when topic is a plain object" time="0.0006828">
        </testcase>
        <testcase classname="tests/chat-manager.test.js" name="buildChatDisplayTitle – assembled prefix &gt; prefixes 🔗 for assembled chats (metadata.isAssembled = true)" time="0.0003792">
        </testcase>
    </testsuite>
    <testsuite name="tests/chat-repository.test.js" timestamp="2026-03-17T19:02:06.265Z" hostname="Kahana-PC" tests="42" failures="0" errors="0" skipped="0" time="0.1460118">
        <testcase classname="tests/chat-repository.test.js" name="ChatRepository â€” constructor injection &gt; accepts an explicit storage adapter without throwing" time="0.0050039">
        </testcase>
        <testcase classname="tests/chat-repository.test.js" name="ChatRepository.loadAll() &gt; returns an empty array when storage has no chats" time="0.0071764">
            <system-out>
[bAInder] [INFO] Chats loaded: [33m0[39m

            </system-out>
        </testcase>
        <testcase classname="tests/chat-repository.test.js" name="ChatRepository.loadAll() &gt; strips the content field from each chat (chatIndex has no content)" time="0.005025">
            <system-out>
[bAInder] [INFO] Chats loaded: [33m1[39m

            </system-out>
        </testcase>
        <testcase classname="tests/chat-repository.test.js" name="ChatRepository.loadAll() &gt; preserves all other metadata fields" time="0.0018929">
            <system-out>
[bAInder] [INFO] Chats loaded: [33m1[39m

            </system-out>
        </testcase>
        <testcase classname="tests/chat-repository.test.js" name="ChatRepository.loadAll() &gt; returns empty array when storage.get rejects" time="0.0206085">
            <system-err>
[bAInder] [ERROR] ChatRepository.loadAll error: Error: boom
    at C:/Repos/Personal/bAInder/tests/chat-repository.test.js:113:54
    at [90mfile:///C:/Repos/Personal/bAInder/[39mnode_modules/[4m@vitest/runner[24m/dist/index.js:145:11
    at [90mfile:///C:/Repos/Personal/bAInder/[39mnode_modules/[4m@vitest/runner[24m/dist/index.js:915:26
    at [90mfile:///C:/Repos/Personal/bAInder/[39mnode_modules/[4m@vitest/runner[24m/dist/index.js:1243:20
    at new Promise (&lt;anonymous&gt;)
    at runWithTimeout [90m(file:///C:/Repos/Personal/bAInder/[39mnode_modules/[4m@vitest/runner[24m/dist/index.js:1209:10[90m)[39m
    at [90mfile:///C:/Repos/Personal/bAInder/[39mnode_modules/[4m@vitest/runner[24m/dist/index.js:1653:37
    at Traces.$ [90m(file:///C:/Repos/Personal/bAInder/[39mnode_modules/[4mvitest[24m/dist/chunks/traces.CCmnQaNT.js:142:27[90m)[39m
    at trace [90m(file:///C:/Repos/Personal/bAInder/[39mnode_modules/[4mvitest[24m/dist/chunks/test.B8ej_ZHS.js:239:21[90m)[39m
    at runTest [90m(file:///C:/Repos/Personal/bAInder/[39mnode_modules/[4m@vitest/runner[24m/dist/index.js:1653:12[90m)[39m

            </system-err>
        </testcase>
        <testcase classname="tests/chat-repository.test.js" name="ChatRepository.loadAll() &gt; never calls adapter.set" time="0.0022567">
            <system-out>
[bAInder] [INFO] Chats loaded: [33m1[39m

            </system-out>
        </testcase>
        <testcase classname="tests/chat-repository.test.js" name="ChatRepository.loadAll() &gt; returns chats sorted by timestamp descending (most-recent first)" time="0.0014477">
            <system-out>
[bAInder] [INFO] Chats loaded: [33m3[39m

            </system-out>
        </testcase>
        <testcase classname="tests/chat-repository.test.js" name="ChatRepository.loadAll() &gt; treats missing timestamp as 0 when sorting" time="0.0011571">
            <system-out>
[bAInder] [INFO] Chats loaded: [33m2[39m

            </system-out>
        </testcase>
        <testcase classname="tests/chat-repository.test.js" name="ChatRepository.loadAll() &gt; caps the returned array at MAX_CHATS_IN_MEMORY" time="0.0173783">
            <system-out>
[bAInder] [INFO] Chats loaded: [33m5000[39m

            </system-out>
            <system-err>
[bAInder] [WARN] ChatRepository.loadAll: 5010 chats in storage exceeds MAX_CHATS_IN_MEMORY (5000). Loading most-recent 5000 only.

            </system-err>
        </testcase>
        <testcase classname="tests/chat-repository.test.js" name="ChatRepository.loadAll() &gt; cap keeps the most-recent entries" time="0.0084499">
            <system-out>
[bAInder] [INFO] Chats loaded: [33m5000[39m

            </system-out>
            <system-err>
[bAInder] [WARN] ChatRepository.loadAll: 5001 chats in storage exceeds MAX_CHATS_IN_MEMORY (5000). Loading most-recent 5000 only.

            </system-err>
        </testcase>
        <testcase classname="tests/chat-repository.test.js" name="ChatRepository.loadAll() &gt; logs a warning when the cap is applied" time="0.0119242">
            <system-out>
[bAInder] [INFO] Chats loaded: [33m5000[39m

            </system-out>
        </testcase>
        <testcase classname="tests/chat-repository.test.js" name="ChatRepository.loadAll() &gt; does not warn when count is at or below MAX_CHATS_IN_MEMORY" time="0.0106883">
            <system-out>
[bAInder] [INFO] Chats loaded: [33m5000[39m

            </system-out>
        </testcase>
        <testcase classname="tests/chat-repository.test.js" name="ChatRepository.loadAll() &gt; auto-migrates from legacy monolithic chats key when chatIndex is absent" time="0.0049567">
            <system-out>
[bAInder] [INFO] ChatRepository: migrating 1 chats to per-key format

[bAInder] [INFO] Chats loaded: [33m1[39m

            </system-out>
        </testcase>
        <testcase classname="tests/chat-repository.test.js" name="ChatRepository.getFullContent() &gt; returns the content field of the matching chat" time="0.0012207">
        </testcase>
        <testcase classname="tests/chat-repository.test.js" name="ChatRepository.getFullContent() &gt; returns null when the chat does not exist" time="0.000944">
        </testcase>
        <testcase classname="tests/chat-repository.test.js" name="ChatRepository.getFullContent() &gt; returns null when storage.get rejects" time="0.0019259">
            <system-err>
[bAInder] [ERROR] ChatRepository.getFullContent error: Error: fail
    at C:/Repos/Personal/bAInder/tests/chat-repository.test.js:229:54
    at [90mfile:///C:/Repos/Personal/bAInder/[39mnode_modules/[4m@vitest/runner[24m/dist/index.js:145:11
    at [90mfile:///C:/Repos/Personal/bAInder/[39mnode_modules/[4m@vitest/runner[24m/dist/index.js:915:26
    at [90mfile:///C:/Repos/Personal/bAInder/[39mnode_modules/[4m@vitest/runner[24m/dist/index.js:1243:20
    at new Promise (&lt;anonymous&gt;)
    at runWithTimeout [90m(file:///C:/Repos/Personal/bAInder/[39mnode_modules/[4m@vitest/runner[24m/dist/index.js:1209:10[90m)[39m
    at [90mfile:///C:/Repos/Personal/bAInder/[39mnode_modules/[4m@vitest/runner[24m/dist/index.js:1653:37
    at Traces.$ [90m(file:///C:/Repos/Personal/bAInder/[39mnode_modules/[4mvitest[24m/dist/chunks/traces.CCmnQaNT.js:142:27[90m)[39m
    at trace [90m(file:///C:/Repos/Personal/bAInder/[39mnode_modules/[4mvitest[24m/dist/chunks/test.B8ej_ZHS.js:239:21[90m)[39m
    at runTest [90m(file:///C:/Repos/Personal/bAInder/[39mnode_modules/[4m@vitest/runner[24m/dist/index.js:1653:12[90m)[39m

            </system-err>
        </testcase>
        <testcase classname="tests/chat-repository.test.js" name="ChatRepository.updateChat() &gt; merges updates into the matching chat and persists" time="0.0018359">
        </testcase>
        <testcase classname="tests/chat-repository.test.js" name="ChatRepository.updateChat() &gt; returns metadata-only list (no content field)" time="0.0009749">
        </testcase>
        <testcase classname="tests/chat-repository.test.js" name="ChatRepository.updateChat() &gt; does not mutate other chats" time="0.0010354">
        </testcase>
        <testcase classname="tests/chat-repository.test.js" name="ChatRepository.addChat() &gt; appends a new chat and returns updated metadata list" time="0.0014912">
        </testcase>
        <testcase classname="tests/chat-repository.test.js" name="ChatRepository.addChat() &gt; deduplicates â€” replaces an existing entry with the same id" time="0.0011537">
        </testcase>
        <testcase classname="tests/chat-repository.test.js" name="ChatRepository.addChat() &gt; persists via adapter.set with chatIndex and per-chat key" time="0.0032131">
        </testcase>
        <testcase classname="tests/chat-repository.test.js" name="ChatRepository.removeChat() &gt; removes the chat with the given id" time="0.0015496">
        </testcase>
        <testcase classname="tests/chat-repository.test.js" name="ChatRepository.removeChat() &gt; returns an empty list when the only chat is removed" time="0.0010779">
        </testcase>
        <testcase classname="tests/chat-repository.test.js" name="ChatRepository.removeChat() &gt; persists via adapter.set and removes per-chat key" time="0.002248">
        </testcase>
        <testcase classname="tests/chat-repository.test.js" name="ChatRepository.removeManyChats() &gt; removes all specified chats" time="0.0013045">
        </testcase>
        <testcase classname="tests/chat-repository.test.js" name="ChatRepository.removeManyChats() &gt; accepts a Set as the ids argument" time="0.000923">
        </testcase>
        <testcase classname="tests/chat-repository.test.js" name="ChatRepository.removeManyChats() &gt; returns full list when no ids match" time="0.0009362">
        </testcase>
        <testcase classname="tests/chat-repository.test.js" name="ChatRepository.replaceAll() &gt; overwrites the entire chat collection in storage" time="0.002378">
        </testcase>
        <testcase classname="tests/chat-repository.test.js" name="ChatRepository.replaceAll() &gt; returns metadata-only list" time="0.0009074">
        </testcase>
        <testcase classname="tests/chat-repository.test.js" name="ChatRepository.replaceAll() &gt; calls adapter.set exactly once" time="0.0007652">
        </testcase>
        <testcase classname="tests/chat-repository.test.js" name="ChatRepository.loadFullByIds() &gt; returns full objects (with content) for matching ids" time="0.0017731">
        </testcase>
        <testcase classname="tests/chat-repository.test.js" name="ChatRepository.loadFullByIds() &gt; returns an empty array when no ids match" time="0.0020613">
        </testcase>
        <testcase classname="tests/chat-repository.test.js" name="ChatRepository.loadFullByIds() &gt; accepts a Set as the ids argument" time="0.0020913">
        </testcase>
        <testcase classname="tests/chat-repository.test.js" name="ChatRepository.loadFullByIds() &gt; never calls adapter.set" time="0.001346">
        </testcase>
        <testcase classname="tests/chat-repository.test.js" name="ChatRepository â€” DI isolation &gt; completes a full save/load cycle using only the injected adapter" time="0.002248">
            <system-out>
[bAInder] [INFO] Chats loaded: [33m1[39m

            </system-out>
        </testcase>
        <testcase classname="tests/chat-repository.test.js" name="ChatRepository â€” constructor without explicit adapter &gt; uses StorageService singleton when no adapter is provided (right-hand of ?? is taken)" time="0.0018985">
            <system-out>
[bAInder] [INFO] Chats loaded: [33m0[39m

            </system-out>
        </testcase>
        <testcase classname="tests/chat-repository.test.js" name="ChatRepository â€” false branch (no chatIndex in storage) &gt; updateChat returns [] when chat does not exist anywhere" time="0.0012067">
        </testcase>
        <testcase classname="tests/chat-repository.test.js" name="ChatRepository â€” false branch (no chatIndex in storage) &gt; addChat creates first entry when storage is empty" time="0.0013117">
        </testcase>
        <testcase classname="tests/chat-repository.test.js" name="ChatRepository â€” false branch (no chatIndex in storage) &gt; removeChat returns [] when storage is empty" time="0.0007613">
        </testcase>
        <testcase classname="tests/chat-repository.test.js" name="ChatRepository â€” false branch (no chatIndex in storage) &gt; removeManyChats returns [] when storage is empty" time="0.0006862">
        </testcase>
        <testcase classname="tests/chat-repository.test.js" name="ChatRepository â€” false branch (no chatIndex in storage) &gt; loadFullByIds returns [] when storage is empty" time="0.0006893">
        </testcase>
    </testsuite>
    <testsuite name="tests/chat-save-handler.test.js" timestamp="2026-03-17T19:02:06.317Z" hostname="Kahana-PC" tests="81" failures="0" errors="0" skipped="0" time="0.1669899">
        <testcase classname="tests/chat-save-handler.test.js" name="detectSource() &gt; detects chatgpt from openai URL" time="0.0056835">
        </testcase>
        <testcase classname="tests/chat-save-handler.test.js" name="detectSource() &gt; detects claude from claude.ai URL" time="0.0006484">
        </testcase>
        <testcase classname="tests/chat-save-handler.test.js" name="detectSource() &gt; detects gemini from gemini.google.com URL" time="0.0004126">
        </testcase>
        <testcase classname="tests/chat-save-handler.test.js" name="detectSource() &gt; detects copilot from copilot.microsoft.com URL" time="0.0003961">
        </testcase>
        <testcase classname="tests/chat-save-handler.test.js" name="detectSource() &gt; detects copilot from copilot.microsoft.com with path" time="0.0004444">
        </testcase>
        <testcase classname="tests/chat-save-handler.test.js" name="detectSource() &gt; detects copilot from m365.cloud.microsoft URL (redirect target)" time="0.0003823">
        </testcase>
        <testcase classname="tests/chat-save-handler.test.js" name="detectSource() &gt; detects copilot from m365.cloud.microsoft with chat path" time="0.0003424">
        </testcase>
        <testcase classname="tests/chat-save-handler.test.js" name="detectSource() &gt; returns unknown for unrecognised URL" time="0.0003351">
        </testcase>
        <testcase classname="tests/chat-save-handler.test.js" name="detectSource() &gt; returns unknown for null" time="0.0004265">
        </testcase>
        <testcase classname="tests/chat-save-handler.test.js" name="detectSource() &gt; returns unknown for empty string" time="0.0003397">
        </testcase>
        <testcase classname="tests/chat-save-handler.test.js" name="detectSource() &gt; returns unknown for undefined" time="0.0003002">
        </testcase>
        <testcase classname="tests/chat-save-handler.test.js" name="generateChatId() &gt; returns a non-empty string" time="0.0033256">
        </testcase>
        <testcase classname="tests/chat-save-handler.test.js" name="generateChatId() &gt; generates unique IDs each call" time="0.0033227">
        </testcase>
        <testcase classname="tests/chat-save-handler.test.js" name="generateChatId() &gt; contains a timestamp component" time="0.0007737">
        </testcase>
        <testcase classname="tests/chat-save-handler.test.js" name="validateChatData() &gt; does not throw for valid data" time="0.0027796">
        </testcase>
        <testcase classname="tests/chat-save-handler.test.js" name="validateChatData() &gt; throws when chatData is null" time="0.0008739">
        </testcase>
        <testcase classname="tests/chat-save-handler.test.js" name="validateChatData() &gt; throws when chatData is undefined" time="0.0006331">
        </testcase>
        <testcase classname="tests/chat-save-handler.test.js" name="validateChatData() &gt; throws when title is missing" time="0.0006205">
        </testcase>
        <testcase classname="tests/chat-save-handler.test.js" name="validateChatData() &gt; throws when title is only whitespace" time="0.0006695">
        </testcase>
        <testcase classname="tests/chat-save-handler.test.js" name="validateChatData() &gt; throws when title is not a string" time="0.0006016">
        </testcase>
        <testcase classname="tests/chat-save-handler.test.js" name="validateChatData() &gt; throws when content is missing" time="0.0005029">
        </testcase>
        <testcase classname="tests/chat-save-handler.test.js" name="validateChatData() &gt; throws when content is only whitespace" time="0.0005234">
        </testcase>
        <testcase classname="tests/chat-save-handler.test.js" name="validateChatData() &gt; throws when source is invalid" time="0.0006619">
        </testcase>
        <testcase classname="tests/chat-save-handler.test.js" name="validateChatData() &gt; throws listing valid sources in the error message" time="0.0008301">
        </testcase>
        <testcase classname="tests/chat-save-handler.test.js" name="validateChatData() &gt; accepts all three valid sources" time="0.0008665">
        </testcase>
        <testcase classname="tests/chat-save-handler.test.js" name="validateChatData() &gt; accepts copilot as a valid source" time="0.0004645">
        </testcase>
        <testcase classname="tests/chat-save-handler.test.js" name="validateChatData() &gt; error message for invalid source mentions all valid platforms including copilot" time="0.0004055">
        </testcase>
        <testcase classname="tests/chat-save-handler.test.js" name="findDuplicate() &gt; returns null when no chats" time="0.0005401">
        </testcase>
        <testcase classname="tests/chat-save-handler.test.js" name="findDuplicate() &gt; returns null when url is empty" time="0.0003525">
        </testcase>
        <testcase classname="tests/chat-save-handler.test.js" name="findDuplicate() &gt; returns null when no URL match" time="0.0003904">
        </testcase>
        <testcase classname="tests/chat-save-handler.test.js" name="findDuplicate() &gt; finds a duplicate within the time window" time="0.0003739">
        </testcase>
        <testcase classname="tests/chat-save-handler.test.js" name="findDuplicate() &gt; does not flag a duplicate outside the time window" time="0.0003387">
        </testcase>
        <testcase classname="tests/chat-save-handler.test.js" name="findDuplicate() &gt; respects a custom time window" time="0.0004336">
        </testcase>
        <testcase classname="tests/chat-save-handler.test.js" name="findDuplicate() &gt; returns null when existingChats is null" time="0.0002646">
        </testcase>
        <testcase classname="tests/chat-save-handler.test.js" name="buildChatEntry() &gt; includes an auto-generated id" time="0.0112961">
            <system-out>
[bAInder] extractChatEntities: registry size = [33m10[39m | messages = [33m1[39m

[bAInder] [attachments] strategy1 (parts): [33m0[39m found
[bAInder] [attachments] _extractFromText: scanning [33m1[39m messages for 1773774110156-922e40fcae8e
[bAInder] [attachments] msg [33m0[39m user | content[:200]: &quot;Q&quot;
[bAInder] [attachments] strategy3 (text): [33m0[39m found

[bAInder] extractChatEntities: result = prompt(1)

            </system-out>
        </testcase>
        <testcase classname="tests/chat-save-handler.test.js" name="buildChatEntry() &gt; trims title and content" time="0.0023819">
            <system-out>
[bAInder] extractChatEntities: registry size = [33m10[39m | messages = [33m1[39m

[bAInder] [attachments] strategy1 (parts): [33m0[39m found
[bAInder] [attachments] _extractFromText: scanning [33m1[39m messages for 1773774110167-86a68bfa3672
[bAInder] [attachments] msg [33m0[39m user | content[:200]: &quot;Q&quot;
[bAInder] [attachments] strategy3 (text): [33m0[39m found

[bAInder] extractChatEntities: result = prompt(1)

            </system-out>
        </testcase>
        <testcase classname="tests/chat-save-handler.test.js" name="buildChatEntry() &gt; sets source from chatData.source" time="0.0014688">
            <system-out>
[bAInder] extractChatEntities: registry size = [33m10[39m | messages = [33m1[39m

[bAInder] [attachments] strategy1 (parts): [33m0[39m found
[bAInder] [attachments] _extractFromText: scanning [33m1[39m messages for 1773774110169-68616ddbeb75
[bAInder] [attachments] msg [33m0[39m user | content[:200]: &quot;Q&quot;
[bAInder] [attachments] strategy3 (text): [33m0[39m found

[bAInder] extractChatEntities: result = prompt(1)

            </system-out>
        </testcase>
        <testcase classname="tests/chat-save-handler.test.js" name="buildChatEntry() &gt; infers source from URL when chatData.source missing" time="0.0013398">
            <system-out>
[bAInder] extractChatEntities: registry size = [33m10[39m | messages = [33m1[39m

[bAInder] [attachments] strategy1 (parts): [33m0[39m found
[bAInder] [attachments] _extractFromText: scanning [33m1[39m messages for 1773774110171-f716e7fa397a
[bAInder] [attachments] msg [33m0[39m user | content[:200]: &quot;Q&quot;
[bAInder] [attachments] strategy3 (text): [33m0[39m found

[bAInder] extractChatEntities: result = prompt(1)

            </system-out>
        </testcase>
        <testcase classname="tests/chat-save-handler.test.js" name="buildChatEntry() &gt; uses tabUrl when chatData.url is missing" time="0.0014416">
            <system-out>
[bAInder] extractChatEntities: registry size = [33m10[39m | messages = [33m1[39m

[bAInder] [attachments] strategy1 (parts): [33m0[39m found
[bAInder] [attachments] _extractFromText: scanning [33m1[39m messages for 1773774110172-28e4ba0b4614
[bAInder] [attachments] msg [33m0[39m user | content[:200]: &quot;Q&quot;
[bAInder] [attachments] strategy3 (text): [33m0[39m found

[bAInder] extractChatEntities: result = prompt(1)

            </system-out>
        </testcase>
        <testcase classname="tests/chat-save-handler.test.js" name="buildChatEntry() &gt; sets topicId to null (assigned later in Stage 7)" time="0.0012497">
            <system-out>
[bAInder] extractChatEntities: registry size = [33m10[39m | messages = [33m1[39m

[bAInder] [attachments] strategy1 (parts): [33m0[39m found
[bAInder] [attachments] _extractFromText: scanning [33m1[39m messages for 1773774110173-02ed705d80a6
[bAInder] [attachments] msg [33m0[39m user | content[:200]: &quot;Q&quot;
[bAInder] [attachments] strategy3 (text): [33m0[39m found

[bAInder] extractChatEntities: result = prompt(1)

            </system-out>
        </testcase>
        <testcase classname="tests/chat-save-handler.test.js" name="buildChatEntry() &gt; includes timestamp close to Date.now()" time="0.0013384">
            <system-out>
[bAInder] extractChatEntities: registry size = [33m10[39m | messages = [33m1[39m

[bAInder] [attachments] strategy1 (parts): [33m0[39m found
[bAInder] [attachments] _extractFromText: scanning [33m1[39m messages for 1773774110175-d77ab59c7b03
[bAInder] [attachments] msg [33m0[39m user | content[:200]: &quot;Q&quot;
[bAInder] [attachments] strategy3 (text): [33m0[39m found

[bAInder] extractChatEntities: result = prompt(1)

            </system-out>
        </testcase>
        <testcase classname="tests/chat-save-handler.test.js" name="buildChatEntry() &gt; copies messages and messageCount" time="0.0076474">
            <system-out>
[bAInder] extractChatEntities: registry size = [33m10[39m | messages = [33m1[39m

[bAInder] [attachments] strategy1 (parts): [33m0[39m found
[bAInder] [attachments] _extractFromText: scanning [33m1[39m messages for 1773774110180-7aa9d2dd7f2a
[bAInder] [attachments] msg [33m0[39m user | content[:200]: &quot;Q&quot;
[bAInder] [attachments] strategy3 (text): [33m0[39m found

[bAInder] extractChatEntities: result = prompt(1)

            </system-out>
        </testcase>
        <testcase classname="tests/chat-save-handler.test.js" name="buildChatEntry() &gt; copies metadata" time="0.0034874">
            <system-out>
[bAInder] extractChatEntities: registry size = [33m10[39m | messages = [33m1[39m

[bAInder] [attachments] strategy1 (parts): [33m0[39m found
[bAInder] [attachments] _extractFromText: scanning [33m1[39m messages for 1773774110184-d461f7ce69bf
[bAInder] [attachments] msg [33m0[39m user | content[:200]: &quot;Q&quot;
[bAInder] [attachments] strategy3 (text): [33m0[39m found

[bAInder] extractChatEntities: result = prompt(1)

            </system-out>
        </testcase>
        <testcase classname="tests/chat-save-handler.test.js" name="buildChatEntry() &gt; defaults messageCount to 0 when not provided" time="0.001354">
            <system-out>
[bAInder] extractChatEntities: registry size = [33m10[39m | messages = [33m1[39m

[bAInder] [attachments] strategy1 (parts): [33m0[39m found
[bAInder] [attachments] _extractFromText: scanning [33m1[39m messages for 1773774110187-9d15546d78dc
[bAInder] [attachments] msg [33m0[39m user | content[:200]: &quot;Q&quot;
[bAInder] [attachments] strategy3 (text): [33m0[39m found

[bAInder] extractChatEntities: result = prompt(1)

            </system-out>
        </testcase>
        <testcase classname="tests/chat-save-handler.test.js" name="handleSaveChat() &gt; saves a valid chat and returns the new entry" time="0.0032451">
            <system-out>
[bAInder] extractChatEntities: registry size = [33m10[39m | messages = [33m1[39m

[bAInder] [attachments] strategy1 (parts): [33m0[39m found
[bAInder] [attachments] _extractFromText: scanning [33m1[39m messages for 1773774110190-3e628ed5fbd2
[bAInder] [attachments] msg [33m0[39m user | content[:200]: &quot;Hello&quot;
[bAInder] [attachments] strategy3 (text): [33m0[39m found

[bAInder] extractChatEntities: result = prompt(1)

[bAInder] [INFO] Chat saved: 1773774110190-3e628ed5fbd2

            </system-out>
        </testcase>
        <testcase classname="tests/chat-save-handler.test.js" name="handleSaveChat() &gt; calls addChat with the new entry" time="0.005032">
            <system-out>
[bAInder] extractChatEntities: registry size = [33m10[39m | messages = [33m1[39m

[bAInder] [attachments] strategy1 (parts): [33m0[39m found
[bAInder] [attachments] _extractFromText: scanning [33m1[39m messages for 1773774110192-b63966325dec
[bAInder] [attachments] msg [33m0[39m user | content[:200]: &quot;Hello&quot;
[bAInder] [attachments] strategy3 (text): [33m0[39m found

[bAInder] extractChatEntities: result = prompt(1)

[bAInder] [INFO] Chat saved: 1773774110192-b63966325dec

            </system-out>
        </testcase>
        <testcase classname="tests/chat-save-handler.test.js" name="handleSaveChat() &gt; throws for invalid title" time="0.0029969">
        </testcase>
        <testcase classname="tests/chat-save-handler.test.js" name="handleSaveChat() &gt; throws for invalid content" time="0.0010959">
        </testcase>
        <testcase classname="tests/chat-save-handler.test.js" name="handleSaveChat() &gt; throws for invalid source" time="0.0009414">
        </testcase>
        <testcase classname="tests/chat-save-handler.test.js" name="handleSaveChat() &gt; deduplicates: returns existing chat without saving again" time="0.0016045">
            <system-out>
[bAInder] [INFO] Duplicate save skipped — returning existing: old-id

            </system-out>
        </testcase>
        <testcase classname="tests/chat-save-handler.test.js" name="handleSaveChat() &gt; does NOT deduplicate when same URL saved a long time ago" time="0.0026274">
            <system-out>
[bAInder] extractChatEntities: registry size = [33m10[39m | messages = [33m1[39m

[bAInder] [attachments] strategy1 (parts): [33m0[39m found
[bAInder] [attachments] _extractFromText: scanning [33m1[39m messages for 1773774110204-5b31c8ca2a0f
[bAInder] [attachments] msg [33m0[39m user | content[:200]: &quot;Hello&quot;
[bAInder] [attachments] strategy3 (text): [33m0[39m found

[bAInder] extractChatEntities: result = prompt(1)

[bAInder] [INFO] Chat saved: 1773774110204-5b31c8ca2a0f

            </system-out>
        </testcase>
        <testcase classname="tests/chat-save-handler.test.js" name="handleSaveChat() &gt; infers source from tab URL when payload source missing" time="0.0018342">
            <system-out>
[bAInder] extractChatEntities: registry size = [33m10[39m | messages = [33m1[39m

[bAInder] [attachments] strategy1 (parts): [33m0[39m found
[bAInder] [attachments] _extractFromText: scanning [33m1[39m messages for 1773774110207-92c6920bd99a
[bAInder] [attachments] msg [33m0[39m user | content[:200]: &quot;Hello&quot;
[bAInder] [attachments] strategy3 (text): [33m0[39m found

[bAInder] extractChatEntities: result = prompt(1)

[bAInder] [INFO] Chat saved: 1773774110207-92c6920bd99a

            </system-out>
        </testcase>
        <testcase classname="tests/chat-save-handler.test.js" name="handleSaveChat() &gt; starts from empty list when loadAll returns []" time="0.0089045">
            <system-out>
[bAInder] extractChatEntities: registry size = [33m10[39m | messages = [33m1[39m

[bAInder] [attachments] strategy1 (parts): [33m0[39m found
[bAInder] [attachments] _extractFromText: scanning [33m1[39m messages for 1773774110209-77fbd3be9455
[bAInder] [attachments] msg [33m0[39m user | content[:200]: &quot;Hello&quot;
[bAInder] [attachments] strategy3 (text): [33m0[39m found

[bAInder] extractChatEntities: result = prompt(1)

[bAInder] [INFO] Chat saved: 1773774110209-77fbd3be9455

            </system-out>
        </testcase>
        <testcase classname="tests/chat-save-handler.test.js" name="handleSaveChat() &gt; returns an entry with all required fields" time="0.004151">
            <system-out>
[bAInder] extractChatEntities: registry size = [33m10[39m | messages = [33m1[39m

[bAInder] [attachments] strategy1 (parts): [33m0[39m found
[bAInder] [attachments] _extractFromText: scanning [33m1[39m messages for 1773774110218-5e8edfed544d
[bAInder] [attachments] msg [33m0[39m user | content[:200]: &quot;Hello&quot;
[bAInder] [attachments] strategy3 (text): [33m0[39m found

[bAInder] extractChatEntities: result = prompt(1)

[bAInder] [INFO] Chat saved: 1773774110218-5e8edfed544d

            </system-out>
        </testcase>
        <testcase classname="tests/chat-save-handler.test.js" name="buildChatEntry() – optional-field fallbacks &gt; defaults messages to [] when not provided" time="0.0021949">
            <system-out>
[bAInder] extractChatEntities: registry size = [33m10[39m | messages = [33m0[39m

[bAInder] [attachments] strategy1 (parts): [33m0[39m found
[bAInder] [attachments] _extractFromText: scanning [33m0[39m messages for 1773774110223-51b95d2144ba
[bAInder] [attachments] strategy3 (text): [33m0[39m found

[bAInder] extractChatEntities: result = (none)

[bAInder] extractChatEntities: registry size = [33m10[39m | messages = [33m0[39m

[bAInder] [attachments] strategy1 (parts): [33m0[39m found
[bAInder] [attachments] _extractFromText: scanning [33m0[39m messages for 1773774110224-23b014887c0a
[bAInder] [attachments] strategy3 (text): [33m0[39m found

[bAInder] extractChatEntities: result = (none)

            </system-out>
        </testcase>
        <testcase classname="tests/chat-save-handler.test.js" name="buildChatEntry() – optional-field fallbacks &gt; defaults metadata to {} when not provided" time="0.0016113">
            <system-out>
[bAInder] extractChatEntities: registry size = [33m10[39m | messages = [33m0[39m

[bAInder] [attachments] strategy1 (parts): [33m0[39m found
[bAInder] [attachments] _extractFromText: scanning [33m0[39m messages for 1773774110225-554e880d58b0
[bAInder] [attachments] strategy3 (text): [33m0[39m found

[bAInder] extractChatEntities: result = (none)

            </system-out>
        </testcase>
        <testcase classname="tests/chat-save-handler.test.js" name="buildChatEntry() – optional-field fallbacks &gt; uses empty string url when both chatData.url and tabUrl are falsy" time="0.0014754">
            <system-out>
[bAInder] extractChatEntities: registry size = [33m10[39m | messages = [33m0[39m

[bAInder] [attachments] strategy1 (parts): [33m0[39m found
[bAInder] [attachments] _extractFromText: scanning [33m0[39m messages for 1773774110227-42e9ee4c7e03
[bAInder] [attachments] strategy3 (text): [33m0[39m found

[bAInder] extractChatEntities: result = (none)

            </system-out>
        </testcase>
        <testcase classname="tests/chat-save-handler.test.js" name="buildExcerptPayload() &gt; throws when selection is empty string" time="0.0012269">
        </testcase>
        <testcase classname="tests/chat-save-handler.test.js" name="buildExcerptPayload() &gt; throws when selection is null" time="0.0007113">
        </testcase>
        <testcase classname="tests/chat-save-handler.test.js" name="buildExcerptPayload() &gt; throws when selection is whitespace only" time="0.0007154">
        </testcase>
        <testcase classname="tests/chat-save-handler.test.js" name="buildExcerptPayload() &gt; content is a markdown document containing the selection text" time="0.0014821">
        </testcase>
        <testcase classname="tests/chat-save-handler.test.js" name="buildExcerptPayload() &gt; sets title to first line of selection" time="0.0006977">
        </testcase>
        <testcase classname="tests/chat-save-handler.test.js" name="buildExcerptPayload() &gt; truncates title to 80 characters" time="0.0012456">
        </testcase>
        <testcase classname="tests/chat-save-handler.test.js" name="buildExcerptPayload() &gt; detects chatgpt source from openai URL" time="0.0006956">
        </testcase>
        <testcase classname="tests/chat-save-handler.test.js" name="buildExcerptPayload() &gt; detects claude source from claude URL" time="0.0004193">
        </testcase>
        <testcase classname="tests/chat-save-handler.test.js" name="buildExcerptPayload() &gt; detects gemini source from gemini URL" time="0.000421">
        </testcase>
        <testcase classname="tests/chat-save-handler.test.js" name="buildExcerptPayload() &gt; detects copilot source from copilot.microsoft.com URL" time="0.0004311">
        </testcase>
        <testcase classname="tests/chat-save-handler.test.js" name="buildExcerptPayload() &gt; detects copilot source from m365.cloud.microsoft URL" time="0.0003768">
        </testcase>
        <testcase classname="tests/chat-save-handler.test.js" name="buildExcerptPayload() &gt; sets metadata.isExcerpt to true and contentFormat to markdown-v1" time="0.0006909">
        </testcase>
        <testcase classname="tests/chat-save-handler.test.js" name="buildExcerptPayload() &gt; sets messageCount to 0" time="0.00048">
        </testcase>
        <testcase classname="tests/chat-save-handler.test.js" name="buildExcerptPayload() &gt; sets messages to empty array" time="0.0004405">
        </testcase>
        <testcase classname="tests/chat-save-handler.test.js" name="buildExcerptPayload() &gt; sets url from pageUrl" time="0.0005239">
        </testcase>
        <testcase classname="tests/chat-save-handler.test.js" name="buildExcerptPayload() &gt; sets url to empty string when pageUrl is omitted" time="0.0004794">
        </testcase>
        <testcase classname="tests/chat-save-handler.test.js" name="buildExcerptPayload() &gt; produces a payload that passes validateChatData" time="0.0016346">
        </testcase>
        <testcase classname="tests/chat-save-handler.test.js" name="buildExcerptPayload() &gt; uses richMarkdown as body when provided" time="0.0009305">
        </testcase>
        <testcase classname="tests/chat-save-handler.test.js" name="buildExcerptPayload() &gt; falls back to plain selectionText body when richMarkdown is null" time="0.0005126">
        </testcase>
        <testcase classname="tests/chat-save-handler.test.js" name="buildExcerptPayload() &gt; derives title from richMarkdown first non-heading line" time="0.0014816">
        </testcase>
        <testcase classname="tests/chat-save-handler.test.js" name="buildExcerptPayload() &gt; still validates correctly when rich markdown is provided" time="0.0008169">
        </testcase>
        <testcase classname="tests/chat-save-handler.test.js" name="buildChatEntry() — entity extraction &gt; entry contains code entities when a code extractor is registered and matches" time="0.0060753">
            <system-out>
[bAInder] extractChatEntities: registry size = [33m10[39m | messages = [33m1[39m

[bAInder] [attachments] strategy1 (parts): [33m0[39m found
[bAInder] [attachments] _extractFromText: scanning [33m1[39m messages for 1773774110245-69f08e662599
[bAInder] [attachments] msg [33m0[39m assistant | content[:200]: &quot;```js\nconsole.log(\&quot;hi\&quot;);\n```&quot;
[bAInder] [attachments] strategy3 (text): [33m0[39m found

[bAInder] extractChatEntities: result = code(1)

            </system-out>
        </testcase>
        <testcase classname="tests/chat-save-handler.test.js" name="buildChatEntry() — entity extraction &gt; entry has no entity keys when no extractors are registered" time="0.0014256">
            <system-out>
[bAInder] extractChatEntities: registry size = [33m0[39m | messages = [33m0[39m
[bAInder] extractChatEntities: result = (none)

            </system-out>
        </testcase>
        <testcase classname="tests/chat-save-handler.test.js" name="buildChatEntry() — entity extraction &gt; a failing extractor does not cause buildChatEntry to throw" time="0.033495">
            <system-out>
[bAInder] extractChatEntities: registry size = [33m1[39m | messages = [33m0[39m
[bAInder] extractChatEntities: result = (none)

            </system-out>
            <system-err>
[bAInder] Entity extractor threw for type code: Error: extractor boom
    at C:/Repos/Personal/bAInder/tests/chat-save-handler.test.js:578:45
    at extractChatEntities (C:/Repos/Personal/bAInder/src/lib/entities/entity-extractor.js:36:46)
    at buildChatEntry (C:/Repos/Personal/bAInder/src/background/chat-save-handler.js:162:45)
    at C:/Repos/Personal/bAInder/tests/chat-save-handler.test.js:579:32
    at [90mfile:///C:/Repos/Personal/bAInder/[39mnode_modules/[4m@vitest/runner[24m/dist/index.js:145:11
    at [90mfile:///C:/Repos/Personal/bAInder/[39mnode_modules/[4m@vitest/runner[24m/dist/index.js:915:26
    at [90mfile:///C:/Repos/Personal/bAInder/[39mnode_modules/[4m@vitest/runner[24m/dist/index.js:1243:20
    at new Promise (&lt;anonymous&gt;)
    at runWithTimeout [90m(file:///C:/Repos/Personal/bAInder/[39mnode_modules/[4m@vitest/runner[24m/dist/index.js:1209:10[90m)[39m
    at [90mfile:///C:/Repos/Personal/bAInder/[39mnode_modules/[4m@vitest/runner[24m/dist/index.js:1653:37

            </system-err>
        </testcase>
    </testsuite>
    <testsuite name="tests/chat-turns.test.js" timestamp="2026-03-17T19:02:06.392Z" hostname="Kahana-PC" tests="7" failures="0" errors="0" skipped="0" time="0.0107335">
        <testcase classname="tests/chat-turns.test.js" name="extractAssistantTurns &gt; returns [] for chat with only user messages" time="0.0036109">
        </testcase>
        <testcase classname="tests/chat-turns.test.js" name="extractAssistantTurns &gt; returns only assistant content strings for alternating messages" time="0.0006212">
        </testcase>
        <testcase classname="tests/chat-turns.test.js" name="extractAssistantTurns &gt; maps assistant turn with empty content to empty string (not dropped)" time="0.0018736">
        </testcase>
        <testcase classname="tests/chat-turns.test.js" name="extractAssistantTurns &gt; maps assistant turn with missing content to empty string" time="0.0002821">
        </testcase>
        <testcase classname="tests/chat-turns.test.js" name="extractAssistantTurns &gt; returns [] for chat with no messages" time="0.0001653">
        </testcase>
        <testcase classname="tests/chat-turns.test.js" name="extractAssistantTurns &gt; returns [] for null input" time="0.0001277">
        </testcase>
        <testcase classname="tests/chat-turns.test.js" name="extractAssistantTurns &gt; returns [] for chat without messages property" time="0.0001207">
        </testcase>
    </testsuite>
    <testsuite name="tests/clipboard-copy-actions.test.js" timestamp="2026-03-17T19:02:06.399Z" hostname="Kahana-PC" tests="7" failures="0" errors="0" skipped="0" time="0.0380768">
        <testcase classname="tests/clipboard-copy-actions.test.js" name="handleCopyChatAction &gt; returns immediately when contextMenuChat is null" time="0.006791">
        </testcase>
        <testcase classname="tests/clipboard-copy-actions.test.js" name="handleCopyChatAction &gt; shows error notification when chatRepo.loadFullByIds rejects" time="0.0055221">
        </testcase>
        <testcase classname="tests/clipboard-copy-actions.test.js" name="handleCopyChatAction &gt; shows error notification when loadFullByIds returns empty array" time="0.0012142">
        </testcase>
        <testcase classname="tests/clipboard-copy-actions.test.js" name="handleCopyChatAction &gt; shows &quot;too large&quot; error when copyChatsToClipboard returns tooLarge" time="0.0008654">
        </testcase>
        <testcase classname="tests/clipboard-copy-actions.test.js" name="handleCopyChatAction &gt; shows generic failure error when ok is false and not tooLarge" time="0.0009282">
        </testcase>
        <testcase classname="tests/clipboard-copy-actions.test.js" name="handleCopyChatAction &gt; shows success notification when copy succeeds" time="0.00236">
        </testcase>
        <testcase classname="tests/clipboard-copy-actions.test.js" name="setupChatContextMenuActions — copy dispatch &gt; clicking [data-chat-action=&apos;copy&apos;] triggers handleCopyChatAction" time="0.0165152">
        </testcase>
    </testsuite>
    <testsuite name="tests/clipboard-multiselect.test.js" timestamp="2026-03-17T19:02:06.403Z" hostname="Kahana-PC" tests="12" failures="0" errors="0" skipped="0" time="0.0397566">
        <testcase classname="tests/clipboard-multiselect.test.js" name="handleCopyAll &gt; returns without notification when renderer is null" time="0.0057181">
        </testcase>
        <testcase classname="tests/clipboard-multiselect.test.js" name="handleCopyAll &gt; shows error when fewer than 2 chats are selected" time="0.0035334">
        </testcase>
        <testcase classname="tests/clipboard-multiselect.test.js" name="handleCopyAll &gt; shows error when loadFullByIds rejects" time="0.011357">
            <system-err>
Copy all: failed to load chat content: Error: storage failure
    at C:/Repos/Personal/bAInder/tests/clipboard-multiselect.test.js:96:27
    at [90mfile:///C:/Repos/Personal/bAInder/[39mnode_modules/[4m@vitest/runner[24m/dist/index.js:145:11
    at [90mfile:///C:/Repos/Personal/bAInder/[39mnode_modules/[4m@vitest/runner[24m/dist/index.js:915:26
    at [90mfile:///C:/Repos/Personal/bAInder/[39mnode_modules/[4m@vitest/runner[24m/dist/index.js:1243:20
    at new Promise (&lt;anonymous&gt;)
    at runWithTimeout [90m(file:///C:/Repos/Personal/bAInder/[39mnode_modules/[4m@vitest/runner[24m/dist/index.js:1209:10[90m)[39m
    at [90mfile:///C:/Repos/Personal/bAInder/[39mnode_modules/[4m@vitest/runner[24m/dist/index.js:1653:37
    at Traces.$ [90m(file:///C:/Repos/Personal/bAInder/[39mnode_modules/[4mvitest[24m/dist/chunks/traces.CCmnQaNT.js:142:27[90m)[39m
    at trace [90m(file:///C:/Repos/Personal/bAInder/[39mnode_modules/[4mvitest[24m/dist/chunks/test.B8ej_ZHS.js:239:21[90m)[39m
    at runTest [90m(file:///C:/Repos/Personal/bAInder/[39mnode_modules/[4m@vitest/runner[24m/dist/index.js:1653:12[90m)[39m

            </system-err>
        </testcase>
        <testcase classname="tests/clipboard-multiselect.test.js" name="handleCopyAll &gt; shows slow-copy info warning for 20+ chats and then succeeds" time="0.005521">
        </testcase>
        <testcase classname="tests/clipboard-multiselect.test.js" name="handleCopyAll &gt; shows tooLarge error when result.tooLarge is true" time="0.0011078">
        </testcase>
        <testcase classname="tests/clipboard-multiselect.test.js" name="handleCopyAll &gt; shows generic failure error when ok is false and not tooLarge" time="0.0008137">
        </testcase>
        <testcase classname="tests/clipboard-multiselect.test.js" name="handleCopyAll &gt; shows success notification with correct plural for 3 chats" time="0.0010467">
        </testcase>
        <testcase classname="tests/clipboard-multiselect.test.js" name="updateSelectionBar — copyAllBtn &gt; disables copyAllBtn and sets placeholder title when count is 0" time="0.0012785">
        </testcase>
        <testcase classname="tests/clipboard-multiselect.test.js" name="updateSelectionBar — copyAllBtn &gt; disables copyAllBtn and sets placeholder title when count is 1" time="0.0006398">
        </testcase>
        <testcase classname="tests/clipboard-multiselect.test.js" name="updateSelectionBar — copyAllBtn &gt; enables copyAllBtn with count-specific title when count is 2" time="0.0005701">
        </testcase>
        <testcase classname="tests/clipboard-multiselect.test.js" name="updateSelectionBar — copyAllBtn &gt; enables copyAllBtn with count-specific title when count is greater than 2" time="0.0005841">
        </testcase>
        <testcase classname="tests/clipboard-multiselect.test.js" name="updateSelectionBar — copyAllBtn &gt; skips copyAllBtn handling when elements.copyAllBtn is absent" time="0.002457">
        </testcase>
    </testsuite>
    <testsuite name="tests/clipboard-serialiser.test.js" timestamp="2026-03-17T19:02:06.416Z" hostname="Kahana-PC" tests="78" failures="0" errors="0" skipped="0" time="0.1036813">
        <testcase classname="tests/clipboard-serialiser.test.js" name="exported constants &gt; CLIPBOARD_FORMAT_KEY is the expected storage key string" time="0.0049877">
        </testcase>
        <testcase classname="tests/clipboard-serialiser.test.js" name="exported constants &gt; CLIPBOARD_SETTINGS_KEY is the expected storage key string" time="0.0007429">
        </testcase>
        <testcase classname="tests/clipboard-serialiser.test.js" name="exported constants &gt; MAX_CLIPBOARD_CHARS is 1_000_000" time="0.0005005">
        </testcase>
        <testcase classname="tests/clipboard-serialiser.test.js" name="exported constants &gt; BULK_WARN_THRESHOLD is 20" time="0.0005108">
        </testcase>
        <testcase classname="tests/clipboard-serialiser.test.js" name="exported constants &gt; DEFAULT_CLIPBOARD_SETTINGS has all expected defaults" time="0.0023495">
        </testcase>
        <testcase classname="tests/clipboard-serialiser.test.js" name="exported constants &gt; DEFAULT_CLIPBOARD_SETTINGS is frozen" time="0.0004613">
        </testcase>
        <testcase classname="tests/clipboard-serialiser.test.js" name="chatToPlainText &gt; returns empty string for null / undefined" time="0.000891">
        </testcase>
        <testcase classname="tests/clipboard-serialiser.test.js" name="chatToPlainText &gt; includes the title as the first heading" time="0.0012689">
        </testcase>
        <testcase classname="tests/clipboard-serialiser.test.js" name="chatToPlainText &gt; includes source and saved date on the same line" time="0.0005169">
        </testcase>
        <testcase classname="tests/clipboard-serialiser.test.js" name="chatToPlainText &gt; omits the Saved part when timestamp is missing" time="0.0006853">
        </testcase>
        <testcase classname="tests/clipboard-serialiser.test.js" name="chatToPlainText &gt; renders user and assistant messages with role labels" time="0.0004454">
        </testcase>
        <testcase classname="tests/clipboard-serialiser.test.js" name="chatToPlainText &gt; separates turns with the configurable turn separator" time="0.0009543">
        </testcase>
        <testcase classname="tests/clipboard-serialiser.test.js" name="chatToPlainText &gt; capitalises unknown roles" time="0.0006648">
        </testcase>
        <testcase classname="tests/clipboard-serialiser.test.js" name="chatToPlainText &gt; falls back to content field when messages is empty" time="0.0004759">
        </testcase>
        <testcase classname="tests/clipboard-serialiser.test.js" name="chatToPlainText &gt; omits body section gracefully when messages is empty and content is empty" time="0.0005373">
        </testcase>
        <testcase classname="tests/clipboard-serialiser.test.js" name="chatToPlainText &gt; uses &quot;Untitled Chat&quot; when title is missing" time="0.0004607">
        </testcase>
        <testcase classname="tests/clipboard-serialiser.test.js" name="chatToPlainText &gt; trims whitespace from message content" time="0.0004142">
        </testcase>
        <testcase classname="tests/clipboard-serialiser.test.js" name="chatToMarkdown &gt; returns empty string for null / undefined" time="0.0007351">
        </testcase>
        <testcase classname="tests/clipboard-serialiser.test.js" name="chatToMarkdown &gt; delegates to buildExportMarkdown with an empty topicPath" time="0.0043752">
        </testcase>
        <testcase classname="tests/clipboard-serialiser.test.js" name="serialiseChats &gt; returns empty string for empty array" time="0.0006193">
        </testcase>
        <testcase classname="tests/clipboard-serialiser.test.js" name="serialiseChats &gt; returns empty string for non-array input" time="0.0003959">
        </testcase>
        <testcase classname="tests/clipboard-serialiser.test.js" name="serialiseChats &gt; serialises a single chat in plain format" time="0.0006176">
        </testcase>
        <testcase classname="tests/clipboard-serialiser.test.js" name="serialiseChats &gt; joins multiple chats with a separator" time="0.0005976">
        </testcase>
        <testcase classname="tests/clipboard-serialiser.test.js" name="serialiseChats &gt; uses chatToMarkdown when format is &quot;markdown&quot;" time="0.0007359">
        </testcase>
        <testcase classname="tests/clipboard-serialiser.test.js" name="serialiseChats &gt; defaults to plain format when format is omitted" time="0.0006849">
        </testcase>
        <testcase classname="tests/clipboard-serialiser.test.js" name="getClipboardFormat &gt; returns &quot;plain&quot; when no preference is stored" time="0.0008183">
        </testcase>
        <testcase classname="tests/clipboard-serialiser.test.js" name="getClipboardFormat &gt; returns &quot;markdown&quot; when stored value is &quot;markdown&quot;" time="0.0004572">
        </testcase>
        <testcase classname="tests/clipboard-serialiser.test.js" name="getClipboardFormat &gt; returns &quot;html&quot; when stored in clipboardSettings.format" time="0.0004138">
        </testcase>
        <testcase classname="tests/clipboard-serialiser.test.js" name="getClipboardFormat &gt; delegates to getClipboardSettings and reads both storage keys" time="0.0005817">
        </testcase>
        <testcase classname="tests/clipboard-serialiser.test.js" name="writeToClipboard &gt; calls navigator.clipboard.writeText when available" time="0.001242">
        </testcase>
        <testcase classname="tests/clipboard-serialiser.test.js" name="writeToClipboard &gt; falls back to execCommand when clipboard API is unavailable" time="0.0107351">
        </testcase>
        <testcase classname="tests/clipboard-serialiser.test.js" name="writeToClipboard &gt; falls back to execCommand when clipboard API rejects" time="0.0016785">
        </testcase>
        <testcase classname="tests/clipboard-serialiser.test.js" name="writeToClipboard &gt; removes the fallback textarea from the DOM after copy" time="0.0041431">
        </testcase>
        <testcase classname="tests/clipboard-serialiser.test.js" name="copyChatsToClipboard &gt; returns ok:false with zeroed counts for empty array" time="0.0008741">
        </testcase>
        <testcase classname="tests/clipboard-serialiser.test.js" name="copyChatsToClipboard &gt; returns ok:false with zeroed counts for null input" time="0.0003475">
        </testcase>
        <testcase classname="tests/clipboard-serialiser.test.js" name="copyChatsToClipboard &gt; returns ok:true on successful copy" time="0.0006099">
        </testcase>
        <testcase classname="tests/clipboard-serialiser.test.js" name="copyChatsToClipboard &gt; passes the serialised text to the clipboard" time="0.0006183">
        </testcase>
        <testcase classname="tests/clipboard-serialiser.test.js" name="copyChatsToClipboard &gt; uses the stored format preference when no override is given" time="0.0003767">
        </testcase>
        <testcase classname="tests/clipboard-serialiser.test.js" name="copyChatsToClipboard &gt; applies the format override from options" time="0.0003446">
        </testcase>
        <testcase classname="tests/clipboard-serialiser.test.js" name="copyChatsToClipboard &gt; returns tooLarge:true and does not write when text exceeds MAX_CLIPBOARD_CHARS" time="0.0044808">
        </testcase>
        <testcase classname="tests/clipboard-serialiser.test.js" name="copyChatsToClipboard &gt; sets bulkWarning:true when chatCount &gt;= BULK_WARN_THRESHOLD" time="0.0010759">
        </testcase>
        <testcase classname="tests/clipboard-serialiser.test.js" name="copyChatsToClipboard &gt; sets bulkWarning:false below threshold" time="0.0006979">
        </testcase>
        <testcase classname="tests/clipboard-serialiser.test.js" name="copyChatsToClipboard &gt; returns ok:false with error when clipboard write throws" time="0.0013031">
        </testcase>
        <testcase classname="tests/clipboard-serialiser.test.js" name="copyChatsToClipboard &gt; includes charCount in the result" time="0.000536">
        </testcase>
        <testcase classname="tests/clipboard-serialiser.test.js" name="copyChatsToClipboard &gt; uses writeToClipboardHtml for HTML format and returns ok:true" time="0.0021012">
        </testcase>
        <testcase classname="tests/clipboard-serialiser.test.js" name="sanitiseSeparator &gt; returns &quot;&quot; for null/undefined/empty" time="0.0003821">
        </testcase>
        <testcase classname="tests/clipboard-serialiser.test.js" name="sanitiseSeparator &gt; passes plain text through unchanged" time="0.0002162">
        </testcase>
        <testcase classname="tests/clipboard-serialiser.test.js" name="sanitiseSeparator &gt; allows safe structural HTML tags" time="0.0003337">
        </testcase>
        <testcase classname="tests/clipboard-serialiser.test.js" name="sanitiseSeparator &gt; strips non-allowlisted tags but preserves their text content" time="0.0003285">
        </testcase>
        <testcase classname="tests/clipboard-serialiser.test.js" name="sanitiseSeparator &gt; strips &lt;img&gt; and similar tags entirely" time="0.0009277">
        </testcase>
        <testcase classname="tests/clipboard-serialiser.test.js" name="sanitiseSeparator &gt; removes event handler attributes" time="0.0005071">
        </testcase>
        <testcase classname="tests/clipboard-serialiser.test.js" name="renderSeparator &gt; wraps plain separator in double newlines for plain format" time="0.0003904">
        </testcase>
        <testcase classname="tests/clipboard-serialiser.test.js" name="renderSeparator &gt; wraps plain separator in double newlines for markdown format" time="0.0003534">
        </testcase>
        <testcase classname="tests/clipboard-serialiser.test.js" name="renderSeparator &gt; wraps HTML separator with single newlines for html format" time="0.0003807">
        </testcase>
        <testcase classname="tests/clipboard-serialiser.test.js" name="renderSeparator &gt; strips HTML tags from separator in plain format and falls back to default dash line" time="0.000451">
        </testcase>
        <testcase classname="tests/clipboard-serialiser.test.js" name="renderSeparator &gt; uses the default dash-line separator when raw is empty or whitespace" time="0.0005742">
        </testcase>
        <testcase classname="tests/clipboard-serialiser.test.js" name="applyContentFilters &gt; returns empty string for null/undefined" time="0.0004756">
        </testcase>
        <testcase classname="tests/clipboard-serialiser.test.js" name="applyContentFilters &gt; replaces images with [Image] when includeImages is false" time="0.0004867">
        </testcase>
        <testcase classname="tests/clipboard-serialiser.test.js" name="applyContentFilters &gt; keeps images when includeImages is true" time="0.000358">
        </testcase>
        <testcase classname="tests/clipboard-serialiser.test.js" name="applyContentFilters &gt; strips attachment placeholder lines when includeAttachments is false" time="0.0004043">
        </testcase>
        <testcase classname="tests/clipboard-serialiser.test.js" name="applyContentFilters &gt; keeps attachment lines when includeAttachments is true" time="0.0006106">
        </testcase>
        <testcase classname="tests/clipboard-serialiser.test.js" name="applyContentFilters &gt; strips emoji when includeEmojis is false" time="0.002808">
        </testcase>
        <testcase classname="tests/clipboard-serialiser.test.js" name="applyContentFilters &gt; keeps emoji when includeEmojis is true" time="0.0008519">
        </testcase>
        <testcase classname="tests/clipboard-serialiser.test.js" name="chatToHtml &gt; returns empty string for null/undefined" time="0.0016279">
        </testcase>
        <testcase classname="tests/clipboard-serialiser.test.js" name="chatToHtml &gt; wraps output in &lt;article class=&quot;bAInder-chat&quot;&gt;" time="0.0050923">
        </testcase>
        <testcase classname="tests/clipboard-serialiser.test.js" name="chatToHtml &gt; includes title in an &lt;h2&gt;" time="0.0005896">
        </testcase>
        <testcase classname="tests/clipboard-serialiser.test.js" name="chatToHtml &gt; includes source in a &lt;p class=&quot;meta&quot;&gt;" time="0.0006984">
        </testcase>
        <testcase classname="tests/clipboard-serialiser.test.js" name="chatToHtml &gt; renders user and assistant turns with role classes" time="0.0009216">
        </testcase>
        <testcase classname="tests/clipboard-serialiser.test.js" name="chatToHtml &gt; falls back to content field when messages is empty" time="0.0004665">
        </testcase>
        <testcase classname="tests/clipboard-serialiser.test.js" name="chatToHtml &gt; escapes HTML-special characters in the title" time="0.0007001">
        </testcase>
        <testcase classname="tests/clipboard-serialiser.test.js" name="chatToHtml &gt; strips emoji from message content when includeEmojis is false" time="0.0005882">
        </testcase>
        <testcase classname="tests/clipboard-serialiser.test.js" name="writeToClipboardHtml &gt; resolves successfully and returns a result object" time="0.0068078">
        </testcase>
        <testcase classname="tests/clipboard-serialiser.test.js" name="writeToClipboardHtml &gt; falls back to writeToClipboard when ClipboardItem is unavailable" time="0.0011592">
        </testcase>
        <testcase classname="tests/clipboard-serialiser.test.js" name="writeToClipboardHtml &gt; falls back to plain text when clipboard.write rejects" time="0.0042649">
            <system-err>
[vitest] The vi.fn() mock did not use &apos;function&apos; or &apos;class&apos; in its implementation, see https://vitest.dev/api/vi#vi-spyon for examples.

            </system-err>
        </testcase>
        <testcase classname="tests/clipboard-serialiser.test.js" name="chatToPlainText — content filter integration &gt; strips emoji from content when includeEmojis is false" time="0.0007128">
        </testcase>
        <testcase classname="tests/clipboard-serialiser.test.js" name="chatToPlainText — content filter integration &gt; replaces images with [Image] by default (includeImages defaults false)" time="0.0005852">
        </testcase>
        <testcase classname="tests/clipboard-serialiser.test.js" name="chatToMarkdown — content filter integration &gt; pre-filters emoji from messages before calling buildExportMarkdown" time="0.0007094">
        </testcase>
        <testcase classname="tests/clipboard-serialiser.test.js" name="chatToMarkdown — content filter integration &gt; pre-filters images from content field" time="0.000489">
        </testcase>
    </testsuite>
    <testsuite name="tests/clipboard-settings.test.js" timestamp="2026-03-17T19:02:06.462Z" hostname="Kahana-PC" tests="12" failures="0" errors="0" skipped="0" time="0.1263552">
        <testcase classname="tests/clipboard-settings.test.js" name="settings-panel clipboard wiring (C.26) &gt; does not throw when clipboard controls are absent" time="0.0221492">
        </testcase>
        <testcase classname="tests/clipboard-settings.test.js" name="settings-panel clipboard wiring (C.26) &gt; applies stored clipboardSettings to all controls on open" time="0.0203176">
        </testcase>
        <testcase classname="tests/clipboard-settings.test.js" name="settings-panel clipboard wiring (C.26) &gt; migrates legacy clipboardFormat key when no clipboardSettings exist" time="0.0071667">
        </testcase>
        <testcase classname="tests/clipboard-settings.test.js" name="settings-panel clipboard wiring (C.26) &gt; leaves controls at defaults when storage is empty" time="0.0060262">
        </testcase>
        <testcase classname="tests/clipboard-settings.test.js" name="settings-panel clipboard wiring (C.26) &gt; shows clipboardImagesRow only when format is &quot;html&quot;" time="0.0056972">
        </testcase>
        <testcase classname="tests/clipboard-settings.test.js" name="settings-panel clipboard wiring (C.26) &gt; hides clipboardImagesRow for non-html formats" time="0.0076508">
        </testcase>
        <testcase classname="tests/clipboard-settings.test.js" name="settings-panel clipboard wiring (C.26) &gt; persists full clipboardSettings object when format changes" time="0.0167578">
        </testcase>
        <testcase classname="tests/clipboard-settings.test.js" name="settings-panel clipboard wiring (C.26) &gt; persists settings when a checkbox changes" time="0.0065971">
        </testcase>
        <testcase classname="tests/clipboard-settings.test.js" name="settings-panel clipboard wiring (C.26) &gt; updates separator preview when input changes" time="0.0087931">
        </testcase>
        <testcase classname="tests/clipboard-settings.test.js" name="settings-panel clipboard wiring (C.26) &gt; updates turn separator preview when input changes" time="0.0058977">
        </testcase>
        <testcase classname="tests/clipboard-settings.test.js" name="settings-panel clipboard wiring (C.26) &gt; persists turnSeparator when turn separator input changes" time="0.0075117">
        </testcase>
        <testcase classname="tests/clipboard-settings.test.js" name="settings-panel clipboard wiring (C.26) &gt; persists separator when input changes" time="0.0066094">
        </testcase>
    </testsuite>
    <testsuite name="tests/clipboard-topic-copy.test.js" timestamp="2026-03-17T19:02:06.471Z" hostname="Kahana-PC" tests="9" failures="0" errors="0" skipped="0" time="0.0176122">
        <testcase classname="tests/clipboard-topic-copy.test.js" name="handleCopyAllTopicChats &gt; returns without notification when there is no contextMenuTopic" time="0.0035817">
        </testcase>
        <testcase classname="tests/clipboard-topic-copy.test.js" name="handleCopyAllTopicChats &gt; shows info notification when collectDescendantChatIds returns empty array" time="0.0041457">
        </testcase>
        <testcase classname="tests/clipboard-topic-copy.test.js" name="handleCopyAllTopicChats &gt; shows error notification when chatRepo.loadFullByIds rejects" time="0.0012068">
        </testcase>
        <testcase classname="tests/clipboard-topic-copy.test.js" name="handleCopyAllTopicChats &gt; shows info notification when loadFullByIds returns empty array" time="0.000817">
        </testcase>
        <testcase classname="tests/clipboard-topic-copy.test.js" name="handleCopyAllTopicChats &gt; shows slow-warning notification then proceeds when 20+ chats returned" time="0.0021127">
        </testcase>
        <testcase classname="tests/clipboard-topic-copy.test.js" name="handleCopyAllTopicChats &gt; shows &quot;Content too large&quot; error when result.tooLarge is true" time="0.000573">
        </testcase>
        <testcase classname="tests/clipboard-topic-copy.test.js" name="handleCopyAllTopicChats &gt; shows &quot;Failed to copy&quot; error when result.ok is false and not tooLarge" time="0.0004823">
        </testcase>
        <testcase classname="tests/clipboard-topic-copy.test.js" name="handleCopyAllTopicChats &gt; shows success with singular &quot;chat&quot; for exactly 1 chat" time="0.0005253">
        </testcase>
        <testcase classname="tests/clipboard-topic-copy.test.js" name="handleCopyAllTopicChats &gt; shows success with plural &quot;chats&quot; for multiple chats" time="0.0005839">
        </testcase>
    </testsuite>
    <testsuite name="tests/compare-navigation.test.js" timestamp="2026-03-17T19:02:06.479Z" hostname="Kahana-PC" tests="6" failures="0" errors="0" skipped="0" time="0.0102946">
        <testcase classname="tests/compare-navigation.test.js" name="handleCompare &gt; returns immediately with no renderer" time="0.0037395">
        </testcase>
        <testcase classname="tests/compare-navigation.test.js" name="handleCompare &gt; returns immediately when 0 chats selected" time="0.0007249">
        </testcase>
        <testcase classname="tests/compare-navigation.test.js" name="handleCompare &gt; returns immediately when 1 chat selected" time="0.0003518">
        </testcase>
        <testcase classname="tests/compare-navigation.test.js" name="handleCompare &gt; calls tabs.create with URL containing both IDs when 2 chats selected" time="0.0008323">
        </testcase>
        <testcase classname="tests/compare-navigation.test.js" name="handleCompare &gt; URL contains all 3 IDs comma-separated when 3 chats selected" time="0.0002664">
        </testcase>
        <testcase classname="tests/compare-navigation.test.js" name="handleCompare &gt; encodes IDs with special characters" time="0.0004904">
        </testcase>
    </testsuite>
    <testsuite name="tests/compare-page.test.js" timestamp="2026-03-17T19:02:06.484Z" hostname="Kahana-PC" tests="23" failures="0" errors="0" skipped="0" time="0.1727092">
        <testcase classname="tests/compare-page.test.js" name="compare page init() &gt; shows error state when 0 IDs in URL" time="0.0235508">
        </testcase>
        <testcase classname="tests/compare-page.test.js" name="compare page init() &gt; shows error state when 1 ID in URL" time="0.0076904">
        </testcase>
        <testcase classname="tests/compare-page.test.js" name="compare page init() &gt; renders 2 panels when 2 valid IDs provided" time="0.0409442">
        </testcase>
        <testcase classname="tests/compare-page.test.js" name="compare page init() &gt; renders 3 panels when 3 valid IDs provided" time="0.0208313">
        </testcase>
        <testcase classname="tests/compare-page.test.js" name="compare page init() &gt; renders error card for failed load; others render normally" time="0.017865">
        </testcase>
        <testcase classname="tests/compare-page.test.js" name="compare page init() &gt; sets --panel-count CSS var on #comparePanels" time="0.0311106">
        </testcase>
        <testcase classname="tests/compare-page.test.js" name="compare page init() &gt; #analysisSummary remains hidden after init when only 1 valid panel" time="0.0048187">
        </testcase>
        <testcase classname="tests/compare-page.test.js" name="loadChat() &gt; returns chat object when found in storage" time="0.0023646">
        </testcase>
        <testcase classname="tests/compare-page.test.js" name="loadChat() &gt; returns null when not found in storage" time="0.0007971">
        </testcase>
        <testcase classname="tests/compare-page.test.js" name="loadChat() &gt; returns null on storage error" time="0.0008822">
        </testcase>
        <testcase classname="tests/compare-page.test.js" name="buildComparePrompt() &gt; includes the instructions header" time="0.0010812">
        </testcase>
        <testcase classname="tests/compare-page.test.js" name="buildComparePrompt() &gt; includes a labelled section per chat" time="0.0006514">
        </testcase>
        <testcase classname="tests/compare-page.test.js" name="buildComparePrompt() &gt; formats user and AI turns correctly" time="0.0004789">
        </testcase>
        <testcase classname="tests/compare-page.test.js" name="buildComparePrompt() &gt; skips null chat slots gracefully" time="0.0006153">
        </testcase>
        <testcase classname="tests/compare-page.test.js" name="buildTopicFingerprints() &gt; returns one fingerprint array per chat" time="0.0010564">
        </testcase>
        <testcase classname="tests/compare-page.test.js" name="buildTopicFingerprints() &gt; returns terms emphasised by each chat but not the other" time="0.0008085">
        </testcase>
        <testcase classname="tests/compare-page.test.js" name="buildTopicFingerprints() &gt; handles empty turns gracefully" time="0.0013714">
        </testcase>
        <testcase classname="tests/compare-page.test.js" name="buildTopicFingerprints() &gt; returns at most topN terms per chat" time="0.0008357">
        </testcase>
        <testcase classname="tests/compare-page.test.js" name="buildTopicFingerprints() &gt; does not include stop-words in fingerprint" time="0.0011537">
        </testcase>
        <testcase classname="tests/compare-page.test.js" name="buildTopicFingerprints() &gt; terms common to all chats do not appear in any fingerprint" time="0.0021396">
        </testcase>
        <testcase classname="tests/compare-page.test.js" name="renderErrorPanel() &gt; has error panel class" time="0.0011121">
        </testcase>
        <testcase classname="tests/compare-page.test.js" name="renderErrorPanel() &gt; shows the chat ID in the error text" time="0.0009054">
        </testcase>
        <testcase classname="tests/compare-page.test.js" name="renderErrorPanel() &gt; escapes HTML special chars in ID" time="0.0040585">
        </testcase>
    </testsuite>
    <testsuite name="tests/context-menu.test.js" timestamp="2026-03-17T19:02:06.500Z" hostname="Kahana-PC" tests="21" failures="0" errors="0" skipped="0" time="2.3181058">
        <testcase classname="tests/context-menu.test.js" name="Context Menu UI Interactions &gt; Rename Topic via Context Menu &gt; should open rename dialog when rename is clicked" time="0.1507465">
        </testcase>
        <testcase classname="tests/context-menu.test.js" name="Context Menu UI Interactions &gt; Rename Topic via Context Menu &gt; should successfully rename topic through context menu" time="0.139485">
        </testcase>
        <testcase classname="tests/context-menu.test.js" name="Context Menu UI Interactions &gt; Rename Topic via Context Menu &gt; should not rename if user cancels" time="0.081505">
        </testcase>
        <testcase classname="tests/context-menu.test.js" name="Context Menu UI Interactions &gt; Move Topic via Context Menu &gt; should open move dialog when move is clicked" time="0.1151367">
        </testcase>
        <testcase classname="tests/context-menu.test.js" name="Context Menu UI Interactions &gt; Move Topic via Context Menu &gt; should successfully move topic through context menu" time="0.1238819">
        </testcase>
        <testcase classname="tests/context-menu.test.js" name="Context Menu UI Interactions &gt; Delete Topic via Context Menu &gt; should open delete confirmation when delete is clicked" time="0.0764725">
        </testcase>
        <testcase classname="tests/context-menu.test.js" name="Context Menu UI Interactions &gt; Delete Topic via Context Menu &gt; should successfully delete topic through context menu" time="0.1326944">
        </testcase>
        <testcase classname="tests/context-menu.test.js" name="Context Menu UI Interactions &gt; Delete Topic via Context Menu &gt; should not delete if user cancels" time="0.0668088">
        </testcase>
        <testcase classname="tests/context-menu.test.js" name="Context Menu UI Interactions &gt; Delete Topic via Context Menu &gt; should show warning when deleting topic with children" time="0.0682671">
        </testcase>
        <testcase classname="tests/context-menu.test.js" name="Context Menu UI Interactions &gt; Merge Topics via Context Menu &gt; should open merge dialog when merge is clicked" time="0.0717959">
        </testcase>
        <testcase classname="tests/context-menu.test.js" name="Context Menu UI Interactions &gt; Merge Topics via Context Menu &gt; should successfully merge topics through context menu" time="0.1904082">
        </testcase>
        <testcase classname="tests/context-menu.test.js" name="Context Menu UI Interactions &gt; Merge Topics via Context Menu &gt; should not merge if user cancels" time="0.0700712">
        </testcase>
        <testcase classname="tests/context-menu.test.js" name="Context Menu UI Interactions &gt; Context Menu State Management &gt; should not execute action if contextMenuTopic is null" time="0.1159">
        </testcase>
        <testcase classname="tests/context-menu.test.js" name="Context Menu UI Interactions &gt; Context Menu State Management &gt; should handle multiple rapid clicks gracefully" time="0.1326275">
        </testcase>
        <testcase classname="tests/context-menu.test.js" name="Context Menu UI Interactions &gt; Context Menu State Management &gt; should preserve contextMenuTopic during operation" time="0.0667037">
        </testcase>
        <testcase classname="tests/context-menu.test.js" name="Context Menu UI Interactions &gt; Context Menu Event Handling &gt; should stop event propagation on action click" time="0.0073759">
        </testcase>
        <testcase classname="tests/context-menu.test.js" name="Context Menu UI Interactions &gt; Context Menu Event Handling &gt; CRITICAL: should preserve contextMenuTopic when hideContextMenu is called" time="0.1157742">
        </testcase>
        <testcase classname="tests/context-menu.test.js" name="Context Menu UI Interactions &gt; Context Menu Event Handling &gt; should hide context menu when action is clicked" time="0.063849">
        </testcase>
        <testcase classname="tests/context-menu.test.js" name="Context Menu UI Interactions &gt; Context Menu Event Handling &gt; should handle errors in action handlers gracefully" time="0.0060334">
        </testcase>
        <testcase classname="tests/context-menu.test.js" name="Context Menu UI Interactions &gt; All Context Menu Actions &gt; should have event listeners attached to all actions" time="0.004732">
        </testcase>
        <testcase classname="tests/context-menu.test.js" name="Context Menu UI Interactions &gt; All Context Menu Actions &gt; should handle all actions without errors when contextMenuTopic is set" time="0.508482">
        </testcase>
    </testsuite>
    <testsuite name="tests/deepseek-extractor.test.js" timestamp="2026-03-17T19:02:06.516Z" hostname="Kahana-PC" tests="11" failures="0" errors="0" skipped="0" time="0.0634624">
        <testcase classname="tests/deepseek-extractor.test.js" name="extractDeepSeek() &gt; throws when document is null" time="0.0103911">
        </testcase>
        <testcase classname="tests/deepseek-extractor.test.js" name="extractDeepSeek() &gt; returns a valid empty contract when no .ds-message nodes exist" time="0.0095327">
        </testcase>
        <testcase classname="tests/deepseek-extractor.test.js" name="extractDeepSeek() &gt; extracts a user and an assistant message in DOM order" time="0.0133727">
        </testcase>
        <testcase classname="tests/deepseek-extractor.test.js" name="extractDeepSeek() &gt; defaults role to user when style is absent" time="0.0028127">
        </testcase>
        <testcase classname="tests/deepseek-extractor.test.js" name="extractDeepSeek() &gt; treats any style containing --assistant as assistant" time="0.001559">
        </testcase>
        <testcase classname="tests/deepseek-extractor.test.js" name="extractDeepSeek() &gt; preserves nested markup as markdown" time="0.0095751">
        </testcase>
        <testcase classname="tests/deepseek-extractor.test.js" name="extractDeepSeek() &gt; strips UI-noise lines: Retry, Copy, Share, Edit, Regenerate" time="0.0039562">
        </testcase>
        <testcase classname="tests/deepseek-extractor.test.js" name="extractDeepSeek() &gt; uses page title first, trimming DeepSeek suffix" time="0.0016949">
        </testcase>
        <testcase classname="tests/deepseek-extractor.test.js" name="extractDeepSeek() &gt; falls back to first user message when page title is empty" time="0.0016809">
        </testcase>
        <testcase classname="tests/deepseek-extractor.test.js" name="extractDeepSeek() &gt; deduplicates nested .ds-message descendants" time="0.0023183">
        </testcase>
        <testcase classname="tests/deepseek-extractor.test.js" name="extractDeepSeek() &gt; messageCount matches messages length" time="0.0015246">
        </testcase>
    </testsuite>
    <testsuite name="tests/dialogs.test.js" timestamp="2026-03-17T19:02:06.529Z" hostname="Kahana-PC" tests="73" failures="0" errors="0" skipped="0" time="0.8736895">
        <testcase classname="tests/dialogs.test.js" name="DialogManager &gt; Initialization &gt; should create dialog manager with container" time="0.0206465">
        </testcase>
        <testcase classname="tests/dialogs.test.js" name="DialogManager &gt; Initialization &gt; should initialize with no current dialog" time="0.0020526">
        </testcase>
        <testcase classname="tests/dialogs.test.js" name="DialogManager &gt; Initialization &gt; should not be open initially" time="0.0012989">
        </testcase>
        <testcase classname="tests/dialogs.test.js" name="DialogManager &gt; Alert Dialog &gt; should show alert dialog" time="0.0619593">
        </testcase>
        <testcase classname="tests/dialogs.test.js" name="DialogManager &gt; Confirm Dialog &gt; should resolve true when confirmed" time="0.0113057">
        </testcase>
        <testcase classname="tests/dialogs.test.js" name="DialogManager &gt; Confirm Dialog &gt; should resolve false when cancelled" time="0.007126">
        </testcase>
        <testcase classname="tests/dialogs.test.js" name="DialogManager &gt; Prompt Dialog &gt; should show prompt with default value" time="0.0106127">
        </testcase>
        <testcase classname="tests/dialogs.test.js" name="DialogManager &gt; Prompt Dialog &gt; should return input value when submitted" time="0.0112682">
        </testcase>
        <testcase classname="tests/dialogs.test.js" name="DialogManager &gt; Prompt Dialog &gt; should return null when cancelled" time="0.0098525">
        </testcase>
        <testcase classname="tests/dialogs.test.js" name="DialogManager &gt; Prompt Dialog &gt; should submit on Enter key" time="0.0116372">
        </testcase>
        <testcase classname="tests/dialogs.test.js" name="DialogManager &gt; Form Dialog &gt; should show form with multiple fields" time="0.0152859">
        </testcase>
        <testcase classname="tests/dialogs.test.js" name="DialogManager &gt; Form Dialog &gt; should return form data when submitted" time="0.0326652">
        </testcase>
        <testcase classname="tests/dialogs.test.js" name="DialogManager &gt; Form Dialog &gt; should validate required fields" time="0.0119806">
        </testcase>
        <testcase classname="tests/dialogs.test.js" name="DialogManager &gt; Form Dialog &gt; should support select fields" time="0.020792">
        </testcase>
        <testcase classname="tests/dialogs.test.js" name="DialogManager &gt; Form Dialog &gt; should support textarea fields" time="0.0123061">
        </testcase>
        <testcase classname="tests/dialogs.test.js" name="DialogManager &gt; Close &gt; should close dialog" time="0.003697">
        </testcase>
        <testcase classname="tests/dialogs.test.js" name="DialogManager &gt; Close &gt; should close on ESC key" time="0.0050052">
        </testcase>
        <testcase classname="tests/dialogs.test.js" name="DialogManager &gt; Close &gt; should close on backdrop click" time="0.0049625">
        </testcase>
        <testcase classname="tests/dialogs.test.js" name="DialogManager &gt; HTML Escaping &gt; should escape HTML in messages" time="0.0040731">
        </testcase>
        <testcase classname="tests/dialogs.test.js" name="DialogManager &gt; HTML Escaping &gt; should handle null values" time="0.0121931">
        </testcase>
        <testcase classname="tests/dialogs.test.js" name="TopicDialogs &gt; Add Topic Dialog &gt; should show add topic dialog" time="0.0258351">
        </testcase>
        <testcase classname="tests/dialogs.test.js" name="TopicDialogs &gt; Add Topic Dialog &gt; should create root topic" time="0.0188508">
        </testcase>
        <testcase classname="tests/dialogs.test.js" name="TopicDialogs &gt; Add Topic Dialog &gt; should create child topic" time="0.0182166">
        </testcase>
        <testcase classname="tests/dialogs.test.js" name="TopicDialogs &gt; Add Topic Dialog &gt; should validate empty name" time="0.0160368">
        </testcase>
        <testcase classname="tests/dialogs.test.js" name="TopicDialogs &gt; Rename Topic Dialog &gt; should show rename dialog with current name" time="0.0169347">
        </testcase>
        <testcase classname="tests/dialogs.test.js" name="TopicDialogs &gt; Rename Topic Dialog &gt; should rename topic" time="0.0178655">
        </testcase>
        <testcase classname="tests/dialogs.test.js" name="TopicDialogs &gt; Rename Topic Dialog &gt; should return null if name unchanged" time="0.0171698">
        </testcase>
        <testcase classname="tests/dialogs.test.js" name="TopicDialogs &gt; Move Topic Dialog &gt; should show move dialog" time="0.0685682">
        </testcase>
        <testcase classname="tests/dialogs.test.js" name="TopicDialogs &gt; Move Topic Dialog &gt; should move topic to new parent" time="0.0246551">
        </testcase>
        <testcase classname="tests/dialogs.test.js" name="TopicDialogs &gt; Move Topic Dialog &gt; should exclude self and descendants from options" time="0.016352">
        </testcase>
        <testcase classname="tests/dialogs.test.js" name="TopicDialogs &gt; Delete Topic Dialog &gt; should show delete confirmation" time="0.0078796">
        </testcase>
        <testcase classname="tests/dialogs.test.js" name="TopicDialogs &gt; Delete Topic Dialog &gt; should delete topic" time="0.0085006">
        </testcase>
        <testcase classname="tests/dialogs.test.js" name="TopicDialogs &gt; Delete Topic Dialog &gt; should warn about child topics" time="0.006395">
        </testcase>
        <testcase classname="tests/dialogs.test.js" name="TopicDialogs &gt; Delete Topic Dialog &gt; should warn about chats" time="0.0075292">
        </testcase>
        <testcase classname="tests/dialogs.test.js" name="TopicDialogs &gt; Merge Topics Dialog &gt; should show merge dialog" time="0.010943">
        </testcase>
        <testcase classname="tests/dialogs.test.js" name="TopicDialogs &gt; Merge Topics Dialog &gt; should merge topics" time="0.0320761">
        </testcase>
        <testcase classname="tests/dialogs.test.js" name="TopicDialogs &gt; Merge Topics Dialog &gt; should exclude ancestors and descendants" time="0.040953">
        </testcase>
        <testcase classname="tests/dialogs.test.js" name="TopicDialogs &gt; Build Topic Options &gt; should build hierarchical options" time="0.0022861">
        </testcase>
        <testcase classname="tests/dialogs.test.js" name="TopicDialogs &gt; Build Topic Options &gt; should mark selected option" time="0.001363">
        </testcase>
        <testcase classname="tests/dialogs.test.js" name="TopicDialogs &gt; Build Topic Options &gt; should exclude specified topics" time="0.0014737">
        </testcase>
        <testcase classname="tests/dialogs.test.js" name="DialogManager – escapeHtml() edge cases &gt; should return empty string for undefined input" time="0.0007547">
        </testcase>
        <testcase classname="tests/dialogs.test.js" name="DialogManager – escapeHtml() edge cases &gt; should return empty string for null input" time="0.0006504">
        </testcase>
        <testcase classname="tests/dialogs.test.js" name="DialogManager – escapeHtml() edge cases &gt; should convert number to string" time="0.0159524">
        </testcase>
        <testcase classname="tests/dialogs.test.js" name="DialogManager – close() with no active dialog &gt; should not throw when close() is called with no dialog open" time="0.0054383">
        </testcase>
        <testcase classname="tests/dialogs.test.js" name="DialogManager – close() with no active dialog &gt; should still hide container when close() is called with no dialog" time="0.0025255">
        </testcase>
        <testcase classname="tests/dialogs.test.js" name="DialogManager – form() additional field types &gt; should pre-fill textarea with field.value" time="0.0093051">
        </testcase>
        <testcase classname="tests/dialogs.test.js" name="DialogManager – form() additional field types &gt; should render textarea hint text" time="0.0087451">
        </testcase>
        <testcase classname="tests/dialogs.test.js" name="DialogManager – form() additional field types &gt; should pre-select option when field.value matches option value" time="0.0122739">
        </testcase>
        <testcase classname="tests/dialogs.test.js" name="DialogManager – form() additional field types &gt; should render input hint text" time="0.0132908">
        </testcase>
        <testcase classname="tests/dialogs.test.js" name="DialogManager – form() additional field types &gt; should remove error class when user types in invalid input" time="0.0135959">
        </testcase>
        <testcase classname="tests/dialogs.test.js" name="DialogManager – form() additional field types &gt; should submit when Enter is pressed in a text input" time="0.0143874">
        </testcase>
        <testcase classname="tests/dialogs.test.js" name="DialogManager – form() additional field types &gt; should NOT submit when Enter is pressed in a textarea" time="0.0192844">
        </testcase>
        <testcase classname="tests/dialogs.test.js" name="DialogManager – _sanitiseHtml() strips dangerous content &gt; strips &lt;script&gt; elements" time="0.0080807">
        </testcase>
        <testcase classname="tests/dialogs.test.js" name="DialogManager – _sanitiseHtml() strips dangerous content &gt; strips inline on* event-handler attributes" time="0.005766">
        </testcase>
        <testcase classname="tests/dialogs.test.js" name="DialogManager – _sanitiseHtml() strips dangerous content &gt; strips onclick attribute" time="0.0027845">
        </testcase>
        <testcase classname="tests/dialogs.test.js" name="DialogManager – _sanitiseHtml() strips dangerous content &gt; strips javascript: href URL" time="0.0036764">
        </testcase>
        <testcase classname="tests/dialogs.test.js" name="DialogManager – _sanitiseHtml() strips dangerous content &gt; strips javascript: src attribute" time="0.0164308">
        </testcase>
        <testcase classname="tests/dialogs.test.js" name="DialogManager – _sanitiseHtml() strips dangerous content &gt; preserves harmless attributes" time="0.0022806">
        </testcase>
        <testcase classname="tests/dialogs.test.js" name="DialogManager – _sanitiseHtml() strips dangerous content &gt; strips &lt;style&gt; blocks (CSS injection vector)" time="0.0036561">
        </testcase>
        <testcase classname="tests/dialogs.test.js" name="DialogManager – _sanitiseHtml() strips dangerous content &gt; strips &lt;base&gt; tags (base URL manipulation vector)" time="0.0030703">
        </testcase>
        <testcase classname="tests/dialogs.test.js" name="DialogManager – _sanitiseHtml() strips dangerous content &gt; strips vbscript: href URLs" time="0.0013819">
        </testcase>
        <testcase classname="tests/dialogs.test.js" name="DialogManager – _sanitiseHtml() strips dangerous content &gt; strips data: href URLs" time="0.0013091">
        </testcase>
        <testcase classname="tests/dialogs.test.js" name="DialogManager – _sanitiseHtml() strips dangerous content &gt; strips xlink:href with javascript: URL" time="0.0016046">
        </testcase>
        <testcase classname="tests/dialogs.test.js" name="DialogManager – show() sanitises injected HTML &gt; does not execute scripts injected via show()" time="0.0030564">
        </testcase>
        <testcase classname="tests/dialogs.test.js" name="DialogManager – show() sanitises injected HTML &gt; strips onerror from img tag passed to show()" time="0.0029495">
        </testcase>
        <testcase classname="tests/dialogs.test.js" name="DialogManager – constructor fallback to getElementById &gt; should use document.getElementById(&quot;modalContainer&quot;) when no arg is given" time="0.0014244">
        </testcase>
        <testcase classname="tests/dialogs.test.js" name="DialogManager – prompt() empty-value submit is no-op &gt; should not resolve when empty value is submitted, but resolve after a real value" time="0.0054276">
        </testcase>
        <testcase classname="tests/dialogs.test.js" name="DialogManager – form() plain string select options &gt; should render options when passed as plain strings" time="0.0083193">
        </testcase>
        <testcase classname="tests/dialogs.test.js" name="DialogManager – form() plain string select options &gt; should render option as selected when opt.selected is true" time="0.0106278">
        </testcase>
        <testcase classname="tests/dialogs.test.js" name="DialogManager – _collectFormData() missing input fallback &gt; returns empty string for a field whose element is not in the form" time="0.0094208">
        </testcase>
        <testcase classname="tests/dialogs.test.js" name="DialogManager – _validateForm() missing input early return &gt; does not throw and returns true when a required field has no DOM element" time="0.0078057">
        </testcase>
        <testcase classname="tests/dialogs.test.js" name="DialogManager – _validateForm() missing input early return &gt; marks field with error class when it is required and has empty value" time="0.007639">
        </testcase>
        <testcase classname="tests/dialogs.test.js" name="DialogManager – _validateForm() missing input early return &gt; removes error class when non-required empty field is validated" time="0.0060229">
        </testcase>
    </testsuite>
    <testsuite name="tests/entity-controller.test.js" timestamp="2026-03-17T19:02:06.576Z" hostname="Kahana-PC" tests="35" failures="0" errors="0" skipped="0" time="0.2939151">
        <testcase classname="tests/entity-controller.test.js" name="EntityController.init() &gt; renders prompt cards for chats with prompt entities" time="0.0596819">
            <system-out>
[bAInder] EntityController.init: chats in state: [33m1[39m | chats with Phase-A entities: [33m1[39m
[bAInder] EntityController.init: present entity types: [ [32m&apos;prompt&apos;[39m ]

            </system-out>
        </testcase>
        <testcase classname="tests/entity-controller.test.js" name="EntityController.init() &gt; renders a section header for each entity type present" time="0.017199">
            <system-out>
[bAInder] EntityController.init: chats in state: [33m1[39m | chats with Phase-A entities: [33m1[39m
[bAInder] EntityController.init: present entity types: [ [32m&apos;prompt&apos;[39m, [32m&apos;table&apos;[39m ]

            </system-out>
        </testcase>
        <testcase classname="tests/entity-controller.test.js" name="EntityController.init() &gt; is idempotent — calling init() twice does not double-render" time="0.015502">
            <system-out>
[bAInder] EntityController.init: chats in state: [33m1[39m | chats with Phase-A entities: [33m1[39m
[bAInder] EntityController.init: present entity types: [ [32m&apos;prompt&apos;[39m ]

            </system-out>
        </testcase>
        <testcase classname="tests/entity-controller.test.js" name="EntityController.init() &gt; renders empty-state message when no entities in chats" time="0.0022608">
            <system-out>
[bAInder] EntityController.init: chats in state: [33m1[39m | chats with Phase-A entities: [33m0[39m
[bAInder] EntityController.init: present entity types: []

            </system-out>
        </testcase>
        <testcase classname="tests/entity-controller.test.js" name="EntityController.init() &gt; does nothing when entityTree element is absent" time="0.0057011">
            <system-out>
[bAInder] EntityController.init: chats in state: [33m1[39m | chats with Phase-A entities: [33m1[39m

            </system-out>
        </testcase>
        <testcase classname="tests/entity-controller.test.js" name="EntityController.refresh() &gt; refresh() re-renders after a new chat with table entities is added" time="0.013486">
            <system-out>
[bAInder] EntityController.init: chats in state: [33m1[39m | chats with Phase-A entities: [33m1[39m
[bAInder] EntityController.init: present entity types: [ [32m&apos;prompt&apos;[39m ]

            </system-out>
        </testcase>
        <testcase classname="tests/entity-controller.test.js" name="EntityController.refresh() &gt; refresh() before init() does not throw" time="0.0037574">
            <system-out>
[bAInder] EntityController.init: chats in state: [33m1[39m | chats with Phase-A entities: [33m1[39m
[bAInder] EntityController.init: present entity types: [ [32m&apos;prompt&apos;[39m ]

            </system-out>
        </testcase>
        <testcase classname="tests/entity-controller.test.js" name="EntityController.setFilter() &gt; setFilter(&quot;prompt&quot;) hides table sections" time="0.0102309">
            <system-out>
[bAInder] EntityController.init: chats in state: [33m1[39m | chats with Phase-A entities: [33m1[39m
[bAInder] EntityController.init: present entity types: [ [32m&apos;prompt&apos;[39m, [32m&apos;table&apos;[39m ]

            </system-out>
        </testcase>
        <testcase classname="tests/entity-controller.test.js" name="EntityController.setFilter() &gt; setFilter(null) restores all sections" time="0.0097004">
            <system-out>
[bAInder] EntityController.init: chats in state: [33m1[39m | chats with Phase-A entities: [33m1[39m
[bAInder] EntityController.init: present entity types: [ [32m&apos;prompt&apos;[39m, [32m&apos;table&apos;[39m ]

            </system-out>
        </testcase>
        <testcase classname="tests/entity-controller.test.js" name="EntityController — entity-click navigation &gt; entity-click event triggers onChatClick with correct chatId" time="0.0075524">
            <system-out>
[bAInder] EntityController.init: chats in state: [33m1[39m | chats with Phase-A entities: [33m1[39m
[bAInder] EntityController.init: present entity types: [ [32m&apos;prompt&apos;[39m ]

            </system-out>
        </testcase>
        <testcase classname="tests/entity-controller.test.js" name="EntityController — entity-click navigation &gt; user-role entity produces #p&lt;roleOrdinal&gt; anchor" time="0.0039385">
            <system-out>
[bAInder] EntityController.init: chats in state: [33m1[39m | chats with Phase-A entities: [33m1[39m
[bAInder] EntityController.init: present entity types: [ [32m&apos;prompt&apos;[39m ]

            </system-out>
        </testcase>
        <testcase classname="tests/entity-controller.test.js" name="EntityController — entity-click navigation &gt; assistant-role entity produces #r&lt;roleOrdinal&gt; anchor" time="0.004679">
            <system-out>
[bAInder] EntityController.init: chats in state: [33m1[39m | chats with Phase-A entities: [33m1[39m
[bAInder] EntityController.init: present entity types: [ [32m&apos;prompt&apos;[39m ]

            </system-out>
        </testcase>
        <testcase classname="tests/entity-controller.test.js" name="EntityController Phase B — code/diagram rendering &gt; chats with code snippets render code cards in the entity tree" time="0.0061541">
            <system-out>
[bAInder] EntityController.init: chats in state: [33m1[39m | chats with Phase-A entities: [33m1[39m
[bAInder] EntityController.init: present entity types: [ [32m&apos;code&apos;[39m ]

            </system-out>
        </testcase>
        <testcase classname="tests/entity-controller.test.js" name="EntityController Phase B — code/diagram rendering &gt; chats with Mermaid blocks render diagram cards" time="0.007782">
            <system-out>
[bAInder] EntityController.init: chats in state: [33m1[39m | chats with Phase-A entities: [33m1[39m
[bAInder] EntityController.init: present entity types: [ [32m&apos;diagram&apos;[39m ]

            </system-out>
        </testcase>
        <testcase classname="tests/entity-controller.test.js" name="EntityController Phase B — code/diagram rendering &gt; section header for code type is present" time="0.0074831">
            <system-out>
[bAInder] EntityController.init: chats in state: [33m1[39m | chats with Phase-A entities: [33m1[39m
[bAInder] EntityController.init: present entity types: [ [32m&apos;code&apos;[39m ]

            </system-out>
        </testcase>
        <testcase classname="tests/entity-controller.test.js" name="EntityController Phase B — code/diagram rendering &gt; section header for diagram type is present" time="0.0055716">
            <system-out>
[bAInder] EntityController.init: chats in state: [33m1[39m | chats with Phase-A entities: [33m1[39m
[bAInder] EntityController.init: present entity types: [ [32m&apos;diagram&apos;[39m ]

            </system-out>
        </testcase>
        <testcase classname="tests/entity-controller.test.js" name="EntityController Phase B — code/diagram rendering &gt; refresh() after adding a code entity chat re-renders code section" time="0.0079653">
            <system-out>
[bAInder] EntityController.init: chats in state: [33m1[39m | chats with Phase-A entities: [33m1[39m
[bAInder] EntityController.init: present entity types: [ [32m&apos;prompt&apos;[39m ]

            </system-out>
        </testcase>
        <testcase classname="tests/entity-controller.test.js" name="EntityController Phase C — tool-call/attachment rendering &gt; chats with tool call entities render tool-call cards" time="0.0045327">
            <system-out>
[bAInder] EntityController.init: chats in state: [33m1[39m | chats with Phase-A entities: [33m1[39m
[bAInder] EntityController.init: present entity types: [ [32m&apos;toolCall&apos;[39m ]

            </system-out>
        </testcase>
        <testcase classname="tests/entity-controller.test.js" name="EntityController Phase C — tool-call/attachment rendering &gt; chats with attachment entities render attachment cards" time="0.0047794">
            <system-out>
[bAInder] EntityController.init: chats in state: [33m1[39m | chats with Phase-A entities: [33m1[39m
[bAInder] EntityController.init: present entity types: [ [32m&apos;attachment&apos;[39m ]

            </system-out>
        </testcase>
        <testcase classname="tests/entity-controller.test.js" name="EntityController Phase C — tool-call/attachment rendering &gt; section header for toolCall type is present" time="0.0050722">
            <system-out>
[bAInder] EntityController.init: chats in state: [33m1[39m | chats with Phase-A entities: [33m1[39m
[bAInder] EntityController.init: present entity types: [ [32m&apos;toolCall&apos;[39m ]

            </system-out>
        </testcase>
        <testcase classname="tests/entity-controller.test.js" name="EntityController Phase C — tool-call/attachment rendering &gt; section header for attachment type is present" time="0.003342">
            <system-out>
[bAInder] EntityController.init: chats in state: [33m1[39m | chats with Phase-A entities: [33m1[39m
[bAInder] EntityController.init: present entity types: [ [32m&apos;attachment&apos;[39m ]

            </system-out>
        </testcase>
        <testcase classname="tests/entity-controller.test.js" name="EntityController Phase C — tool-call/attachment rendering &gt; refresh() after adding a tool-call entity chat re-renders" time="0.0051961">
            <system-out>
[bAInder] EntityController.init: chats in state: [33m1[39m | chats with Phase-A entities: [33m1[39m
[bAInder] EntityController.init: present entity types: [ [32m&apos;prompt&apos;[39m ]

            </system-out>
        </testcase>
        <testcase classname="tests/entity-controller.test.js" name="EntityController Phase D — image/audio rendering &gt; chats with image entities render image cards" time="0.0062145">
            <system-out>
[bAInder] EntityController.init: chats in state: [33m1[39m | chats with Phase-A entities: [33m1[39m
[bAInder] EntityController.init: present entity types: [ [32m&apos;image&apos;[39m ]

            </system-out>
        </testcase>
        <testcase classname="tests/entity-controller.test.js" name="EntityController Phase D — image/audio rendering &gt; chats with audio entities render audio cards" time="0.0197174">
            <system-out>
[bAInder] EntityController.init: chats in state: [33m1[39m | chats with Phase-A entities: [33m1[39m
[bAInder] EntityController.init: present entity types: [ [32m&apos;audio&apos;[39m ]

            </system-out>
        </testcase>
        <testcase classname="tests/entity-controller.test.js" name="EntityController Phase D — image/audio rendering &gt; section header for image type is present" time="0.0035698">
            <system-out>
[bAInder] EntityController.init: chats in state: [33m1[39m | chats with Phase-A entities: [33m1[39m
[bAInder] EntityController.init: present entity types: [ [32m&apos;image&apos;[39m ]

            </system-out>
        </testcase>
        <testcase classname="tests/entity-controller.test.js" name="EntityController Phase D — image/audio rendering &gt; section header for audio type is present" time="0.004896">
            <system-out>
[bAInder] EntityController.init: chats in state: [33m1[39m | chats with Phase-A entities: [33m1[39m
[bAInder] EntityController.init: present entity types: [ [32m&apos;audio&apos;[39m ]

            </system-out>
        </testcase>
        <testcase classname="tests/entity-controller.test.js" name="EntityController Phase D — image/audio rendering &gt; refresh() after adding an image entity chat re-renders" time="0.0061831">
            <system-out>
[bAInder] EntityController.init: chats in state: [33m1[39m | chats with Phase-A entities: [33m1[39m
[bAInder] EntityController.init: present entity types: [ [32m&apos;prompt&apos;[39m ]

            </system-out>
        </testcase>
        <testcase classname="tests/entity-controller.test.js" name="EntityController Phase E — artifact rendering &gt; chats with artifact entities render artifact cards" time="0.0041016">
            <system-out>
[bAInder] EntityController.init: chats in state: [33m1[39m | chats with Phase-A entities: [33m1[39m
[bAInder] EntityController.init: present entity types: [ [32m&apos;artifact&apos;[39m ]

            </system-out>
        </testcase>
        <testcase classname="tests/entity-controller.test.js" name="EntityController Phase E — artifact rendering &gt; section header for artifact type is present" time="0.0050199">
            <system-out>
[bAInder] EntityController.init: chats in state: [33m1[39m | chats with Phase-A entities: [33m1[39m
[bAInder] EntityController.init: present entity types: [ [32m&apos;artifact&apos;[39m ]

            </system-out>
        </testcase>
        <testcase classname="tests/entity-controller.test.js" name="EntityController Phase E — artifact rendering &gt; refresh() after adding an artifact entity chat re-renders artifact section" time="0.0064267">
            <system-out>
[bAInder] EntityController.init: chats in state: [33m1[39m | chats with Phase-A entities: [33m1[39m
[bAInder] EntityController.init: present entity types: [ [32m&apos;prompt&apos;[39m ]

            </system-out>
        </testcase>
        <testcase classname="tests/entity-controller.test.js" name="EntityController Phase E — artifact rendering &gt; &quot;Preview&quot; button on artifact card calls showArtifactPreview" time="0.0054455">
            <system-out>
[bAInder] EntityController.init: chats in state: [33m1[39m | chats with Phase-A entities: [33m1[39m
[bAInder] EntityController.init: present entity types: [ [32m&apos;artifact&apos;[39m ]

            </system-out>
        </testcase>
        <testcase classname="tests/entity-controller.test.js" name="EntityController — _defaultOnChatClick &gt; calls browser.tabs.create with a reader URL when entity-click fires without a custom handler" time="0.0038845">
            <system-out>
[bAInder] EntityController.init: chats in state: [33m1[39m | chats with Phase-A entities: [33m1[39m
[bAInder] EntityController.init: present entity types: [ [32m&apos;prompt&apos;[39m ]

            </system-out>
        </testcase>
        <testcase classname="tests/entity-controller.test.js" name="EntityController — getPresentEntityTypes &gt; returns entity types from state.chats before init() is called" time="0.0045353">
        </testcase>
        <testcase classname="tests/entity-controller.test.js" name="EntityController — getPresentEntityTypes &gt; returns types from EntityStore after init() is called" time="0.0026079">
            <system-out>
[bAInder] EntityController.init: chats in state: [33m1[39m | chats with Phase-A entities: [33m1[39m
[bAInder] EntityController.init: present entity types: [ [32m&apos;prompt&apos;[39m ]

            </system-out>
        </testcase>
        <testcase classname="tests/entity-controller.test.js" name="EntityController — getPresentEntityTypes &gt; returns empty array when no entities in any chat" time="0.0015814">
        </testcase>
    </testsuite>
    <testsuite name="tests/entity-extractor.test.js" timestamp="2026-03-17T19:02:06.629Z" hostname="Kahana-PC" tests="11" failures="0" errors="0" skipped="0" time="0.0668911">
        <testcase classname="tests/entity-extractor.test.js" name="registerExtractor() + extractChatEntities() &gt; calls each registered extractor with messages, doc, chatId" time="0.0079578">
            <system-out>
[bAInder] extractChatEntities: registry size = [33m1[39m | messages = [33m1[39m

[bAInder] extractChatEntities: result = code(1)

            </system-out>
        </testcase>
        <testcase classname="tests/entity-extractor.test.js" name="registerExtractor() + extractChatEntities() &gt; returns results from all registered extractors" time="0.0014164">
            <system-out>
[bAInder] extractChatEntities: registry size = [33m2[39m | messages = [33m0[39m

[bAInder] extractChatEntities: result = code(1), table(2)

            </system-out>
        </testcase>
        <testcase classname="tests/entity-extractor.test.js" name="extractChatEntities() — error isolation &gt; extractor that throws does not abort the pipeline" time="0.0131986">
            <system-out>
[bAInder] extractChatEntities: registry size = [33m2[39m | messages = [33m0[39m

[bAInder] extractChatEntities: result = table(1)

            </system-out>
            <system-err>
[bAInder] Entity extractor threw for type code: Error: boom
    at C:/Repos/Personal/bAInder/tests/entity-extractor.test.js:37:45
    at extractChatEntities (C:/Repos/Personal/bAInder/src/lib/entities/entity-extractor.js:36:46)
    at C:/Repos/Personal/bAInder/tests/entity-extractor.test.js:39:45
    at [90mfile:///C:/Repos/Personal/bAInder/[39mnode_modules/[4m@vitest/runner[24m/dist/index.js:145:11
    at [90mfile:///C:/Repos/Personal/bAInder/[39mnode_modules/[4m@vitest/runner[24m/dist/index.js:915:26
    at [90mfile:///C:/Repos/Personal/bAInder/[39mnode_modules/[4m@vitest/runner[24m/dist/index.js:1243:20
    at new Promise (&lt;anonymous&gt;)
    at runWithTimeout [90m(file:///C:/Repos/Personal/bAInder/[39mnode_modules/[4m@vitest/runner[24m/dist/index.js:1209:10[90m)[39m
    at [90mfile:///C:/Repos/Personal/bAInder/[39mnode_modules/[4m@vitest/runner[24m/dist/index.js:1653:37
    at Traces.$ [90m(file:///C:/Repos/Personal/bAInder/[39mnode_modules/[4mvitest[24m/dist/chunks/traces.CCmnQaNT.js:142:27[90m)[39m

            </system-err>
        </testcase>
        <testcase classname="tests/entity-extractor.test.js" name="extractChatEntities() — empty results omitted &gt; empty extractor results are omitted from the output" time="0.0013736">
            <system-out>
[bAInder] extractChatEntities: registry size = [33m2[39m | messages = [33m0[39m

[bAInder] extractChatEntities: result = table(1)

            </system-out>
        </testcase>
        <testcase classname="tests/entity-extractor.test.js" name="extractChatEntities() — empty results omitted &gt; returns empty object when no extractors registered" time="0.0013388">
            <system-out>
[bAInder] extractChatEntities: registry size = [33m0[39m | messages = [33m0[39m
[bAInder] extractChatEntities: result = (none)

            </system-out>
        </testcase>
        <testcase classname="tests/entity-extractor.test.js" name="extractChatEntities() — chatId passthrough &gt; chatId is passed through to each extractor call" time="0.0040332">
            <system-out>
[bAInder] extractChatEntities: registry size = [33m2[39m | messages = [33m0[39m

[bAInder] extractChatEntities: result = prompt(1), code(1)

            </system-out>
        </testcase>
        <testcase classname="tests/entity-extractor.test.js" name="extractChatEntities() — end-to-end with real extractors (A.4) &gt; extracts prompt entities from real extractPrompts" time="0.0133921">
            <system-out>
[bAInder] extractChatEntities: registry size = [33m1[39m | messages = [33m2[39m

[bAInder] extractChatEntities: result = prompt(1)

            </system-out>
        </testcase>
        <testcase classname="tests/entity-extractor.test.js" name="extractChatEntities() — end-to-end with real extractors (A.4) &gt; extracts table entities from real extractTables" time="0.0039057">
            <system-out>
[bAInder] extractChatEntities: registry size = [33m1[39m | messages = [33m1[39m

[bAInder] extractChatEntities: result = table(1)

            </system-out>
        </testcase>
        <testcase classname="tests/entity-extractor.test.js" name="extractChatEntities() — async extractor support (D.6) &gt; awaits an async extractor (returns a Promise)" time="0.0124804">
            <system-out>
[bAInder] extractChatEntities: registry size = [33m1[39m | messages = [33m0[39m

[bAInder] extractChatEntities: result = audio(1)

            </system-out>
        </testcase>
        <testcase classname="tests/entity-extractor.test.js" name="extractChatEntities() — async extractor support (D.6) &gt; async extractor that rejects does not abort the pipeline" time="0.0019532">
            <system-out>
[bAInder] extractChatEntities: registry size = [33m2[39m | messages = [33m0[39m

[bAInder] extractChatEntities: result = image(1)

            </system-out>
            <system-err>
[bAInder] Entity extractor threw for type audio: Error: async boom
    at C:/Repos/Personal/bAInder/tests/entity-extractor.test.js:121:53
    at extractChatEntities (C:/Repos/Personal/bAInder/src/lib/entities/entity-extractor.js:36:46)
    at C:/Repos/Personal/bAInder/tests/entity-extractor.test.js:123:45
    at [90mfile:///C:/Repos/Personal/bAInder/[39mnode_modules/[4m@vitest/runner[24m/dist/index.js:145:11
    at [90mfile:///C:/Repos/Personal/bAInder/[39mnode_modules/[4m@vitest/runner[24m/dist/index.js:915:26
    at [90mfile:///C:/Repos/Personal/bAInder/[39mnode_modules/[4m@vitest/runner[24m/dist/index.js:1243:20
    at new Promise (&lt;anonymous&gt;)
    at runWithTimeout [90m(file:///C:/Repos/Personal/bAInder/[39mnode_modules/[4m@vitest/runner[24m/dist/index.js:1209:10[90m)[39m
    at [90mfile:///C:/Repos/Personal/bAInder/[39mnode_modules/[4m@vitest/runner[24m/dist/index.js:1653:37
    at Traces.$ [90m(file:///C:/Repos/Personal/bAInder/[39mnode_modules/[4mvitest[24m/dist/chunks/traces.CCmnQaNT.js:142:27[90m)[39m

            </system-err>
        </testcase>
        <testcase classname="tests/entity-extractor.test.js" name="extractChatEntities() — async extractor support (D.6) &gt; mix of sync and async extractors both produce results" time="0.0014742">
            <system-out>
[bAInder] extractChatEntities: registry size = [33m2[39m | messages = [33m0[39m

[bAInder] extractChatEntities: result = image(1), audio(1)

            </system-out>
        </testcase>
    </testsuite>
    <testsuite name="tests/entity-navigation.test.js" timestamp="2026-03-17T19:02:06.648Z" hostname="Kahana-PC" tests="16" failures="0" errors="0" skipped="0" time="0.0238696">
        <testcase classname="tests/entity-navigation.test.js" name="openChatAtMessage() &gt; calls onChatClick with the correct chatId" time="0.0083771">
        </testcase>
        <testcase classname="tests/entity-navigation.test.js" name="openChatAtMessage() &gt; constructs #p&lt;roleOrdinal&gt; for user-role entities" time="0.0020322">
        </testcase>
        <testcase classname="tests/entity-navigation.test.js" name="openChatAtMessage() &gt; constructs #r&lt;roleOrdinal&gt; for assistant-role entities" time="0.0007588">
        </testcase>
        <testcase classname="tests/entity-navigation.test.js" name="openChatAtMessage() &gt; constructs #r&lt;roleOrdinal&gt; for model-role entities (treated as assistant)" time="0.0011477">
        </testcase>
        <testcase classname="tests/entity-navigation.test.js" name="openChatAtMessage() &gt; roleOrdinal 1, user role → #p1" time="0.0006343">
        </testcase>
        <testcase classname="tests/entity-navigation.test.js" name="openChatAtMessage() &gt; roleOrdinal 1, assistant role → #r1" time="0.0006397">
        </testcase>
        <testcase classname="tests/entity-navigation.test.js" name="openChatAtMessage() &gt; roleOrdinal 2, assistant role → #r2" time="0.0005865">
        </testcase>
        <testcase classname="tests/entity-navigation.test.js" name="openChatAtMessage() &gt; falls back to #r1 / #p1 when roleOrdinal is missing (old entities)" time="0.0006338">
        </testcase>
        <testcase classname="tests/entity-navigation.test.js" name="openChatAtMessage() &gt; model role without roleOrdinal falls back to #r1" time="0.0010161">
        </testcase>
        <testcase classname="tests/entity-navigation.test.js" name="openChatAtMessage() &gt; passes snippetHint derived from code entity first line" time="0.0007986">
        </testcase>
        <testcase classname="tests/entity-navigation.test.js" name="openChatAtMessage() &gt; passes null snippetHint for prompt entities (no content match)" time="0.0006034">
        </testcase>
        <testcase classname="tests/entity-navigation.test.js" name="openChatAtMessage() &gt; passes snippetHint url for citation entities" time="0.0006654">
        </testcase>
        <testcase classname="tests/entity-navigation.test.js" name="openChatAtMessage() &gt; passes snippetHint first line of source for diagram entities" time="0.0005609">
        </testcase>
        <testcase classname="tests/entity-navigation.test.js" name="openChatAtMessage() &gt; passes null snippetHint for diagram with empty source" time="0.0005424">
        </testcase>
        <testcase classname="tests/entity-navigation.test.js" name="openChatAtMessage() &gt; passes filename as snippetHint for attachment entities" time="0.000514">
        </testcase>
        <testcase classname="tests/entity-navigation.test.js" name="openChatAtMessage() &gt; passes null snippetHint for attachment without filename" time="0.0004668">
        </testcase>
    </testsuite>
    <testsuite name="tests/entity-store.test.js" timestamp="2026-03-17T19:02:06.657Z" hostname="Kahana-PC" tests="11" failures="0" errors="0" skipped="0" time="0.0151483">
        <testcase classname="tests/entity-store.test.js" name="EntityStore.getAllByType() &gt; returns all code entities across multiple chats" time="0.0045335">
        </testcase>
        <testcase classname="tests/entity-store.test.js" name="EntityStore.getAllByType() &gt; sorts by chatId then messageIndex" time="0.0018546">
        </testcase>
        <testcase classname="tests/entity-store.test.js" name="EntityStore.getAllByType() &gt; returns empty array when no chats have that type" time="0.000454">
        </testcase>
        <testcase classname="tests/entity-store.test.js" name="EntityStore.getAllByType() &gt; returns empty array when chats array is empty" time="0.0003158">
        </testcase>
        <testcase classname="tests/entity-store.test.js" name="EntityStore.getForChat() &gt; returns only that chat&apos;s entities" time="0.0010387">
        </testcase>
        <testcase classname="tests/entity-store.test.js" name="EntityStore.getForChat() &gt; returns only the specified type when type is provided" time="0.0006889">
        </testcase>
        <testcase classname="tests/entity-store.test.js" name="EntityStore.getForChat() &gt; returns empty array for unknown chatId" time="0.0004149">
        </testcase>
        <testcase classname="tests/entity-store.test.js" name="EntityStore.getForChat() &gt; returns empty array when chats array is empty" time="0.0002383">
        </testcase>
        <testcase classname="tests/entity-store.test.js" name="EntityStore.getPresentTypes() &gt; returns only types that have ≥ 1 entity" time="0.0007626">
        </testcase>
        <testcase classname="tests/entity-store.test.js" name="EntityStore.getPresentTypes() &gt; returns empty array when chats array is empty" time="0.000423">
        </testcase>
        <testcase classname="tests/entity-store.test.js" name="EntityStore.getPresentTypes() &gt; returns empty array when no chat has any entity arrays" time="0.0002348">
        </testcase>
    </testsuite>
    <testsuite name="tests/entity-tree.test.js" timestamp="2026-03-17T19:02:06.670Z" hostname="Kahana-PC" tests="26" failures="0" errors="0" skipped="0" time="0.1717861">
        <testcase classname="tests/entity-tree.test.js" name="ChatEntityTree — byType mode (default) &gt; render() produces a section header for each type that has entities" time="0.051274">
        </testcase>
        <testcase classname="tests/entity-tree.test.js" name="ChatEntityTree — byType mode (default) &gt; render() does not produce sections for types with no entities" time="0.0090269">
        </testcase>
        <testcase classname="tests/entity-tree.test.js" name="ChatEntityTree — byType mode (default) &gt; render() shows entity cards directly in the section body (no intermediate topic nodes)" time="0.0043382">
        </testcase>
        <testcase classname="tests/entity-tree.test.js" name="ChatEntityTree — byType mode (default) &gt; renders a source chip showing the topic name below the entity card" time="0.0044447">
        </testcase>
        <testcase classname="tests/entity-tree.test.js" name="ChatEntityTree — byType mode (default) &gt; de-duplicates entities with identical text and shows one node with multiple source chips" time="0.0062911">
        </testcase>
        <testcase classname="tests/entity-tree.test.js" name="ChatEntityTree — byType mode (default) &gt; source chips are sorted alphabetically by topic name" time="0.0053849">
        </testcase>
        <testcase classname="tests/entity-tree.test.js" name="ChatEntityTree — byType mode (default) &gt; no count badge when entity appears only once" time="0.0024699">
        </testcase>
        <testcase classname="tests/entity-tree.test.js" name="ChatEntityTree — byType mode (default) &gt; section label shows unique entity count after de-duplication" time="0.0025249">
        </testcase>
        <testcase classname="tests/entity-tree.test.js" name="ChatEntityTree — byTopic mode &gt; render() in byTopic mode produces topic nodes" time="0.0068416">
        </testcase>
        <testcase classname="tests/entity-tree.test.js" name="ChatEntityTree — byTopic mode &gt; render() in byTopic mode uses topic name from topicTree" time="0.0024391">
        </testcase>
        <testcase classname="tests/entity-tree.test.js" name="ChatEntityTree — byTopic mode &gt; byTopic mode renders entity-type badge for each entity" time="0.0036653">
        </testcase>
        <testcase classname="tests/entity-tree.test.js" name="ChatEntityTree — byTopic mode &gt; byTopic mode renders chat node within topic node" time="0.0059618">
        </testcase>
        <testcase classname="tests/entity-tree.test.js" name="ChatEntityTree — byTopic mode &gt; byTopic mode fires entity-click event when card is clicked" time="0.0066761">
        </testcase>
        <testcase classname="tests/entity-tree.test.js" name="ChatEntityTree — byTopic mode &gt; byTopic mode: entities with no topicId fall under Uncategorised" time="0.0026344">
        </testcase>
        <testcase classname="tests/entity-tree.test.js" name="ChatEntityTree — byTopic mode &gt; byTopic mode with no entities renders empty-state message" time="0.0014505">
        </testcase>
        <testcase classname="tests/entity-tree.test.js" name="ChatEntityTree — byTopic mode &gt; byTopic mode: topic collapse toggle hides body" time="0.0053744">
        </testcase>
        <testcase classname="tests/entity-tree.test.js" name="ChatEntityTree — byTopic mode &gt; byTopic mode: uses _defaultCard for types without a custom renderer" time="0.0025334">
        </testcase>
        <testcase classname="tests/entity-tree.test.js" name="ChatEntityTree — setFilter() &gt; setFilter(&quot;code&quot;) hides non-code sections" time="0.0074618">
        </testcase>
        <testcase classname="tests/entity-tree.test.js" name="ChatEntityTree — highlightSearch() &gt; highlightSearch adds highlight markup to matching cards" time="0.009965">
        </testcase>
        <testcase classname="tests/entity-tree.test.js" name="ChatEntityTree — highlightSearch() &gt; clearHighlight re-renders without highlight markup" time="0.0075937">
        </testcase>
        <testcase classname="tests/entity-tree.test.js" name="ChatEntityTree — entity-click event &gt; clicking a card fires the entity-click event with correct payload" time="0.0033666">
        </testcase>
        <testcase classname="tests/entity-tree.test.js" name="ChatEntityTree — empty store &gt; renders an empty-state message when the store has no entities" time="0.0015496">
        </testcase>
        <testcase classname="tests/entity-tree.test.js" name="ChatEntityTree — empty store &gt; does not render any sections when store is empty" time="0.0010161">
        </testcase>
        <testcase classname="tests/entity-tree.test.js" name="ChatEntityTree — topic-tree reverse-lookup &gt; entity with stale chat.topicId=null appears under correct topic when tree has chatId" time="0.0033816">
        </testcase>
        <testcase classname="tests/entity-tree.test.js" name="ChatEntityTree — topic-tree reverse-lookup &gt; chat.topicId fallback used when topic tree has no chatIds entry" time="0.0050722">
        </testcase>
        <testcase classname="tests/entity-tree.test.js" name="ChatEntityTree — topic-tree reverse-lookup &gt; entity goes to Uncategorised when not in topic tree and chat.topicId is null" time="0.0025471">
        </testcase>
    </testsuite>
    <testsuite name="tests/excerpt-format.test.js" timestamp="2026-03-17T19:02:06.688Z" hostname="Kahana-PC" tests="32" failures="0" errors="0" skipped="0" time="0.1085854">
        <testcase classname="tests/excerpt-format.test.js" name="htmlToMarkdown() — div block formatting &gt; separates consecutive &lt;div&gt; lines with newlines" time="0.0167247">
        </testcase>
        <testcase classname="tests/excerpt-format.test.js" name="htmlToMarkdown() — div block formatting &gt; each &lt;div&gt; content appears on its own line" time="0.001893">
        </testcase>
        <testcase classname="tests/excerpt-format.test.js" name="htmlToMarkdown() — div block formatting &gt; handles mixed &lt;div&gt; and inline spans inside divs" time="0.0024228">
        </testcase>
        <testcase classname="tests/excerpt-format.test.js" name="htmlToMarkdown() — div block formatting &gt; nested divs collapse to single block, not doubled blank lines" time="0.0014727">
        </testcase>
        <testcase classname="tests/excerpt-format.test.js" name="htmlToMarkdown() — realistic Copilot response fragments &gt; preserves a definition list rendered as div-per-entry" time="0.0016685">
        </testcase>
        <testcase classname="tests/excerpt-format.test.js" name="htmlToMarkdown() — realistic Copilot response fragments &gt; preserves checkmark items rendered as &lt;ul&gt;&lt;li&gt;" time="0.0032111">
        </testcase>
        <testcase classname="tests/excerpt-format.test.js" name="htmlToMarkdown() — realistic Copilot response fragments &gt; preserves checkmark items rendered as div-per-line" time="0.007453">
        </testcase>
        <testcase classname="tests/excerpt-format.test.js" name="htmlToMarkdown() — realistic Copilot response fragments &gt; preserves a fenced code block inside a div wrapper" time="0.0092099">
        </testcase>
        <testcase classname="tests/excerpt-format.test.js" name="htmlToMarkdown() — realistic Copilot response fragments &gt; preserves bold text inside divs" time="0.001439">
        </testcase>
        <testcase classname="tests/excerpt-format.test.js" name="htmlToMarkdown() — realistic Copilot response fragments &gt; re-creates the exact user-reported selection faithfully" time="0.0024507">
        </testcase>
        <testcase classname="tests/excerpt-format.test.js" name="Excerpt save pipeline — formatting preserved end-to-end &gt; saved content contains each definition on its own line" time="0.003148">
        </testcase>
        <testcase classname="tests/excerpt-format.test.js" name="Excerpt save pipeline — formatting preserved end-to-end &gt; saved content preserves code blocks" time="0.0020682">
        </testcase>
        <testcase classname="tests/excerpt-format.test.js" name="Excerpt save pipeline — formatting preserved end-to-end &gt; saved content preserves unordered list items" time="0.0029181">
        </testcase>
        <testcase classname="tests/excerpt-format.test.js" name="Excerpt save pipeline — formatting preserved end-to-end &gt; title is derived from first meaningful line, not truncated mid-word" time="0.0015743">
        </testcase>
        <testcase classname="tests/excerpt-format.test.js" name="Excerpt save pipeline — formatting preserved end-to-end &gt; title is not repeated as a duplicate first line in the body" time="0.0017941">
        </testcase>
        <testcase classname="tests/excerpt-format.test.js" name="Excerpt save pipeline — formatting preserved end-to-end &gt; full user-reported excerpt: each entry on its own line in saved content" time="0.0029429">
        </testcase>
        <testcase classname="tests/excerpt-format.test.js" name="htmlToMarkdown() — image extraction &gt; emits markdown image for https:// src" time="0.0031004">
        </testcase>
        <testcase classname="tests/excerpt-format.test.js" name="htmlToMarkdown() — image extraction &gt; emits markdown image for data: src" time="0.0009325">
        </testcase>
        <testcase classname="tests/excerpt-format.test.js" name="htmlToMarkdown() — image extraction &gt; emits placeholder for blob: src images (Option E fallback)" time="0.0008524">
        </testcase>
        <testcase classname="tests/excerpt-format.test.js" name="htmlToMarkdown() — image extraction &gt; skips images with empty src" time="0.0009451">
        </testcase>
        <testcase classname="tests/excerpt-format.test.js" name="htmlToMarkdown() — image extraction &gt; image surrounded by text is preserved alongside text" time="0.0015176">
        </testcase>
        <testcase classname="tests/excerpt-format.test.js" name="htmlToMarkdown() — image extraction &gt; emits designer link for Microsoft Designer iframe (by aria-label)" time="0.0023449">
        </testcase>
        <testcase classname="tests/excerpt-format.test.js" name="htmlToMarkdown() — image extraction &gt; emits designer link for Microsoft Designer iframe (by name)" time="0.0010714">
        </testcase>
        <testcase classname="tests/excerpt-format.test.js" name="htmlToMarkdown() — image extraction &gt; extracts image URL from Designer iframe query params if present" time="0.0031497">
        </testcase>
        <testcase classname="tests/excerpt-format.test.js" name="htmlToMarkdown() — image extraction &gt; emits placeholder for Designer iframe with no src" time="0.0008792">
        </testcase>
        <testcase classname="tests/excerpt-format.test.js" name="htmlToMarkdown() — image extraction &gt; ignores non-Designer iframes" time="0.0009743">
        </testcase>
        <testcase classname="tests/excerpt-format.test.js" name="htmlToMarkdown() — M365 Copilot Fluent UI code block &gt; wraps code in a fenced block with the correct language" time="0.003434">
        </testcase>
        <testcase classname="tests/excerpt-format.test.js" name="htmlToMarkdown() — M365 Copilot Fluent UI code block &gt; does not include language label text as a prose line" time="0.0052369">
        </testcase>
        <testcase classname="tests/excerpt-format.test.js" name="htmlToMarkdown() — M365 Copilot Fluent UI code block &gt; strips Copy/Go-to-line button text from the code content" time="0.0021449">
        </testcase>
        <testcase classname="tests/excerpt-format.test.js" name="htmlToMarkdown() — M365 Copilot Fluent UI code block &gt; handles multi-line c8 ignore block correctly" time="0.0059935">
        </testcase>
        <testcase classname="tests/excerpt-format.test.js" name="htmlToMarkdown() — M365 Copilot Fluent UI code block &gt; detected via aria-label=&quot;Code Preview&quot; on the container" time="0.0040512">
        </testcase>
        <testcase classname="tests/excerpt-format.test.js" name="htmlToMarkdown() — M365 Copilot Fluent UI code block &gt; full pipeline: M365 code block excerpt saves with fences intact" time="0.0021496">
        </testcase>
    </testsuite>
    <testsuite name="tests/export-dialog-jsonl.test.js" timestamp="2026-03-17T19:02:06.717Z" hostname="Kahana-PC" tests="42" failures="0" errors="0" skipped="0" time="0.9459704">
        <testcase classname="tests/export-dialog-jsonl.test.js" name="ExportDialog – _doExportChat JSONL &gt; renders a JSONL format card in the dialog" time="0.0825993">
        </testcase>
        <testcase classname="tests/export-dialog-jsonl.test.js" name="ExportDialog – _doExportChat JSONL &gt; calls buildFineTuningJsonl with the chat when JSONL is selected" time="0.0619561">
        </testcase>
        <testcase classname="tests/export-dialog-jsonl.test.js" name="ExportDialog – _doExportChat JSONL &gt; calls triggerDownload with .jsonl extension and application/jsonlines MIME on success" time="0.0225963">
        </testcase>
        <testcase classname="tests/export-dialog-jsonl.test.js" name="ExportDialog – _doExportChat JSONL &gt; calls dialog.alert and does NOT call triggerDownload when buildFineTuningJsonl returns empty string" time="0.0263738">
        </testcase>
        <testcase classname="tests/export-dialog-jsonl.test.js" name="ExportDialog – _doExportChat JSONL &gt; reads the system-message input and passes it as options.systemMessage" time="0.0238476">
        </testcase>
        <testcase classname="tests/export-dialog-jsonl.test.js" name="ExportDialog – _doExportChat JSONL &gt; calls dialog.close(null) on successful export" time="0.0158921">
        </testcase>
        <testcase classname="tests/export-dialog-jsonl.test.js" name="ExportDialog – _doExportDigest JSONL &gt; calls buildFineTuningJsonlMulti with the chats array when JSONL is selected" time="0.0450417">
        </testcase>
        <testcase classname="tests/export-dialog-jsonl.test.js" name="ExportDialog – _doExportDigest JSONL &gt; calls triggerDownload with .jsonl filename when multi returns a non-empty string" time="0.0175787">
        </testcase>
        <testcase classname="tests/export-dialog-jsonl.test.js" name="ExportDialog – _doExportDigest JSONL &gt; calls dialog.alert and does NOT call triggerDownload when multi returns empty string" time="0.0183784">
        </testcase>
        <testcase classname="tests/export-dialog-jsonl.test.js" name="ExportDialog – _doExportDigest JSONL &gt; calls dialog.close(null) on successful digest JSONL export" time="0.0187593">
        </testcase>
        <testcase classname="tests/export-dialog-jsonl.test.js" name="ExportDialog – _doExportTopic JSONL &gt; calls buildFineTuningJsonlMulti with scoped chats when JSONL is selected" time="0.0334135">
        </testcase>
        <testcase classname="tests/export-dialog-jsonl.test.js" name="ExportDialog – _doExportTopic JSONL &gt; uses the chat title as filename for a single-chat JSONL topic export" time="0.0260758">
        </testcase>
        <testcase classname="tests/export-dialog-jsonl.test.js" name="ExportDialog – _doExportTopic JSONL &gt; uses bAInder-finetune-&lt;date&gt;.jsonl filename for multi-chat JSONL topic export" time="0.0455006">
        </testcase>
        <testcase classname="tests/export-dialog-jsonl.test.js" name="ExportDialog – _doExportTopic JSONL &gt; calls dialog.alert when buildFineTuningJsonlMulti returns empty string" time="0.0202556">
        </testcase>
        <testcase classname="tests/export-dialog-jsonl.test.js" name="ExportDialog – section visibility &gt; selecting JSONL hides the #export-style-section" time="0.0136863">
        </testcase>
        <testcase classname="tests/export-dialog-jsonl.test.js" name="ExportDialog – section visibility &gt; selecting JSONL shows the #export-jsonl-section" time="0.0127579">
        </testcase>
        <testcase classname="tests/export-dialog-jsonl.test.js" name="ExportDialog – section visibility &gt; selecting markdown shows #export-style-section and hides #export-jsonl-section" time="0.016111">
        </testcase>
        <testcase classname="tests/export-dialog-jsonl.test.js" name="ExportDialog – section visibility &gt; selecting pdf hides #export-style-section (pdf has no style option)" time="0.0113305">
        </testcase>
        <testcase classname="tests/export-dialog-jsonl.test.js" name="ExportDialog – _doExportChat markdown/html/alert &gt; calls triggerDownload with .md extension for markdown format" time="0.0135794">
        </testcase>
        <testcase classname="tests/export-dialog-jsonl.test.js" name="ExportDialog – _doExportChat markdown/html/alert &gt; calls triggerDownload with .html extension for html format" time="0.0176199">
        </testcase>
        <testcase classname="tests/export-dialog-jsonl.test.js" name="ExportDialog – _doExportChat markdown/html/alert &gt; calls dialog.alert and does not call show when chat is null" time="0.0021563">
        </testcase>
        <testcase classname="tests/export-dialog-jsonl.test.js" name="ExportDialog – _doExportChat pdf / _openPrintWindow &gt; calls window.open and dialog.close when pdf format exports successfully" time="0.0270963">
        </testcase>
        <testcase classname="tests/export-dialog-jsonl.test.js" name="ExportDialog – _doExportChat pdf / _openPrintWindow &gt; calls dialog.alert when window.open returns null (pop-ups blocked)" time="0.014522">
        </testcase>
        <testcase classname="tests/export-dialog-jsonl.test.js" name="ExportDialog – _doExportChat pdf / _openPrintWindow &gt; calls _openPrintWindow for a single-chat topic PDF export" time="0.0243824">
        </testcase>
        <testcase classname="tests/export-dialog-jsonl.test.js" name="ExportDialog – _doExportChat pdf / _openPrintWindow &gt; alerts and downloads a ZIP when PDF is selected with 2+ chats in topic" time="0.0288619">
        </testcase>
        <testcase classname="tests/export-dialog-jsonl.test.js" name="ExportDialog – _doExportChat pdf / _openPrintWindow &gt; calls _openPrintWindow for digest PDF export" time="0.0195478">
        </testcase>
        <testcase classname="tests/export-dialog-jsonl.test.js" name="ExportDialog – showExportTopic &gt; calls dialog.alert and does not show dialog when topic is null" time="0.0020797">
        </testcase>
        <testcase classname="tests/export-dialog-jsonl.test.js" name="ExportDialog – showExportTopic &gt; calls dialog.alert when chats is not an array" time="0.0016939">
        </testcase>
        <testcase classname="tests/export-dialog-jsonl.test.js" name="ExportDialog – showExportTopic &gt; calls dialog.show when topic and chats are valid" time="0.0133315">
        </testcase>
        <testcase classname="tests/export-dialog-jsonl.test.js" name="ExportDialog – showExportTopic &gt; downloads .md when markdown format and scope collects 1 chat" time="0.0186472">
        </testcase>
        <testcase classname="tests/export-dialog-jsonl.test.js" name="ExportDialog – showExportTopic &gt; downloads .html when html format and scope collects 1 chat" time="0.0178889">
        </testcase>
        <testcase classname="tests/export-dialog-jsonl.test.js" name="ExportDialog – showExportTopic &gt; calls dialog.alert when no chats match the selected scope" time="0.0168119">
        </testcase>
        <testcase classname="tests/export-dialog-jsonl.test.js" name="ExportDialog – showExportTree &gt; calls dialog.alert and does not show dialog when chats is not an array" time="0.0031626">
        </testcase>
        <testcase classname="tests/export-dialog-jsonl.test.js" name="ExportDialog – showExportTree &gt; renders the dialog with &quot;Entire Tree&quot; in the title when chats is valid" time="0.0202494">
        </testcase>
        <testcase classname="tests/export-dialog-jsonl.test.js" name="ExportDialog – _doExportTopic multi-chat markdown/html via scope &gt; downloads a ZIP with .md files when 2 chats in topic and markdown format" time="0.0274613">
        </testcase>
        <testcase classname="tests/export-dialog-jsonl.test.js" name="ExportDialog – _doExportTopic multi-chat markdown/html via scope &gt; downloads a ZIP with .html files when 2 chats and html format" time="0.0345343">
        </testcase>
        <testcase classname="tests/export-dialog-jsonl.test.js" name="ExportDialog – _doExportTopic multi-chat markdown/html via scope &gt; collects chats from entire-tree scope when scope radio is entire-tree" time="0.0194378">
        </testcase>
        <testcase classname="tests/export-dialog-jsonl.test.js" name="ExportDialog – _doExportTopic multi-chat markdown/html via scope &gt; collects chats recursively from subtopics when scope is topic-recursive" time="0.0245784">
        </testcase>
        <testcase classname="tests/export-dialog-jsonl.test.js" name="ExportDialog – _doExportDigest markdown/html &gt; calls triggerDownload with .md extension for digest markdown export" time="0.0170846">
        </testcase>
        <testcase classname="tests/export-dialog-jsonl.test.js" name="ExportDialog – _doExportDigest markdown/html &gt; calls triggerDownload with .html extension for digest html export" time="0.029922">
        </testcase>
        <testcase classname="tests/export-dialog-jsonl.test.js" name="ExportDialog – _doExportDigest markdown/html &gt; calls dialog.alert when selectedChats has fewer than 2 entries" time="0.0221634">
        </testcase>
        <testcase classname="tests/export-dialog-jsonl.test.js" name="ExportDialog – _doExportDigest markdown/html &gt; calls dialog.alert when selectedChats is not an array" time="0.0019286">
        </testcase>
    </testsuite>
    <testsuite name="tests/export-engine.test.js" timestamp="2026-03-17T19:02:06.746Z" hostname="Kahana-PC" tests="228" failures="0" errors="0" skipped="0" time="0.3257061">
        <testcase classname="tests/export-engine.test.js" name="sanitizeFilename() &gt; returns &quot;untitled&quot; for empty string" time="0.0034066">
        </testcase>
        <testcase classname="tests/export-engine.test.js" name="sanitizeFilename() &gt; returns &quot;untitled&quot; for null" time="0.0004002">
        </testcase>
        <testcase classname="tests/export-engine.test.js" name="sanitizeFilename() &gt; returns &quot;untitled&quot; for undefined" time="0.0002576">
        </testcase>
        <testcase classname="tests/export-engine.test.js" name="sanitizeFilename() &gt; lowercases and replaces spaces with hyphens" time="0.0004405">
        </testcase>
        <testcase classname="tests/export-engine.test.js" name="sanitizeFilename() &gt; strips characters invalid in file names" time="0.0006622">
        </testcase>
        <testcase classname="tests/export-engine.test.js" name="sanitizeFilename() &gt; collapses multiple consecutive spaces into a single hyphen" time="0.0003119">
        </testcase>
        <testcase classname="tests/export-engine.test.js" name="sanitizeFilename() &gt; collapses multiple consecutive hyphens into one" time="0.0002903">
        </testcase>
        <testcase classname="tests/export-engine.test.js" name="sanitizeFilename() &gt; strips leading hyphens" time="0.0003553">
        </testcase>
        <testcase classname="tests/export-engine.test.js" name="sanitizeFilename() &gt; strips trailing hyphens" time="0.0003578">
        </testcase>
        <testcase classname="tests/export-engine.test.js" name="sanitizeFilename() &gt; truncates names longer than 80 characters" time="0.0003906">
        </testcase>
        <testcase classname="tests/export-engine.test.js" name="sanitizeFilename() &gt; returns an already-clean name unchanged (lowercased)" time="0.0002376">
        </testcase>
        <testcase classname="tests/export-engine.test.js" name="sanitizeFilename() &gt; returns &quot;untitled&quot; when input contains only special chars" time="0.0007247">
        </testcase>
        <testcase classname="tests/export-engine.test.js" name="buildTopicPath() &gt; returns &quot;Uncategorised&quot; for null topicId" time="0.0006456">
        </testcase>
        <testcase classname="tests/export-engine.test.js" name="buildTopicPath() &gt; returns &quot;Uncategorised&quot; for undefined topicId" time="0.0004754">
        </testcase>
        <testcase classname="tests/export-engine.test.js" name="buildTopicPath() &gt; returns &quot;Uncategorised&quot; for a topicId not in the map" time="0.0003327">
        </testcase>
        <testcase classname="tests/export-engine.test.js" name="buildTopicPath() &gt; returns just the topic name for a root topic" time="0.0002732">
        </testcase>
        <testcase classname="tests/export-engine.test.js" name="buildTopicPath() &gt; builds a breadcrumb path for a child topic" time="0.0002603">
        </testcase>
        <testcase classname="tests/export-engine.test.js" name="buildTopicPath() &gt; returns &quot;Uncategorised&quot; when topicsMap is null" time="0.0001892">
        </testcase>
        <testcase classname="tests/export-engine.test.js" name="buildTopicPath() &gt; does not infinite-loop on circular references" time="0.0019209">
        </testcase>
        <testcase classname="tests/export-engine.test.js" name="buildExportMarkdown() &gt; returns empty string for null chat" time="0.0008058">
        </testcase>
        <testcase classname="tests/export-engine.test.js" name="buildExportMarkdown() &gt; result starts with a YAML frontmatter delimiter" time="0.0354544">
        </testcase>
        <testcase classname="tests/export-engine.test.js" name="buildExportMarkdown() &gt; contains title in frontmatter" time="0.0016216">
        </testcase>
        <testcase classname="tests/export-engine.test.js" name="buildExportMarkdown() &gt; contains source in frontmatter" time="0.0011681">
        </testcase>
        <testcase classname="tests/export-engine.test.js" name="buildExportMarkdown() &gt; contains topic path in frontmatter" time="0.0011649">
        </testcase>
        <testcase classname="tests/export-engine.test.js" name="buildExportMarkdown() &gt; contains chat_id in frontmatter" time="0.001263">
        </testcase>
        <testcase classname="tests/export-engine.test.js" name="buildExportMarkdown() &gt; contains exported date field in frontmatter" time="0.0010117">
        </testcase>
        <testcase classname="tests/export-engine.test.js" name="buildExportMarkdown() &gt; includes tags in frontmatter when tags are present" time="0.0010493">
        </testcase>
        <testcase classname="tests/export-engine.test.js" name="buildExportMarkdown() &gt; omits tags line when chat.tags is empty" time="0.001279">
        </testcase>
        <testcase classname="tests/export-engine.test.js" name="buildExportMarkdown() &gt; for a regular chat: includes ## Conversation heading" time="0.0011118">
        </testcase>
        <testcase classname="tests/export-engine.test.js" name="buildExportMarkdown() &gt; renders ### User heading for user messages" time="0.0013836">
        </testcase>
        <testcase classname="tests/export-engine.test.js" name="buildExportMarkdown() &gt; renders ### Assistant heading for assistant messages" time="0.0010883">
        </testcase>
        <testcase classname="tests/export-engine.test.js" name="buildExportMarkdown() &gt; for an excerpt chat: does NOT include # Title heading" time="0.0011006">
        </testcase>
        <testcase classname="tests/export-engine.test.js" name="buildExportMarkdown() &gt; for excerpt: does NOT include ## Conversation heading" time="0.0007867">
        </testcase>
        <testcase classname="tests/export-engine.test.js" name="buildExportMarkdown() &gt; falls back to stripping existing frontmatter from chat.content when messages array is empty" time="0.0011985">
        </testcase>
        <testcase classname="tests/export-engine.test.js" name="buildExportMarkdown() &gt; ends with the bAInder export footer line" time="0.0011692">
        </testcase>
        <testcase classname="tests/export-engine.test.js" name="buildExportMarkdown() &gt; capitalises custom message role (cap fallback, line 79)" time="0.0012715">
        </testcase>
        <testcase classname="tests/export-engine.test.js" name="buildExportMarkdown() &gt; uses &quot;Unknown&quot; when msg.role is null in buildExportMarkdown (|| &quot;Unknown&quot; branch)" time="0.0012079">
        </testcase>
        <testcase classname="tests/export-engine.test.js" name="buildExportHtml() &gt; returns a non-empty HTML string for null chat" time="0.0011856">
        </testcase>
        <testcase classname="tests/export-engine.test.js" name="buildExportHtml() &gt; result is a complete HTML document starting with &lt;!DOCTYPE html&gt;" time="0.0032542">
        </testcase>
        <testcase classname="tests/export-engine.test.js" name="buildExportHtml() &gt; contains &lt;html element" time="0.0011805">
        </testcase>
        <testcase classname="tests/export-engine.test.js" name="buildExportHtml() &gt; contains &lt;head element" time="0.0011591">
        </testcase>
        <testcase classname="tests/export-engine.test.js" name="buildExportHtml() &gt; contains &lt;body element" time="0.0015889">
        </testcase>
        <testcase classname="tests/export-engine.test.js" name="buildExportHtml() &gt; contains the chat title in a &lt;title&gt; tag" time="0.0011655">
        </testcase>
        <testcase classname="tests/export-engine.test.js" name="buildExportHtml() &gt; contains a &lt;style&gt; block" time="0.0011477">
        </testcase>
        <testcase classname="tests/export-engine.test.js" name="buildExportHtml() &gt; contains turn-user class for user messages" time="0.0012185">
        </testcase>
        <testcase classname="tests/export-engine.test.js" name="buildExportHtml() &gt; contains turn-assistant class for assistant messages" time="0.0010537">
        </testcase>
        <testcase classname="tests/export-engine.test.js" name="buildExportHtml() &gt; for an excerpt chat: does NOT include an &lt;h1&gt; title" time="0.0010757">
        </testcase>
        <testcase classname="tests/export-engine.test.js" name="buildExportHtml() &gt; for a messages-less chat: falls back to content-stripped body" time="0.0015145">
        </testcase>
        <testcase classname="tests/export-engine.test.js" name="buildExportHtml() &gt; options.style &quot;academic&quot; uses Georgia serif font in CSS" time="0.0010716">
        </testcase>
        <testcase classname="tests/export-engine.test.js" name="buildExportHtml() &gt; options.style &quot;raw&quot; uses system-ui font in CSS" time="0.0011036">
        </testcase>
        <testcase classname="tests/export-engine.test.js" name="buildZipPayload() &gt; null/empty tree and chats still returns README.md and _metadata.json" time="0.0027569">
        </testcase>
        <testcase classname="tests/export-engine.test.js" name="buildZipPayload() &gt; scope &quot;all&quot; includes all topics _topic.json files" time="0.0072864">
        </testcase>
        <testcase classname="tests/export-engine.test.js" name="buildZipPayload() &gt; scope &quot;topic&quot; only includes the specified topic folder" time="0.0045123">
        </testcase>
        <testcase classname="tests/export-engine.test.js" name="buildZipPayload() &gt; scope &quot;topic-recursive&quot; includes topic and its children" time="0.0034951">
        </testcase>
        <testcase classname="tests/export-engine.test.js" name="buildZipPayload() &gt; all file paths start with bAInder-export- root folder" time="0.0050158">
        </testcase>
        <testcase classname="tests/export-engine.test.js" name="buildZipPayload() &gt; each topic folder includes a _topic.json file" time="0.0020836">
        </testcase>
        <testcase classname="tests/export-engine.test.js" name="buildZipPayload() &gt; each chat produces a .md file when format is markdown" time="0.003174">
        </testcase>
        <testcase classname="tests/export-engine.test.js" name="buildZipPayload() &gt; each chat produces a .html file when format is html" time="0.0018422">
        </testcase>
        <testcase classname="tests/export-engine.test.js" name="buildZipPayload() &gt; two chats with same title in same topic get unique filenames" time="0.0033942">
        </testcase>
        <testcase classname="tests/export-engine.test.js" name="buildZipPayload() &gt; README.md is always included at root" time="0.0011191">
        </testcase>
        <testcase classname="tests/export-engine.test.js" name="buildZipPayload() &gt; _metadata.json is always included at root" time="0.0015277">
        </testcase>
        <testcase classname="tests/export-engine.test.js" name="buildMetadataJson() &gt; null tree returns object with total_topics: 0" time="0.0074219">
        </testcase>
        <testcase classname="tests/export-engine.test.js" name="buildMetadataJson() &gt; empty chats array → statistics.sources is empty object" time="0.0009354">
        </testcase>
        <testcase classname="tests/export-engine.test.js" name="buildMetadataJson() &gt; correctly counts sources from chats" time="0.0040168">
        </testcase>
        <testcase classname="tests/export-engine.test.js" name="buildMetadataJson() &gt; contains export_version &quot;1.0&quot;" time="0.0004703">
        </testcase>
        <testcase classname="tests/export-engine.test.js" name="buildMetadataJson() &gt; contains bainder_version &quot;1.0.0&quot;" time="0.0003256">
        </testcase>
        <testcase classname="tests/export-engine.test.js" name="buildMetadataJson() &gt; export_date is a valid ISO 8601 string" time="0.0007075">
        </testcase>
        <testcase classname="tests/export-engine.test.js" name="buildMetadataJson() &gt; date_range uses timestamps from chats for first and last chat" time="0.0004945">
        </testcase>
        <testcase classname="tests/export-engine.test.js" name="buildReadme() &gt; null stats still returns a non-empty string" time="0.0003676">
        </testcase>
        <testcase classname="tests/export-engine.test.js" name="buildReadme() &gt; contains bAInder branding" time="0.0007801">
        </testcase>
        <testcase classname="tests/export-engine.test.js" name="buildReadme() &gt; contains the exported date" time="0.0007175">
        </testcase>
        <testcase classname="tests/export-engine.test.js" name="buildReadme() &gt; contains total topics count" time="0.0006774">
        </testcase>
        <testcase classname="tests/export-engine.test.js" name="buildReadme() &gt; contains total chats count" time="0.0015397">
        </testcase>
        <testcase classname="tests/export-engine.test.js" name="buildReadme() &gt; contains a grep example command" time="0.0008178">
        </testcase>
        <testcase classname="tests/export-engine.test.js" name="buildReadme() &gt; for html format: mentions .html extension in grep examples" time="0.0007924">
        </testcase>
        <testcase classname="tests/export-engine.test.js" name="_mdToHtml() &gt; returns empty string for empty input" time="0.00039">
        </testcase>
        <testcase classname="tests/export-engine.test.js" name="_mdToHtml() &gt; returns empty string for null input" time="0.000421">
        </testcase>
        <testcase classname="tests/export-engine.test.js" name="_mdToHtml() &gt; wraps plain text in &lt;p&gt; tags" time="0.0004435">
        </testcase>
        <testcase classname="tests/export-engine.test.js" name="_mdToHtml() &gt; converts **bold** to &lt;strong&gt;" time="0.0003787">
        </testcase>
        <testcase classname="tests/export-engine.test.js" name="_mdToHtml() &gt; converts *italic* to &lt;em&gt;" time="0.0003374">
        </testcase>
        <testcase classname="tests/export-engine.test.js" name="_mdToHtml() &gt; converts `inline code` to &lt;code&gt;" time="0.0003325">
        </testcase>
        <testcase classname="tests/export-engine.test.js" name="_mdToHtml() &gt; converts # Heading to &lt;h1&gt;" time="0.0004022">
        </testcase>
        <testcase classname="tests/export-engine.test.js" name="_mdToHtml() &gt; converts ## Heading 2 to &lt;h2&gt;" time="0.0003268">
        </testcase>
        <testcase classname="tests/export-engine.test.js" name="_mdToHtml() &gt; converts fenced code blocks to &lt;pre&gt;&lt;code&gt;" time="0.0006699">
        </testcase>
        <testcase classname="tests/export-engine.test.js" name="_mdToHtml() &gt; adds language class to fenced code blocks with a language specifier" time="0.0004676">
        </testcase>
        <testcase classname="tests/export-engine.test.js" name="_mdToHtml() &gt; converts - list item to &lt;ul&gt;&lt;li&gt;" time="0.0004602">
        </testcase>
        <testcase classname="tests/export-engine.test.js" name="_mdToHtml() &gt; converts &gt; blockquote to &lt;blockquote&gt;" time="0.0003622">
        </testcase>
        <testcase classname="tests/export-engine.test.js" name="_mdToHtml() &gt; converts --- to &lt;hr&gt;" time="0.0002814">
        </testcase>
        <testcase classname="tests/export-engine.test.js" name="_mdToHtml() &gt; escapes &lt;script&gt; tags in plain text (XSS safety)" time="0.0003825">
        </testcase>
        <testcase classname="tests/export-engine.test.js" name="triggerDownload() &gt; calls URL.createObjectURL to create a Blob URL" time="0.0019346">
        </testcase>
        <testcase classname="tests/export-engine.test.js" name="triggerDownload() &gt; passes a Blob to URL.createObjectURL" time="0.0010261">
        </testcase>
        <testcase classname="tests/export-engine.test.js" name="triggerDownload() &gt; Blob content type matches the mimeType argument" time="0.000617">
        </testcase>
        <testcase classname="tests/export-engine.test.js" name="triggerDownload() &gt; calls URL.revokeObjectURL after the cleanup timeout fires" time="0.0091813">
        </testcase>
        <testcase classname="tests/export-engine.test.js" name="triggerDownload() &gt; passes the Blob through directly when content is already a Blob" time="0.0009088">
        </testcase>
        <testcase classname="tests/export-engine.test.js" name="triggerDownload() &gt; infers MIME type from filename when mimeType arg is omitted" time="0.0009082">
        </testcase>
        <testcase classname="tests/export-engine.test.js" name="triggerDownload() &gt; invokes the click driver with the object URL and filename" time="0.0009107">
        </testcase>
        <testcase classname="tests/export-engine.test.js" name="triggerDownload() &gt; does not call document.createElement or touch document.body" time="0.0021181">
        </testcase>
        <testcase classname="tests/export-engine.test.js" name="sanitizeFilename() – truncation and trailing-char cleanup &gt; removes trailing hyphen produced by 80-char slice" time="0.0006054">
        </testcase>
        <testcase classname="tests/export-engine.test.js" name="sanitizeFilename() – truncation and trailing-char cleanup &gt; returns &quot;untitled&quot; when input is only invalid characters" time="0.0003663">
        </testcase>
        <testcase classname="tests/export-engine.test.js" name="sanitizeFilename() – truncation and trailing-char cleanup &gt; handles a name that is exactly 80 characters (no truncation)" time="0.0003767">
        </testcase>
        <testcase classname="tests/export-engine.test.js" name="buildZipPayload() – scope fallback and unassigned chats &gt; falls back to all topics when scope is &quot;topic&quot; but topicId is not provided" time="0.0010345">
        </testcase>
        <testcase classname="tests/export-engine.test.js" name="buildZipPayload() – scope fallback and unassigned chats &gt; includes unassigned chats (no topicId) when scope is &quot;all&quot;" time="0.0018133">
        </testcase>
        <testcase classname="tests/export-engine.test.js" name="buildZipPayload() – scope fallback and unassigned chats &gt; excludes unassigned chats when scope is &quot;topic&quot;" time="0.001397">
        </testcase>
        <testcase classname="tests/export-engine.test.js" name="EXPORT_ENGINE_VERSION &gt; is exported as a string" time="0.0004797">
        </testcase>
        <testcase classname="tests/export-engine.test.js" name="EXPORT_ENGINE_VERSION &gt; equals &quot;1.0&quot;" time="0.000373">
        </testcase>
        <testcase classname="tests/export-engine.test.js" name="cap() &gt; capitalises the first letter of a string" time="0.0004394">
        </testcase>
        <testcase classname="tests/export-engine.test.js" name="cap() &gt; returns empty string for empty input" time="0.0006452">
        </testcase>
        <testcase classname="tests/export-engine.test.js" name="cap() &gt; returns empty string for falsy input" time="0.0003844">
        </testcase>
        <testcase classname="tests/export-engine.test.js" name="cap() &gt; leaves already-capitalised strings unchanged" time="0.0061377">
        </testcase>
        <testcase classname="tests/export-engine.test.js" name="escCode() &gt; escapes &amp; &lt; &gt; in code content" time="0.0004331">
        </testcase>
        <testcase classname="tests/export-engine.test.js" name="escCode() &gt; returns plain text unchanged when no special chars present" time="0.000337">
        </testcase>
        <testcase classname="tests/export-engine.test.js" name="stripFrontmatter() &gt; strips YAML frontmatter from markdown" time="0.000329">
        </testcase>
        <testcase classname="tests/export-engine.test.js" name="stripFrontmatter() &gt; returns original string when no frontmatter delimiter present" time="0.0003533">
        </testcase>
        <testcase classname="tests/export-engine.test.js" name="stripFrontmatter() &gt; returns empty string for falsy input" time="0.0004173">
        </testcase>
        <testcase classname="tests/export-engine.test.js" name="stripFrontmatter() &gt; returns original when opening --- has no closing ---" time="0.000369">
        </testcase>
        <testcase classname="tests/export-engine.test.js" name="guessMime() &gt; returns text/html for .html files" time="0.0003139">
        </testcase>
        <testcase classname="tests/export-engine.test.js" name="guessMime() &gt; returns application/zip for .zip files" time="0.0002854">
        </testcase>
        <testcase classname="tests/export-engine.test.js" name="guessMime() &gt; returns application/json for .json files" time="0.0002723">
        </testcase>
        <testcase classname="tests/export-engine.test.js" name="guessMime() &gt; returns application/pdf for .pdf files" time="0.0002962">
        </testcase>
        <testcase classname="tests/export-engine.test.js" name="guessMime() &gt; returns text/markdown as default for unknown extensions" time="0.00032">
        </testcase>
        <testcase classname="tests/export-engine.test.js" name="guessMime() &gt; returns text/markdown for .md files" time="0.000344">
        </testcase>
        <testcase classname="tests/export-engine.test.js" name="digestAnchor() &gt; converts title to lowercase slug with 1-based index suffix" time="0.0006715">
        </testcase>
        <testcase classname="tests/export-engine.test.js" name="digestAnchor() &gt; uses index offset correctly for non-zero index" time="0.0003852">
        </testcase>
        <testcase classname="tests/export-engine.test.js" name="digestAnchor() &gt; falls back to &quot;untitled&quot; slug for empty title (|| &quot;chat&quot; only fires on all-special chars)" time="0.000311">
        </testcase>
        <testcase classname="tests/export-engine.test.js" name="digestAnchor() &gt; falls back to &quot;chat&quot; slug when title is only special characters" time="0.0003181">
        </testcase>
        <testcase classname="tests/export-engine.test.js" name="digestAnchor() &gt; strips special chars from title" time="0.000397">
        </testcase>
        <testcase classname="tests/export-engine.test.js" name="formatDateHuman() &gt; returns empty string for falsy timestamp" time="0.0003667">
        </testcase>
        <testcase classname="tests/export-engine.test.js" name="formatDateHuman() &gt; returns a non-empty string for a valid timestamp" time="0.0008122">
        </testcase>
        <testcase classname="tests/export-engine.test.js" name="getDigestCss() &gt; returns a non-empty CSS string" time="0.0005731">
        </testcase>
        <testcase classname="tests/export-engine.test.js" name="getDigestCss() &gt; includes the provided font stack" time="0.0003953">
        </testcase>
        <testcase classname="tests/export-engine.test.js" name="getDigestCss() &gt; includes .toc style rules" time="0.0003462">
        </testcase>
        <testcase classname="tests/export-engine.test.js" name="getDigestCss() &gt; includes .chat-section style rules" time="0.0003158">
        </testcase>
        <testcase classname="tests/export-engine.test.js" name="getExportCss() &gt; returns a non-empty CSS string" time="0.0003173">
        </testcase>
        <testcase classname="tests/export-engine.test.js" name="getExportCss() &gt; includes .turn-user and .turn-assistant rules" time="0.0003482">
        </testcase>
        <testcase classname="tests/export-engine.test.js" name="fontStackForStyle() &gt; &quot;academic&quot; style returns a serif font stack" time="0.000266">
        </testcase>
        <testcase classname="tests/export-engine.test.js" name="fontStackForStyle() &gt; &quot;blog&quot; style returns a serif font stack" time="0.000268">
        </testcase>
        <testcase classname="tests/export-engine.test.js" name="fontStackForStyle() &gt; &quot;raw&quot; style returns a system-ui sans-serif stack" time="0.0002507">
        </testcase>
        <testcase classname="tests/export-engine.test.js" name="fontStackForStyle() &gt; unknown style returns a system-ui stack" time="0.0002375">
        </testcase>
        <testcase classname="tests/export-engine.test.js" name="inlineMd() &gt; converts ~~text~~ to &lt;del&gt;" time="0.0003733">
        </testcase>
        <testcase classname="tests/export-engine.test.js" name="inlineMd() &gt; converts [label](https://example.com) to &lt;a href&gt;" time="0.0005984">
        </testcase>
        <testcase classname="tests/export-engine.test.js" name="inlineMd() &gt; replaces unsafe javascript: href with #" time="0.0005179">
        </testcase>
        <testcase classname="tests/export-engine.test.js" name="inlineMd() &gt; replaces unsafe data: href with #" time="0.0002983">
        </testcase>
        <testcase classname="tests/export-engine.test.js" name="inlineMd() &gt; allows mailto: links" time="0.0002951">
        </testcase>
        <testcase classname="tests/export-engine.test.js" name="inlineMd() &gt; allows fragment-only links" time="0.0003077">
        </testcase>
        <testcase classname="tests/export-engine.test.js" name="_mdToHtml() — ordered list and edge cases &gt; renders numbered list item (1. item) as &lt;li&gt;" time="0.0004388">
        </testcase>
        <testcase classname="tests/export-engine.test.js" name="_mdToHtml() — ordered list and edge cases &gt; renders multiple ordered list items" time="0.0005188">
        </testcase>
        <testcase classname="tests/export-engine.test.js" name="_mdToHtml() — ordered list and edge cases &gt; flushes an unclosed fenced code block at end of input" time="0.0003578">
        </testcase>
        <testcase classname="tests/export-engine.test.js" name="_mdToHtml() — ordered list and edge cases &gt; converts ### heading to &lt;h3&gt;" time="0.0002992">
        </testcase>
        <testcase classname="tests/export-engine.test.js" name="_mdToHtml() — ordered list and edge cases &gt; converts *** horizontal rule to &lt;hr&gt;" time="0.0003236">
        </testcase>
        <testcase classname="tests/export-engine.test.js" name="collectDescendants() &gt; returns a set containing just the root when it has no children" time="0.0004432">
        </testcase>
        <testcase classname="tests/export-engine.test.js" name="collectDescendants() &gt; collects root and all descendants" time="0.0005194">
        </testcase>
        <testcase classname="tests/export-engine.test.js" name="collectDescendants() &gt; handles circular child references without infinite loop" time="0.0006899">
        </testcase>
        <testcase classname="tests/export-engine.test.js" name="collectDescendants() &gt; handles a topicId that does not exist in the map" time="0.0008824">
        </testcase>
        <testcase classname="tests/export-engine.test.js" name="buildTopicFolderPaths() &gt; returns a Map with an entry for each topic" time="0.0002737">
        </testcase>
        <testcase classname="tests/export-engine.test.js" name="buildTopicFolderPaths() &gt; root topic path is just its sanitised name" time="0.0002959">
        </testcase>
        <testcase classname="tests/export-engine.test.js" name="buildTopicFolderPaths() &gt; child topic path includes parent folder" time="0.0002336">
        </testcase>
        <testcase classname="tests/export-engine.test.js" name="buildTopicFolderPaths() &gt; handles empty map without throwing" time="0.0004181">
        </testcase>
        <testcase classname="tests/export-engine.test.js" name="buildTopicFolderPaths() &gt; handles a topic whose parentId is not in the map" time="0.0003264">
        </testcase>
        <testcase classname="tests/export-engine.test.js" name="buildDigestMarkdown() &gt; returns empty string for null chats" time="0.0006983">
        </testcase>
        <testcase classname="tests/export-engine.test.js" name="buildDigestMarkdown() &gt; returns empty string for empty chats array" time="0.0002412">
        </testcase>
        <testcase classname="tests/export-engine.test.js" name="buildDigestMarkdown() &gt; result starts with YAML frontmatter" time="0.0028475">
        </testcase>
        <testcase classname="tests/export-engine.test.js" name="buildDigestMarkdown() &gt; contains bAInder Digest title heading" time="0.0023924">
        </testcase>
        <testcase classname="tests/export-engine.test.js" name="buildDigestMarkdown() &gt; includes a table of contents when includeToc is not false" time="0.0016565">
        </testcase>
        <testcase classname="tests/export-engine.test.js" name="buildDigestMarkdown() &gt; omits table of contents when includeToc: false" time="0.0015032">
        </testcase>
        <testcase classname="tests/export-engine.test.js" name="buildDigestMarkdown() &gt; contains each chat title as a ## heading" time="0.0017213">
        </testcase>
        <testcase classname="tests/export-engine.test.js" name="buildDigestMarkdown() &gt; contains ### User and ### Assistant for chat with messages" time="0.001887">
        </testcase>
        <testcase classname="tests/export-engine.test.js" name="buildDigestMarkdown() &gt; falls back to content body for chat with no messages" time="0.0016458">
        </testcase>
        <testcase classname="tests/export-engine.test.js" name="buildDigestMarkdown() &gt; includes digest footer line" time="0.0015957">
        </testcase>
        <testcase classname="tests/export-engine.test.js" name="buildDigestMarkdown() &gt; uses === separator between chats" time="0.0018172">
        </testcase>
        <testcase classname="tests/export-engine.test.js" name="buildDigestMarkdown() &gt; forAssembly option uses messagesToMarkdown for messages" time="0.0019117">
        </testcase>
        <testcase classname="tests/export-engine.test.js" name="buildDigestMarkdown() &gt; handles a role other than user/assistant (capitalises it)" time="0.0013122">
        </testcase>
        <testcase classname="tests/export-engine.test.js" name="buildDigestMarkdown() &gt; uses &quot;Unknown&quot; when msg.role is falsy (|| &quot;Unknown&quot; fallback, line 79)" time="0.0014745">
        </testcase>
        <testcase classname="tests/export-engine.test.js" name="buildDigestMarkdown() &gt; accepts null topicsMap and uses empty object fallback (|| {} on line 117)" time="0.0019365">
        </testcase>
        <testcase classname="tests/export-engine.test.js" name="buildDigestMarkdown() &gt; uses &quot;Untitled Chat&quot; when chat title is missing in ToC (|| &quot;Untitled Chat&quot; fallback)" time="0.0014739">
        </testcase>
        <testcase classname="tests/export-engine.test.js" name="buildDigestMarkdown() &gt; single chat does not produce &quot;chats&quot; plural in subtitle" time="0.0012686">
        </testcase>
        <testcase classname="tests/export-engine.test.js" name="buildDigestHtml() &gt; returns fallback HTML for null chats" time="0.0009276">
        </testcase>
        <testcase classname="tests/export-engine.test.js" name="buildDigestHtml() &gt; returns fallback HTML for empty chats array" time="0.0003912">
        </testcase>
        <testcase classname="tests/export-engine.test.js" name="buildDigestHtml() &gt; returns a complete HTML document for valid chats" time="0.0024522">
        </testcase>
        <testcase classname="tests/export-engine.test.js" name="buildDigestHtml() &gt; title says &quot;bAInder Digest&quot;" time="0.0020649">
        </testcase>
        <testcase classname="tests/export-engine.test.js" name="buildDigestHtml() &gt; includes a &lt;nav class=&quot;toc&quot;&gt; when includeToc is not false" time="0.0019186">
        </testcase>
        <testcase classname="tests/export-engine.test.js" name="buildDigestHtml() &gt; omits TOC when includeToc: false" time="0.0027435">
        </testcase>
        <testcase classname="tests/export-engine.test.js" name="buildDigestHtml() &gt; each chat gets a &lt;section class=&quot;chat-section&quot;&gt;" time="0.0020331">
        </testcase>
        <testcase classname="tests/export-engine.test.js" name="buildDigestHtml() &gt; contains turn-user and turn-assistant for chats with messages" time="0.0019626">
        </testcase>
        <testcase classname="tests/export-engine.test.js" name="buildDigestHtml() &gt; falls back to content body for chat with no messages" time="0.0017485">
        </testcase>
        <testcase classname="tests/export-engine.test.js" name="buildDigestHtml() &gt; style &quot;academic&quot; uses Georgia serif font" time="0.0017265">
        </testcase>
        <testcase classname="tests/export-engine.test.js" name="buildDigestHtml() &gt; uses null topicsMap safely" time="0.001936">
        </testcase>
        <testcase classname="tests/export-engine.test.js" name="buildDigestHtml() &gt; count pluralises to &quot;chats&quot; for multiple chats" time="0.0016115">
        </testcase>
        <testcase classname="tests/export-engine.test.js" name="buildDigestHtml() &gt; count is singular for exactly one chat" time="0.0012571">
        </testcase>
        <testcase classname="tests/export-engine.test.js" name="triggerDownload() — default DOM driver &gt; creates an anchor element via document.createElement(&quot;a&quot;)" time="0.0025153">
        </testcase>
        <testcase classname="tests/export-engine.test.js" name="triggerDownload() — default DOM driver &gt; sets href to the object URL" time="0.0012545">
        </testcase>
        <testcase classname="tests/export-engine.test.js" name="triggerDownload() — default DOM driver &gt; sets download attribute to the filename" time="0.0013424">
        </testcase>
        <testcase classname="tests/export-engine.test.js" name="triggerDownload() — default DOM driver &gt; appends the anchor to document.body" time="0.0019815">
        </testcase>
        <testcase classname="tests/export-engine.test.js" name="triggerDownload() — default DOM driver &gt; calls click() on the anchor" time="0.0010383">
        </testcase>
        <testcase classname="tests/export-engine.test.js" name="triggerDownload() — default DOM driver &gt; removes the anchor from document.body after clicking" time="0.0012009">
        </testcase>
        <testcase classname="tests/export-engine.test.js" name="buildMetadataJson() — edge case branches &gt; handles non-array chats gracefully (falls back to [])" time="0.0003989">
        </testcase>
        <testcase classname="tests/export-engine.test.js" name="buildMetadataJson() — edge case branches &gt; chat without timestamp does not affect date_range" time="0.0005597">
        </testcase>
        <testcase classname="tests/export-engine.test.js" name="buildMetadataJson() — edge case branches &gt; chat with unknown source falls back to &quot;unknown&quot; key" time="0.0003851">
        </testcase>
        <testcase classname="tests/export-engine.test.js" name="buildMetadataJson() — edge case branches &gt; topics without chatIds array report chatCount 0" time="0.0003912">
        </testcase>
        <testcase classname="tests/export-engine.test.js" name="buildZipPayload() — additional edge case branches &gt; handles non-array chats (falls back to empty array)" time="0.0010076">
        </testcase>
        <testcase classname="tests/export-engine.test.js" name="buildZipPayload() — additional edge case branches &gt; chat without a title uses &quot;untitled&quot; as filename base" time="0.001651">
        </testcase>
        <testcase classname="tests/export-engine.test.js" name="buildZipPayload() — additional edge case branches &gt; topic without chatIds in topicsMap does not crash" time="0.0011782">
        </testcase>
        <testcase classname="tests/export-engine.test.js" name="buildZipPayload() — additional edge case branches &gt; topic.firstChatDate and lastChatDate null produce null in _topic.json" time="0.0010365">
        </testcase>
        <testcase classname="tests/export-engine.test.js" name="buildZipPayload() — additional edge case branches &gt; scope &quot;topic-recursive&quot; covers descendant topics" time="0.0011416">
        </testcase>
        <testcase classname="tests/export-engine.test.js" name="buildTopicFolderPaths() — circular reference safety &gt; does not infinite-loop on circular parent references" time="0.0006491">
        </testcase>
        <testcase classname="tests/export-engine.test.js" name="buildDigestHtml() — branch edge cases &gt; uses &quot;Untitled Chat&quot; for a chat with no title (TOC + section branch)" time="0.002672">
        </testcase>
        <testcase classname="tests/export-engine.test.js" name="buildDigestHtml() — branch edge cases &gt; omits the date &lt;span&gt; when chat has no timestamp" time="0.0013407">
        </testcase>
        <testcase classname="tests/export-engine.test.js" name="buildDigestHtml() — branch edge cases &gt; messages with non-array value fall back to no-messages-body branch" time="0.000643">
        </testcase>
        <testcase classname="tests/export-engine.test.js" name="buildDigestHtml() — branch edge cases &gt; renders correct content for assistant role message" time="0.0006105">
        </testcase>
        <testcase classname="tests/export-engine.test.js" name="buildExportMarkdown() — non-standard message role &gt; capitalises unknown role using cap()" time="0.0011735">
        </testcase>
        <testcase classname="tests/export-engine.test.js" name="buildExportMarkdown() — non-standard message role &gt; uses &quot;Unknown&quot; label when role is undefined/null" time="0.0055003">
        </testcase>
        <testcase classname="tests/export-engine.test.js" name="buildDigestMarkdown() — single-message and no-timestamp branches &gt; single-message digest chat: no --- separator after last message" time="0.0017228">
        </testcase>
        <testcase classname="tests/export-engine.test.js" name="buildDigestMarkdown() — single-message and no-timestamp branches &gt; chat without timestamp omits the Date line" time="0.002009">
        </testcase>
        <testcase classname="tests/export-engine.test.js" name="buildDigestMarkdown() — single-message and no-timestamp branches &gt; non-user non-assistant role in digest produces capitalised heading" time="0.0020951">
        </testcase>
        <testcase classname="tests/export-engine.test.js" name="buildDigestMarkdown() — single-message and no-timestamp branches &gt; unknown role (null) in digest falls back to cap()" time="0.0017999">
        </testcase>
        <testcase classname="tests/export-engine.test.js" name="buildDigestMarkdown() — forAssembly with real messagesToMarkdown &gt; forAssembly: real messagesToMarkdown produces # heading; strip branch fires" time="0.0021005">
        </testcase>
        <testcase classname="tests/export-engine.test.js" name="buildDigestMarkdown() — forAssembly with real messagesToMarkdown &gt; forAssembly: title line immediately followed by non-blank content (extra=1 branch)" time="0.002482">
        </testcase>
        <testcase classname="tests/export-engine.test.js" name="buildDigestMarkdown() — forAssembly extra=1 branch coverage &gt; splices only the title line when next line is non-blank (extra=1)" time="0.0020984">
        </testcase>
        <testcase classname="tests/export-engine.test.js" name="buildDigestMarkdown() — forAssembly extra=1 branch coverage &gt; splices title line AND blank line when next line IS blank (extra=2 branch)" time="0.002249">
        </testcase>
        <testcase classname="tests/export-engine.test.js" name="buildDigestHtml() — missing source/timestamp branch coverage &gt; handles chat with no source (|| &quot;unknown&quot; branch, line 132)" time="0.0028441">
        </testcase>
        <testcase classname="tests/export-engine.test.js" name="buildDigestHtml() — missing source/timestamp branch coverage &gt; handles chat with no timestamp (dateStr empty, ternary false branch)" time="0.0018078">
        </testcase>
        <testcase classname="tests/export-engine.test.js" name="buildDigestHtml() — missing source/timestamp branch coverage &gt; handles chat with no title (|| &quot;Untitled Chat&quot; branch)" time="0.0015543">
        </testcase>
        <testcase classname="tests/export-engine.test.js" name="buildDigestHtml() — missing source/timestamp branch coverage &gt; handles chat where messages is not an array (fallback to [])" time="0.001658">
        </testcase>
        <testcase classname="tests/export-engine.test.js" name="buildExportHtml() — excerpt title block branch &gt; excerpt: only shows source-badge in header (no h1)" time="0.0012772">
        </testcase>
        <testcase classname="tests/export-engine.test.js" name="buildExportHtml() — excerpt title block branch &gt; handles chat with no source in buildExportHtml (|| &quot;unknown&quot; branch)" time="0.0016977">
        </testcase>
        <testcase classname="tests/export-engine.test.js" name="buildDigestMarkdown() — || fallback branch coverage &gt; messages is not an array → fallback to [] (no messages path)" time="0.0013592">
        </testcase>
        <testcase classname="tests/export-engine.test.js" name="buildDigestMarkdown() — || fallback branch coverage &gt; message with no content → empty string fallback" time="0.001194">
        </testcase>
        <testcase classname="tests/export-engine.test.js" name="buildDigestMarkdown() — || fallback branch coverage &gt; chat with no content field → empty string fallback in else branch" time="0.0010681">
        </testcase>
        <testcase classname="tests/export-engine.test.js" name="buildDigestMarkdown() — || fallback branch coverage &gt; forAssembly: chat with no source → source || &quot;unknown&quot; fallback" time="0.0012136">
        </testcase>
    </testsuite>
    <testsuite name="tests/export-import-integration.test.js" timestamp="2026-03-17T19:02:06.900Z" hostname="Kahana-PC" tests="119" failures="0" errors="0" skipped="0" time="6.659399">
        <testcase classname="tests/export-import-integration.test.js" name="ExportDialog — constructor &gt; stores dialogManager reference" time="0.0195044">
        </testcase>
        <testcase classname="tests/export-import-integration.test.js" name="ExportDialog — constructor &gt; showExportTopic is a function" time="0.0041792">
        </testcase>
        <testcase classname="tests/export-import-integration.test.js" name="ExportDialog — constructor &gt; showExportChat is a function" time="0.0032781">
        </testcase>
        <testcase classname="tests/export-import-integration.test.js" name="ExportDialog — showExportTopic() — dialog rendering &gt; null topic → calls dialog.alert and returns early" time="0.0186687">
        </testcase>
        <testcase classname="tests/export-import-integration.test.js" name="ExportDialog — showExportTopic() — dialog rendering &gt; null chats array → calls dialog.alert and returns early" time="0.0025308">
        </testcase>
        <testcase classname="tests/export-import-integration.test.js" name="ExportDialog — showExportTopic() — dialog rendering &gt; shows modal with class modal-content" time="0.1148491">
        </testcase>
        <testcase classname="tests/export-import-integration.test.js" name="ExportDialog — showExportTopic() — dialog rendering &gt; dialog contains markdown format radio button" time="0.0701554">
        </testcase>
        <testcase classname="tests/export-import-integration.test.js" name="ExportDialog — showExportTopic() — dialog rendering &gt; dialog contains html format radio button" time="0.0806276">
        </testcase>
        <testcase classname="tests/export-import-integration.test.js" name="ExportDialog — showExportTopic() — dialog rendering &gt; dialog contains pdf format radio button" time="0.0623405">
        </testcase>
        <testcase classname="tests/export-import-integration.test.js" name="ExportDialog — showExportTopic() — dialog rendering &gt; dialog contains zip format radio button" time="0.0336645">
        </testcase>
        <testcase classname="tests/export-import-integration.test.js" name="ExportDialog — showExportTopic() — dialog rendering &gt; dialog contains scope radio buttons" time="0.0303925">
        </testcase>
        <testcase classname="tests/export-import-integration.test.js" name="ExportDialog — showExportTopic() — dialog rendering &gt; dialog contains style radio buttons" time="0.0308709">
        </testcase>
        <testcase classname="tests/export-import-integration.test.js" name="ExportDialog — showExportTopic() — dialog rendering &gt; dialog contains Export button" time="0.0399857">
        </testcase>
        <testcase classname="tests/export-import-integration.test.js" name="ExportDialog — showExportTopic() — dialog rendering &gt; dialog contains Cancel button" time="0.0355853">
        </testcase>
        <testcase classname="tests/export-import-integration.test.js" name="ExportDialog — showExportTopic() — format visibility &gt; selecting PDF format hides style section" time="0.0498217">
        </testcase>
        <testcase classname="tests/export-import-integration.test.js" name="ExportDialog — showExportTopic() — format visibility &gt; selecting ZIP format hides style section" time="0.0528571">
        </testcase>
        <testcase classname="tests/export-import-integration.test.js" name="ExportDialog — showExportTopic() — format visibility &gt; selecting Markdown format shows style section" time="0.0819931">
        </testcase>
        <testcase classname="tests/export-import-integration.test.js" name="ExportDialog — showExportTopic() — format visibility &gt; selecting HTML format shows style section" time="0.0680762">
        </testcase>
        <testcase classname="tests/export-import-integration.test.js" name="ExportDialog — showExportTopic() — format visibility &gt; ZIP format makes zip-note visible" time="0.0435184">
        </testcase>
        <testcase classname="tests/export-import-integration.test.js" name="ExportDialog — showExportTopic() — format visibility &gt; Markdown format hides zip-note" time="0.0262079">
        </testcase>
        <testcase classname="tests/export-import-integration.test.js" name="ExportDialog — showExportTopic() — export actions &gt; Markdown + this-topic: clicking Export calls buildExportMarkdown" time="0.0766545">
        </testcase>
        <testcase classname="tests/export-import-integration.test.js" name="ExportDialog — showExportTopic() — export actions &gt; Markdown + this-topic: clicking Export calls triggerDownload" time="0.0344577">
        </testcase>
        <testcase classname="tests/export-import-integration.test.js" name="ExportDialog — showExportTopic() — export actions &gt; ZIP + entire-tree: clicking Export calls buildZipPayload" time="0.048743">
        </testcase>
        <testcase classname="tests/export-import-integration.test.js" name="ExportDialog — showExportTopic() — export actions &gt; ZIP + entire-tree: clicking Export calls triggerDownload with a Blob" time="0.045031">
        </testcase>
        <testcase classname="tests/export-import-integration.test.js" name="ExportDialog — showExportTopic() — export actions &gt; Cancel button closes dialog (container no longer visible)" time="0.0487546">
        </testcase>
        <testcase classname="tests/export-import-integration.test.js" name="ExportDialog — showExportChat() — dialog rendering &gt; null chat → calls dialog.alert and returns early" time="0.0020282">
        </testcase>
        <testcase classname="tests/export-import-integration.test.js" name="ExportDialog — showExportChat() — dialog rendering &gt; shows modal with format radio buttons (markdown, html, pdf)" time="0.0311917">
        </testcase>
        <testcase classname="tests/export-import-integration.test.js" name="ExportDialog — showExportChat() — dialog rendering &gt; does NOT include zip format radio in chat mode" time="0.0164511">
        </testcase>
        <testcase classname="tests/export-import-integration.test.js" name="ExportDialog — showExportChat() — dialog rendering &gt; does NOT show scope section in chat mode" time="0.0192012">
        </testcase>
        <testcase classname="tests/export-import-integration.test.js" name="ExportDialog — showExportChat() — dialog rendering &gt; shows style section in chat mode" time="0.0262364">
        </testcase>
        <testcase classname="tests/export-import-integration.test.js" name="ExportDialog — showExportChat() — export actions &gt; Markdown: clicking Export calls buildExportMarkdown" time="0.0371239">
        </testcase>
        <testcase classname="tests/export-import-integration.test.js" name="ExportDialog — showExportChat() — export actions &gt; Markdown: clicking Export calls triggerDownload" time="0.0202145">
        </testcase>
        <testcase classname="tests/export-import-integration.test.js" name="ExportDialog — showExportChat() — export actions &gt; HTML: clicking Export calls buildExportHtml" time="0.0309899">
        </testcase>
        <testcase classname="tests/export-import-integration.test.js" name="ExportDialog — showExportChat() — export actions &gt; HTML: clicking Export calls triggerDownload with .html filename" time="0.0333421">
        </testcase>
        <testcase classname="tests/export-import-integration.test.js" name="ExportDialog — showExportChat() — export actions &gt; Cancel button closes dialog" time="0.0317378">
        </testcase>
        <testcase classname="tests/export-import-integration.test.js" name="ImportDialog — constructor &gt; stores dialogManager reference" time="0.0065079">
        </testcase>
        <testcase classname="tests/export-import-integration.test.js" name="ImportDialog — constructor &gt; showImportDialog is a function" time="0.0011379">
        </testcase>
        <testcase classname="tests/export-import-integration.test.js" name="ImportDialog — showImportDialog() — Phase 1 rendering &gt; shows a drop zone" time="0.0258429">
        </testcase>
        <testcase classname="tests/export-import-integration.test.js" name="ImportDialog — showImportDialog() — Phase 1 rendering &gt; shows merge strategy radio" time="0.0274982">
        </testcase>
        <testcase classname="tests/export-import-integration.test.js" name="ImportDialog — showImportDialog() — Phase 1 rendering &gt; shows replace strategy radio" time="0.0168306">
        </testcase>
        <testcase classname="tests/export-import-integration.test.js" name="ImportDialog — showImportDialog() — Phase 1 rendering &gt; shows new-root strategy radio" time="0.0356545">
        </testcase>
        <testcase classname="tests/export-import-integration.test.js" name="ImportDialog — showImportDialog() — Phase 1 rendering &gt; Import button is initially disabled" time="0.0139383">
        </testcase>
        <testcase classname="tests/export-import-integration.test.js" name="ImportDialog — showImportDialog() — Phase 1 rendering &gt; Phase 1 is initially active" time="0.0299504">
        </testcase>
        <testcase classname="tests/export-import-integration.test.js" name="ImportDialog — showImportDialog() — Phase 1 rendering &gt; Cancel button calls dialog.close" time="0.044548">
        </testcase>
        <testcase classname="tests/export-import-integration.test.js" name="ImportDialog — showImportDialog() — file selection &gt; after valid file selected, Import button becomes enabled" time="0.0481586">
        </testcase>
        <testcase classname="tests/export-import-integration.test.js" name="ImportDialog — showImportDialog() — file selection &gt; validateZipFile is called with the chosen file" time="0.0361979">
        </testcase>
        <testcase classname="tests/export-import-integration.test.js" name="ImportDialog — showImportDialog() — file selection &gt; file chip shows the file name after selection" time="0.0249377">
        </testcase>
        <testcase classname="tests/export-import-integration.test.js" name="ImportDialog — showImportDialog() — file selection &gt; drop zone gains file-selected CSS class" time="0.0323582">
        </testcase>
        <testcase classname="tests/export-import-integration.test.js" name="ImportDialog — showImportDialog() — file selection &gt; invalid file — dialog.alert is called with error detail" time="0.0400012">
        </testcase>
        <testcase classname="tests/export-import-integration.test.js" name="ImportDialog — showImportDialog() — file selection &gt; invalid file — Import button stays disabled" time="0.0376062">
        </testcase>
        <testcase classname="tests/export-import-integration.test.js" name="ImportDialog — showImportDialog() — Phase 2 (Preview) &gt; clicking Import transitions to Phase 2 (active class)" time="0.044653">
        </testcase>
        <testcase classname="tests/export-import-integration.test.js" name="ImportDialog — showImportDialog() — Phase 2 (Preview) &gt; Phase 2 shows correct topics-to-create count" time="0.0482436">
        </testcase>
        <testcase classname="tests/export-import-integration.test.js" name="ImportDialog — showImportDialog() — Phase 2 (Preview) &gt; Phase 2 shows correct chats-to-import count" time="0.0459442">
        </testcase>
        <testcase classname="tests/export-import-integration.test.js" name="ImportDialog — showImportDialog() — Phase 2 (Preview) &gt; Phase 2 shows correct conflict count" time="0.0484926">
        </testcase>
        <testcase classname="tests/export-import-integration.test.js" name="ImportDialog — showImportDialog() — Phase 2 (Preview) &gt; Back button returns to Phase 1" time="0.0623857">
        </testcase>
        <testcase classname="tests/export-import-integration.test.js" name="ImportDialog — showImportDialog() — Phase 2 (Preview) &gt; parseZipEntries is called during preparation" time="0.06092">
        </testcase>
        <testcase classname="tests/export-import-integration.test.js" name="ImportDialog — showImportDialog() — Phase 2 (Preview) &gt; buildImportPlan is called during preparation" time="0.046628">
        </testcase>
        <testcase classname="tests/export-import-integration.test.js" name="ImportDialog — showImportDialog() — Phase 3 (Import) &gt; clicking Import Now calls executeImport" time="0.0758723">
        </testcase>
        <testcase classname="tests/export-import-integration.test.js" name="ImportDialog — showImportDialog() — Phase 3 (Import) &gt; onComplete is called with correct shape" time="0.0366828">
        </testcase>
        <testcase classname="tests/export-import-integration.test.js" name="ImportDialog — showImportDialog() — Phase 3 (Import) &gt; Phase 3 becomes active after import" time="0.0752195">
        </testcase>
        <testcase classname="tests/export-import-integration.test.js" name="ImportDialog — showImportDialog() — Phase 3 (Import) &gt; done content becomes visible" time="0.0923545">
        </testcase>
        <testcase classname="tests/export-import-integration.test.js" name="ImportDialog — showImportDialog() — Phase 3 (Import) &gt; done header says Import Complete" time="0.0696813">
        </testcase>
        <testcase classname="tests/export-import-integration.test.js" name="ImportDialog — showImportDialog() — Phase 3 (Import) &gt; Done button calls dialog.close" time="0.072662">
        </testcase>
        <testcase classname="tests/export-import-integration.test.js" name="ImportDialog — showImportDialog() — Phase 3 (Import) &gt; Replace strategy: confirm dialog is shown before import" time="0.0671879">
        </testcase>
        <testcase classname="tests/export-import-integration.test.js" name="ImportDialog — showImportDialog() — Phase 3 (Import) &gt; Replace strategy + confirmation cancelled: executeImport NOT called" time="0.1051125">
        </testcase>
        <testcase classname="tests/export-import-integration.test.js" name="ImportDialog — showImportDialog() — error handling &gt; JSZip.loadAsync rejects → inline error is shown" time="0.061499">
        </testcase>
        <testcase classname="tests/export-import-integration.test.js" name="ImportDialog — showImportDialog() — error handling &gt; JSZip.loadAsync rejects → stays on Phase 1" time="0.0508949">
        </testcase>
        <testcase classname="tests/export-import-integration.test.js" name="ImportDialog — showImportDialog() — error handling &gt; JSZip.loadAsync rejects → Import button is re-enabled" time="0.0428776">
        </testcase>
        <testcase classname="tests/export-import-integration.test.js" name="ImportDialog — showImportDialog() — error handling &gt; executeImport throws → dialog.alert is called with error message" time="0.1128423">
        </testcase>
        <testcase classname="tests/export-import-integration.test.js" name="ImportDialog — showImportDialog() — error handling &gt; onComplete throws → dialog.alert is called" time="0.1188316">
        </testcase>
        <testcase classname="tests/export-import-integration.test.js" name="ImportDialog — showImportDialog() — error handling &gt; onComplete throws → does not crash silently" time="0.0670539">
        </testcase>
        <testcase classname="tests/export-import-integration.test.js" name="Round-trip flow — mocked engine → ImportDialog → onComplete &gt; full pipeline: validateZipFile is called" time="0.0635435">
        </testcase>
        <testcase classname="tests/export-import-integration.test.js" name="Round-trip flow — mocked engine → ImportDialog → onComplete &gt; full pipeline: parseZipEntries is called" time="0.0590304">
        </testcase>
        <testcase classname="tests/export-import-integration.test.js" name="Round-trip flow — mocked engine → ImportDialog → onComplete &gt; full pipeline: buildImportPlan is called" time="0.0723608">
        </testcase>
        <testcase classname="tests/export-import-integration.test.js" name="Round-trip flow — mocked engine → ImportDialog → onComplete &gt; full pipeline: executeImport is called" time="0.0667766">
        </testcase>
        <testcase classname="tests/export-import-integration.test.js" name="Round-trip flow — mocked engine → ImportDialog → onComplete &gt; onComplete receives updatedTopics as a non-null object" time="0.0610694">
        </testcase>
        <testcase classname="tests/export-import-integration.test.js" name="Round-trip flow — mocked engine → ImportDialog → onComplete &gt; onComplete receives updatedRootTopics as an array" time="0.0805651">
        </testcase>
        <testcase classname="tests/export-import-integration.test.js" name="Round-trip flow — mocked engine → ImportDialog → onComplete &gt; onComplete receives updatedChats as an array" time="0.0802364">
        </testcase>
        <testcase classname="tests/export-import-integration.test.js" name="Round-trip flow — mocked engine → ImportDialog → onComplete &gt; onComplete receives summary with required properties" time="0.0893651">
        </testcase>
        <testcase classname="tests/export-import-integration.test.js" name="Round-trip flow — mocked engine → ImportDialog → onComplete &gt; imported chat has correct title" time="0.0942783">
        </testcase>
        <testcase classname="tests/export-import-integration.test.js" name="Round-trip flow — mocked engine → ImportDialog → onComplete &gt; imported chat has correct source" time="0.0956496">
        </testcase>
        <testcase classname="tests/export-import-integration.test.js" name="Round-trip flow — mocked engine → ImportDialog → onComplete &gt; done screen displays correct topics-created count" time="0.0777029">
        </testcase>
        <testcase classname="tests/export-import-integration.test.js" name="Round-trip flow — mocked engine → ImportDialog → onComplete &gt; done screen displays correct chats-imported count" time="0.0627589">
        </testcase>
        <testcase classname="tests/export-import-integration.test.js" name="ImportDialog — showImportDialog() public API wiring &gt; DOM is available immediately after showImportDialog() call" time="0.0270521">
        </testcase>
        <testcase classname="tests/export-import-integration.test.js" name="ImportDialog — showImportDialog() public API wiring &gt; Import button is disabled before file selection" time="0.0361086">
        </testcase>
        <testcase classname="tests/export-import-integration.test.js" name="ImportDialog — showImportDialog() public API wiring &gt; file selection enables Import button" time="0.0472868">
        </testcase>
        <testcase classname="tests/export-import-integration.test.js" name="ImportDialog — showImportDialog() public API wiring &gt; clicking Import ▶ transitions to Phase 2" time="0.0606989">
        </testcase>
        <testcase classname="tests/export-import-integration.test.js" name="ImportDialog — showImportDialog() public API wiring &gt; clicking Import Now ▶ calls executeImport" time="0.115702">
        </testcase>
        <testcase classname="tests/export-import-integration.test.js" name="ImportDialog — showImportDialog() public API wiring &gt; onComplete is invoked after Import Now ▶" time="0.0768897">
        </testcase>
        <testcase classname="tests/export-import-integration.test.js" name="ImportDialog — showImportDialog() public API wiring &gt; Phase 3 done screen is shown after successful import" time="0.0744466">
        </testcase>
        <testcase classname="tests/export-import-integration.test.js" name="ImportDialog — strategy forwarding to buildImportPlan &gt; merge strategy: buildImportPlan is called with &quot;merge&quot;" time="0.0321798">
        </testcase>
        <testcase classname="tests/export-import-integration.test.js" name="ImportDialog — strategy forwarding to buildImportPlan &gt; replace strategy: buildImportPlan is called with &quot;replace&quot;" time="0.0369989">
        </testcase>
        <testcase classname="tests/export-import-integration.test.js" name="ImportDialog — strategy forwarding to buildImportPlan &gt; new-root strategy: buildImportPlan is called with &quot;new-root&quot;" time="0.0404769">
        </testcase>
        <testcase classname="tests/export-import-integration.test.js" name="ImportDialog — strategy forwarding to buildImportPlan &gt; default strategy (no explicit selection) is &quot;merge&quot;" time="0.1081337">
        </testcase>
        <testcase classname="tests/export-import-integration.test.js" name="ImportDialog — Merge strategy end-to-end &gt; merge: no confirmation dialog is shown" time="0.0944578">
        </testcase>
        <testcase classname="tests/export-import-integration.test.js" name="ImportDialog — Merge strategy end-to-end &gt; merge: executeImport is called" time="0.0459887">
        </testcase>
        <testcase classname="tests/export-import-integration.test.js" name="ImportDialog — Merge strategy end-to-end &gt; merge: onComplete is invoked" time="0.0773306">
        </testcase>
        <testcase classname="tests/export-import-integration.test.js" name="ImportDialog — Merge strategy end-to-end &gt; merge: Phase 3 becomes active" time="0.0977394">
        </testcase>
        <testcase classname="tests/export-import-integration.test.js" name="ImportDialog — Merge strategy end-to-end &gt; merge: done content is visible" time="0.0705565">
        </testcase>
        <testcase classname="tests/export-import-integration.test.js" name="ImportDialog — Merge strategy end-to-end &gt; merge: done screen shows correct topics-created count" time="0.0467614">
        </testcase>
        <testcase classname="tests/export-import-integration.test.js" name="ImportDialog — Merge strategy end-to-end &gt; merge: done screen shows correct chats-imported count" time="0.0790292">
        </testcase>
        <testcase classname="tests/export-import-integration.test.js" name="ImportDialog — Merge strategy end-to-end &gt; merge: inProgress indicator is hidden after completion" time="0.0673553">
        </testcase>
        <testcase classname="tests/export-import-integration.test.js" name="ImportDialog — Merge strategy end-to-end &gt; merge: Done ✓ button is visible" time="0.0596625">
        </testcase>
        <testcase classname="tests/export-import-integration.test.js" name="ImportDialog — Replace strategy end-to-end &gt; replace: confirm dialog is shown when Import Now ▶ is clicked" time="0.1067062">
        </testcase>
        <testcase classname="tests/export-import-integration.test.js" name="ImportDialog — Replace strategy end-to-end &gt; replace confirmed: executeImport is called" time="0.0650519">
        </testcase>
        <testcase classname="tests/export-import-integration.test.js" name="ImportDialog — Replace strategy end-to-end &gt; replace confirmed: onComplete is invoked" time="0.0624125">
        </testcase>
        <testcase classname="tests/export-import-integration.test.js" name="ImportDialog — Replace strategy end-to-end &gt; replace confirmed: Phase 3 becomes active" time="0.0660618">
        </testcase>
        <testcase classname="tests/export-import-integration.test.js" name="ImportDialog — Replace strategy end-to-end &gt; replace confirmed: done screen is visible" time="0.0955496">
        </testcase>
        <testcase classname="tests/export-import-integration.test.js" name="ImportDialog — Replace strategy end-to-end &gt; replace cancelled: executeImport is NOT called" time="0.0732461">
        </testcase>
        <testcase classname="tests/export-import-integration.test.js" name="ImportDialog — Replace strategy end-to-end &gt; replace cancelled: stays on Phase 2" time="0.0924884">
        </testcase>
        <testcase classname="tests/export-import-integration.test.js" name="ImportDialog — Replace strategy end-to-end &gt; replace cancelled: onComplete is NOT called" time="0.081835">
        </testcase>
        <testcase classname="tests/export-import-integration.test.js" name="ImportDialog — New-Root strategy end-to-end &gt; new-root: no confirmation dialog is shown" time="0.0838437">
        </testcase>
        <testcase classname="tests/export-import-integration.test.js" name="ImportDialog — New-Root strategy end-to-end &gt; new-root: buildImportPlan is called with &quot;new-root&quot;" time="0.0548678">
        </testcase>
        <testcase classname="tests/export-import-integration.test.js" name="ImportDialog — New-Root strategy end-to-end &gt; new-root: executeImport is called" time="0.0579552">
        </testcase>
        <testcase classname="tests/export-import-integration.test.js" name="ImportDialog — New-Root strategy end-to-end &gt; new-root: onComplete is invoked" time="0.0973062">
        </testcase>
        <testcase classname="tests/export-import-integration.test.js" name="ImportDialog — New-Root strategy end-to-end &gt; new-root: Phase 3 becomes active" time="0.0634513">
        </testcase>
        <testcase classname="tests/export-import-integration.test.js" name="ImportDialog — New-Root strategy end-to-end &gt; new-root: done content is visible" time="0.0773304">
        </testcase>
        <testcase classname="tests/export-import-integration.test.js" name="ImportDialog — New-Root strategy end-to-end &gt; new-root: done screen shows correct topics-created count" time="0.0784406">
        </testcase>
        <testcase classname="tests/export-import-integration.test.js" name="ImportDialog — New-Root strategy end-to-end &gt; new-root: done screen shows correct chats-imported count" time="0.0820688">
        </testcase>
    </testsuite>
    <testsuite name="tests/image-resolver.test.js" timestamp="2026-03-17T19:02:06.974Z" hostname="Kahana-PC" tests="60" failures="0" errors="0" skipped="0" time="0.4322161">
        <testcase classname="tests/image-resolver.test.js" name="blobToDataUrl() &gt; resolves with a data: URL for a valid Blob" time="0.0239524">
        </testcase>
        <testcase classname="tests/image-resolver.test.js" name="blobToDataUrl() &gt; rejects when FileReader fires onerror" time="0.0067738">
        </testcase>
        <testcase classname="tests/image-resolver.test.js" name="resolveImageBlobs() &gt; returns original element unchanged when there are no img children" time="0.0131334">
        </testcase>
        <testcase classname="tests/image-resolver.test.js" name="resolveImageBlobs() &gt; returns original element when all images have non-blob/https src (e.g. data:)" time="0.014031">
        </testcase>
        <testcase classname="tests/image-resolver.test.js" name="resolveImageBlobs() &gt; returns original element when fetchViaBackground not provided and images are https:" time="0.0024234">
        </testcase>
        <testcase classname="tests/image-resolver.test.js" name="resolveImageBlobs() &gt; resolves blob: img src to a data: URL" time="0.0430817">
        </testcase>
        <testcase classname="tests/image-resolver.test.js" name="resolveImageBlobs() &gt; marks img with BLOB_LOST_ATTR when blob fetch returns non-ok status" time="0.0068362">
        </testcase>
        <testcase classname="tests/image-resolver.test.js" name="resolveImageBlobs() &gt; uses &quot;Image&quot; as the BLOB_LOST_ATTR value when alt is absent" time="0.0028695">
        </testcase>
        <testcase classname="tests/image-resolver.test.js" name="resolveImageBlobs() &gt; marks img lost when fetch throws" time="0.0042855">
        </testcase>
        <testcase classname="tests/image-resolver.test.js" name="resolveImageBlobs() &gt; removes srcset attribute after resolving blob img" time="0.0088256">
        </testcase>
        <testcase classname="tests/image-resolver.test.js" name="resolveImageBlobs() &gt; removes data-src attribute after resolving blob img" time="0.0157502">
        </testcase>
        <testcase classname="tests/image-resolver.test.js" name="resolveImageBlobs() &gt; sets natural width/height when getBoundingClientRect returns dimensions" time="0.033097">
        </testcase>
        <testcase classname="tests/image-resolver.test.js" name="resolveImageBlobs() &gt; uses fetchViaBackground for https: URLs when provided" time="0.0097546">
        </testcase>
        <testcase classname="tests/image-resolver.test.js" name="resolveImageBlobs() &gt; uses fetchViaBackground for http: URLs too" time="0.0046736">
        </testcase>
        <testcase classname="tests/image-resolver.test.js" name="resolveImageBlobs() &gt; marks img lost when fetchViaBackground returns a non-data: value" time="0.0038577">
        </testcase>
        <testcase classname="tests/image-resolver.test.js" name="resolveImageBlobs() &gt; marks img lost when fetchViaBackground throws" time="0.0036351">
        </testcase>
        <testcase classname="tests/image-resolver.test.js" name="resolveImageBlobs() &gt; resolves srcset-only image by picking the first srcset entry" time="0.0100374">
        </testcase>
        <testcase classname="tests/image-resolver.test.js" name="resolveImageBlobs() &gt; handles dimsEl parameter: reads dimensions from the provided live element" time="0.0144279">
        </testcase>
        <testcase classname="tests/image-resolver.test.js" name="resolveAudioBlobs() &gt; returns original element when there are no audio element or relevant anchors" time="0.0070885">
        </testcase>
        <testcase classname="tests/image-resolver.test.js" name="resolveAudioBlobs() &gt; returns original element when audio has a non-blob src (https)" time="0.0031674">
        </testcase>
        <testcase classname="tests/image-resolver.test.js" name="resolveAudioBlobs() &gt; resolves blob: audio src to a data: URI" time="0.0070006">
        </testcase>
        <testcase classname="tests/image-resolver.test.js" name="resolveAudioBlobs() &gt; marks audio element as too_large when blob exceeds 10 MB" time="0.0045775">
        </testcase>
        <testcase classname="tests/image-resolver.test.js" name="resolveAudioBlobs() &gt; marks audio element as expired when fetch returns non-ok status" time="0.0031452">
        </testcase>
        <testcase classname="tests/image-resolver.test.js" name="resolveAudioBlobs() &gt; marks audio element as expired when fetch throws" time="0.0034788">
        </testcase>
        <testcase classname="tests/image-resolver.test.js" name="resolveAudioBlobs() &gt; resolves audio src from &lt;source&gt; child element" time="0.0077135">
        </testcase>
        <testcase classname="tests/image-resolver.test.js" name="resolveAudioBlobs() &gt; removes child &lt;source&gt; elements after resolving audio" time="0.0034821">
        </testcase>
        <testcase classname="tests/image-resolver.test.js" name="resolveAudioBlobs() &gt; resolves a blob: download anchor with audio extension to a data: URI" time="0.0075493">
        </testcase>
        <testcase classname="tests/image-resolver.test.js" name="resolveAudioBlobs() &gt; marks download anchor too_large when blob exceeds limit" time="0.0031492">
        </testcase>
        <testcase classname="tests/image-resolver.test.js" name="resolveAudioBlobs() &gt; marks download anchor expired when fetch fails" time="0.0026519">
        </testcase>
        <testcase classname="tests/image-resolver.test.js" name="resolveAudioBlobs() &gt; marks download anchor expired when fetch throws" time="0.0026205">
        </testcase>
        <testcase classname="tests/image-resolver.test.js" name="resolveAudioBlobs() &gt; ignores anchor without download attribute" time="0.0016374">
        </testcase>
        <testcase classname="tests/image-resolver.test.js" name="resolveAudioBlobs() &gt; ignores anchor without audio extension in href or download attr" time="0.0014793">
        </testcase>
        <testcase classname="tests/image-resolver.test.js" name="collectShadowAudio() &gt; returns empty array when there are no audio elements" time="0.0057991">
        </testcase>
        <testcase classname="tests/image-resolver.test.js" name="collectShadowAudio() &gt; collects &lt;audio&gt; elements with a src attribute" time="0.0046646">
        </testcase>
        <testcase classname="tests/image-resolver.test.js" name="collectShadowAudio() &gt; collects audio src from a &lt;source&gt; child when &lt;audio&gt; has no src" time="0.0030934">
        </testcase>
        <testcase classname="tests/image-resolver.test.js" name="collectShadowAudio() &gt; skips data: URLs (already embedded, nothing to resolve)" time="0.0022893">
        </testcase>
        <testcase classname="tests/image-resolver.test.js" name="collectShadowAudio() &gt; skips audio elements with no src" time="0.0021489">
        </testcase>
        <testcase classname="tests/image-resolver.test.js" name="collectShadowAudio() &gt; collects audio inside open shadow roots" time="0.0053216">
        </testcase>
        <testcase classname="tests/image-resolver.test.js" name="collectShadowAudio() &gt; does not descend into shadow roots when maxShadowDepth is 0" time="0.0033835">
        </testcase>
        <testcase classname="tests/image-resolver.test.js" name="collectShadowAudio() &gt; ignores non-element nodes (text nodes)" time="0.0016563">
        </testcase>
        <testcase classname="tests/image-resolver.test.js" name="appendShadowAudio() &gt; returns existing markdown unchanged when liveEl has no shadow audio" time="0.002305">
        </testcase>
        <testcase classname="tests/image-resolver.test.js" name="appendShadowAudio() &gt; appends a data: URL marker when blob audio is captured successfully" time="0.0193146">
        </testcase>
        <testcase classname="tests/image-resolver.test.js" name="appendShadowAudio() &gt; skips audio srcs already present in existingMarkdown" time="0.0027154">
        </testcase>
        <testcase classname="tests/image-resolver.test.js" name="appendShadowAudio() &gt; appends a too-large marker when blob exceeds 10 MB" time="0.0275648">
        </testcase>
        <testcase classname="tests/image-resolver.test.js" name="appendShadowAudio() &gt; appends https: audio URL directly when CORS fails" time="0.0023396">
        </testcase>
        <testcase classname="tests/image-resolver.test.js" name="appendShadowAudio() &gt; appends a not-captured marker for non-https fetch failures (blob expired)" time="0.0034313">
        </testcase>
        <testcase classname="tests/image-resolver.test.js" name="collectShadowImages() &gt; returns empty array when there are no images in shadow DOM" time="0.0031074">
        </testcase>
        <testcase classname="tests/image-resolver.test.js" name="collectShadowImages() &gt; collects images found inside open shadow roots" time="0.0029921">
        </testcase>
        <testcase classname="tests/image-resolver.test.js" name="collectShadowImages() &gt; skips data: images in shadow DOM (already embedded)" time="0.0020499">
        </testcase>
        <testcase classname="tests/image-resolver.test.js" name="collectShadowImages() &gt; does not collect shadow images when maxShadowDepth is 0" time="0.0016113">
        </testcase>
        <testcase classname="tests/image-resolver.test.js" name="collectShadowImages() &gt; collects img src from srcset when src attribute is absent" time="0.0021195">
        </testcase>
        <testcase classname="tests/image-resolver.test.js" name="collectShadowImages() &gt; collects img src from data-src fallback" time="0.0022538">
        </testcase>
        <testcase classname="tests/image-resolver.test.js" name="collectShadowImages() &gt; reads naturalWidth/naturalHeight from the element" time="0.0029112">
        </testcase>
        <testcase classname="tests/image-resolver.test.js" name="appendShadowImages() &gt; returns existing markdown unchanged when there are no shadow images" time="0.0027391">
        </testcase>
        <testcase classname="tests/image-resolver.test.js" name="appendShadowImages() &gt; appends captured shadow image as markdown" time="0.0069012">
        </testcase>
        <testcase classname="tests/image-resolver.test.js" name="appendShadowImages() &gt; skips images whose URL is already present in existingMarkdown" time="0.0048822">
        </testcase>
        <testcase classname="tests/image-resolver.test.js" name="appendShadowImages() &gt; uses fetchViaBackground for https: shadow images when provided" time="0.0044777">
        </testcase>
        <testcase classname="tests/image-resolver.test.js" name="appendShadowImages() &gt; emits image-not-captured placeholder when fetchViaBackground returns null" time="0.0053962">
        </testcase>
        <testcase classname="tests/image-resolver.test.js" name="appendShadowImages() &gt; emits image-not-captured placeholder when direct fetch fails (CORS)" time="0.0087947">
        </testcase>
        <testcase classname="tests/image-resolver.test.js" name="appendShadowImages() &gt; emits placeholder when fetchViaBackground returns a non-data: string" time="0.0040352">
        </testcase>
    </testsuite>
    <testsuite name="tests/import-parser.test.js" timestamp="2026-03-17T19:02:07.034Z" hostname="Kahana-PC" tests="137" failures="0" errors="0" skipped="0" time="0.1517507">
        <testcase classname="tests/import-parser.test.js" name="validateZipFile() &gt; returns invalid when called with null" time="0.0042283">
        </testcase>
        <testcase classname="tests/import-parser.test.js" name="validateZipFile() &gt; returns invalid when called with undefined" time="0.0005084">
        </testcase>
        <testcase classname="tests/import-parser.test.js" name="validateZipFile() &gt; returns invalid for an empty object with no name or size" time="0.0003901">
        </testcase>
        <testcase classname="tests/import-parser.test.js" name="validateZipFile() &gt; returns valid for a .zip file with size &gt; 0 and application/zip MIME type" time="0.0004718">
        </testcase>
        <testcase classname="tests/import-parser.test.js" name="validateZipFile() &gt; returns invalid for a .txt extension regardless of size" time="0.000361">
        </testcase>
        <testcase classname="tests/import-parser.test.js" name="validateZipFile() &gt; accepts application/zip MIME type" time="0.0002958">
        </testcase>
        <testcase classname="tests/import-parser.test.js" name="validateZipFile() &gt; accepts application/x-zip-compressed MIME type" time="0.0002493">
        </testcase>
        <testcase classname="tests/import-parser.test.js" name="validateZipFile() &gt; returns invalid when size is 0" time="0.0005864">
        </testcase>
        <testcase classname="tests/import-parser.test.js" name="validateZipFile() &gt; returns invalid when size exceeds 500 MB" time="0.0003908">
        </testcase>
        <testcase classname="tests/import-parser.test.js" name="validateZipFile() &gt; returns valid for a 499 MB file" time="0.00031">
        </testcase>
        <testcase classname="tests/import-parser.test.js" name="validateZipFile() &gt; accepts a file with .zip extension even when MIME type is unknown" time="0.0002654">
        </testcase>
        <testcase classname="tests/import-parser.test.js" name="parseZipEntries() &gt; returns empty structure for null input" time="0.0028183">
        </testcase>
        <testcase classname="tests/import-parser.test.js" name="parseZipEntries() &gt; returns empty structure for an empty array" time="0.0006319">
        </testcase>
        <testcase classname="tests/import-parser.test.js" name="parseZipEntries() &gt; returns a warnings array for null/empty input" time="0.0002397">
        </testcase>
        <testcase classname="tests/import-parser.test.js" name="parseZipEntries() &gt; detects the _metadata.json from well-formed entries" time="0.000989">
        </testcase>
        <testcase classname="tests/import-parser.test.js" name="parseZipEntries() &gt; parses exactly 2 chatFiles from well-formed entries, excluding _topic.json, README.md and _metadata.json" time="0.0004395">
        </testcase>
        <testcase classname="tests/import-parser.test.js" name="parseZipEntries() &gt; strips the common root folder prefix from paths" time="0.0005131">
        </testcase>
        <testcase classname="tests/import-parser.test.js" name="parseZipEntries() &gt; sets topicPath to &quot;Work/Projects&quot; for a file inside Work/Projects/" time="0.0004232">
        </testcase>
        <testcase classname="tests/import-parser.test.js" name="parseZipEntries() &gt; builds topicFolders Map with an entry for each unique folder" time="0.0004732">
        </testcase>
        <testcase classname="tests/import-parser.test.js" name="parseZipEntries() &gt; returns metadata: null when no _metadata.json is present" time="0.0002413">
        </testcase>
        <testcase classname="tests/import-parser.test.js" name="parseZipEntries() &gt; does not push a warning for the mere absence of metadata" time="0.0003512">
        </testcase>
        <testcase classname="tests/import-parser.test.js" name="parseZipEntries() &gt; sets metadata to null and adds a warning when _metadata.json is corrupt JSON" time="0.0006295">
        </testcase>
        <testcase classname="tests/import-parser.test.js" name="parseZipEntries() &gt; does not stop parsing when _metadata.json is corrupt — still returns chatFiles" time="0.0007494">
        </testcase>
        <testcase classname="tests/import-parser.test.js" name="parseZipEntries() &gt; assigns an empty topicPath to .md files effectively at the root level" time="0.0009122">
        </testcase>
        <testcase classname="tests/import-parser.test.js" name="parseZipEntries() &gt; includes chatFiles from subdirectories" time="0.0006131">
        </testcase>
        <testcase classname="tests/import-parser.test.js" name="parseZipEntries() &gt; parses flat single-entry correctly (strips solo-segment root)" time="0.0006634">
        </testcase>
        <testcase classname="tests/import-parser.test.js" name="parseZipEntries() &gt; records a warning for unrecognised non-standard file extensions" time="0.0005715">
        </testcase>
        <testcase classname="tests/import-parser.test.js" name="parseZipEntries() &gt; wires parentPath on child topic folder entries" time="0.0005105">
        </testcase>
        <testcase classname="tests/import-parser.test.js" name="parseZipEntries() &gt; lists Work/Projects as a child of Work" time="0.0012047">
        </testcase>
        <testcase classname="tests/import-parser.test.js" name="parseChatFromMarkdown() &gt; extracts title from YAML frontmatter" time="0.0013976">
        </testcase>
        <testcase classname="tests/import-parser.test.js" name="parseChatFromMarkdown() &gt; extracts source from YAML frontmatter" time="0.0005815">
        </testcase>
        <testcase classname="tests/import-parser.test.js" name="parseChatFromMarkdown() &gt; extracts url from YAML frontmatter" time="0.0003656">
        </testcase>
        <testcase classname="tests/import-parser.test.js" name="parseChatFromMarkdown() &gt; parses the date field to a millisecond timestamp" time="0.0003589">
        </testcase>
        <testcase classname="tests/import-parser.test.js" name="parseChatFromMarkdown() &gt; always generates an id that starts with &quot;imported_&quot;" time="0.0004286">
        </testcase>
        <testcase classname="tests/import-parser.test.js" name="parseChatFromMarkdown() &gt; generates a unique id on every call" time="0.0019464">
        </testcase>
        <testcase classname="tests/import-parser.test.js" name="parseChatFromMarkdown() &gt; falls back to the filename (without .md) as title when frontmatter has no title" time="0.0004192">
        </testcase>
        <testcase classname="tests/import-parser.test.js" name="parseChatFromMarkdown() &gt; defaults source to &quot;imported&quot; when frontmatter omits source" time="0.0003477">
        </testcase>
        <testcase classname="tests/import-parser.test.js" name="parseChatFromMarkdown() &gt; defaults url to an empty string when frontmatter omits url" time="0.0003388">
        </testcase>
        <testcase classname="tests/import-parser.test.js" name="parseChatFromMarkdown() &gt; defaults timestamp to approximately Date.now() when date is absent" time="0.0006613">
        </testcase>
        <testcase classname="tests/import-parser.test.js" name="parseChatFromMarkdown() &gt; sets metadata.isExcerpt to false" time="0.0003805">
        </testcase>
        <testcase classname="tests/import-parser.test.js" name="parseChatFromMarkdown() &gt; sets metadata.importedAt to approximately now" time="0.0003887">
        </testcase>
        <testcase classname="tests/import-parser.test.js" name="parseChatFromMarkdown() &gt; sets metadata.originalChatId from the chat_id frontmatter field" time="0.0002825">
        </testcase>
        <testcase classname="tests/import-parser.test.js" name="parseChatFromMarkdown() &gt; sets metadata.originalChatId to null when chat_id is absent" time="0.0003126">
        </testcase>
        <testcase classname="tests/import-parser.test.js" name="parseChatFromMarkdown() &gt; sets messageCount from the frontmatter field when present" time="0.0003365">
        </testcase>
        <testcase classname="tests/import-parser.test.js" name="parseChatFromMarkdown() &gt; sets messageCount to 0 when frontmatter omits it" time="0.0003803">
        </testcase>
        <testcase classname="tests/import-parser.test.js" name="parseChatFromMarkdown() &gt; always returns messages as an empty array" time="0.0007615">
        </testcase>
        <testcase classname="tests/import-parser.test.js" name="parseChatFromMarkdown() &gt; always returns topicId as null" time="0.0003971">
        </testcase>
        <testcase classname="tests/import-parser.test.js" name="parseChatFromMarkdown() &gt; always returns tags as an empty array" time="0.0004181">
        </testcase>
        <testcase classname="tests/import-parser.test.js" name="parseChatFromMarkdown() &gt; handles content with no frontmatter — uses filename as title" time="0.0014774">
        </testcase>
        <testcase classname="tests/import-parser.test.js" name="parseChatFromMarkdown() &gt; uses &quot;Untitled&quot; when filename is falsy (|| &quot;Untitled&quot; fallback on line 348)" time="0.0012237">
        </testcase>
        <testcase classname="tests/import-parser.test.js" name="parseChatFromMarkdown() &gt; parses the exported frontmatter field without throwing" time="0.0006262">
        </testcase>
        <testcase classname="tests/import-parser.test.js" name="parseChatFromMarkdown() &gt; parses the contentFormat frontmatter field without throwing" time="0.0006075">
        </testcase>
        <testcase classname="tests/import-parser.test.js" name="parseChatFromMarkdown() &gt; parses excerpt:true in frontmatter without throwing" time="0.0004374">
        </testcase>
        <testcase classname="tests/import-parser.test.js" name="parseChatFromMarkdown() &gt; parses excerpt:false in frontmatter without throwing" time="0.0006147">
        </testcase>
        <testcase classname="tests/import-parser.test.js" name="parseChatFromMarkdown() &gt; handles null content gracefully — returns a valid chat object" time="0.0008432">
        </testcase>
        <testcase classname="tests/import-parser.test.js" name="parseChatFromMarkdown() &gt; accepts an empty topicPathStr without throwing" time="0.0027909">
        </testcase>
        <testcase classname="tests/import-parser.test.js" name="parseChatFromMarkdown() &gt; stores the full markdown content in the content field" time="0.0008489">
        </testcase>
        <testcase classname="tests/import-parser.test.js" name="buildImportPlan() — null / edge cases &gt; returns an empty plan without throwing when zipEntries is null" time="0.0039454">
        </testcase>
        <testcase classname="tests/import-parser.test.js" name="buildImportPlan() — null / edge cases &gt; defaults to merge strategy when strategy is undefined (strategy || &quot;merge&quot; fallback)" time="0.0050283">
        </testcase>
        <testcase classname="tests/import-parser.test.js" name="buildImportPlan() — null / edge cases &gt; uses default Map when zipEntries has no topicFolders (= new Map() fallback)" time="0.0016552">
        </testcase>
        <testcase classname="tests/import-parser.test.js" name="buildImportPlan() — null / edge cases &gt; uses default [] when zipEntries has no chatFiles (= [] fallback)" time="0.0008942">
        </testcase>
        <testcase classname="tests/import-parser.test.js" name="buildImportPlan() — merge strategy &gt; returns an object with the required plan keys" time="0.0021567">
        </testcase>
        <testcase classname="tests/import-parser.test.js" name="buildImportPlan() — merge strategy &gt; sends all topics to topicsToCreate when existingTree is null" time="0.0016814">
        </testcase>
        <testcase classname="tests/import-parser.test.js" name="buildImportPlan() — merge strategy &gt; puts &quot;Work&quot; and &quot;Work/Projects&quot; into topicsToMerge when they exist in tree" time="0.0013338">
        </testcase>
        <testcase classname="tests/import-parser.test.js" name="buildImportPlan() — merge strategy &gt; puts &quot;Personal&quot; into topicsToCreate since it has no match in existingTree" time="0.0011053">
        </testcase>
        <testcase classname="tests/import-parser.test.js" name="buildImportPlan() — merge strategy &gt; summary.chats equals the number of chatFiles imported" time="0.0007969">
        </testcase>
        <testcase classname="tests/import-parser.test.js" name="buildImportPlan() — merge strategy &gt; summary.topics equals topicsToCreate.length + topicsToMerge.length" time="0.0006584">
        </testcase>
        <testcase classname="tests/import-parser.test.js" name="buildImportPlan() — merge strategy &gt; summary.conflicts is a non-negative number" time="0.0005433">
        </testcase>
        <testcase classname="tests/import-parser.test.js" name="buildImportPlan() — merge strategy &gt; detects duplicate chats within the same import (same title, source, ~same time)" time="0.0016428">
        </testcase>
        <testcase classname="tests/import-parser.test.js" name="buildImportPlan() — merge strategy &gt; chatsToImport arrays use objects with chatEntry and targetTopicPath" time="0.0016068">
        </testcase>
        <testcase classname="tests/import-parser.test.js" name="buildImportPlan() — replace strategy &gt; puts all topics into topicsToCreate even when they exist in existingTree" time="0.0022912">
        </testcase>
        <testcase classname="tests/import-parser.test.js" name="buildImportPlan() — replace strategy &gt; leaves topicsToMerge empty for replace strategy" time="0.0018199">
        </testcase>
        <testcase classname="tests/import-parser.test.js" name="buildImportPlan() — create_root strategy &gt; includes a root wrapper topic named &quot;Imported {YYYY-MM-DD}&quot;" time="0.0024136">
        </testcase>
        <testcase classname="tests/import-parser.test.js" name="buildImportPlan() — create_root strategy &gt; creates the wrapper root plus all imported folders" time="0.0009109">
        </testcase>
        <testcase classname="tests/import-parser.test.js" name="buildImportPlan() — create_root strategy &gt; does not merge anything — topicsToMerge is empty" time="0.0010662">
        </testcase>
        <testcase classname="tests/import-parser.test.js" name="buildImportPlan() — create_root strategy &gt; prefixes chat targetTopicPath with the wrapper root name" time="0.0013087">
        </testcase>
        <testcase classname="tests/import-parser.test.js" name="buildImportPlan() — create_root strategy &gt; treats &quot;new-root&quot; as an alias for create_root strategy (line 421 branch)" time="0.0013782">
        </testcase>
        <testcase classname="tests/import-parser.test.js" name="executeImport() &gt; returns a valid empty result when plan is null" time="0.0026364">
        </testcase>
        <testcase classname="tests/import-parser.test.js" name="executeImport() &gt; generates topic ids that start with &quot;topic_imported_&quot;" time="0.0022987">
        </testcase>
        <testcase classname="tests/import-parser.test.js" name="executeImport() &gt; creates the correct number of new topics" time="0.0022618">
        </testcase>
        <testcase classname="tests/import-parser.test.js" name="executeImport() &gt; imports the correct number of chats" time="0.001392">
        </testcase>
        <testcase classname="tests/import-parser.test.js" name="executeImport() &gt; links each imported chat to its topic via the chatIds array" time="0.0012316">
        </testcase>
        <testcase classname="tests/import-parser.test.js" name="executeImport() &gt; updates firstChatDate on the target topic" time="0.0006935">
        </testcase>
        <testcase classname="tests/import-parser.test.js" name="executeImport() &gt; updates lastChatDate on the target topic" time="0.0008014">
        </testcase>
        <testcase classname="tests/import-parser.test.js" name="executeImport() &gt; summary.topicsCreated equals the number of new topics created" time="0.0008183">
        </testcase>
        <testcase classname="tests/import-parser.test.js" name="executeImport() &gt; summary.topicsMerged equals the number of merge entries in the plan" time="0.0008976">
        </testcase>
        <testcase classname="tests/import-parser.test.js" name="executeImport() &gt; summary.chatsImported equals the number of chats added" time="0.0009731">
        </testcase>
        <testcase classname="tests/import-parser.test.js" name="executeImport() &gt; summary.errors is an array (empty when no errors occur)" time="0.0009378">
        </testcase>
        <testcase classname="tests/import-parser.test.js" name="executeImport() &gt; does NOT mutate the original tree object" time="0.0010097">
        </testcase>
        <testcase classname="tests/import-parser.test.js" name="executeImport() &gt; does NOT mutate the original chats array" time="0.0009358">
        </testcase>
        <testcase classname="tests/import-parser.test.js" name="executeImport() &gt; updatedChats contains the original chats plus newly imported ones" time="0.0041262">
        </testcase>
        <testcase classname="tests/import-parser.test.js" name="executeImport() &gt; updatedTopics contains original topics plus all new topic entries" time="0.0023851">
        </testcase>
        <testcase classname="tests/import-parser.test.js" name="executeImport() &gt; preserves original root topics alongside any new top-level topics" time="0.0011458">
        </testcase>
        <testcase classname="tests/import-parser.test.js" name="executeImport() &gt; merges chats into the correct existing topic when using merge strategy" time="0.0013278">
        </testcase>
        <testcase classname="tests/import-parser.test.js" name="executeImport() &gt; handles existingTree with rootTopicIds missing (|| [] fallback on line 439)" time="0.0019181">
        </testcase>
        <testcase classname="tests/import-parser.test.js" name="executeImport() &gt; handles topics without children property in walkTopic (|| [] fallback on line 444)" time="0.001104">
        </testcase>
        <testcase classname="tests/import-parser.test.js" name="executeImport() &gt; handles orphaned child ID in walkTopic (early return when topic not found, line 439)" time="0.0013448">
        </testcase>
        <testcase classname="tests/import-parser.test.js" name="Round-trip: parseZipEntries → buildImportPlan → executeImport &gt; produces the correct number of topics in updatedTopics" time="0.001766">
        </testcase>
        <testcase classname="tests/import-parser.test.js" name="Round-trip: parseZipEntries → buildImportPlan → executeImport &gt; produces the correct number of chats in updatedChats" time="0.0015807">
        </testcase>
        <testcase classname="tests/import-parser.test.js" name="Round-trip: parseZipEntries → buildImportPlan → executeImport &gt; creates a topic named &quot;Work&quot; in updatedTopics" time="0.0053966">
        </testcase>
        <testcase classname="tests/import-parser.test.js" name="Round-trip: parseZipEntries → buildImportPlan → executeImport &gt; creates a topic named &quot;Projects&quot; in updatedTopics" time="0.0011819">
        </testcase>
        <testcase classname="tests/import-parser.test.js" name="Round-trip: parseZipEntries → buildImportPlan → executeImport &gt; creates a topic named &quot;Personal&quot; in updatedTopics" time="0.0009934">
        </testcase>
        <testcase classname="tests/import-parser.test.js" name="Round-trip: parseZipEntries → buildImportPlan → executeImport &gt; sets &quot;Projects&quot; as a child of &quot;Work&quot;" time="0.0009852">
        </testcase>
        <testcase classname="tests/import-parser.test.js" name="Round-trip: parseZipEntries → buildImportPlan → executeImport &gt; has &quot;Work&quot; and &quot;Personal&quot; as root topics" time="0.0010073">
        </testcase>
        <testcase classname="tests/import-parser.test.js" name="Round-trip: parseZipEntries → buildImportPlan → executeImport &gt; preserves the full markdown content in updatedChats[*].content" time="0.0008955">
        </testcase>
        <testcase classname="tests/import-parser.test.js" name="Round-trip: parseZipEntries → buildImportPlan → executeImport &gt; assigns each chat to a non-null topicId after executeImport" time="0.0008169">
        </testcase>
        <testcase classname="tests/import-parser.test.js" name="Round-trip: parseZipEntries → buildImportPlan → executeImport &gt; all topic ids in updatedRootTopics exist as keys in updatedTopics" time="0.0008346">
        </testcase>
        <testcase classname="tests/import-parser.test.js" name="Round-trip: parseZipEntries → buildImportPlan → executeImport &gt; all chatIds stored on topics reference actual chats in updatedChats" time="0.0008416">
        </testcase>
        <testcase classname="tests/import-parser.test.js" name="executeImport() – branch edge cases &gt; handles tree with topics but no rootTopicIds array" time="0.000571">
        </testcase>
        <testcase classname="tests/import-parser.test.js" name="executeImport() – branch edge cases &gt; deep-clones topics that lack children/chatIds (|| [] fallback on lines 613-614)" time="0.0006809">
        </testcase>
        <testcase classname="tests/import-parser.test.js" name="executeImport() – branch edge cases &gt; handles tree where rootTopicIds is not an array" time="0.0004155">
        </testcase>
        <testcase classname="tests/import-parser.test.js" name="executeImport() – branch edge cases &gt; records an error when parent folder path cannot be resolved for a nested topic" time="0.0011107">
        </testcase>
        <testcase classname="tests/import-parser.test.js" name="executeImport() – branch edge cases &gt; catches errors thrown during individual chat import and records them in summary.errors" time="0.0009378">
        </testcase>
        <testcase classname="tests/import-parser.test.js" name="executeImport() – branch edge cases &gt; updatedChats defaults to [] when chats arg is not an array" time="0.0007999">
        </testcase>
        <testcase classname="tests/import-parser.test.js" name="executeImport() – branch edge cases &gt; sets topicId to null when chat targetTopicPath is not in folderToId map" time="0.000884">
        </testcase>
        <testcase classname="tests/import-parser.test.js" name="executeImport() – branch edge cases &gt; skips duplicate chatId push when chatId already in topic.chatIds" time="0.0008435">
        </testcase>
        <testcase classname="tests/import-parser.test.js" name="executeImport() – branch edge cases &gt; does not update lastChatDate when an earlier-timestamp chat is added to an existing range" time="0.001343">
        </testcase>
        <testcase classname="tests/import-parser.test.js" name="executeImport() – branch edge cases &gt; does not update firstChatDate or lastChatDate when chat timestamp is not a number" time="0.0010689">
        </testcase>
        <testcase classname="tests/import-parser.test.js" name="executeImport() – branch edge cases &gt; creates a topic without folderPath (item.folderPath falsy) and attaches it to root" time="0.001054">
        </testcase>
        <testcase classname="tests/import-parser.test.js" name="executeImport() – branch edge cases &gt; handles parentTopic missing from updatedTopics when parentId resolves via merge" time="0.0007093">
        </testcase>
        <testcase classname="tests/import-parser.test.js" name="validateZipFile() – MIME vs extension combinations &gt; returns valid when MIME is application/zip but extension is NOT .zip" time="0.0003787">
        </testcase>
        <testcase classname="tests/import-parser.test.js" name="validateZipFile() – MIME vs extension combinations &gt; returns invalid when file.size is a non-number" time="0.0005671">
        </testcase>
        <testcase classname="tests/import-parser.test.js" name="validateZipFile() – MIME vs extension combinations &gt; returns invalid when file name is an empty string" time="0.0003403">
        </testcase>
        <testcase classname="tests/import-parser.test.js" name="validateZipFile() – MIME vs extension combinations &gt; returns invalid when file name is not a string" time="0.0003426">
        </testcase>
        <testcase classname="tests/import-parser.test.js" name="executeImport() – timestamp update logic &gt; sets firstChatDate and lastChatDate from a single chat with timestamp" time="0.0008931">
        </testcase>
        <testcase classname="tests/import-parser.test.js" name="executeImport() – timestamp update logic &gt; updates firstChatDate when a newer import has an earlier timestamp" time="0.0006877">
        </testcase>
        <testcase classname="tests/import-parser.test.js" name="executeImport() – timestamp update logic &gt; updates lastChatDate when a newer import has a later timestamp" time="0.0005733">
        </testcase>
        <testcase classname="tests/import-parser.test.js" name="executeImport() – timestamp update logic &gt; does NOT update dates for chats where ts is not a number" time="0.0009664">
        </testcase>
        <testcase classname="tests/import-parser.test.js" name="executeImport() – timestamp update logic &gt; does NOT set dates when topicId is null (chat without a topic)" time="0.0004358">
        </testcase>
        <testcase classname="tests/import-parser.test.js" name="executeImport() – timestamp update logic &gt; does not add duplicate chatIds when the same chat is imported twice" time="0.0007257">
        </testcase>
        <testcase classname="tests/import-parser.test.js" name="executeImport() – timestamp update logic &gt; sort puts shallow topic before deeper topic (sort comparator deep &lt; shallow = negative)" time="0.0006128">
        </testcase>
        <testcase classname="tests/import-parser.test.js" name="executeImport() – timestamp update logic &gt; does not push duplicate root topic when executeImport called twice with same plan" time="0.0005609">
        </testcase>
        <testcase classname="tests/import-parser.test.js" name="executeImport() – timestamp update logic &gt; sort comparator handles item with no folderPath (depth=0 fallback branch)" time="0.0006699">
        </testcase>
        <testcase classname="tests/import-parser.test.js" name="executeImport() – timestamp update logic &gt; records error when parent folder path is not resolvable (line 692)" time="0.0005718">
        </testcase>
        <testcase classname="tests/import-parser.test.js" name="executeImport() – timestamp update logic &gt; handles plan with topicsToMerge=undefined (|| [] fallback on line 637)" time="0.0004333">
        </testcase>
        <testcase classname="tests/import-parser.test.js" name="executeImport() – timestamp update logic &gt; handles plan with topicsToCreate=undefined (|| [] fallback on line 661)" time="0.0004417">
        </testcase>
        <testcase classname="tests/import-parser.test.js" name="executeImport() – timestamp update logic &gt; handles plan with chatsToImport=undefined (|| [] fallback on line 702)" time="0.0003587">
        </testcase>
    </testsuite>
    <testsuite name="tests/item-builder.test.js" timestamp="2026-03-17T19:02:07.178Z" hostname="Kahana-PC" tests="80" failures="0" errors="0" skipped="0" time="0.4056591">
        <testcase classname="tests/item-builder.test.js" name="buildChatItem &gt; returns an &lt;li&gt; element" time="0.0704225">
        </testcase>
        <testcase classname="tests/item-builder.test.js" name="buildChatItem &gt; sets data-chat-id attribute" time="0.0058138">
        </testcase>
        <testcase classname="tests/item-builder.test.js" name="buildChatItem &gt; sets data-source attribute" time="0.0026273">
        </testcase>
        <testcase classname="tests/item-builder.test.js" name="buildChatItem &gt; uses &quot;unknown&quot; source when source is missing" time="0.0023964">
        </testcase>
        <testcase classname="tests/item-builder.test.js" name="buildChatItem &gt; increments nodeIndex" time="0.0022001">
        </testcase>
        <testcase classname="tests/item-builder.test.js" name="buildChatItem &gt; sets paddingLeft based on level" time="0.0064263">
        </testcase>
        <testcase classname="tests/item-builder.test.js" name="buildChatItem &gt; renders chat title in label text" time="0.0031869">
        </testcase>
        <testcase classname="tests/item-builder.test.js" name="buildChatItem &gt; renders &quot;Untitled Chat&quot; when title is missing" time="0.0025969">
        </testcase>
        <testcase classname="tests/item-builder.test.js" name="buildChatItem &gt; renders source chip for regular chat" time="0.0033913">
        </testcase>
        <testcase classname="tests/item-builder.test.js" name="buildChatItem &gt; does NOT render source chip for excerpt" time="0.0039116">
        </testcase>
        <testcase classname="tests/item-builder.test.js" name="buildChatItem &gt; does NOT render source chip for assembled chat" time="0.0028602">
        </testcase>
        <testcase classname="tests/item-builder.test.js" name="buildChatItem &gt; renders correct icon for regular chat (💬)" time="0.0027164">
        </testcase>
        <testcase classname="tests/item-builder.test.js" name="buildChatItem &gt; renders correct icon for excerpt (✂️)" time="0.0024971">
        </testcase>
        <testcase classname="tests/item-builder.test.js" name="buildChatItem &gt; renders correct icon for assembled chat (🔗)" time="0.0025221">
        </testcase>
        <testcase classname="tests/item-builder.test.js" name="buildChatItem &gt; renders date badge when timestamp is provided" time="0.0033893">
        </testcase>
        <testcase classname="tests/item-builder.test.js" name="buildChatItem &gt; does not render date badge when timestamp is missing" time="0.0032852">
        </testcase>
        <testcase classname="tests/item-builder.test.js" name="buildChatItem &gt; renders star rating badge" time="0.0031575">
        </testcase>
        <testcase classname="tests/item-builder.test.js" name="buildChatItem &gt; does not render rating badge when rating is 0" time="0.002428">
        </testcase>
        <testcase classname="tests/item-builder.test.js" name="buildChatItem &gt; renders stale badge when flaggedAsStale is true" time="0.0025798">
        </testcase>
        <testcase classname="tests/item-builder.test.js" name="buildChatItem &gt; stale badge title includes reviewDate when provided" time="0.0029064">
        </testcase>
        <testcase classname="tests/item-builder.test.js" name="buildChatItem &gt; renders tag chips when tags are present" time="0.008176">
        </testcase>
        <testcase classname="tests/item-builder.test.js" name="buildChatItem &gt; renders a spacer (not checkbox) in normal mode" time="0.0029012">
        </testcase>
        <testcase classname="tests/item-builder.test.js" name="buildChatItem &gt; renders checkbox in multi-select mode" time="0.0044899">
        </testcase>
        <testcase classname="tests/item-builder.test.js" name="buildChatItem &gt; checkbox is checked when chat is in selectedChatIds" time="0.0103379">
        </testcase>
        <testcase classname="tests/item-builder.test.js" name="buildChatItem &gt; adds tree-chat-item--selected class when chat is selected in multi-select mode" time="0.0028494">
        </testcase>
        <testcase classname="tests/item-builder.test.js" name="buildChatItem &gt; click toggles chat selection in multi-select mode" time="0.0090349">
        </testcase>
        <testcase classname="tests/item-builder.test.js" name="buildChatItem &gt; click calls onChatClick in normal mode" time="0.0056204">
        </testcase>
        <testcase classname="tests/item-builder.test.js" name="buildChatItem &gt; renders more-actions button" time="0.0029307">
        </testcase>
        <testcase classname="tests/item-builder.test.js" name="buildChatItem &gt; more-actions button click calls onChatContextMenu" time="0.0141632">
        </testcase>
        <testcase classname="tests/item-builder.test.js" name="buildChatItem &gt; contextmenu event calls onChatContextMenu" time="0.0029724">
        </testcase>
        <testcase classname="tests/item-builder.test.js" name="buildChatItem &gt; checkbox click calls toggleChatSelection and stops propagation" time="0.0040253">
        </testcase>
        <testcase classname="tests/item-builder.test.js" name="buildChatItem &gt; unknown source renders raw source value as chip text" time="0.0046015">
        </testcase>
        <testcase classname="tests/item-builder.test.js" name="buildChatItem &gt; dragstart sets drag state and dataTransfer" time="0.0048708">
        </testcase>
        <testcase classname="tests/item-builder.test.js" name="buildChatItem &gt; dragend clears drag state and removes dragging class" time="0.0048964">
        </testcase>
        <testcase classname="tests/item-builder.test.js" name="buildChatItem &gt; more-actions button does not call onChatContextMenu when handler is null" time="0.0185862">
        </testcase>
        <testcase classname="tests/item-builder.test.js" name="buildChatItem &gt; stale badge title uses fallback message when reviewDate is absent" time="0.0039234">
        </testcase>
        <testcase classname="tests/item-builder.test.js" name="buildChatItem &gt; rating badge singular for 1 star" time="0.0033041">
        </testcase>
        <testcase classname="tests/item-builder.test.js" name="buildChatItem &gt; mouseenter shows overlay when tags are present" time="0.00737">
        </testcase>
        <testcase classname="tests/item-builder.test.js" name="buildChatItem &gt; mouseleave removes overlay" time="0.0057989">
        </testcase>
        <testcase classname="tests/item-builder.test.js" name="buildTopicNode &gt; returns an &lt;li&gt; element" time="0.0044862">
        </testcase>
        <testcase classname="tests/item-builder.test.js" name="buildTopicNode &gt; adds tree-node--card class for root-level topics" time="0.00217">
        </testcase>
        <testcase classname="tests/item-builder.test.js" name="buildTopicNode &gt; does not add tree-node--card class for nested topics" time="0.0021098">
        </testcase>
        <testcase classname="tests/item-builder.test.js" name="buildTopicNode &gt; sets data-topic-id attribute" time="0.001426">
        </testcase>
        <testcase classname="tests/item-builder.test.js" name="buildTopicNode &gt; adds &quot;selected&quot; class when selectedNodeId matches" time="0.0013469">
        </testcase>
        <testcase classname="tests/item-builder.test.js" name="buildTopicNode &gt; renders topic name" time="0.0032411">
        </testcase>
        <testcase classname="tests/item-builder.test.js" name="buildTopicNode &gt; renders expand button when topic has children" time="0.0048588">
        </testcase>
        <testcase classname="tests/item-builder.test.js" name="buildTopicNode &gt; renders spacer when topic has no children" time="0.0024662">
        </testcase>
        <testcase classname="tests/item-builder.test.js" name="buildTopicNode &gt; expand button shows ▼ when topic is expanded" time="0.0053276">
        </testcase>
        <testcase classname="tests/item-builder.test.js" name="buildTopicNode &gt; expand button calls toggleNode on click" time="0.0064287">
        </testcase>
        <testcase classname="tests/item-builder.test.js" name="buildTopicNode &gt; renders icon 📁 when topic has children" time="0.0038387">
        </testcase>
        <testcase classname="tests/item-builder.test.js" name="buildTopicNode &gt; renders icon 📄 when topic has no children" time="0.0024655">
        </testcase>
        <testcase classname="tests/item-builder.test.js" name="buildTopicNode &gt; renders timespan badge when getDateRangeString returns non-empty" time="0.002913">
        </testcase>
        <testcase classname="tests/item-builder.test.js" name="buildTopicNode &gt; does not render timespan badge when getDateRangeString returns empty" time="0.003418">
        </testcase>
        <testcase classname="tests/item-builder.test.js" name="buildTopicNode &gt; renders chat count badge when chatIds are present" time="0.0033026">
        </testcase>
        <testcase classname="tests/item-builder.test.js" name="buildTopicNode &gt; renders sparkline for root-level topics with chats" time="0.003094">
        </testcase>
        <testcase classname="tests/item-builder.test.js" name="buildTopicNode &gt; does not render sparkline for nested topics" time="0.0025244">
        </testcase>
        <testcase classname="tests/item-builder.test.js" name="buildTopicNode &gt; renders pin button for root-level topics" time="0.0025047">
        </testcase>
        <testcase classname="tests/item-builder.test.js" name="buildTopicNode &gt; does not render pin button for nested topics" time="0.0023043">
        </testcase>
        <testcase classname="tests/item-builder.test.js" name="buildTopicNode &gt; pin button has active class when topic is pinned" time="0.0110398">
        </testcase>
        <testcase classname="tests/item-builder.test.js" name="buildTopicNode &gt; pin button click calls onTopicPin" time="0.0030148">
        </testcase>
        <testcase classname="tests/item-builder.test.js" name="buildTopicNode &gt; renders more-actions button" time="0.0019666">
        </testcase>
        <testcase classname="tests/item-builder.test.js" name="buildTopicNode &gt; more-actions button click calls onTopicContextMenu" time="0.0050485">
        </testcase>
        <testcase classname="tests/item-builder.test.js" name="buildTopicNode &gt; nodeContent click calls selectNode and onTopicClick" time="0.0118828">
        </testcase>
        <testcase classname="tests/item-builder.test.js" name="buildTopicNode &gt; contextmenu on nodeContent calls onTopicContextMenu" time="0.0039757">
        </testcase>
        <testcase classname="tests/item-builder.test.js" name="buildTopicNode &gt; renders children list when expanded" time="0.0035268">
        </testcase>
        <testcase classname="tests/item-builder.test.js" name="buildTopicNode &gt; does not render children list when collapsed" time="0.0024236">
        </testcase>
        <testcase classname="tests/item-builder.test.js" name="buildTopicNode &gt; sets aria-expanded when topic has children" time="0.0022479">
        </testcase>
        <testcase classname="tests/item-builder.test.js" name="buildTopicNode &gt; dragstart on topic sets drag state" time="0.0029777">
        </testcase>
        <testcase classname="tests/item-builder.test.js" name="buildTopicNode &gt; dragend on topic clears drag state" time="0.0027362">
        </testcase>
        <testcase classname="tests/item-builder.test.js" name="buildTopicNode &gt; dragover on topic adds drop-target class when valid drag in progress" time="0.003229">
        </testcase>
        <testcase classname="tests/item-builder.test.js" name="buildTopicNode &gt; drop on topic calls onChatDrop when drag type is chat" time="0.0029992">
        </testcase>
        <testcase classname="tests/item-builder.test.js" name="buildTopicNode &gt; drop on topic calls onTopicDrop when drag type is different topic" time="0.0028184">
        </testcase>
        <testcase classname="tests/item-builder.test.js" name="buildTopicNode &gt; dragover is no-op when no drag in progress" time="0.0032547">
        </testcase>
        <testcase classname="tests/item-builder.test.js" name="buildTopicNode &gt; dragleave removes drop-target class" time="0.0032084">
        </testcase>
        <testcase classname="tests/item-builder.test.js" name="buildTopicNode &gt; drop when getDrag returns null does not call any drop handler" time="0.0044049">
        </testcase>
        <testcase classname="tests/item-builder.test.js" name="buildTopicNode &gt; drop with topic drag but missing onTopicDrop handler does not throw" time="0.0033946">
        </testcase>
        <testcase classname="tests/item-builder.test.js" name="buildTopicNode &gt; drop with chat drag but missing onChatDrop handler does not throw" time="0.0023192">
        </testcase>
        <testcase classname="tests/item-builder.test.js" name="buildTopicNode &gt; renders children even when a childId references a missing topic (undefined branch)" time="0.0026192">
        </testcase>
        <testcase classname="tests/item-builder.test.js" name="buildTopicNode &gt; contextmenu on nodeContent does not throw when onTopicContextMenu is null" time="0.0031993">
        </testcase>
        <testcase classname="tests/item-builder.test.js" name="buildTopicNode &gt; dragleave when relatedTarget is inside nodeContent does NOT remove drop-target class" time="0.0038258">
        </testcase>
    </testsuite>
    <testsuite name="tests/jsonl-builder.test.js" timestamp="2026-03-17T19:02:07.258Z" hostname="Kahana-PC" tests="30" failures="0" errors="0" skipped="0" time="0.0282648">
        <testcase classname="tests/jsonl-builder.test.js" name="buildFineTuningJsonl &gt; returns a valid JSON line for a chat with user+assistant messages" time="0.0071555">
        </testcase>
        <testcase classname="tests/jsonl-builder.test.js" name="buildFineTuningJsonl &gt; the parsed line has messages array with correct roles and content" time="0.0029485">
        </testcase>
        <testcase classname="tests/jsonl-builder.test.js" name="buildFineTuningJsonl &gt; includes a system message when options.systemMessage is provided" time="0.0007217">
        </testcase>
        <testcase classname="tests/jsonl-builder.test.js" name="buildFineTuningJsonl &gt; does NOT include a system message when options.systemMessage is empty string" time="0.0007151">
        </testcase>
        <testcase classname="tests/jsonl-builder.test.js" name="buildFineTuningJsonl &gt; does NOT include a system message when options.systemMessage is absent" time="0.0004439">
        </testcase>
        <testcase classname="tests/jsonl-builder.test.js" name="buildFineTuningJsonl &gt; skips messages with roles other than &apos;user&apos; and &apos;assistant&apos;" time="0.0015879">
        </testcase>
        <testcase classname="tests/jsonl-builder.test.js" name="buildFineTuningJsonl &gt; returns &apos;&apos; when chat.messages is empty after filtering" time="0.0002906">
        </testcase>
        <testcase classname="tests/jsonl-builder.test.js" name="buildFineTuningJsonl &gt; returns &apos;&apos; when all messages have non-user/assistant roles after filtering" time="0.0002292">
        </testcase>
        <testcase classname="tests/jsonl-builder.test.js" name="buildFineTuningJsonl &gt; returns &apos;&apos; when chat.messages is undefined" time="0.0002389">
        </testcase>
        <testcase classname="tests/jsonl-builder.test.js" name="buildFineTuningJsonl &gt; returns &apos;&apos; when chat.messages is null" time="0.0002566">
        </testcase>
        <testcase classname="tests/jsonl-builder.test.js" name="buildFineTuningJsonl &gt; returns &apos;&apos; when chat itself is null" time="0.0002811">
        </testcase>
        <testcase classname="tests/jsonl-builder.test.js" name="buildFineTuningJsonl &gt; returns &apos;&apos; when chat itself is undefined" time="0.0002095">
        </testcase>
        <testcase classname="tests/jsonl-builder.test.js" name="buildFineTuningJsonl &gt; handles a chat with multiple alternating user/assistant turns in a single JSON line" time="0.0006599">
        </testcase>
        <testcase classname="tests/jsonl-builder.test.js" name="buildFineTuningJsonl &gt; correctly JSON-serialises content with special characters (quotes, newlines, Unicode)" time="0.0005885">
        </testcase>
        <testcase classname="tests/jsonl-builder.test.js" name="buildFineTuningJsonlMulti &gt; returns a JSONL string with one line per chat" time="0.0007027">
        </testcase>
        <testcase classname="tests/jsonl-builder.test.js" name="buildFineTuningJsonlMulti &gt; each line parses as valid JSON with a messages array" time="0.0006174">
        </testcase>
        <testcase classname="tests/jsonl-builder.test.js" name="buildFineTuningJsonlMulti &gt; skips chats that produce an empty line and does not emit blank lines" time="0.0007874">
        </testcase>
        <testcase classname="tests/jsonl-builder.test.js" name="buildFineTuningJsonlMulti &gt; returns &apos;&apos; for an empty chats array" time="0.0003586">
        </testcase>
        <testcase classname="tests/jsonl-builder.test.js" name="buildFineTuningJsonlMulti &gt; returns &apos;&apos; when chats is null" time="0.0002537">
        </testcase>
        <testcase classname="tests/jsonl-builder.test.js" name="buildFineTuningJsonlMulti &gt; returns &apos;&apos; when chats is undefined" time="0.000256">
        </testcase>
        <testcase classname="tests/jsonl-builder.test.js" name="buildFineTuningJsonlMulti &gt; passes systemMessage option through to each line" time="0.0007067">
        </testcase>
        <testcase classname="tests/jsonl-builder.test.js" name="buildFineTuningJsonlMulti &gt; a single chat array produces output identical to buildFineTuningJsonl for that chat" time="0.0009651">
        </testcase>
        <testcase classname="tests/jsonl-builder.test.js" name="prettyPrint option &gt; buildFineTuningJsonl with prettyPrint: true &gt; returns multi-line JSON when prettyPrint is true" time="0.0003749">
        </testcase>
        <testcase classname="tests/jsonl-builder.test.js" name="prettyPrint option &gt; buildFineTuningJsonl with prettyPrint: true &gt; still parses to the same data as compact mode" time="0.0004072">
        </testcase>
        <testcase classname="tests/jsonl-builder.test.js" name="prettyPrint option &gt; buildFineTuningJsonl with prettyPrint: true &gt; uses 2-space indentation" time="0.0002854">
        </testcase>
        <testcase classname="tests/jsonl-builder.test.js" name="prettyPrint option &gt; buildFineTuningJsonl with prettyPrint: true &gt; returns compact JSON when prettyPrint is false" time="0.0002066">
        </testcase>
        <testcase classname="tests/jsonl-builder.test.js" name="prettyPrint option &gt; buildFineTuningJsonl with prettyPrint: true &gt; returns compact JSON when prettyPrint is absent" time="0.0002064">
        </testcase>
        <testcase classname="tests/jsonl-builder.test.js" name="prettyPrint option &gt; buildFineTuningJsonlMulti with prettyPrint: true &gt; separates records with a blank line between them" time="0.0002812">
        </testcase>
        <testcase classname="tests/jsonl-builder.test.js" name="prettyPrint option &gt; buildFineTuningJsonlMulti with prettyPrint: true &gt; each record still parses as valid JSON" time="0.0007661">
        </testcase>
        <testcase classname="tests/jsonl-builder.test.js" name="prettyPrint option &gt; buildFineTuningJsonlMulti with prettyPrint: true &gt; compact mode joins with single newline" time="0.0004901">
        </testcase>
    </testsuite>
    <testsuite name="tests/logger.test.js" timestamp="2026-03-17T19:02:07.290Z" hostname="Kahana-PC" tests="61" failures="0" errors="0" skipped="0" time="0.1048673">
        <testcase classname="tests/logger.test.js" name="Logger &gt; setLevel / getLevel &gt; defaults to INFO" time="0.0072702">
        </testcase>
        <testcase classname="tests/logger.test.js" name="Logger &gt; setLevel / getLevel &gt; sets level to DEBUG" time="0.0012553">
        </testcase>
        <testcase classname="tests/logger.test.js" name="Logger &gt; setLevel / getLevel &gt; sets level to WARN" time="0.0010476">
        </testcase>
        <testcase classname="tests/logger.test.js" name="Logger &gt; setLevel / getLevel &gt; sets level to ERROR" time="0.0009368">
        </testcase>
        <testcase classname="tests/logger.test.js" name="Logger &gt; setLevel / getLevel &gt; sets level to ALL" time="0.0009376">
        </testcase>
        <testcase classname="tests/logger.test.js" name="Logger &gt; setLevel / getLevel &gt; sets level to OFF" time="0.0008255">
        </testcase>
        <testcase classname="tests/logger.test.js" name="Logger &gt; setLevel / getLevel &gt; is case-insensitive" time="0.000858">
        </testcase>
        <testcase classname="tests/logger.test.js" name="Logger &gt; setLevel / getLevel &gt; falls back to INFO for unknown level" time="0.0014525">
        </testcase>
        <testcase classname="tests/logger.test.js" name="Logger &gt; setLevel / getLevel &gt; persists level to localStorage" time="0.0017497">
        </testcase>
        <testcase classname="tests/logger.test.js" name="Logger &gt; getLevelValue &gt; returns -1 for ALL" time="0.0011508">
        </testcase>
        <testcase classname="tests/logger.test.js" name="Logger &gt; getLevelValue &gt; returns 0 for DEBUG" time="0.0009448">
        </testcase>
        <testcase classname="tests/logger.test.js" name="Logger &gt; getLevelValue &gt; returns 1 for INFO" time="0.0008936">
        </testcase>
        <testcase classname="tests/logger.test.js" name="Logger &gt; getLevelValue &gt; returns 2 for WARN" time="0.0010139">
        </testcase>
        <testcase classname="tests/logger.test.js" name="Logger &gt; getLevelValue &gt; returns 3 for ERROR" time="0.0008834">
        </testcase>
        <testcase classname="tests/logger.test.js" name="Logger &gt; getLevelValue &gt; returns 4 for OFF" time="0.0008371">
        </testcase>
        <testcase classname="tests/logger.test.js" name="Logger &gt; Logger.LEVELS static getter &gt; returns an array of level names" time="0.003826">
        </testcase>
        <testcase classname="tests/logger.test.js" name="Logger &gt; setEnabled / isEnabled &gt; setEnabled(true) sets level to DEBUG" time="0.0010448">
        </testcase>
        <testcase classname="tests/logger.test.js" name="Logger &gt; setEnabled / isEnabled &gt; setEnabled(false) sets level to INFO" time="0.0008411">
        </testcase>
        <testcase classname="tests/logger.test.js" name="Logger &gt; setEnabled / isEnabled &gt; isEnabled() returns true when DEBUG" time="0.000954">
        </testcase>
        <testcase classname="tests/logger.test.js" name="Logger &gt; setEnabled / isEnabled &gt; isEnabled() returns false when INFO" time="0.0008724">
        </testcase>
        <testcase classname="tests/logger.test.js" name="Logger &gt; setEnabled / isEnabled &gt; isEnabled() returns false when ERROR" time="0.0008347">
        </testcase>
        <testcase classname="tests/logger.test.js" name="Logger &gt; info() at INFO level &gt; calls console.info" time="0.0039825">
        </testcase>
        <testcase classname="tests/logger.test.js" name="Logger &gt; log() is alias for info() &gt; calls console.info via log()" time="0.001171">
        </testcase>
        <testcase classname="tests/logger.test.js" name="Logger &gt; warn() &gt; calls console.warn at WARN level" time="0.0011028">
        </testcase>
        <testcase classname="tests/logger.test.js" name="Logger &gt; warn() &gt; calls console.warn at INFO level (warn &gt;= info)" time="0.0010545">
        </testcase>
        <testcase classname="tests/logger.test.js" name="Logger &gt; error() &gt; calls console.error at ERROR level" time="0.0010982">
        </testcase>
        <testcase classname="tests/logger.test.js" name="Logger &gt; error() &gt; calls console.error at DEBUG level" time="0.0009429">
        </testcase>
        <testcase classname="tests/logger.test.js" name="Logger &gt; DEBUG() &gt; calls console.debug at DEBUG level" time="0.0010616">
        </testcase>
        <testcase classname="tests/logger.test.js" name="Logger &gt; DEBUG() &gt; does NOT call console.debug at INFO level" time="0.0011152">
        </testcase>
        <testcase classname="tests/logger.test.js" name="Logger &gt; ALL level enables all output &gt; DEBUG() passes" time="0.0010354">
        </testcase>
        <testcase classname="tests/logger.test.js" name="Logger &gt; ALL level enables all output &gt; info() passes" time="0.0010301">
        </testcase>
        <testcase classname="tests/logger.test.js" name="Logger &gt; ALL level enables all output &gt; warn() passes" time="0.0016485">
        </testcase>
        <testcase classname="tests/logger.test.js" name="Logger &gt; ALL level enables all output &gt; error() passes" time="0.0013876">
        </testcase>
        <testcase classname="tests/logger.test.js" name="Logger &gt; ALL level enables all output &gt; group() passes" time="0.0012371">
        </testcase>
        <testcase classname="tests/logger.test.js" name="Logger &gt; ALL level enables all output &gt; groupEnd() passes" time="0.0012846">
        </testcase>
        <testcase classname="tests/logger.test.js" name="Logger &gt; ALL level enables all output &gt; time() passes" time="0.0013413">
        </testcase>
        <testcase classname="tests/logger.test.js" name="Logger &gt; ALL level enables all output &gt; timeEnd() passes" time="0.0014716">
        </testcase>
        <testcase classname="tests/logger.test.js" name="Logger &gt; OFF level silences all output &gt; DEBUG() suppressed" time="0.0012665">
        </testcase>
        <testcase classname="tests/logger.test.js" name="Logger &gt; OFF level silences all output &gt; info() suppressed" time="0.0015116">
        </testcase>
        <testcase classname="tests/logger.test.js" name="Logger &gt; OFF level silences all output &gt; warn() suppressed" time="0.0013833">
        </testcase>
        <testcase classname="tests/logger.test.js" name="Logger &gt; OFF level silences all output &gt; error() suppressed" time="0.0010701">
        </testcase>
        <testcase classname="tests/logger.test.js" name="Logger &gt; OFF level silences all output &gt; group() suppressed" time="0.0020008">
        </testcase>
        <testcase classname="tests/logger.test.js" name="Logger &gt; OFF level silences all output &gt; groupEnd() suppressed" time="0.0027439">
        </testcase>
        <testcase classname="tests/logger.test.js" name="Logger &gt; OFF level silences all output &gt; time() suppressed" time="0.0017532">
        </testcase>
        <testcase classname="tests/logger.test.js" name="Logger &gt; OFF level silences all output &gt; timeEnd() suppressed" time="0.0033613">
        </testcase>
        <testcase classname="tests/logger.test.js" name="Logger &gt; INFO level suppresses group/time helpers &gt; group() not called" time="0.0016554">
        </testcase>
        <testcase classname="tests/logger.test.js" name="Logger &gt; INFO level suppresses group/time helpers &gt; groupEnd() not called" time="0.0012821">
        </testcase>
        <testcase classname="tests/logger.test.js" name="Logger &gt; INFO level suppresses group/time helpers &gt; time() not called" time="0.002182">
        </testcase>
        <testcase classname="tests/logger.test.js" name="Logger &gt; INFO level suppresses group/time helpers &gt; timeEnd() not called" time="0.0018898">
        </testcase>
        <testcase classname="tests/logger.test.js" name="Logger &gt; DEBUG level enables group/time helpers &gt; group() calls console.group" time="0.0015731">
        </testcase>
        <testcase classname="tests/logger.test.js" name="Logger &gt; DEBUG level enables group/time helpers &gt; groupEnd() calls console.groupEnd" time="0.0018417">
        </testcase>
        <testcase classname="tests/logger.test.js" name="Logger &gt; DEBUG level enables group/time helpers &gt; time() calls console.time" time="0.002337">
        </testcase>
        <testcase classname="tests/logger.test.js" name="Logger &gt; DEBUG level enables group/time helpers &gt; timeEnd() calls console.timeEnd" time="0.0014926">
        </testcase>
        <testcase classname="tests/logger.test.js" name="Logger &gt; WARN level filtering &gt; info() suppressed" time="0.0014487">
        </testcase>
        <testcase classname="tests/logger.test.js" name="Logger &gt; WARN level filtering &gt; warn() passes" time="0.0013589">
        </testcase>
        <testcase classname="tests/logger.test.js" name="Logger &gt; WARN level filtering &gt; error() passes" time="0.0015425">
        </testcase>
        <testcase classname="tests/logger.test.js" name="Logger &gt; ERROR level filtering &gt; info() suppressed" time="0.0015152">
        </testcase>
        <testcase classname="tests/logger.test.js" name="Logger &gt; ERROR level filtering &gt; warn() suppressed" time="0.0015687">
        </testcase>
        <testcase classname="tests/logger.test.js" name="Logger &gt; ERROR level filtering &gt; error() passes" time="0.0014329">
        </testcase>
        <testcase classname="tests/logger.test.js" name="Logger &gt; passes multiple arguments to console method &gt; info with multiple args" time="0.004379">
        </testcase>
        <testcase classname="tests/logger.test.js" name="Logger &gt; passes multiple arguments to console method &gt; error with multiple args" time="0.0021591">
        </testcase>
    </testsuite>
    <testsuite name="tests/markdown-serialiser.test.js" timestamp="2026-03-17T19:02:07.346Z" hostname="Kahana-PC" tests="55" failures="0" errors="0" skipped="0" time="0.0364795">
        <testcase classname="tests/markdown-serialiser.test.js" name="escapeYaml &gt; returns empty string for null/undefined/empty" time="0.0042243">
        </testcase>
        <testcase classname="tests/markdown-serialiser.test.js" name="escapeYaml &gt; escapes double quotes" time="0.0004677">
        </testcase>
        <testcase classname="tests/markdown-serialiser.test.js" name="escapeYaml &gt; escapes backslashes" time="0.0002934">
        </testcase>
        <testcase classname="tests/markdown-serialiser.test.js" name="escapeYaml &gt; escapes both in one string" time="0.0002792">
        </testcase>
        <testcase classname="tests/markdown-serialiser.test.js" name="escapeYaml &gt; leaves normal strings unchanged" time="0.0002574">
        </testcase>
        <testcase classname="tests/markdown-serialiser.test.js" name="formatRoleLabel &gt; returns &quot;User&quot; for role user" time="0.0003921">
        </testcase>
        <testcase classname="tests/markdown-serialiser.test.js" name="formatRoleLabel &gt; returns &quot;Assistant&quot; for role assistant" time="0.0002606">
        </testcase>
        <testcase classname="tests/markdown-serialiser.test.js" name="formatRoleLabel &gt; capitalises unknown roles" time="0.0002571">
        </testcase>
        <testcase classname="tests/markdown-serialiser.test.js" name="formatRoleLabel &gt; returns &quot;Unknown&quot; for empty / falsy" time="0.0003096">
        </testcase>
        <testcase classname="tests/markdown-serialiser.test.js" name="formatTimestamp &gt; returns empty string for null/undefined/0/empty" time="0.0004284">
        </testcase>
        <testcase classname="tests/markdown-serialiser.test.js" name="formatTimestamp &gt; formats a numeric ms timestamp to ISO string" time="0.0017343">
        </testcase>
        <testcase classname="tests/markdown-serialiser.test.js" name="formatTimestamp &gt; accepts an ISO string and round-trips it" time="0.000364">
        </testcase>
        <testcase classname="tests/markdown-serialiser.test.js" name="formatTimestamp &gt; returns empty string for an invalid date string" time="0.0003694">
        </testcase>
        <testcase classname="tests/markdown-serialiser.test.js" name="messagesToMarkdown &gt; opens with YAML frontmatter block" time="0.0011135">
        </testcase>
        <testcase classname="tests/markdown-serialiser.test.js" name="messagesToMarkdown &gt; includes title in frontmatter" time="0.0006528">
        </testcase>
        <testcase classname="tests/markdown-serialiser.test.js" name="messagesToMarkdown &gt; includes source in frontmatter" time="0.000345">
        </testcase>
        <testcase classname="tests/markdown-serialiser.test.js" name="messagesToMarkdown &gt; includes url in frontmatter" time="0.0002978">
        </testcase>
        <testcase classname="tests/markdown-serialiser.test.js" name="messagesToMarkdown &gt; includes date in frontmatter" time="0.0002784">
        </testcase>
        <testcase classname="tests/markdown-serialiser.test.js" name="messagesToMarkdown &gt; includes messageCount in frontmatter" time="0.000699">
        </testcase>
        <testcase classname="tests/markdown-serialiser.test.js" name="messagesToMarkdown &gt; includes contentFormat tag in frontmatter" time="0.0004559">
        </testcase>
        <testcase classname="tests/markdown-serialiser.test.js" name="messagesToMarkdown &gt; omits url line when url is empty" time="0.0007024">
        </testcase>
        <testcase classname="tests/markdown-serialiser.test.js" name="messagesToMarkdown &gt; omits date line when timestamp is missing" time="0.0004703">
        </testcase>
        <testcase classname="tests/markdown-serialiser.test.js" name="messagesToMarkdown &gt; does NOT include excerpt flag for normal chats" time="0.0003763">
        </testcase>
        <testcase classname="tests/markdown-serialiser.test.js" name="messagesToMarkdown &gt; includes excerpt flag when isExcerpt is true" time="0.0003771">
        </testcase>
        <testcase classname="tests/markdown-serialiser.test.js" name="messagesToMarkdown &gt; includes a level-1 title heading" time="0.0003633">
        </testcase>
        <testcase classname="tests/markdown-serialiser.test.js" name="messagesToMarkdown &gt; prepends 🙋 emoji to first non-empty line of user message" time="0.0004749">
        </testcase>
        <testcase classname="tests/markdown-serialiser.test.js" name="messagesToMarkdown &gt; prepends 🤖 emoji to first non-empty line of assistant message" time="0.000464">
        </testcase>
        <testcase classname="tests/markdown-serialiser.test.js" name="messagesToMarkdown &gt; does not add 🤖 to subsequent lines of multi-line assistant message" time="0.0005867">
        </testcase>
        <testcase classname="tests/markdown-serialiser.test.js" name="messagesToMarkdown &gt; skips leading blank lines when prepending emoji" time="0.0004601">
        </testcase>
        <testcase classname="tests/markdown-serialiser.test.js" name="messagesToMarkdown &gt; puts emoji on its own line when content starts with a markdown heading" time="0.0005615">
        </testcase>
        <testcase classname="tests/markdown-serialiser.test.js" name="messagesToMarkdown &gt; puts emoji on its own line for h5 headings (no ##### artefact)" time="0.0005499">
        </testcase>
        <testcase classname="tests/markdown-serialiser.test.js" name="messagesToMarkdown &gt; still prepends emoji inline when content starts with plain text" time="0.0004157">
        </testcase>
        <testcase classname="tests/markdown-serialiser.test.js" name="messagesToMarkdown &gt; renders message content" time="0.0003967">
        </testcase>
        <testcase classname="tests/markdown-serialiser.test.js" name="messagesToMarkdown &gt; places a horizontal rule between turns" time="0.0004251">
        </testcase>
        <testcase classname="tests/markdown-serialiser.test.js" name="messagesToMarkdown &gt; does NOT place a divider after the last turn" time="0.0003455">
        </testcase>
        <testcase classname="tests/markdown-serialiser.test.js" name="messagesToMarkdown &gt; handles a single message with no trailing divider" time="0.0004533">
        </testcase>
        <testcase classname="tests/markdown-serialiser.test.js" name="messagesToMarkdown &gt; handles empty messages array gracefully" time="0.0005237">
        </testcase>
        <testcase classname="tests/markdown-serialiser.test.js" name="messagesToMarkdown &gt; handles null messages gracefully" time="0.0003494">
        </testcase>
        <testcase classname="tests/markdown-serialiser.test.js" name="messagesToMarkdown &gt; uses &quot;Untitled Chat&quot; when title is missing" time="0.0003787">
        </testcase>
        <testcase classname="tests/markdown-serialiser.test.js" name="messagesToMarkdown &gt; uses &quot;unknown&quot; source when source is missing" time="0.0003073">
        </testcase>
        <testcase classname="tests/markdown-serialiser.test.js" name="messagesToMarkdown &gt; escapes double-quotes in title inside frontmatter" time="0.0003463">
        </testcase>
        <testcase classname="tests/markdown-serialiser.test.js" name="messagesToMarkdown &gt; uses meta.messageCount override when provided" time="0.0003937">
        </testcase>
        <testcase classname="tests/markdown-serialiser.test.js" name="messagesToMarkdown &gt; infers messageCount from messages array when not provided" time="0.0003554">
        </testcase>
        <testcase classname="tests/markdown-serialiser.test.js" name="messagesToMarkdown &gt; renders unknown role with capitalised label" time="0.0004004">
        </testcase>
        <testcase classname="tests/markdown-serialiser.test.js" name="messagesToMarkdown &gt; handles messages with empty content without throwing" time="0.0004803">
        </testcase>
        <testcase classname="tests/markdown-serialiser.test.js" name="messagesToMarkdown &gt; renders body text below the title when messages is empty" time="0.0005095">
        </testcase>
        <testcase classname="tests/markdown-serialiser.test.js" name="messagesToMarkdown &gt; does not render body when messages array is non-empty" time="0.0004463">
        </testcase>
        <testcase classname="tests/markdown-serialiser.test.js" name="parseFrontmatter &gt; returns {} for null/undefined/empty" time="0.0025126">
        </testcase>
        <testcase classname="tests/markdown-serialiser.test.js" name="parseFrontmatter &gt; returns {} when no frontmatter block present" time="0.0003925">
        </testcase>
        <testcase classname="tests/markdown-serialiser.test.js" name="parseFrontmatter &gt; returns {} when closing --- is missing" time="0.0003703">
        </testcase>
        <testcase classname="tests/markdown-serialiser.test.js" name="parseFrontmatter &gt; round-trips a full messagesToMarkdown output" time="0.0009234">
        </testcase>
        <testcase classname="tests/markdown-serialiser.test.js" name="parseFrontmatter &gt; round-trips a title containing escaped double-quotes" time="0.0005557">
        </testcase>
        <testcase classname="tests/markdown-serialiser.test.js" name="parseFrontmatter &gt; parses excerpt flag as boolean true" time="0.0004377">
        </testcase>
        <testcase classname="tests/markdown-serialiser.test.js" name="parseFrontmatter &gt; omits excerpt key when not an excerpt" time="0.0004537">
        </testcase>
        <testcase classname="tests/markdown-serialiser.test.js" name="parseFrontmatter &gt; parses messageCount as a number" time="0.0004609">
        </testcase>
    </testsuite>
    <testsuite name="tests/message-validator.test.js" timestamp="2026-03-17T19:02:07.399Z" hostname="Kahana-PC" tests="23" failures="0" errors="0" skipped="0" time="0.0163933">
        <testcase classname="tests/message-validator.test.js" name="validateRuntimeMessage() — sender identity &gt; accepts a message from the same extension" time="0.0031519">
        </testcase>
        <testcase classname="tests/message-validator.test.js" name="validateRuntimeMessage() — sender identity &gt; rejects a message from a different extension ID" time="0.0005322">
        </testcase>
        <testcase classname="tests/message-validator.test.js" name="validateRuntimeMessage() — sender identity &gt; rejects a message with no sender ID" time="0.0003075">
        </testcase>
        <testcase classname="tests/message-validator.test.js" name="validateRuntimeMessage() — sender identity &gt; rejects when sender is null" time="0.0002695">
        </testcase>
        <testcase classname="tests/message-validator.test.js" name="validateRuntimeMessage() — sender identity &gt; rejects when sender is undefined" time="0.0002398">
        </testcase>
        <testcase classname="tests/message-validator.test.js" name="validateRuntimeMessage() — message shape &gt; rejects null message" time="0.0004173">
        </testcase>
        <testcase classname="tests/message-validator.test.js" name="validateRuntimeMessage() — message shape &gt; rejects a string instead of an object" time="0.0003716">
        </testcase>
        <testcase classname="tests/message-validator.test.js" name="validateRuntimeMessage() — message shape &gt; rejects a message with a missing type field" time="0.0003051">
        </testcase>
        <testcase classname="tests/message-validator.test.js" name="validateRuntimeMessage() — message shape &gt; rejects a message with a numeric type" time="0.0005229">
        </testcase>
        <testcase classname="tests/message-validator.test.js" name="validateRuntimeMessage() — message shape &gt; accepts an unknown type with no further payload requirements" time="0.0003244">
        </testcase>
        <testcase classname="tests/message-validator.test.js" name="validateRuntimeMessage() — CHAT_SAVED payload &gt; accepts a well-formed CHAT_SAVED message" time="0.0005655">
        </testcase>
        <testcase classname="tests/message-validator.test.js" name="validateRuntimeMessage() — CHAT_SAVED payload &gt; rejects CHAT_SAVED when data is missing" time="0.0005926">
        </testcase>
        <testcase classname="tests/message-validator.test.js" name="validateRuntimeMessage() — CHAT_SAVED payload &gt; rejects CHAT_SAVED when data is null" time="0.0008802">
        </testcase>
        <testcase classname="tests/message-validator.test.js" name="validateRuntimeMessage() — CHAT_SAVED payload &gt; rejects CHAT_SAVED when data is a string" time="0.0005352">
        </testcase>
        <testcase classname="tests/message-validator.test.js" name="validateRuntimeMessage() — CHAT_SAVED payload &gt; rejects CHAT_SAVED when data.id is missing" time="0.0004702">
        </testcase>
        <testcase classname="tests/message-validator.test.js" name="validateRuntimeMessage() — CHAT_SAVED payload &gt; rejects CHAT_SAVED when data.id is empty string" time="0.0004747">
        </testcase>
        <testcase classname="tests/message-validator.test.js" name="validateRuntimeMessage() — CHAT_SAVED payload &gt; rejects CHAT_SAVED when data.title is missing" time="0.000483">
        </testcase>
        <testcase classname="tests/message-validator.test.js" name="validateRuntimeMessage() — CHAT_SAVED payload &gt; rejects CHAT_SAVED when data.title is whitespace only" time="0.0004611">
        </testcase>
        <testcase classname="tests/message-validator.test.js" name="validateRuntimeMessage() — SELECT_CHAT payload &gt; accepts a well-formed SELECT_CHAT message" time="0.0003139">
        </testcase>
        <testcase classname="tests/message-validator.test.js" name="validateRuntimeMessage() — SELECT_CHAT payload &gt; rejects SELECT_CHAT with missing chatId" time="0.0003941">
        </testcase>
        <testcase classname="tests/message-validator.test.js" name="validateRuntimeMessage() — SELECT_CHAT payload &gt; rejects SELECT_CHAT with empty chatId" time="0.0003475">
        </testcase>
        <testcase classname="tests/message-validator.test.js" name="validateRuntimeMessage() — SELECT_CHAT payload &gt; rejects SELECT_CHAT with whitespace-only chatId" time="0.0003289">
        </testcase>
        <testcase classname="tests/message-validator.test.js" name="validateRuntimeMessage() — SELECT_CHAT payload &gt; rejects SELECT_CHAT with numeric chatId" time="0.0003626">
        </testcase>
    </testsuite>
    <testsuite name="tests/multi-select.test.js" timestamp="2026-03-17T19:02:07.418Z" hostname="Kahana-PC" tests="36" failures="0" errors="0" skipped="0" time="0.1495047">
        <testcase classname="tests/multi-select.test.js" name="handleMultiSelectToggle() &gt; does nothing when renderer is null" time="0.0102628">
        </testcase>
        <testcase classname="tests/multi-select.test.js" name="handleMultiSelectToggle() &gt; enters multi-select mode when not already in it" time="0.0141505">
        </testcase>
        <testcase classname="tests/multi-select.test.js" name="handleMultiSelectToggle() &gt; exits multi-select mode when already in it" time="0.0025964">
        </testcase>
        <testcase classname="tests/multi-select.test.js" name="exitMultiSelectMode() &gt; does nothing when renderer is null" time="0.0012447">
        </testcase>
        <testcase classname="tests/multi-select.test.js" name="exitMultiSelectMode() &gt; calls renderer.exitMultiSelectMode and hides selection bar" time="0.001922">
        </testcase>
        <testcase classname="tests/multi-select.test.js" name="handleSelectionChange() &gt; updates the selection count display" time="0.0029695">
        </testcase>
        <testcase classname="tests/multi-select.test.js" name="handleSelectionChange() &gt; shows &quot;1 chat selected&quot; for a single selection" time="0.0011039">
        </testcase>
        <testcase classname="tests/multi-select.test.js" name="updateSelectionBar() &gt; disables action buttons when count &lt; 2" time="0.002388">
        </testcase>
        <testcase classname="tests/multi-select.test.js" name="updateSelectionBar() &gt; enables action buttons when count &gt;= 2" time="0.001897">
        </testcase>
        <testcase classname="tests/multi-select.test.js" name="updateSelectionBar() &gt; shows count in selectionCount element" time="0.0012215">
        </testcase>
        <testcase classname="tests/multi-select.test.js" name="updateSelectionBar() &gt; sets accessible titles on action buttons for &gt;= 2 count" time="0.0015815">
        </testcase>
        <testcase classname="tests/multi-select.test.js" name="updateSelectionBar() &gt; does not throw when elements are absent" time="0.001261">
        </testcase>
        <testcase classname="tests/multi-select.test.js" name="handleCopyAll() &gt; does nothing when renderer is null" time="0.0009817">
        </testcase>
        <testcase classname="tests/multi-select.test.js" name="handleCopyAll() &gt; shows error when fewer than 2 chats selected" time="0.0029067">
        </testcase>
        <testcase classname="tests/multi-select.test.js" name="handleCopyAll() &gt; shows success notification after successful copy" time="0.0021357">
        </testcase>
        <testcase classname="tests/multi-select.test.js" name="handleCopyAll() &gt; shows error when clipboard content is too large" time="0.0020502">
        </testcase>
        <testcase classname="tests/multi-select.test.js" name="handleCopyAll() &gt; shows error when copy fails (ok: false, tooLarge: false)" time="0.0019158">
        </testcase>
        <testcase classname="tests/multi-select.test.js" name="handleCopyAll() &gt; shows error when loadFullByIds throws" time="0.0252347">
            <system-err>
Copy all: failed to load chat content: Error: DB error
    at C:/Repos/Personal/bAInder/tests/multi-select.test.js:289:69
    at [90mfile:///C:/Repos/Personal/bAInder/[39mnode_modules/[4m@vitest/runner[24m/dist/index.js:145:11
    at [90mfile:///C:/Repos/Personal/bAInder/[39mnode_modules/[4m@vitest/runner[24m/dist/index.js:915:26
    at [90mfile:///C:/Repos/Personal/bAInder/[39mnode_modules/[4m@vitest/runner[24m/dist/index.js:1243:20
    at new Promise (&lt;anonymous&gt;)
    at runWithTimeout [90m(file:///C:/Repos/Personal/bAInder/[39mnode_modules/[4m@vitest/runner[24m/dist/index.js:1209:10[90m)[39m
    at [90mfile:///C:/Repos/Personal/bAInder/[39mnode_modules/[4m@vitest/runner[24m/dist/index.js:1653:37
    at Traces.$ [90m(file:///C:/Repos/Personal/bAInder/[39mnode_modules/[4mvitest[24m/dist/chunks/traces.CCmnQaNT.js:142:27[90m)[39m
    at trace [90m(file:///C:/Repos/Personal/bAInder/[39mnode_modules/[4mvitest[24m/dist/chunks/test.B8ej_ZHS.js:239:21[90m)[39m
    at runTest [90m(file:///C:/Repos/Personal/bAInder/[39mnode_modules/[4m@vitest/runner[24m/dist/index.js:1653:12[90m)[39m

            </system-err>
        </testcase>
        <testcase classname="tests/multi-select.test.js" name="handleExportDigest() &gt; does nothing when renderer is null" time="0.0012872">
        </testcase>
        <testcase classname="tests/multi-select.test.js" name="handleExportDigest() &gt; shows error when fewer than 2 chats selected" time="0.0019161">
        </testcase>
        <testcase classname="tests/multi-select.test.js" name="handleExportDigest() &gt; calls showExportDigest when 2+ chats selected" time="0.002381">
        </testcase>
        <testcase classname="tests/multi-select.test.js" name="handleExportDigest() &gt; shows alert when export throws" time="0.00762">
            <system-err>
Digest export failed: Error: Export crash
    at C:/Repos/Personal/bAInder/tests/multi-select.test.js:333:76
    at [90mfile:///C:/Repos/Personal/bAInder/[39mnode_modules/[4m@vitest/runner[24m/dist/index.js:145:11
    at [90mfile:///C:/Repos/Personal/bAInder/[39mnode_modules/[4m@vitest/runner[24m/dist/index.js:915:26
    at [90mfile:///C:/Repos/Personal/bAInder/[39mnode_modules/[4m@vitest/runner[24m/dist/index.js:1243:20
    at new Promise (&lt;anonymous&gt;)
    at runWithTimeout [90m(file:///C:/Repos/Personal/bAInder/[39mnode_modules/[4m@vitest/runner[24m/dist/index.js:1209:10[90m)[39m
    at [90mfile:///C:/Repos/Personal/bAInder/[39mnode_modules/[4m@vitest/runner[24m/dist/index.js:1653:37
    at Traces.$ [90m(file:///C:/Repos/Personal/bAInder/[39mnode_modules/[4mvitest[24m/dist/chunks/traces.CCmnQaNT.js:142:27[90m)[39m
    at trace [90m(file:///C:/Repos/Personal/bAInder/[39mnode_modules/[4mvitest[24m/dist/chunks/test.B8ej_ZHS.js:239:21[90m)[39m
    at runTest [90m(file:///C:/Repos/Personal/bAInder/[39mnode_modules/[4m@vitest/runner[24m/dist/index.js:1653:12[90m)[39m

            </system-err>
        </testcase>
        <testcase classname="tests/multi-select.test.js" name="handleExportDigest() &gt; shows error when loadFullByIds throws in handleExportDigest" time="0.0030374">
            <system-err>
Failed to load full chat content for digest export: Error: DB fail
    at C:/Repos/Personal/bAInder/tests/multi-select.test.js:342:69
    at [90mfile:///C:/Repos/Personal/bAInder/[39mnode_modules/[4m@vitest/runner[24m/dist/index.js:145:11
    at [90mfile:///C:/Repos/Personal/bAInder/[39mnode_modules/[4m@vitest/runner[24m/dist/index.js:915:26
    at [90mfile:///C:/Repos/Personal/bAInder/[39mnode_modules/[4m@vitest/runner[24m/dist/index.js:1243:20
    at new Promise (&lt;anonymous&gt;)
    at runWithTimeout [90m(file:///C:/Repos/Personal/bAInder/[39mnode_modules/[4m@vitest/runner[24m/dist/index.js:1209:10[90m)[39m
    at [90mfile:///C:/Repos/Personal/bAInder/[39mnode_modules/[4m@vitest/runner[24m/dist/index.js:1653:37
    at Traces.$ [90m(file:///C:/Repos/Personal/bAInder/[39mnode_modules/[4mvitest[24m/dist/chunks/traces.CCmnQaNT.js:142:27[90m)[39m
    at trace [90m(file:///C:/Repos/Personal/bAInder/[39mnode_modules/[4mvitest[24m/dist/chunks/test.B8ej_ZHS.js:239:21[90m)[39m
    at runTest [90m(file:///C:/Repos/Personal/bAInder/[39mnode_modules/[4m@vitest/runner[24m/dist/index.js:1653:12[90m)[39m

            </system-err>
        </testcase>
        <testcase classname="tests/multi-select.test.js" name="handleExportDigest() &gt; shows error when more than 100 chats selected for digest export" time="0.0027324">
        </testcase>
        <testcase classname="tests/multi-select.test.js" name="handleAssemble() &gt; does nothing when renderer is null" time="0.004329">
        </testcase>
        <testcase classname="tests/multi-select.test.js" name="handleAssemble() &gt; shows error when fewer than 2 chats selected" time="0.0023268">
        </testcase>
        <testcase classname="tests/multi-select.test.js" name="handleAssemble() &gt; shows error when more than 100 chats selected for assembly" time="0.0020456">
        </testcase>
        <testcase classname="tests/multi-select.test.js" name="handleAssemble() &gt; returns early when prompt is cancelled" time="0.0015148">
        </testcase>
        <testcase classname="tests/multi-select.test.js" name="handleAssemble() &gt; returns early when folder form is cancelled" time="0.0019616">
        </testcase>
        <testcase classname="tests/multi-select.test.js" name="handleAssemble() &gt; shows error when loadFullByIds throws during assembly" time="0.0076171">
            <system-err>
Failed to load full chat content for assembly: Error: DB fail
    at C:/Repos/Personal/bAInder/tests/multi-select.test.js:468:53
    at [90mfile:///C:/Repos/Personal/bAInder/[39mnode_modules/[4m@vitest/runner[24m/dist/index.js:145:11
    at [90mfile:///C:/Repos/Personal/bAInder/[39mnode_modules/[4m@vitest/runner[24m/dist/index.js:915:26
    at [90mfile:///C:/Repos/Personal/bAInder/[39mnode_modules/[4m@vitest/runner[24m/dist/index.js:1243:20
    at new Promise (&lt;anonymous&gt;)
    at runWithTimeout [90m(file:///C:/Repos/Personal/bAInder/[39mnode_modules/[4m@vitest/runner[24m/dist/index.js:1209:10[90m)[39m
    at [90mfile:///C:/Repos/Personal/bAInder/[39mnode_modules/[4m@vitest/runner[24m/dist/index.js:1653:37
    at Traces.$ [90m(file:///C:/Repos/Personal/bAInder/[39mnode_modules/[4mvitest[24m/dist/chunks/traces.CCmnQaNT.js:142:27[90m)[39m
    at trace [90m(file:///C:/Repos/Personal/bAInder/[39mnode_modules/[4mvitest[24m/dist/chunks/test.B8ej_ZHS.js:239:21[90m)[39m
    at runTest [90m(file:///C:/Repos/Personal/bAInder/[39mnode_modules/[4m@vitest/runner[24m/dist/index.js:1653:12[90m)[39m

            </system-err>
        </testcase>
        <testcase classname="tests/multi-select.test.js" name="handleAssemble() &gt; creates an Assemblies folder when none exists and topicId is __assemblies__" time="0.0043212">
        </testcase>
        <testcase classname="tests/multi-select.test.js" name="handleAssemble() &gt; reuses existing Assemblies folder when it already exists" time="0.0021571">
        </testcase>
        <testcase classname="tests/multi-select.test.js" name="handleAssemble() &gt; saves to a specified folder topic when topicId is not __assemblies__" time="0.0078194">
        </testcase>
        <testcase classname="tests/multi-select.test.js" name="handleAssemble() &gt; calls saveTree, loadAll, and renderTreeView on success" time="0.0053123">
        </testcase>
        <testcase classname="tests/multi-select.test.js" name="handleAssemble() &gt; shows success notification after assembly" time="0.003362">
        </testcase>
        <testcase classname="tests/multi-select.test.js" name="handleAssemble() &gt; shows error notification when addChat throws" time="0.0037276">
            <system-err>
Assembly failed: Error: Storage full
    at C:/Repos/Personal/bAInder/tests/multi-select.test.js:528:47
    at [90mfile:///C:/Repos/Personal/bAInder/[39mnode_modules/[4m@vitest/runner[24m/dist/index.js:145:11
    at [90mfile:///C:/Repos/Personal/bAInder/[39mnode_modules/[4m@vitest/runner[24m/dist/index.js:915:26
    at [90mfile:///C:/Repos/Personal/bAInder/[39mnode_modules/[4m@vitest/runner[24m/dist/index.js:1243:20
    at new Promise (&lt;anonymous&gt;)
    at runWithTimeout [90m(file:///C:/Repos/Personal/bAInder/[39mnode_modules/[4m@vitest/runner[24m/dist/index.js:1209:10[90m)[39m
    at [90mfile:///C:/Repos/Personal/bAInder/[39mnode_modules/[4m@vitest/runner[24m/dist/index.js:1653:37
    at Traces.$ [90m(file:///C:/Repos/Personal/bAInder/[39mnode_modules/[4mvitest[24m/dist/chunks/traces.CCmnQaNT.js:142:27[90m)[39m
    at trace [90m(file:///C:/Repos/Personal/bAInder/[39mnode_modules/[4mvitest[24m/dist/chunks/test.B8ej_ZHS.js:239:21[90m)[39m
    at runTest [90m(file:///C:/Repos/Personal/bAInder/[39mnode_modules/[4m@vitest/runner[24m/dist/index.js:1653:12[90m)[39m

            </system-err>
        </testcase>
    </testsuite>
    <testsuite name="tests/notification.test.js" timestamp="2026-03-17T19:02:07.454Z" hostname="Kahana-PC" tests="16" failures="0" errors="0" skipped="0" time="0.0623608">
        <testcase classname="tests/notification.test.js" name="showNotification() &gt; does nothing when there is no #toast element in the DOM" time="0.0131574">
        </testcase>
        <testcase classname="tests/notification.test.js" name="showNotification() &gt; sets toast textContent to the given message" time="0.0083041">
        </testcase>
        <testcase classname="tests/notification.test.js" name="showNotification() &gt; sets the toast className to include the type" time="0.002081">
        </testcase>
        <testcase classname="tests/notification.test.js" name="showNotification() &gt; defaults type to &quot;info&quot; when not specified" time="0.0014206">
        </testcase>
        <testcase classname="tests/notification.test.js" name="showNotification() &gt; uses types: error" time="0.0014344">
        </testcase>
        <testcase classname="tests/notification.test.js" name="showNotification() &gt; sets a dismiss timeout for regular (non-loading) notifications" time="0.0031024">
        </testcase>
        <testcase classname="tests/notification.test.js" name="showNotification() &gt; does NOT set a dismiss timeout for &quot;loading&quot; type" time="0.001418">
        </testcase>
        <testcase classname="tests/notification.test.js" name="showNotification() &gt; clears any previous timer when called a second time" time="0.0021083">
        </testcase>
        <testcase classname="tests/notification.test.js" name="showUndoToast() &gt; does nothing when there is no #toast element" time="0.0016765">
        </testcase>
        <testcase classname="tests/notification.test.js" name="showUndoToast() &gt; shows the message and an Undo button" time="0.0075261">
        </testcase>
        <testcase classname="tests/notification.test.js" name="showUndoToast() &gt; sets the toast className to toast--undo toast--visible" time="0.0015668">
        </testcase>
        <testcase classname="tests/notification.test.js" name="showUndoToast() &gt; calls onUndo when the Undo button is clicked" time="0.0050601">
        </testcase>
        <testcase classname="tests/notification.test.js" name="showUndoToast() &gt; hides the toast after Undo is clicked" time="0.0028783">
        </testcase>
        <testcase classname="tests/notification.test.js" name="showUndoToast() &gt; auto-dismisses the toast after the given timeoutMs" time="0.0014705">
        </testcase>
        <testcase classname="tests/notification.test.js" name="showUndoToast() &gt; cancels the previous toast timer when called again" time="0.001681">
        </testcase>
        <testcase classname="tests/notification.test.js" name="showUndoToast() &gt; does not fire onUndo twice when Undo clicked multiple times" time="0.0024485">
        </testcase>
    </testsuite>
    <testsuite name="tests/reader-ordinals.test.js" timestamp="2026-03-17T19:02:07.468Z" hostname="Kahana-PC" tests="28" failures="0" errors="0" skipped="0" time="0.063175">
        <testcase classname="tests/reader-ordinals.test.js" name="countTurns &gt; returns 0/0 for null input" time="0.004307">
        </testcase>
        <testcase classname="tests/reader-ordinals.test.js" name="countTurns &gt; returns 0/0 for empty container" time="0.005174">
        </testcase>
        <testcase classname="tests/reader-ordinals.test.js" name="countTurns &gt; counts user turns as prompts" time="0.0038726">
        </testcase>
        <testcase classname="tests/reader-ordinals.test.js" name="countTurns &gt; counts assistant turns as responses" time="0.0011691">
        </testcase>
        <testcase classname="tests/reader-ordinals.test.js" name="countTurns &gt; counts mixed turns correctly" time="0.0015715">
        </testcase>
        <testcase classname="tests/reader-ordinals.test.js" name="countTurns &gt; handles single user turn" time="0.000835">
        </testcase>
        <testcase classname="tests/reader-ordinals.test.js" name="countTurns &gt; handles single assistant turn" time="0.0007962">
        </testcase>
        <testcase classname="tests/reader-ordinals.test.js" name="addOrdinalLabels &gt; no-ops on null input" time="0.0022884">
        </testcase>
        <testcase classname="tests/reader-ordinals.test.js" name="addOrdinalLabels &gt; no-ops on empty container" time="0.0013302">
        </testcase>
        <testcase classname="tests/reader-ordinals.test.js" name="addOrdinalLabels &gt; adds P1 label and id=&quot;p1&quot; to first user turn" time="0.0036253">
        </testcase>
        <testcase classname="tests/reader-ordinals.test.js" name="addOrdinalLabels &gt; adds R1 label and id=&quot;r1&quot; to first assistant turn" time="0.0014031">
        </testcase>
        <testcase classname="tests/reader-ordinals.test.js" name="addOrdinalLabels &gt; numbers prompts and responses independently" time="0.002545">
        </testcase>
        <testcase classname="tests/reader-ordinals.test.js" name="addOrdinalLabels &gt; is idempotent — calling twice does not double labels" time="0.0031625">
        </testcase>
        <testcase classname="tests/reader-ordinals.test.js" name="addOrdinalLabels &gt; handles multiple prompts with increasing ordinal" time="0.0017901">
        </testcase>
        <testcase classname="tests/reader-ordinals.test.js" name="addOrdinalLabels &gt; handles multiple responses with increasing ordinal" time="0.0021175">
        </testcase>
        <testcase classname="tests/reader-ordinals.test.js" name="addOrdinalLabels &gt; skips turns without chat-turn--user/assistant class" time="0.001129">
        </testcase>
        <testcase classname="tests/reader-ordinals.test.js" name="addOrdinalLabels &gt; injects label as first child of chat-turn__role" time="0.001568">
        </testcase>
        <testcase classname="tests/reader-ordinals.test.js" name="countTurns — emoji format &gt; counts user paragraphs only" time="0.0016873">
        </testcase>
        <testcase classname="tests/reader-ordinals.test.js" name="countTurns — emoji format &gt; counts assistant paragraphs only" time="0.0010748">
        </testcase>
        <testcase classname="tests/reader-ordinals.test.js" name="countTurns — emoji format &gt; counts mixed turns and ignores non-role paragraphs" time="0.0012384">
        </testcase>
        <testcase classname="tests/reader-ordinals.test.js" name="addOrdinalLabels — emoji format &gt; injects P1 label on a single user paragraph" time="0.0013235">
        </testcase>
        <testcase classname="tests/reader-ordinals.test.js" name="addOrdinalLabels — emoji format &gt; injects R1 label on a single assistant paragraph" time="0.0011093">
        </testcase>
        <testcase classname="tests/reader-ordinals.test.js" name="addOrdinalLabels — emoji format &gt; numbers a mixed sequence correctly" time="0.0018442">
        </testcase>
        <testcase classname="tests/reader-ordinals.test.js" name="addOrdinalLabels — emoji format &gt; injects label as first child of the paragraph (before the emoji)" time="0.0011972">
        </testcase>
        <testcase classname="tests/reader-ordinals.test.js" name="addOrdinalLabels — emoji format &gt; is idempotent — calling twice yields the same labels" time="0.0020036">
        </testcase>
        <testcase classname="tests/reader-ordinals.test.js" name="addOrdinalLabels — emoji format &gt; assigns p-prefixed IDs to user paragraphs" time="0.0014091">
        </testcase>
        <testcase classname="tests/reader-ordinals.test.js" name="addOrdinalLabels — emoji format &gt; assigns r-prefixed IDs to assistant paragraphs" time="0.0025924">
        </testcase>
        <testcase classname="tests/reader-ordinals.test.js" name="addOrdinalLabels — emoji format &gt; ignores non-role paragraphs and does not label them" time="0.0029735">
        </testcase>
    </testsuite>
    <testsuite name="tests/reader.test.js" timestamp="2026-03-17T19:02:07.490Z" hostname="Kahana-PC" tests="156" failures="0" errors="0" skipped="0" time="0.9743398">
        <testcase classname="tests/reader.test.js" name="formatDate &gt; returns empty string for null / undefined / empty" time="0.0086025">
        </testcase>
        <testcase classname="tests/reader.test.js" name="formatDate &gt; returns a non-empty string for a valid ISO date" time="0.0825021">
        </testcase>
        <testcase classname="tests/reader.test.js" name="formatDate &gt; returns the original string for an invalid date" time="0.0011282">
        </testcase>
        <testcase classname="tests/reader.test.js" name="escapeHtml &gt; returns empty string for null / undefined" time="0.0014633">
        </testcase>
        <testcase classname="tests/reader.test.js" name="escapeHtml &gt; escapes &amp; &lt; &gt; &quot;" time="0.0007867">
        </testcase>
        <testcase classname="tests/reader.test.js" name="escapeHtml &gt; escapes ampersand" time="0.0006426">
        </testcase>
        <testcase classname="tests/reader.test.js" name="escapeHtml &gt; leaves safe text unchanged" time="0.0009617">
        </testcase>
        <testcase classname="tests/reader.test.js" name="sourceLabel &gt; maps chatgpt" time="0.0009654">
        </testcase>
        <testcase classname="tests/reader.test.js" name="sourceLabel &gt; maps claude" time="0.0008513">
        </testcase>
        <testcase classname="tests/reader.test.js" name="sourceLabel &gt; maps gemini" time="0.0005746">
        </testcase>
        <testcase classname="tests/reader.test.js" name="sourceLabel &gt; maps copilot" time="0.0008482">
        </testcase>
        <testcase classname="tests/reader.test.js" name="sourceLabel &gt; returns source string for unknown" time="0.0007682">
        </testcase>
        <testcase classname="tests/reader.test.js" name="sourceLabel &gt; returns Unknown for empty / null" time="0.0007186">
        </testcase>
        <testcase classname="tests/reader.test.js" name="sourceLabel &gt; returns Excerpt when isExcerpt is true" time="0.0007839">
        </testcase>
        <testcase classname="tests/reader.test.js" name="badgeClass &gt; returns badge--chatgpt for chatgpt" time="0.0008136">
        </testcase>
        <testcase classname="tests/reader.test.js" name="badgeClass &gt; returns badge--unknown for unknown source" time="0.000681">
        </testcase>
        <testcase classname="tests/reader.test.js" name="badgeClass &gt; returns badge--excerpt when isExcerpt is true regardless of source" time="0.0005605">
        </testcase>
        <testcase classname="tests/reader.test.js" name="applyInline &gt; converts **bold** to &lt;strong&gt;" time="0.0025608">
        </testcase>
        <testcase classname="tests/reader.test.js" name="applyInline &gt; converts *italic* to &lt;em&gt;" time="0.0008399">
        </testcase>
        <testcase classname="tests/reader.test.js" name="applyInline &gt; converts `code` to &lt;code&gt;" time="0.0008671">
        </testcase>
        <testcase classname="tests/reader.test.js" name="applyInline &gt; does not double-process bold inside code" time="0.0016904">
        </testcase>
        <testcase classname="tests/reader.test.js" name="applyInline &gt; returns unchanged text when no formatting present" time="0.0006797">
        </testcase>
        <testcase classname="tests/reader.test.js" name="applyInline &gt; handles empty string" time="0.0005566">
        </testcase>
        <testcase classname="tests/reader.test.js" name="applyInline &gt; converts ![alt](https://url) to &lt;img&gt;" time="0.0012874">
        </testcase>
        <testcase classname="tests/reader.test.js" name="applyInline &gt; converts data: image URL to &lt;img&gt;" time="0.0007456">
        </testcase>
        <testcase classname="tests/reader.test.js" name="applyInline &gt; keeps &amp;amp; encoded in image src URL (valid HTML attribute)" time="0.0006944">
        </testcase>
        <testcase classname="tests/reader.test.js" name="applyInline &gt; converts [text](url) to an anchor tag" time="0.0012966">
        </testcase>
        <testcase classname="tests/reader.test.js" name="applyInline &gt; keeps &amp;amp; encoded in link href (valid HTML attribute)" time="0.0008342">
        </testcase>
        <testcase classname="tests/reader.test.js" name="applyInline &gt; handles links alongside bold text" time="0.0007728">
        </testcase>
        <testcase classname="tests/reader.test.js" name="renderMarkdown &gt; returns empty string for null / undefined / empty" time="0.0034966">
        </testcase>
        <testcase classname="tests/reader.test.js" name="renderMarkdown &gt; strips YAML frontmatter" time="0.0027658">
        </testcase>
        <testcase classname="tests/reader.test.js" name="renderMarkdown &gt; renders # heading as &lt;h1&gt;" time="0.000745">
        </testcase>
        <testcase classname="tests/reader.test.js" name="renderMarkdown &gt; renders ## heading as &lt;h2&gt;" time="0.0006563">
        </testcase>
        <testcase classname="tests/reader.test.js" name="renderMarkdown &gt; renders ### heading as &lt;h3&gt;" time="0.0006028">
        </testcase>
        <testcase classname="tests/reader.test.js" name="renderMarkdown &gt; renders --- as &lt;hr&gt;" time="0.0005607">
        </testcase>
        <testcase classname="tests/reader.test.js" name="renderMarkdown &gt; renders fenced code block as a code-block widget with header and copy button" time="0.0011801">
        </testcase>
        <testcase classname="tests/reader.test.js" name="renderMarkdown &gt; does not double-escape HTML inside code blocks" time="0.0005498">
        </testcase>
        <testcase classname="tests/reader.test.js" name="renderMarkdown &gt; renders blockquote &gt; as &lt;blockquote&gt;" time="0.000758">
        </testcase>
        <testcase classname="tests/reader.test.js" name="renderMarkdown &gt; renders standalone ![alt](url) as an &lt;img&gt;" time="0.0007466">
        </testcase>
        <testcase classname="tests/reader.test.js" name="renderMarkdown &gt; renders [text](url) link inside paragraph" time="0.0020196">
        </testcase>
        <testcase classname="tests/reader.test.js" name="renderMarkdown &gt; auto-links a bare https URL" time="0.0017078">
        </testcase>
        <testcase classname="tests/reader.test.js" name="renderMarkdown &gt; auto-links a bare http URL" time="0.0007069">
        </testcase>
        <testcase classname="tests/reader.test.js" name="renderMarkdown &gt; does not double-link an explicit markdown link whose href is a URL" time="0.0005958">
        </testcase>
        <testcase classname="tests/reader.test.js" name="renderMarkdown &gt; trims trailing period from auto-linked URL and keeps the period as text" time="0.0005694">
        </testcase>
        <testcase classname="tests/reader.test.js" name="renderMarkdown &gt; trims trailing ) from auto-linked URL" time="0.000505">
        </testcase>
        <testcase classname="tests/reader.test.js" name="renderMarkdown &gt; auto-links URL with path and query string" time="0.0004775">
        </testcase>
        <testcase classname="tests/reader.test.js" name="renderMarkdown &gt; does not link text that starts with http inside a word (e.g. no-op for plain text)" time="0.0005956">
        </testcase>
        <testcase classname="tests/reader.test.js" name="renderMarkdown &gt; renders Microsoft Designer as a card (not iframe)" time="0.000962">
        </testcase>
        <testcase classname="tests/reader.test.js" name="renderMarkdown &gt; Designer card does not clobber surrounding text" time="0.0013076">
        </testcase>
        <testcase classname="tests/reader.test.js" name="renderMarkdown &gt; audio marker with data: src renders &lt;audio controls&gt; player" time="0.0019104">
        </testcase>
        <testcase classname="tests/reader.test.js" name="renderMarkdown &gt; audio marker with https: src renders &lt;audio controls&gt; player" time="0.0015226">
        </testcase>
        <testcase classname="tests/reader.test.js" name="renderMarkdown &gt; audio marker with blob: src renders unavailable notice" time="0.0010686">
        </testcase>
        <testcase classname="tests/reader.test.js" name="renderMarkdown &gt; audio marker without URL (not captured) renders unavailable notice" time="0.0008944">
        </testcase>
        <testcase classname="tests/reader.test.js" name="renderMarkdown &gt; audio card does not clobber surrounding text" time="0.0031101">
        </testcase>
        <testcase classname="tests/reader.test.js" name="renderMarkdown &gt; audio src URL is HTML-escaped in the output" time="0.0015283">
        </testcase>
        <testcase classname="tests/reader.test.js" name="renderMarkdown &gt; standalone PDF filename renders as file-attachment-chip" time="0.0013064">
        </testcase>
        <testcase classname="tests/reader.test.js" name="renderMarkdown &gt; chip includes session note text" time="0.0005472">
        </testcase>
        <testcase classname="tests/reader.test.js" name="renderMarkdown &gt; without sourceUrl chip renders as &lt;div&gt;" time="0.0004895">
        </testcase>
        <testcase classname="tests/reader.test.js" name="renderMarkdown &gt; with sourceUrl chip renders as &lt;a&gt; linking to the source" time="0.0007575">
        </testcase>
        <testcase classname="tests/reader.test.js" name="renderMarkdown &gt; emoji-prefixed filename (from messagesToMarkdown) renders chip" time="0.0011127">
        </testcase>
        <testcase classname="tests/reader.test.js" name="renderMarkdown &gt; emoji-prefixed filename in full serialised content renders chip inside assistant turn" time="0.002144">
        </testcase>
        <testcase classname="tests/reader.test.js" name="renderMarkdown &gt; sourceUrl is passed through to emoji-prefixed chip" time="0.0018451">
        </testcase>
        <testcase classname="tests/reader.test.js" name="renderMarkdown &gt; filename + blank line + type label renders chip, drops bare type label" time="0.0008148">
        </testcase>
        <testcase classname="tests/reader.test.js" name="renderMarkdown &gt; DOCX file renders chip with correct ext badge" time="0.001333">
        </testcase>
        <testcase classname="tests/reader.test.js" name="renderMarkdown &gt; CSV file renders chip with correct ext badge" time="0.0010168">
        </testcase>
        <testcase classname="tests/reader.test.js" name="renderMarkdown &gt; Python file renders chip" time="0.0009237">
        </testcase>
        <testcase classname="tests/reader.test.js" name="renderMarkdown &gt; filename embedded in prose is NOT rendered as chip" time="0.0009281">
        </testcase>
        <testcase classname="tests/reader.test.js" name="renderMarkdown &gt; filename inside code block is NOT rendered as chip" time="0.0008235">
        </testcase>
        <testcase classname="tests/reader.test.js" name="renderMarkdown &gt; chip does not clobber surrounding text" time="0.0013332">
        </testcase>
        <testcase classname="tests/reader.test.js" name="renderMarkdown &gt; multiple attachment lines each render as separate chips" time="0.0006328">
        </testcase>
        <testcase classname="tests/reader.test.js" name="renderMarkdown &gt; renders - list items as &lt;ul&gt;" time="0.0012366">
        </testcase>
        <testcase classname="tests/reader.test.js" name="renderMarkdown &gt; renders numbered list items as &lt;ol&gt;" time="0.0010267">
        </testcase>
        <testcase classname="tests/reader.test.js" name="renderMarkdown &gt; wraps plain text lines in &lt;p&gt;" time="0.0005729">
        </testcase>
        <testcase classname="tests/reader.test.js" name="renderMarkdown &gt; escapes HTML entities in plain text" time="0.0005646">
        </testcase>
        <testcase classname="tests/reader.test.js" name="renderMarkdown &gt; applies inline formatting inside paragraphs" time="0.0004551">
        </testcase>
        <testcase classname="tests/reader.test.js" name="renderMarkdown &gt; renders full messagesToMarkdown output correctly" time="0.0053609">
        </testcase>
        <testcase classname="tests/reader.test.js" name="processSources &gt; returns early for null input" time="0.0031619">
        </testcase>
        <testcase classname="tests/reader.test.js" name="processSources &gt; replaces a Sources &lt;p&gt;+&lt;ul&gt; pair with a .sources-trigger button" time="0.0582535">
            <system-out>
[bAInder] processSources: creating chip with [33m1[39m link(s)

            </system-out>
        </testcase>
        <testcase classname="tests/reader.test.js" name="processSources &gt; stores link data in data-sources attribute as JSON" time="0.0123673">
            <system-out>
[bAInder] processSources: creating chip with [33m2[39m link(s)

            </system-out>
        </testcase>
        <testcase classname="tests/reader.test.js" name="processSources &gt; chip label uses singular &quot;source&quot; for one link" time="0.0047296">
            <system-out>
[bAInder] processSources: creating chip with [33m1[39m link(s)

            </system-out>
        </testcase>
        <testcase classname="tests/reader.test.js" name="processSources &gt; chip label uses plural &quot;sources&quot; for multiple links" time="0.0053181">
            <system-out>
[bAInder] processSources: creating chip with [33m2[39m link(s)

            </system-out>
        </testcase>
        <testcase classname="tests/reader.test.js" name="processSources &gt; does nothing when the &lt;p&gt; is not empty. and has no following &lt;ul&gt;" time="0.0026731">
            <system-out>
[bAInder] processSources: found Sources p but nextElementSibling is P  skipping

            </system-out>
        </testcase>
        <testcase classname="tests/reader.test.js" name="processSources &gt; does nothing to &lt;p&gt; elements that are not &quot;Sources:&quot;" time="0.0024488">
        </testcase>
        <testcase classname="tests/reader.test.js" name="processSources &gt; does nothing when the &lt;ul&gt; has no links" time="0.0027278">
            <system-out>
[bAInder] processSources: Sources ul has no valid links

            </system-out>
        </testcase>
        <testcase classname="tests/reader.test.js" name="setupSourcesPanel &gt; injects #sources-panel and #sources-overlay into the DOM" time="0.0083097">
        </testcase>
        <testcase classname="tests/reader.test.js" name="setupSourcesPanel &gt; is idempotent — calling twice does not create a second panel" time="0.0055634">
        </testcase>
        <testcase classname="tests/reader.test.js" name="setupSourcesPanel &gt; panel starts with aria-hidden=&quot;true&quot;" time="0.0040946">
        </testcase>
        <testcase classname="tests/reader.test.js" name="setupSourcesPanel &gt; clicking a .sources-trigger opens the panel and populates the list" time="0.027772">
        </testcase>
        <testcase classname="tests/reader.test.js" name="setupSourcesPanel &gt; close button hides the panel" time="0.0108671">
        </testcase>
        <testcase classname="tests/reader.test.js" name="setupSourcesPanel &gt; Escape key closes an open panel" time="0.0112165">
        </testcase>
        <testcase classname="tests/reader.test.js" name="setupSourcesPanel &gt; links in the panel open in a new tab" time="0.0197443">
        </testcase>
        <testcase classname="tests/reader.test.js" name="showError &gt; shows the error state" time="0.006134">
        </testcase>
        <testcase classname="tests/reader.test.js" name="showError &gt; sets the error message text" time="0.0037195">
        </testcase>
        <testcase classname="tests/reader.test.js" name="renderChat &gt; shows the reader header" time="0.0424568">
            <system-out>
[bAInder] [INFO] [reader] renderMarkdown: content length [33m190[39m | audio markers: [33m0[39m | lines with file extensions: []
[bAInder] [INFO] [reader] full content dump: &quot;---\ntitle: \&quot;Test Chat\&quot;\nsource: claude\nurl: https://claude.ai/chat/abc\ndate: 2026-02-20T00:00:00.000Z\nmessageCount: 2\ncontentFormat: markdown-v1\n---\n\n# Test Chat\n\n🙋 Hello\n\n---\n\n🤖 Hi there!\n&quot;

            </system-out>
        </testcase>
        <testcase classname="tests/reader.test.js" name="renderChat &gt; shows the reader content" time="0.0235932">
            <system-out>
[bAInder] [INFO] [reader] renderMarkdown: content length [33m190[39m | audio markers: [33m0[39m | lines with file extensions: []
[bAInder] [INFO] [reader] full content dump: &quot;---\ntitle: \&quot;Test Chat\&quot;\nsource: claude\nurl: https://claude.ai/chat/abc\ndate: 2026-02-20T00:00:00.000Z\nmessageCount: 2\ncontentFormat: markdown-v1\n---\n\n# Test Chat\n\n🙋 Hello\n\n---\n\n🤖 Hi there!\n&quot;

            </system-out>
        </testcase>
        <testcase classname="tests/reader.test.js" name="renderChat &gt; sets the page title" time="0.0324992">
            <system-out>
[bAInder] [INFO] [reader] renderMarkdown: content length [33m190[39m | audio markers: [33m0[39m | lines with file extensions: []
[bAInder] [INFO] [reader] full content dump: &quot;---\ntitle: \&quot;Test Chat\&quot;\nsource: claude\nurl: https://claude.ai/chat/abc\ndate: 2026-02-20T00:00:00.000Z\nmessageCount: 2\ncontentFormat: markdown-v1\n---\n\n# Test Chat\n\n🙋 Hello\n\n---\n\n🤖 Hi there!\n&quot;

            </system-out>
        </testcase>
        <testcase classname="tests/reader.test.js" name="renderChat &gt; renders title in header" time="0.0176628">
            <system-out>
[bAInder] [INFO] [reader] renderMarkdown: content length [33m190[39m | audio markers: [33m0[39m | lines with file extensions: []
[bAInder] [INFO] [reader] full content dump: &quot;---\ntitle: \&quot;Test Chat\&quot;\nsource: claude\nurl: https://claude.ai/chat/abc\ndate: 2026-02-20T00:00:00.000Z\nmessageCount: 2\ncontentFormat: markdown-v1\n---\n\n# Test Chat\n\n🙋 Hello\n\n---\n\n🤖 Hi there!\n&quot;

            </system-out>
        </testcase>
        <testcase classname="tests/reader.test.js" name="renderChat &gt; sets source badge class to badge--claude" time="0.0168105">
            <system-out>
[bAInder] [INFO] [reader] renderMarkdown: content length [33m190[39m | audio markers: [33m0[39m | lines with file extensions: []
[bAInder] [INFO] [reader] full content dump: &quot;---\ntitle: \&quot;Test Chat\&quot;\nsource: claude\nurl: https://claude.ai/chat/abc\ndate: 2026-02-20T00:00:00.000Z\nmessageCount: 2\ncontentFormat: markdown-v1\n---\n\n# Test Chat\n\n🙋 Hello\n\n---\n\n🤖 Hi there!\n&quot;

            </system-out>
        </testcase>
        <testcase classname="tests/reader.test.js" name="renderChat &gt; renders markdown content as HTML for markdown-v1 format" time="0.0205204">
            <system-out>
[bAInder] [INFO] [reader] renderMarkdown: content length [33m190[39m | audio markers: [33m0[39m | lines with file extensions: []
[bAInder] [INFO] [reader] full content dump: &quot;---\ntitle: \&quot;Test Chat\&quot;\nsource: claude\nurl: https://claude.ai/chat/abc\ndate: 2026-02-20T00:00:00.000Z\nmessageCount: 2\ncontentFormat: markdown-v1\n---\n\n# Test Chat\n\n🙋 Hello\n\n---\n\n🤖 Hi there!\n&quot;

            </system-out>
        </testcase>
        <testcase classname="tests/reader.test.js" name="renderChat &gt; keeps entire assistant response in one .chat-turn--assistant when response contains internal --- rules" time="0.0290089">
            <system-out>
[bAInder] [INFO] [reader] renderMarkdown: content length [33m224[39m | audio markers: [33m0[39m | lines with file extensions: []
[bAInder] [INFO] [reader] full content dump: &quot;---\ntitle: \&quot;HR Test\&quot;\nsource: chatgpt\ncontentFormat: markdown-v1\n---\n\n# HR Test\n\n🙋 User question\n\n---\n\n🤖 First paragraph of response\n\n---\n\nSecond paragraph of response\n\n---\n\n🙋 Second user question\n\n---\n\n🤖 Second response\n&quot;

            </system-out>
        </testcase>
        <testcase classname="tests/reader.test.js" name="renderChat &gt; sets excerpt badge class when isExcerpt is true in metadata" time="0.0112163">
            <system-out>
[bAInder] [INFO] [reader] renderMarkdown: content length [33m103[39m | audio markers: [33m0[39m | lines with file extensions: []
[bAInder] [INFO] [reader] full content dump: &quot;---\ntitle: \&quot;Excerpt\&quot;\nsource: chatgpt\nexcerpt: true\ncontentFormat: markdown-v1\n---\n\n# Excerpt\n\nSome text&quot;

            </system-out>
        </testcase>
        <testcase classname="tests/reader.test.js" name="renderChat &gt; shows meta-responses when there are assistant turns" time="0.0211949">
            <system-out>
[bAInder] [INFO] [reader] renderMarkdown: content length [33m190[39m | audio markers: [33m0[39m | lines with file extensions: []
[bAInder] [INFO] [reader] full content dump: &quot;---\ntitle: \&quot;Test Chat\&quot;\nsource: claude\nurl: https://claude.ai/chat/abc\ndate: 2026-02-20T00:00:00.000Z\nmessageCount: 2\ncontentFormat: markdown-v1\n---\n\n# Test Chat\n\n🙋 Hello\n\n---\n\n🤖 Hi there!\n&quot;

            </system-out>
        </testcase>
        <testcase classname="tests/reader.test.js" name="renderChat &gt; renders responses trigger with correct count text" time="0.02998">
            <system-out>
[bAInder] [INFO] [reader] renderMarkdown: content length [33m190[39m | audio markers: [33m0[39m | lines with file extensions: []
[bAInder] [INFO] [reader] full content dump: &quot;---\ntitle: \&quot;Test Chat\&quot;\nsource: claude\nurl: https://claude.ai/chat/abc\ndate: 2026-02-20T00:00:00.000Z\nmessageCount: 2\ncontentFormat: markdown-v1\n---\n\n# Test Chat\n\n🙋 Hello\n\n---\n\n🤖 Hi there!\n&quot;

            </system-out>
        </testcase>
        <testcase classname="tests/reader.test.js" name="renderChat &gt; renders responses trigger as plural for multiple responses" time="0.0443031">
            <system-out>
[bAInder] [INFO] [reader] renderMarkdown: content length [33m109[39m | audio markers: [33m0[39m | lines with file extensions: []
[bAInder] [INFO] [reader] full content dump: &quot;---\ntitle: \&quot;T\&quot;\nsource: claude\ncontentFormat: markdown-v1\n---\n\n# T\n\n🙋 Q1\n\n---\n\n🤖 A1\n\n---\n\n🙋 Q2\n\n---\n\n🤖 A2\n&quot;

            </system-out>
        </testcase>
        <testcase classname="tests/reader.test.js" name="renderChat &gt; renders a responses-overlay with one item per assistant turn" time="0.0327398">
            <system-out>
[bAInder] [INFO] [reader] renderMarkdown: content length [33m190[39m | audio markers: [33m0[39m | lines with file extensions: []
[bAInder] [INFO] [reader] full content dump: &quot;---\ntitle: \&quot;Test Chat\&quot;\nsource: claude\nurl: https://claude.ai/chat/abc\ndate: 2026-02-20T00:00:00.000Z\nmessageCount: 2\ncontentFormat: markdown-v1\n---\n\n# Test Chat\n\n🙋 Hello\n\n---\n\n🤖 Hi there!\n&quot;

            </system-out>
        </testcase>
        <testcase classname="tests/reader.test.js" name="renderChat &gt; responses overlay items link to #rN anchors" time="0.0307113">
            <system-out>
[bAInder] [INFO] [reader] renderMarkdown: content length [33m109[39m | audio markers: [33m0[39m | lines with file extensions: []
[bAInder] [INFO] [reader] full content dump: &quot;---\ntitle: \&quot;T\&quot;\nsource: claude\ncontentFormat: markdown-v1\n---\n\n# T\n\n🙋 Q1\n\n---\n\n🤖 A1\n\n---\n\n🙋 Q2\n\n---\n\n🤖 A2\n&quot;

            </system-out>
        </testcase>
        <testcase classname="tests/reader.test.js" name="renderChat &gt; responses overlay items contain the assistant text snippet" time="0.0270916">
            <system-out>
[bAInder] [INFO] [reader] renderMarkdown: content length [33m190[39m | audio markers: [33m0[39m | lines with file extensions: []
[bAInder] [INFO] [reader] full content dump: &quot;---\ntitle: \&quot;Test Chat\&quot;\nsource: claude\nurl: https://claude.ai/chat/abc\ndate: 2026-02-20T00:00:00.000Z\nmessageCount: 2\ncontentFormat: markdown-v1\n---\n\n# Test Chat\n\n🙋 Hello\n\n---\n\n🤖 Hi there!\n&quot;

            </system-out>
        </testcase>
        <testcase classname="tests/reader.test.js" name="renderChat &gt; hides meta-responses when there are no assistant turns" time="0.010334">
            <system-out>
[bAInder] [INFO] [reader] renderMarkdown: content length [33m102[39m | audio markers: [33m0[39m | lines with file extensions: []
[bAInder] [INFO] [reader] full content dump: &quot;---\ntitle: \&quot;T\&quot;\nsource: claude\ncontentFormat: markdown-v1\n---\n\n# T\n\nSome plain text with no role emoji\n&quot;

            </system-out>
        </testcase>
        <testcase classname="tests/reader.test.js" name="init &gt; shows error when no chatId in URL" time="0.0046739">
        </testcase>
        <testcase classname="tests/reader.test.js" name="init &gt; shows error when chatId not found in storage" time="0.0031564">
        </testcase>
        <testcase classname="tests/reader.test.js" name="init &gt; renders the chat when chatId is found" time="0.0324019">
            <system-out>
[bAInder] [INFO] [reader] renderMarkdown: content length [33m111[39m | audio markers: [33m0[39m | lines with file extensions: []
[bAInder] [INFO] [reader] full content dump: &quot;---\ntitle: \&quot;Found Chat Array\&quot;\nsource: copilot\ncontentFormat: markdown-v1\n---\n\n# Found Chat Array\n\nSome content\n&quot;

            </system-out>
        </testcase>
        <testcase classname="tests/reader.test.js" name="init &gt; header and content are shown, error is hidden, after successful render" time="0.0088737">
            <system-out>
[bAInder] [INFO] [reader] renderMarkdown: content length [33m87[39m | audio markers: [33m0[39m | lines with file extensions: []
[bAInder] [INFO] [reader] full content dump: &quot;---\ntitle: \&quot;Render Test\&quot;\nsource: copilot\ncontentFormat: markdown-v1\n---\n\n# Render Test\n&quot;

            </system-out>
        </testcase>
        <testcase classname="tests/reader.test.js" name="init &gt; error state is shown and header remains hidden when chat not found" time="0.0192326">
        </testcase>
        <testcase classname="tests/reader.test.js" name="init &gt; shows error when chatId not in array" time="0.0021298">
        </testcase>
        <testcase classname="tests/reader.test.js" name="init &gt; shows error when storage throws" time="0.0022914">
        </testcase>
        <testcase classname="tests/reader.test.js" name="setupRating &gt; renders 5 star buttons" time="0.0043623">
        </testcase>
        <testcase classname="tests/reader.test.js" name="setupRating &gt; marks stars up to currentRating as is-set" time="0.0034488">
        </testcase>
        <testcase classname="tests/reader.test.js" name="setupRating &gt; shows no stars filled when rating is 0/null" time="0.0039641">
        </testcase>
        <testcase classname="tests/reader.test.js" name="setupRating &gt; makes the container visible" time="0.0022561">
        </testcase>
        <testcase classname="tests/reader.test.js" name="setupRating &gt; clicking a star saves the new rating to storage" time="0.0083466">
        </testcase>
        <testcase classname="tests/reader.test.js" name="setupRating &gt; clicking the same star twice clears the rating" time="0.0122763">
        </testcase>
        <testcase classname="tests/reader.test.js" name="setupRating &gt; is a no-op when #reader-rating element is absent" time="0.0022735">
        </testcase>
        <testcase classname="tests/reader.test.js" name="getScrollPositions &gt; returns empty object when nothing stored" time="0.0024691">
        </testcase>
        <testcase classname="tests/reader.test.js" name="getScrollPositions &gt; returns stored positions" time="0.0014619">
        </testcase>
        <testcase classname="tests/reader.test.js" name="getScrollPositions &gt; returns empty object when localStorage contains invalid JSON" time="0.0011366">
        </testcase>
        <testcase classname="tests/reader.test.js" name="saveScrollPosition &gt; persists a new position" time="0.0016047">
        </testcase>
        <testcase classname="tests/reader.test.js" name="saveScrollPosition &gt; updates an existing position" time="0.001147">
        </testcase>
        <testcase classname="tests/reader.test.js" name="saveScrollPosition &gt; is a no-op when chatId is falsy" time="0.0009629">
        </testcase>
        <testcase classname="tests/reader.test.js" name="saveScrollPosition &gt; evicts the oldest entry when cap is exceeded" time="0.0045243">
        </testcase>
        <testcase classname="tests/reader.test.js" name="saveScrollPosition &gt; re-inserting an existing id moves it to the end (no eviction size change)" time="0.0289888">
        </testcase>
        <testcase classname="tests/reader.test.js" name="restoreScrollPosition &gt; calls window.scrollTo with the stored Y value" time="0.0009004">
        </testcase>
        <testcase classname="tests/reader.test.js" name="restoreScrollPosition &gt; does not call window.scrollTo when no position stored" time="0.0006018">
        </testcase>
        <testcase classname="tests/reader.test.js" name="restoreScrollPosition &gt; is a no-op when chatId is falsy" time="0.0004606">
        </testcase>
        <testcase classname="tests/reader.test.js" name="setupReaderCopyButton &gt; returns gracefully when button is absent" time="0.0025936">
        </testcase>
        <testcase classname="tests/reader.test.js" name="setupReaderCopyButton &gt; success path: shows ✓ Copied feedback after click" time="0.0110747">
        </testcase>
        <testcase classname="tests/reader.test.js" name="setupReaderCopyButton &gt; tooLarge path: skips clipboard write and shows error feedback" time="0.0031052">
        </testcase>
        <testcase classname="tests/reader.test.js" name="setupReaderCopyButton &gt; fallback path: shows &quot;Select all + paste&quot; feedback" time="0.0031585">
        </testcase>
        <testcase classname="tests/reader.test.js" name="_findEntityBlock — attachment chips &gt; finds a .file-attachment-chip by filename hint" time="0.0068485">
        </testcase>
        <testcase classname="tests/reader.test.js" name="_findEntityBlock — attachment chips &gt; matching is case-insensitive" time="0.0015105">
        </testcase>
        <testcase classname="tests/reader.test.js" name="_findEntityBlock — attachment chips &gt; returns null when filename does not match" time="0.0008354">
        </testcase>
        <testcase classname="tests/reader.test.js" name="_findEntityBlock — attachment chips &gt; returns null when hint is null" time="0.0009262">
        </testcase>
        <testcase classname="tests/reader.test.js" name="countWords() &gt; returns 0 for empty string" time="0.0006654">
        </testcase>
        <testcase classname="tests/reader.test.js" name="countWords() &gt; returns 0 for null / undefined" time="0.0008211">
        </testcase>
        <testcase classname="tests/reader.test.js" name="countWords() &gt; counts plain words correctly" time="0.0018495">
        </testcase>
        <testcase classname="tests/reader.test.js" name="countWords() &gt; strips YAML frontmatter before counting" time="0.0004797">
        </testcase>
        <testcase classname="tests/reader.test.js" name="countWords() &gt; strips fenced code blocks before counting" time="0.000308">
        </testcase>
        <testcase classname="tests/reader.test.js" name="countWords() &gt; strips inline code before counting" time="0.000249">
        </testcase>
        <testcase classname="tests/reader.test.js" name="countWords() &gt; strips markdown images before counting" time="0.0002007">
        </testcase>
        <testcase classname="tests/reader.test.js" name="countWords() &gt; strips markdown links before counting" time="0.0007533">
        </testcase>
        <testcase classname="tests/reader.test.js" name="countWords() &gt; handles whitespace-only text" time="0.0002718">
        </testcase>
        <testcase classname="tests/reader.test.js" name="countWords() &gt; handles multi-line text without markdown" time="0.0005545">
        </testcase>
        <testcase classname="tests/reader.test.js" name="estimateReadTime() &gt; returns 1 for 0 words (minimum)" time="0.0029728">
        </testcase>
        <testcase classname="tests/reader.test.js" name="estimateReadTime() &gt; returns 1 for fewer than 200 words" time="0.0006231">
        </testcase>
        <testcase classname="tests/reader.test.js" name="estimateReadTime() &gt; returns 1 for exactly 200 words" time="0.0004498">
        </testcase>
        <testcase classname="tests/reader.test.js" name="estimateReadTime() &gt; rounds to nearest minute" time="0.0004015">
        </testcase>
        <testcase classname="tests/reader.test.js" name="estimateReadTime() &gt; returns correct value for large word counts" time="0.0003957">
        </testcase>
    </testsuite>
    <testsuite name="tests/reasoning-synthesiser.test.js" timestamp="2026-03-17T19:02:07.623Z" hostname="Kahana-PC" tests="23" failures="0" errors="0" skipped="0" time="0.0302718">
        <testcase classname="tests/reasoning-synthesiser.test.js" name="scoreConfidence &gt; returns a value in [0, 1]" time="0.0066342">
        </testcase>
        <testcase classname="tests/reasoning-synthesiser.test.js" name="scoreConfidence &gt; fully hedged text scores &lt; 0.3" time="0.0010671">
        </testcase>
        <testcase classname="tests/reasoning-synthesiser.test.js" name="scoreConfidence &gt; fully assertive text scores &gt; 0.7" time="0.0006427">
        </testcase>
        <testcase classname="tests/reasoning-synthesiser.test.js" name="scoreConfidence &gt; balanced text scores ≈ 0.5 (±0.25)" time="0.0006215">
        </testcase>
        <testcase classname="tests/reasoning-synthesiser.test.js" name="scoreConfidence &gt; empty string returns 0" time="0.0006893">
        </testcase>
        <testcase classname="tests/reasoning-synthesiser.test.js" name="scoreConfidence &gt; null/undefined returns 0" time="0.0004865">
        </testcase>
        <testcase classname="tests/reasoning-synthesiser.test.js" name="scoreConfidence &gt; text with no signals returns 0.5 (neutral)" time="0.0003939">
        </testcase>
        <testcase classname="tests/reasoning-synthesiser.test.js" name="extractConclusion &gt; with 1 turn: returns that turn (possibly truncated)" time="0.0016448">
        </testcase>
        <testcase classname="tests/reasoning-synthesiser.test.js" name="extractConclusion &gt; with 5 turns: returns content from last 1–2 turns" time="0.0010735">
        </testcase>
        <testcase classname="tests/reasoning-synthesiser.test.js" name="extractConclusion &gt; empty turns array returns empty string" time="0.0004426">
        </testcase>
        <testcase classname="tests/reasoning-synthesiser.test.js" name="extractConclusion &gt; strips markdown headings from output" time="0.000888">
        </testcase>
        <testcase classname="tests/reasoning-synthesiser.test.js" name="extractConclusion &gt; strips markdown heading level 1" time="0.0005712">
        </testcase>
        <testcase classname="tests/reasoning-synthesiser.test.js" name="extractConclusion &gt; truncates to approximately 300 words" time="0.0011649">
        </testcase>
        <testcase classname="tests/reasoning-synthesiser.test.js" name="extractConclusion &gt; handles null input gracefully" time="0.0003926">
        </testcase>
        <testcase classname="tests/reasoning-synthesiser.test.js" name="extractConclusion &gt; strips inline code markers" time="0.0004439">
        </testcase>
        <testcase classname="tests/reasoning-synthesiser.test.js" name="synthesise &gt; returns confidenceScores with one entry per chat" time="0.0034298">
        </testcase>
        <testcase classname="tests/reasoning-synthesiser.test.js" name="synthesise &gt; mostDefinitive points to the most assertive chat" time="0.0005437">
        </testcase>
        <testcase classname="tests/reasoning-synthesiser.test.js" name="synthesise &gt; synthesisNote references agreement when all chats broadly agree (high similarity)" time="0.0008051">
        </testcase>
        <testcase classname="tests/reasoning-synthesiser.test.js" name="synthesise &gt; synthesisNote references divergence when outlier chat present" time="0.0006561">
        </testcase>
        <testcase classname="tests/reasoning-synthesiser.test.js" name="synthesise &gt; note generated without agreement phrasing when overallSimilarity is null" time="0.0006138">
        </testcase>
        <testcase classname="tests/reasoning-synthesiser.test.js" name="synthesise &gt; with 3 chats: confidenceScores has 3 entries" time="0.0005821">
        </testcase>
        <testcase classname="tests/reasoning-synthesiser.test.js" name="synthesise &gt; conclusions array has one entry per chat" time="0.0005396">
        </testcase>
        <testcase classname="tests/reasoning-synthesiser.test.js" name="synthesise &gt; mostDefinitive index is in range [0, n-1]" time="0.0004625">
        </testcase>
    </testsuite>
    <testsuite name="tests/recent-rail.test.js" timestamp="2026-03-17T19:02:07.642Z" hostname="Kahana-PC" tests="19" failures="0" errors="0" skipped="0" time="0.0868173">
        <testcase classname="tests/recent-rail.test.js" name="updateRecentRail() â€” no rail element &gt; returns without throwing when #recentRail does not exist" time="0.0052729">
        </testcase>
        <testcase classname="tests/recent-rail.test.js" name="updateRecentRail() â€” empty state &gt; hides the rail when state.chats is empty" time="0.0076382">
        </testcase>
        <testcase classname="tests/recent-rail.test.js" name="updateRecentRail() â€” empty state &gt; hides the rail when chats lack both savedAt and timestamp" time="0.0021725">
        </testcase>
        <testcase classname="tests/recent-rail.test.js" name="updateRecentRail() â€” threshold: show at â‰¥1 chat &gt; shows the rail when only 1 chat is present" time="0.00406">
        </testcase>
        <testcase classname="tests/recent-rail.test.js" name="updateRecentRail() â€” threshold: show at â‰¥1 chat &gt; shows the rail when only 2 chats are present" time="0.0014966">
        </testcase>
        <testcase classname="tests/recent-rail.test.js" name="updateRecentRail() â€” threshold: show at â‰¥1 chat &gt; shows the rail when 3 or more chats are present" time="0.0013657">
        </testcase>
        <testcase classname="tests/recent-rail.test.js" name="updateRecentRail() â€” chip rendering &gt; renders a &quot;Recent&quot; label as first child" time="0.0015676">
        </testcase>
        <testcase classname="tests/recent-rail.test.js" name="updateRecentRail() â€” chip rendering &gt; renders one chip per chat (up to 8)" time="0.0102224">
        </testcase>
        <testcase classname="tests/recent-rail.test.js" name="updateRecentRail() â€” chip rendering &gt; caps at 8 chips even when more chats exist" time="0.0081388">
        </testcase>
        <testcase classname="tests/recent-rail.test.js" name="updateRecentRail() â€” chip rendering &gt; sorts chips most-recent first (via timestamp)" time="0.0033622">
        </testcase>
        <testcase classname="tests/recent-rail.test.js" name="updateRecentRail() â€” chip rendering &gt; uses savedAt over timestamp when both present for sorting" time="0.0065556">
        </testcase>
        <testcase classname="tests/recent-rail.test.js" name="updateRecentRail() â€” chip rendering &gt; chip title attribute and text are set to the chat title" time="0.0043543">
        </testcase>
        <testcase classname="tests/recent-rail.test.js" name="updateRecentRail() â€” chip rendering &gt; falls back to &quot;Untitled&quot; when title is missing" time="0.0046976">
        </testcase>
        <testcase classname="tests/recent-rail.test.js" name="updateRecentRail() â€” chip rendering &gt; adds source class to the dot element" time="0.0025357">
        </testcase>
        <testcase classname="tests/recent-rail.test.js" name="updateRecentRail() â€” chip rendering &gt; falls back to &quot;unknown&quot; source class when source is missing" time="0.0014871">
        </testcase>
        <testcase classname="tests/recent-rail.test.js" name="updateRecentRail() â€” chip rendering &gt; calls the click handler with the chat object when a chip is clicked" time="0.0080708">
        </testcase>
        <testcase classname="tests/recent-rail.test.js" name="updateRecentRail() â€” sort order &gt; renders chips in descending recency order" time="0.0037841">
        </testcase>
        <testcase classname="tests/recent-rail.test.js" name="_setContext() â€” test injection hook &gt; replaces the internal state reference so updateRecentRail uses the injected context" time="0.0026039">
        </testcase>
        <testcase classname="tests/recent-rail.test.js" name="updateRecentRail() â€” default onChatClick invocation &gt; invokes the default no-op onChatClick when a chip is clicked with no handler supplied" time="0.0024424">
        </testcase>
    </testsuite>
    <testsuite name="tests/review-date.test.js" timestamp="2026-03-17T19:02:07.658Z" hostname="Kahana-PC" tests="19" failures="0" errors="0" skipped="0" time="0.1736431">
        <testcase classname="tests/review-date.test.js" name="checkStaleChats &gt; returns 0 when there are no chats" time="0.0049383">
        </testcase>
        <testcase classname="tests/review-date.test.js" name="checkStaleChats &gt; returns 0 when no chat has a reviewDate" time="0.001012">
        </testcase>
        <testcase classname="tests/review-date.test.js" name="checkStaleChats &gt; returns 0 when reviewDate is in the future" time="0.0006313">
        </testcase>
        <testcase classname="tests/review-date.test.js" name="checkStaleChats &gt; flags a chat whose reviewDate is today" time="0.0010095">
        </testcase>
        <testcase classname="tests/review-date.test.js" name="checkStaleChats &gt; flags a chat whose reviewDate is in the past" time="0.0007028">
        </testcase>
        <testcase classname="tests/review-date.test.js" name="checkStaleChats &gt; does not re-flag a chat already flagged as stale" time="0.0006161">
        </testcase>
        <testcase classname="tests/review-date.test.js" name="checkStaleChats &gt; flags only overdue chats in a mixed array" time="0.0008714">
        </testcase>
        <testcase classname="tests/review-date.test.js" name="checkStaleChats &gt; uses real today when no date is supplied" time="0.0019071">
        </testcase>
        <testcase classname="tests/review-date.test.js" name="checkStaleChats &gt; preserves all other chat fields when flagging" time="0.002309">
        </testcase>
        <testcase classname="tests/review-date.test.js" name="setupStaleBanner &gt; does nothing when #stale-banner element is absent" time="0.0111718">
        </testcase>
        <testcase classname="tests/review-date.test.js" name="setupStaleBanner &gt; does nothing if chat is not flagged as stale" time="0.0013577">
        </testcase>
        <testcase classname="tests/review-date.test.js" name="setupStaleBanner &gt; shows the banner when chat is flagged as stale" time="0.0100154">
        </testcase>
        <testcase classname="tests/review-date.test.js" name="setupStaleBanner &gt; shows a generic message when there is no reviewDate" time="0.0020984">
        </testcase>
        <testcase classname="tests/review-date.test.js" name="setupStaleBanner &gt; renders a dismiss button" time="0.0020083">
        </testcase>
        <testcase classname="tests/review-date.test.js" name="setupStaleBanner &gt; hides the banner and clears flaggedAsStale when dismiss is clicked" time="0.0040548">
        </testcase>
        <testcase classname="tests/review-date.test.js" name="TreeRenderer stale badge &gt; does not add a stale badge for a normal chat" time="0.0852418">
        </testcase>
        <testcase classname="tests/review-date.test.js" name="TreeRenderer stale badge &gt; adds a ⚠ stale badge for a stale chat" time="0.0135052">
        </testcase>
        <testcase classname="tests/review-date.test.js" name="TreeRenderer stale badge &gt; badge title includes the reviewDate when present" time="0.0126766">
        </testcase>
        <testcase classname="tests/review-date.test.js" name="TreeRenderer stale badge &gt; badge title shows generic text when reviewDate is absent" time="0.0130447">
        </testcase>
    </testsuite>
    <testsuite name="tests/save-and-open.integration.test.js" timestamp="2026-03-17T19:02:07.671Z" hostname="Kahana-PC" tests="7" failures="0" errors="0" skipped="0" time="0.2370948">
        <testcase classname="tests/save-and-open.integration.test.js" name="Stage 7 Happy Path — Save → Open in Reader &gt; creates topics &quot;1&quot; and &quot;excerpt&quot; in the topic tree" time="0.0343342">
        </testcase>
        <testcase classname="tests/save-and-open.integration.test.js" name="Stage 7 Happy Path — Save → Open in Reader &gt; Full chat — Save to bAInder → open in reader &gt; saves the chat and reader can find and render it" time="0.1013676">
            <system-out>
[bAInder] extractChatEntities: registry size = [33m10[39m | messages = [33m2[39m

[bAInder] [attachments] strategy1 (parts): [33m0[39m found
[bAInder] [attachments] _extractFromText: scanning [33m2[39m messages for 1773774108407-d65192ce3636
[bAInder] [attachments] msg [33m0[39m user | content[:200]: &quot;How do I centre a div in CSS?&quot;
[bAInder] [attachments] msg [33m1[39m assistant | content[:200]: &quot;Use `display: flex; …`&quot;
[bAInder] [attachments] strategy3 (text): [33m0[39m found

[bAInder] extractChatEntities: result = prompt(1)

[bAInder] [INFO] Chat saved: 1773774108407-d65192ce3636

[bAInder] [INFO] [reader] renderMarkdown: content length [33m354[39m | audio markers: [33m0[39m | lines with file extensions: []
[bAInder] [INFO] [reader] full content dump: &quot;---\ntitle: \&quot;How do I centre a div in CSS?\&quot;\nsource: copilot\nurl: https://copilot.microsoft.com/chats/test-thread-abc123\ndate: 2026-02-22T10:00:00.000Z\nmessageCount: 2\ncontentFormat: markdown-v1\n---\n\n# How do I centre a div in CSS?\n\n🙋 How do I centre a div in CSS?\n\n---\n\n🤖 Use `display: flex; justify-content: center; align-items: center;` on the parent.&quot;

            </system-out>
        </testcase>
        <testcase classname="tests/save-and-open.integration.test.js" name="Stage 7 Happy Path — Save → Open in Reader &gt; Full chat — Save to bAInder → open in reader &gt; assigns saved chat to topic &quot;1&quot; and tree reflects the relationship" time="0.0223191">
            <system-out>
[bAInder] extractChatEntities: registry size = [33m10[39m | messages = [33m2[39m

[bAInder] [attachments] strategy1 (parts): [33m0[39m found
[bAInder] [attachments] _extractFromText: scanning [33m2[39m messages for 1773774108508-a8528fea74c6
[bAInder] [attachments] msg [33m0[39m user | content[:200]: &quot;How do I centre a div in CSS?&quot;
[bAInder] [attachments] msg [33m1[39m assistant | content[:200]: &quot;Use `display: flex; …`&quot;
[bAInder] [attachments] strategy3 (text): [33m0[39m found

[bAInder] extractChatEntities: result = prompt(1)

[bAInder] [INFO] Chat saved: 1773774108508-a8528fea74c6

[bAInder] [INFO] [reader] renderMarkdown: content length [33m354[39m | audio markers: [33m0[39m | lines with file extensions: []
[bAInder] [INFO] [reader] full content dump: &quot;---\ntitle: \&quot;How do I centre a div in CSS?\&quot;\nsource: copilot\nurl: https://copilot.microsoft.com/chats/test-thread-abc123\ndate: 2026-02-22T10:00:00.000Z\nmessageCount: 2\ncontentFormat: markdown-v1\n---\n\n# How do I centre a div in CSS?\n\n🙋 How do I centre a div in CSS?\n\n---\n\n🤖 Use `display: flex; justify-content: center; align-items: center;` on the parent.&quot;

            </system-out>
        </testcase>
        <testcase classname="tests/save-and-open.integration.test.js" name="Stage 7 Happy Path — Save → Open in Reader &gt; Excerpt — context-menu Save → open in reader &gt; builds excerpt payload, saves it, and reader renders it" time="0.0211533">
            <system-out>
[bAInder] extractChatEntities: registry size = [33m10[39m | messages = [33m0[39m

[bAInder] [attachments] strategy1 (parts): [33m0[39m found
[bAInder] [attachments] _extractFromText: scanning [33m0[39m messages for 1773774108534-c74d23570246
[bAInder] [attachments] strategy3 (text): [33m0[39m found

[bAInder] extractChatEntities: result = (none)

[bAInder] [INFO] Chat saved: 1773774108534-c74d23570246

[bAInder] [INFO] [reader] renderMarkdown: content length [33m310[39m | audio markers: [33m0[39m | lines with file extensions: []
[bAInder] [INFO] [reader] full content dump: &quot;---\ntitle: \&quot;Use display: flex; justify-content: center; align-items: center; on the parent.\&quot;\nsource: copilot\nurl: https://copilot.microsoft.com/chats/test-thread-def456\nmessageCount: 0\nexcerpt: true\ncontentFormat: markdown-v1\n---\n\nUse display: flex; justify-content: center; align-items: center; on the parent.&quot;

            </system-out>
        </testcase>
        <testcase classname="tests/save-and-open.integration.test.js" name="Stage 7 Happy Path — Save → Open in Reader &gt; Excerpt — context-menu Save → open in reader &gt; assigns excerpt to topic &quot;excerpt&quot; and tree reflects the relationship" time="0.0113131">
            <system-out>
[bAInder] extractChatEntities: registry size = [33m10[39m | messages = [33m0[39m

[bAInder] [attachments] strategy1 (parts): [33m0[39m found
[bAInder] [attachments] _extractFromText: scanning [33m0[39m messages for 1773774108550-73a1943cb6d5
[bAInder] [attachments] strategy3 (text): [33m0[39m found

[bAInder] extractChatEntities: result = (none)

[bAInder] [INFO] Chat saved: 1773774108550-73a1943cb6d5

[bAInder] [INFO] [reader] renderMarkdown: content length [33m310[39m | audio markers: [33m0[39m | lines with file extensions: []
[bAInder] [INFO] [reader] full content dump: &quot;---\ntitle: \&quot;Use display: flex; justify-content: center; align-items: center; on the parent.\&quot;\nsource: copilot\nurl: https://copilot.microsoft.com/chats/test-thread-def456\nmessageCount: 0\nexcerpt: true\ncontentFormat: markdown-v1\n---\n\nUse display: flex; justify-content: center; align-items: center; on the parent.&quot;

            </system-out>
        </testcase>
        <testcase classname="tests/save-and-open.integration.test.js" name="Stage 7 Happy Path — Save → Open in Reader &gt; Both chats saved — each opens its own content in the reader &gt; saves full chat and excerpt to separate topics; each loads independently" time="0.0341356">
            <system-out>
[bAInder] extractChatEntities: registry size = [33m10[39m | messages = [33m2[39m

[bAInder] [attachments] strategy1 (parts): [33m0[39m found
[bAInder] [attachments] _extractFromText: scanning [33m2[39m messages for 1773774108563-eae85e89e1f0
[bAInder] [attachments] msg [33m0[39m user | content[:200]: &quot;How do I centre a div in CSS?&quot;
[bAInder] [attachments] msg [33m1[39m assistant | content[:200]: &quot;Use `display: flex; …`&quot;
[bAInder] [attachments] strategy3 (text): [33m0[39m found

[bAInder] extractChatEntities: result = prompt(1)

[bAInder] [INFO] Chat saved: 1773774108563-eae85e89e1f0

[bAInder] extractChatEntities: registry size = [33m10[39m | messages = [33m0[39m

[bAInder] [attachments] strategy1 (parts): [33m0[39m found
[bAInder] [attachments] _extractFromText: scanning [33m0[39m messages for 1773774108565-633784a1da56
[bAInder] [attachments] strategy3 (text): [33m0[39m found

[bAInder] extractChatEntities: result = (none)

[bAInder] [INFO] Chat saved: 1773774108565-633784a1da56

[bAInder] [INFO] [reader] renderMarkdown: content length [33m354[39m | audio markers: [33m0[39m | lines with file extensions: []
[bAInder] [INFO] [reader] full content dump: &quot;---\ntitle: \&quot;How do I centre a div in CSS?\&quot;\nsource: copilot\nurl: https://copilot.microsoft.com/chats/test-thread-abc123\ndate: 2026-02-22T10:00:00.000Z\nmessageCount: 2\ncontentFormat: markdown-v1\n---\n\n# How do I centre a div in CSS?\n\n🙋 How do I centre a div in CSS?\n\n---\n\n🤖 Use `display: flex; justify-content: center; align-items: center;` on the parent.&quot;

[bAInder] [INFO] [reader] renderMarkdown: content length [33m310[39m | audio markers: [33m0[39m | lines with file extensions: []
[bAInder] [INFO] [reader] full content dump: &quot;---\ntitle: \&quot;Use display: flex; justify-content: center; align-items: center; on the parent.\&quot;\nsource: copilot\nurl: https://copilot.microsoft.com/chats/test-thread-def456\nmessageCount: 0\nexcerpt: true\ncontentFormat: markdown-v1\n---\n\nUse display: flex; justify-content: center; align-items: center; on the parent.&quot;

            </system-out>
        </testcase>
        <testcase classname="tests/save-and-open.integration.test.js" name="Stage 7 Happy Path — Save → Open in Reader &gt; Both chats saved — each opens its own content in the reader &gt; returns &quot;not found&quot; error when an unknown chatId is requested" time="0.0073882">
            <system-out>
[bAInder] extractChatEntities: registry size = [33m10[39m | messages = [33m2[39m

[bAInder] [attachments] strategy1 (parts): [33m0[39m found
[bAInder] [attachments] _extractFromText: scanning [33m2[39m messages for 1773774108595-568754dc8e63
[bAInder] [attachments] msg [33m0[39m user | content[:200]: &quot;How do I centre a div in CSS?&quot;
[bAInder] [attachments] msg [33m1[39m assistant | content[:200]: &quot;Use `display: flex; …`&quot;
[bAInder] [attachments] strategy3 (text): [33m0[39m found

[bAInder] extractChatEntities: result = prompt(1)

[bAInder] [INFO] Chat saved: 1773774108595-568754dc8e63

            </system-out>
        </testcase>
    </testsuite>
    <testsuite name="tests/save-banner.test.js" timestamp="2026-03-17T19:02:07.684Z" hostname="Kahana-PC" tests="28" failures="0" errors="0" skipped="0" time="0.1098245">
        <testcase classname="tests/save-banner.test.js" name="detectPlatformFromUrl() &gt; returns null for null input" time="0.0089829">
        </testcase>
        <testcase classname="tests/save-banner.test.js" name="detectPlatformFromUrl() &gt; returns null for empty string" time="0.0011087">
        </testcase>
        <testcase classname="tests/save-banner.test.js" name="detectPlatformFromUrl() &gt; detects ChatGPT" time="0.0011513">
        </testcase>
        <testcase classname="tests/save-banner.test.js" name="detectPlatformFromUrl() &gt; detects Claude" time="0.0007852">
        </testcase>
        <testcase classname="tests/save-banner.test.js" name="detectPlatformFromUrl() &gt; detects Gemini" time="0.0006387">
        </testcase>
        <testcase classname="tests/save-banner.test.js" name="detectPlatformFromUrl() &gt; detects Copilot (copilot.microsoft.com)" time="0.0008469">
        </testcase>
        <testcase classname="tests/save-banner.test.js" name="detectPlatformFromUrl() &gt; detects Perplexity" time="0.0007758">
        </testcase>
        <testcase classname="tests/save-banner.test.js" name="detectPlatformFromUrl() &gt; detects DeepSeek" time="0.0006622">
        </testcase>
        <testcase classname="tests/save-banner.test.js" name="detectPlatformFromUrl() &gt; returns null for unknown sites" time="0.0008297">
        </testcase>
        <testcase classname="tests/save-banner.test.js" name="setSaveBtnState() &gt; does nothing when saveBtn element is absent" time="0.0027822">
        </testcase>
        <testcase classname="tests/save-banner.test.js" name="setSaveBtnState() &gt; sets default state with generic label when no topic" time="0.005566">
        </testcase>
        <testcase classname="tests/save-banner.test.js" name="setSaveBtnState() &gt; includes topic name in default label when lastCreatedTopicId is set" time="0.0017119">
        </testcase>
        <testcase classname="tests/save-banner.test.js" name="setSaveBtnState() &gt; truncates long topic names in the default label" time="0.0013446">
        </testcase>
        <testcase classname="tests/save-banner.test.js" name="setSaveBtnState() &gt; sets loading state (disabled)" time="0.0017581">
        </testcase>
        <testcase classname="tests/save-banner.test.js" name="setSaveBtnState() &gt; sets success state and auto-resets after timeout" time="0.0058336">
        </testcase>
        <testcase classname="tests/save-banner.test.js" name="setSaveBtnState() &gt; sets error state (not disabled, auto-resets)" time="0.0021867">
        </testcase>
        <testcase classname="tests/save-banner.test.js" name="setSaveBtnState() &gt; sets empty state (auto-resets)" time="0.0017153">
        </testcase>
        <testcase classname="tests/save-banner.test.js" name="setSaveBtnState() &gt; sets reload state" time="0.0013952">
        </testcase>
        <testcase classname="tests/save-banner.test.js" name="initSaveBanner() &gt; does nothing when saveBanner element is absent" time="0.0036476">
        </testcase>
        <testcase classname="tests/save-banner.test.js" name="initSaveBanner() &gt; shows banner when active tab is a supported AI platform" time="0.0095987">
        </testcase>
        <testcase classname="tests/save-banner.test.js" name="initSaveBanner() &gt; hides banner when active tab is not a supported platform" time="0.0028761">
        </testcase>
        <testcase classname="tests/save-banner.test.js" name="initSaveBanner() &gt; hides banner when tabs.query throws" time="0.0235468">
            <system-err>
[bAInder] [WARN] bAInder: initSaveBanner error Error: Permission denied
    at C:/Repos/Personal/bAInder/tests/save-banner.test.js:233:46
[90m    at processTicksAndRejections (node:internal/process/task_queues:104:5)[39m
    at [90mfile:///C:/Repos/Personal/bAInder/[39mnode_modules/[4m@vitest/runner[24m/dist/index.js:915:20

            </system-err>
        </testcase>
        <testcase classname="tests/save-banner.test.js" name="handlePanelSave() &gt; sets loading state, then success when chain succeeds" time="0.0033005">
        </testcase>
        <testcase classname="tests/save-banner.test.js" name="handlePanelSave() &gt; sets &quot;empty&quot; state when chat has no messages" time="0.0019089">
        </testcase>
        <testcase classname="tests/save-banner.test.js" name="handlePanelSave() &gt; sets &quot;reload&quot; state when content script is unreachable" time="0.0057469">
            <system-err>
[bAInder] [ERROR] bAInder: Panel save failed Error: Could not establish connection. Receiving end does not exist
    at C:/Repos/Personal/bAInder/tests/save-banner.test.js:292:7
[90m    at processTicksAndRejections (node:internal/process/task_queues:104:5)[39m
    at [90mfile:///C:/Repos/Personal/bAInder/[39mnode_modules/[4m@vitest/runner[24m/dist/index.js:915:20

            </system-err>
        </testcase>
        <testcase classname="tests/save-banner.test.js" name="handlePanelSave() &gt; sets &quot;error&quot; state on generic failure" time="0.0034657">
            <system-err>
[bAInder] [ERROR] bAInder: Panel save failed Error: Unknown error
    at C:/Repos/Personal/bAInder/tests/save-banner.test.js:308:52
[90m    at processTicksAndRejections (node:internal/process/task_queues:104:5)[39m
    at [90mfile:///C:/Repos/Personal/bAInder/[39mnode_modules/[4m@vitest/runner[24m/dist/index.js:915:20

            </system-err>
        </testcase>
        <testcase classname="tests/save-banner.test.js" name="handlePanelSave() &gt; sets error when extraction fails (success: false)" time="0.0079568">
            <system-err>
[bAInder] [ERROR] bAInder: Panel save failed Error: Extraction failed
    at Module.handlePanelSave (C:/Repos/Personal/bAInder/src/sidepanel/features/save-banner.js:133:13)
[90m    at processTicksAndRejections (node:internal/process/task_queues:104:5)[39m
    at C:/Repos/Personal/bAInder/tests/save-banner.test.js:327:5
    at [90mfile:///C:/Repos/Personal/bAInder/[39mnode_modules/[4m@vitest/runner[24m/dist/index.js:915:20

            </system-err>
        </testcase>
        <testcase classname="tests/save-banner.test.js" name="handlePanelSave() &gt; throws when no active tab found" time="0.0031212">
            <system-err>
[bAInder] [ERROR] bAInder: Panel save failed Error: No active tab
    at Module.handlePanelSave (C:/Repos/Personal/bAInder/src/sidepanel/features/save-banner.js:129:25)
[90m    at processTicksAndRejections (node:internal/process/task_queues:104:5)[39m
    at C:/Repos/Personal/bAInder/tests/save-banner.test.js:338:5
    at [90mfile:///C:/Repos/Personal/bAInder/[39mnode_modules/[4m@vitest/runner[24m/dist/index.js:915:20

            </system-err>
        </testcase>
    </testsuite>
    <testsuite name="tests/search-controller.test.js" timestamp="2026-03-17T19:02:07.701Z" hostname="Kahana-PC" tests="78" failures="0" errors="0" skipped="0" time="0.3440698">
        <testcase classname="tests/search-controller.test.js" name="handleSearch() — context routing &gt; switching to entities calls runEntitySearch (spy) not storage.searchChats" time="0.0252695">
        </testcase>
        <testcase classname="tests/search-controller.test.js" name="handleSearch() — context routing &gt; switching back to chats does not call entity search" time="0.0030849">
        </testcase>
        <testcase classname="tests/search-controller.test.js" name="setupSearchContextToggle() — visibility &gt; entity-type chips section is shown when context switches to entities" time="0.0155782">
        </testcase>
        <testcase classname="tests/search-controller.test.js" name="setupSearchContextToggle() — visibility &gt; entity-type chips section is hidden when context switches back to chats" time="0.0052478">
        </testcase>
        <testcase classname="tests/search-controller.test.js" name="setupSearchContextToggle() — visibility &gt; chat filter groups are hidden when context switches to entities" time="0.0041265">
        </testcase>
        <testcase classname="tests/search-controller.test.js" name="setupSearchContextToggle() — visibility &gt; chat filter groups are restored when switching back to chats" time="0.0045624">
        </testcase>
        <testcase classname="tests/search-controller.test.js" name="setupSearchContextToggle() — visibility &gt; state.searchContext is updated on toggle" time="0.0053816">
        </testcase>
        <testcase classname="tests/search-controller.test.js" name="entity-type chips (A.8) — population &gt; setupSearchContextToggle creates one chip per ENTITY_TYPES value" time="0.0042042">
        </testcase>
        <testcase classname="tests/search-controller.test.js" name="entity-type chips (A.8) — population &gt; each chip carries the correct data-entity-type" time="0.0108438">
        </testcase>
        <testcase classname="tests/search-controller.test.js" name="entity-type chips (A.8) — population &gt; activating a chip adds the type to state.filters.entityTypes" time="0.0049565">
        </testcase>
        <testcase classname="tests/search-controller.test.js" name="entity-type chips (A.8) — population &gt; activating the same chip again removes the type" time="0.0043188">
        </testcase>
        <testcase classname="tests/search-controller.test.js" name="entity-type chips (A.8) — population &gt; active chip gets is-active class, inactive loses it" time="0.0035091">
        </testcase>
        <testcase classname="tests/search-controller.test.js" name="runEntitySearch() — entityTypes passthrough (A.8) &gt; passes active entityTypes Set to the handler" time="0.0111194">
        </testcase>
        <testcase classname="tests/search-controller.test.js" name="runEntitySearch() — entityTypes passthrough (A.8) &gt; passes empty Set when no chips are active" time="0.0092044">
        </testcase>
        <testcase classname="tests/search-controller.test.js" name="debounce() &gt; delays the function until the timeout expires" time="0.0090386">
        </testcase>
        <testcase classname="tests/search-controller.test.js" name="debounce() &gt; resets the timer when called repeatedly" time="0.0030507">
        </testcase>
        <testcase classname="tests/search-controller.test.js" name="debounce() &gt; .cancel() prevents the pending invocation" time="0.0024726">
        </testcase>
        <testcase classname="tests/search-controller.test.js" name="hideSearchResults() &gt; hides the search results container" time="0.0030364">
        </testcase>
        <testcase classname="tests/search-controller.test.js" name="hideSearchResults() &gt; clears the results list innerHTML" time="0.0044415">
        </testcase>
        <testcase classname="tests/search-controller.test.js" name="hideSearchResults() &gt; does not throw when elements are absent" time="0.0023224">
        </testcase>
        <testcase classname="tests/search-controller.test.js" name="clearSearch() &gt; clears the search input value" time="0.003276">
        </testcase>
        <testcase classname="tests/search-controller.test.js" name="clearSearch() &gt; hides the clearSearchBtn" time="0.0012725">
        </testcase>
        <testcase classname="tests/search-controller.test.js" name="clearSearch() &gt; clears searchQuery on state" time="0.00166">
        </testcase>
        <testcase classname="tests/search-controller.test.js" name="clearSearch() &gt; calls renderer.clearHighlight() when no active filters" time="0.0017428">
        </testcase>
        <testcase classname="tests/search-controller.test.js" name="clearSearch() &gt; runs search when active filters exist" time="0.0220964">
            <system-err>
[bAInder] [ERROR] Search failed: TypeError: Cannot set properties of null (setting &apos;textContent&apos;)
    at renderSearchResults (C:/Repos/Personal/bAInder/src/sidepanel/controllers/search-controller.js:175:36)
    at C:/Repos/Personal/bAInder/src/sidepanel/controllers/search-controller.js:104:7

            </system-err>
        </testcase>
        <testcase classname="tests/search-controller.test.js" name="rerunSearch() &gt; hides results when no query and no active filters" time="0.0017741">
        </testcase>
        <testcase classname="tests/search-controller.test.js" name="rerunSearch() &gt; triggers a deferred search when query is non-empty" time="0.0037285">
            <system-err>
[bAInder] [ERROR] Search failed: TypeError: Cannot set properties of null (setting &apos;textContent&apos;)
    at renderSearchResults (C:/Repos/Personal/bAInder/src/sidepanel/controllers/search-controller.js:175:36)
    at C:/Repos/Personal/bAInder/src/sidepanel/controllers/search-controller.js:104:7

            </system-err>
        </testcase>
        <testcase classname="tests/search-controller.test.js" name="rerunSearch() &gt; triggers search when there are active filters but no query" time="0.0026341">
            <system-err>
[bAInder] [ERROR] Search failed: TypeError: Cannot set properties of null (setting &apos;textContent&apos;)
    at renderSearchResults (C:/Repos/Personal/bAInder/src/sidepanel/controllers/search-controller.js:175:36)
    at C:/Repos/Personal/bAInder/src/sidepanel/controllers/search-controller.js:104:7

            </system-err>
        </testcase>
        <testcase classname="tests/search-controller.test.js" name="renderSearchResults() &gt; shows the search results container" time="0.0093141">
        </testcase>
        <testcase classname="tests/search-controller.test.js" name="renderSearchResults() &gt; shows &quot;0 results&quot; for empty results" time="0.0038604">
        </testcase>
        <testcase classname="tests/search-controller.test.js" name="renderSearchResults() &gt; shows &quot;1 result&quot; for a single result" time="0.0064089">
        </testcase>
        <testcase classname="tests/search-controller.test.js" name="renderSearchResults() &gt; renders a result card for each result" time="0.0036671">
        </testcase>
        <testcase classname="tests/search-controller.test.js" name="renderSearchResults() &gt; renders empty-state HTML when results are empty" time="0.0069917">
        </testcase>
        <testcase classname="tests/search-controller.test.js" name="buildResultCard() &gt; returns an article element HTML string" time="0.0021795">
        </testcase>
        <testcase classname="tests/search-controller.test.js" name="buildResultCard() &gt; includes the chat title" time="0.0041012">
        </testcase>
        <testcase classname="tests/search-controller.test.js" name="buildResultCard() &gt; uses &quot;Untitled Chat&quot; when title is missing" time="0.0018675">
        </testcase>
        <testcase classname="tests/search-controller.test.js" name="buildResultCard() &gt; renders a badge for known sources" time="0.0009435">
        </testcase>
        <testcase classname="tests/search-controller.test.js" name="buildResultCard() &gt; renders badge--unknown for unrecognised sources" time="0.0007407">
        </testcase>
        <testcase classname="tests/search-controller.test.js" name="buildResultCard() &gt; renders rating stars when chat.rating is set" time="0.0008956">
        </testcase>
        <testcase classname="tests/search-controller.test.js" name="buildResultCard() &gt; renders tag chips when tags are present" time="0.0009621">
        </testcase>
        <testcase classname="tests/search-controller.test.js" name="buildResultCard() &gt; highlights matching query terms in the title" time="0.0007787">
        </testcase>
        <testcase classname="tests/search-controller.test.js" name="populateTopicScopeSelect() &gt; does nothing when element is absent" time="0.0012213">
        </testcase>
        <testcase classname="tests/search-controller.test.js" name="populateTopicScopeSelect() &gt; does nothing when state.tree is absent" time="0.0016857">
        </testcase>
        <testcase classname="tests/search-controller.test.js" name="populateTopicScopeSelect() &gt; populates one option per root topic plus &quot;All topics&quot;" time="0.0027748">
        </testcase>
        <testcase classname="tests/search-controller.test.js" name="populateTopicScopeSelect() &gt; pre-selects the current filter topicId" time="0.0029299">
        </testcase>
        <testcase classname="tests/search-controller.test.js" name="updateFilterIndicator() &gt; does nothing when filterToggleBtn is absent" time="0.0013956">
        </testcase>
        <testcase classname="tests/search-controller.test.js" name="updateFilterIndicator() &gt; adds has-active-filters class when a source filter is set" time="0.000897">
        </testcase>
        <testcase classname="tests/search-controller.test.js" name="updateFilterIndicator() &gt; removes has-active-filters class when no filters are active" time="0.0007215">
        </testcase>
        <testcase classname="tests/search-controller.test.js" name="updateFilterIndicator() &gt; adds has-active-filters when dateFrom is set" time="0.0006712">
        </testcase>
        <testcase classname="tests/search-controller.test.js" name="updateFilterIndicator() &gt; adds has-active-filters when minRating is set" time="0.0006868">
        </testcase>
        <testcase classname="tests/search-controller.test.js" name="populateTagFilterPills() &gt; does nothing when filterTagPills container is absent" time="0.0012537">
        </testcase>
        <testcase classname="tests/search-controller.test.js" name="populateTagFilterPills() &gt; shows &quot;No tags saved yet&quot; when no chats have tags" time="0.0012788">
        </testcase>
        <testcase classname="tests/search-controller.test.js" name="populateTagFilterPills() &gt; renders one pill per unique tag" time="0.0025065">
        </testcase>
        <testcase classname="tests/search-controller.test.js" name="populateTagFilterPills() &gt; marks already-active tags with is-active class" time="0.0020517">
        </testcase>
        <testcase classname="tests/search-controller.test.js" name="populateTagFilterPills() &gt; clicking an inactive pill activates it and adds to state.filters.tags" time="0.0046916">
        </testcase>
        <testcase classname="tests/search-controller.test.js" name="setupFilterBar() — filterToggleBtn &gt; toggles the filter bar open on button click" time="0.00664">
        </testcase>
        <testcase classname="tests/search-controller.test.js" name="setupFilterBar() — filterToggleBtn &gt; closes the filter bar on second click" time="0.0045242">
        </testcase>
        <testcase classname="tests/search-controller.test.js" name="setupFilterBar() — source pills &gt; adds source to filters when a pill is clicked" time="0.0057666">
        </testcase>
        <testcase classname="tests/search-controller.test.js" name="setupFilterBar() — source pills &gt; removes source from filters when active pill is clicked again" time="0.0044353">
        </testcase>
        <testcase classname="tests/search-controller.test.js" name="setupFilterBar() — date range &gt; sets dateFrom on change" time="0.0067986">
        </testcase>
        <testcase classname="tests/search-controller.test.js" name="setupFilterBar() — date range &gt; sets dateFrom to null when cleared" time="0.0037975">
        </testcase>
        <testcase classname="tests/search-controller.test.js" name="setupFilterBar() — date range &gt; sets dateTo on change" time="0.0035463">
        </testcase>
        <testcase classname="tests/search-controller.test.js" name="setupFilterBar() — topic scope &gt; updates topicId when select changes" time="0.0040304">
        </testcase>
        <testcase classname="tests/search-controller.test.js" name="setupFilterBar() — rating pills &gt; sets minRating when rating pill is clicked" time="0.0037756">
        </testcase>
        <testcase classname="tests/search-controller.test.js" name="setupFilterBar() — rating pills &gt; clears minRating when the same rating pill is clicked again" time="0.0033685">
        </testcase>
        <testcase classname="tests/search-controller.test.js" name="setupFilterBar() — clear button &gt; resets all filters on clear" time="0.0123574">
        </testcase>
        <testcase classname="tests/search-controller.test.js" name="setupFilterBar() — clear button &gt; removes is-active class from source and rating pills on clear" time="0.0039504">
        </testcase>
        <testcase classname="tests/search-controller.test.js" name="setSearchContext() &gt; sets searchContext to entities" time="0.0032264">
        </testcase>
        <testcase classname="tests/search-controller.test.js" name="setSearchContext() &gt; sets searchContext back to chats" time="0.0025299">
        </testcase>
        <testcase classname="tests/search-controller.test.js" name="setSearchContext() &gt; activates the entities button when switching to entities" time="0.0021794">
        </testcase>
        <testcase classname="tests/search-controller.test.js" name="setSearchContext() &gt; activates the chats button when switching to chats" time="0.0026802">
        </testcase>
        <testcase classname="tests/search-controller.test.js" name="setSearchContext() &gt; shows entityTypes group when switching to entities" time="0.0022283">
        </testcase>
        <testcase classname="tests/search-controller.test.js" name="setSearchContext() &gt; hides entityTypes group when switching to chats" time="0.0023895">
        </testcase>
        <testcase classname="tests/search-controller.test.js" name="refreshEntityTypeChipVisibility() &gt; does nothing when filterEntityTypePills container is absent" time="0.0011873">
        </testcase>
        <testcase classname="tests/search-controller.test.js" name="setSearchContext() — re-runs search when searchQuery is active &gt; calls entity search handler when switching to entities with an active query" time="0.0038248">
        </testcase>
        <testcase classname="tests/search-controller.test.js" name="setSearchContext() — re-runs search when searchQuery is active &gt; calls rerunSearch (chatRepo.searchChats) when switching to chats with active query" time="0.0029927">
        </testcase>
        <testcase classname="tests/search-controller.test.js" name="setupSearchContextToggle() — re-runs entity search when query is active &gt; clicking entities button calls entity search handler when query is active" time="0.0047395">
        </testcase>
        <testcase classname="tests/search-controller.test.js" name="setupSearchContextToggle() — re-runs entity search when query is active &gt; clicking chats button re-runs chat search when query is active" time="0.003979">
        </testcase>
    </testsuite>
    <testsuite name="tests/search-utils.test.js" timestamp="2026-03-17T19:02:07.755Z" hostname="Kahana-PC" tests="68" failures="0" errors="0" skipped="0" time="0.0559414">
        <testcase classname="tests/search-utils.test.js" name="escapeHtml &gt; escapes ampersands" time="0.003186">
        </testcase>
        <testcase classname="tests/search-utils.test.js" name="escapeHtml &gt; escapes less-than and greater-than" time="0.0005204">
        </testcase>
        <testcase classname="tests/search-utils.test.js" name="escapeHtml &gt; escapes double quotes" time="0.0004126">
        </testcase>
        <testcase classname="tests/search-utils.test.js" name="escapeHtml &gt; escapes single quotes" time="0.0003038">
        </testcase>
        <testcase classname="tests/search-utils.test.js" name="escapeHtml &gt; leaves plain text untouched" time="0.000283">
        </testcase>
        <testcase classname="tests/search-utils.test.js" name="escapeHtml &gt; coerces non-string to string" time="0.0002431">
        </testcase>
        <testcase classname="tests/search-utils.test.js" name="extractSnippet &gt; returns empty string for empty content" time="0.0005536">
        </testcase>
        <testcase classname="tests/search-utils.test.js" name="extractSnippet &gt; returns empty string for empty query" time="0.0002984">
        </testcase>
        <testcase classname="tests/search-utils.test.js" name="extractSnippet &gt; returns empty string for null content" time="0.0003049">
        </testcase>
        <testcase classname="tests/search-utils.test.js" name="extractSnippet &gt; returns opening text when query is not found" time="0.0009196">
        </testcase>
        <testcase classname="tests/search-utils.test.js" name="extractSnippet &gt; finds query in middle and includes surrounding context" time="0.0004877">
        </testcase>
        <testcase classname="tests/search-utils.test.js" name="extractSnippet &gt; does not add leading ellipsis when match is near the start" time="0.000307">
        </testcase>
        <testcase classname="tests/search-utils.test.js" name="extractSnippet &gt; does not add trailing ellipsis when match is near the end" time="0.0003477">
        </testcase>
        <testcase classname="tests/search-utils.test.js" name="extractSnippet &gt; strips YAML frontmatter before searching" time="0.0003414">
        </testcase>
        <testcase classname="tests/search-utils.test.js" name="extractSnippet &gt; is case-insensitive" time="0.0002793">
        </testcase>
        <testcase classname="tests/search-utils.test.js" name="extractSnippet &gt; handles short content entirely without ellipsis" time="0.0004065">
        </testcase>
        <testcase classname="tests/search-utils.test.js" name="highlightTerms &gt; returns empty string for empty text" time="0.0003358">
        </testcase>
        <testcase classname="tests/search-utils.test.js" name="highlightTerms &gt; returns null-safe empty string for null text" time="0.0001944">
        </testcase>
        <testcase classname="tests/search-utils.test.js" name="highlightTerms &gt; wraps match with &lt;mark class=&quot;search-highlight&quot;&gt;" time="0.0003475">
        </testcase>
        <testcase classname="tests/search-utils.test.js" name="highlightTerms &gt; is case-insensitive and preserves original casing" time="0.0002659">
        </testcase>
        <testcase classname="tests/search-utils.test.js" name="highlightTerms &gt; highlights multiple occurrences" time="0.001809">
        </testcase>
        <testcase classname="tests/search-utils.test.js" name="highlightTerms &gt; returns HTML-escaped text when query is empty" time="0.0003728">
        </testcase>
        <testcase classname="tests/search-utils.test.js" name="highlightTerms &gt; escapes HTML entities in text before highlighting" time="0.0003141">
        </testcase>
        <testcase classname="tests/search-utils.test.js" name="highlightTerms &gt; handles query with regex special characters safely" time="0.0018271">
        </testcase>
        <testcase classname="tests/search-utils.test.js" name="highlightTerms &gt; returns escaped text unchanged when query not present" time="0.0005614">
        </testcase>
        <testcase classname="tests/search-utils.test.js" name="formatBreadcrumb &gt; returns &quot;Uncategorised&quot; for empty array" time="0.0003172">
        </testcase>
        <testcase classname="tests/search-utils.test.js" name="formatBreadcrumb &gt; returns &quot;Uncategorised&quot; for null" time="0.0002472">
        </testcase>
        <testcase classname="tests/search-utils.test.js" name="formatBreadcrumb &gt; returns &quot;Uncategorised&quot; for undefined" time="0.0002016">
        </testcase>
        <testcase classname="tests/search-utils.test.js" name="formatBreadcrumb &gt; returns topic name for single-element path" time="0.000268">
        </testcase>
        <testcase classname="tests/search-utils.test.js" name="formatBreadcrumb &gt; joins multiple path elements with › separator" time="0.0002261">
        </testcase>
        <testcase classname="tests/search-utils.test.js" name="formatBreadcrumb &gt; handles two-level path" time="0.0002405">
        </testcase>
        <testcase classname="tests/search-utils.test.js" name="applySearchFilters — minRating &gt; returns all results when minRating is null" time="0.0006784">
        </testcase>
        <testcase classname="tests/search-utils.test.js" name="applySearchFilters — minRating &gt; returns all results when minRating is 0" time="0.0011994">
        </testcase>
        <testcase classname="tests/search-utils.test.js" name="applySearchFilters — minRating &gt; filters to chats rated &gt;= 3" time="0.0027688">
        </testcase>
        <testcase classname="tests/search-utils.test.js" name="applySearchFilters — minRating &gt; filters to chats rated &gt;= 5" time="0.000633">
        </testcase>
        <testcase classname="tests/search-utils.test.js" name="applySearchFilters — minRating &gt; returns empty when no chats meet minimum" time="0.0005154">
        </testcase>
        <testcase classname="tests/search-utils.test.js" name="applySearchFilters — minRating &gt; excludes chats with null or missing rating" time="0.0005308">
        </testcase>
        <testcase classname="tests/search-utils.test.js" name="applySearchFilters — minRating &gt; works alongside source filter" time="0.0005725">
        </testcase>
        <testcase classname="tests/search-utils.test.js" name="applySearchFilters — date range filter &gt; filters by dateFrom only" time="0.0015734">
        </testcase>
        <testcase classname="tests/search-utils.test.js" name="applySearchFilters — date range filter &gt; filters by dateTo only" time="0.0027438">
        </testcase>
        <testcase classname="tests/search-utils.test.js" name="applySearchFilters — date range filter &gt; filters by dateFrom and dateTo range" time="0.0011067">
        </testcase>
        <testcase classname="tests/search-utils.test.js" name="applySearchFilters — date range filter &gt; returns all when no date filter set" time="0.000495">
        </testcase>
        <testcase classname="tests/search-utils.test.js" name="applySearchFilters — date range filter &gt; handles chat with no timestamp (treats as 0)" time="0.0004516">
        </testcase>
        <testcase classname="tests/search-utils.test.js" name="applySearchFilters — date range filter &gt; covers the to = Infinity branch (no dateTo)" time="0.0004684">
        </testcase>
        <testcase classname="tests/search-utils.test.js" name="applySearchFilters — date range filter &gt; covers the from = 0 branch (no dateFrom)" time="0.0007111">
        </testcase>
        <testcase classname="tests/search-utils.test.js" name="applySearchFilters — topic scope filter &gt; restricts results to topic and its descendants" time="0.0016046">
        </testcase>
        <testcase classname="tests/search-utils.test.js" name="applySearchFilters — topic scope filter &gt; restricts to subtopic only" time="0.0005348">
        </testcase>
        <testcase classname="tests/search-utils.test.js" name="applySearchFilters — topic scope filter &gt; does not apply topic filter when topicId is absent" time="0.0004638">
        </testcase>
        <testcase classname="tests/search-utils.test.js" name="applySearchFilters — topic scope filter &gt; does not apply topic filter when tree is null" time="0.0004662">
        </testcase>
        <testcase classname="tests/search-utils.test.js" name="applySearchFilters — topic scope filter &gt; collects recursive subtree via collect() helper" time="0.0005413">
        </testcase>
        <testcase classname="tests/search-utils.test.js" name="applySearchFilters — topic scope filter &gt; excludes chats with no topicId even if topic filter is set" time="0.0006061">
        </testcase>
        <testcase classname="tests/search-utils.test.js" name="generateId &gt; returns a string" time="0.0040141">
        </testcase>
        <testcase classname="tests/search-utils.test.js" name="generateId &gt; without prefix uses timestamp-hex format" time="0.0009271">
        </testcase>
        <testcase classname="tests/search-utils.test.js" name="generateId &gt; with prefix uses prefix_timestamp_hex format" time="0.0007638">
        </testcase>
        <testcase classname="tests/search-utils.test.js" name="generateId &gt; two calls produce different IDs" time="0.0009179">
        </testcase>
        <testcase classname="tests/search-utils.test.js" name="generateId &gt; prefix is included in the result" time="0.0006505">
        </testcase>
        <testcase classname="tests/search-utils.test.js" name="generateId &gt; without prefix separator is a hyphen" time="0.0005628">
        </testcase>
        <testcase classname="tests/search-utils.test.js" name="generateId &gt; with prefix separator is an underscore" time="0.0006817">
        </testcase>
        <testcase classname="tests/search-utils.test.js" name="escapeHtml – branch gaps &gt; returns empty string for undefined input" time="0.0003409">
        </testcase>
        <testcase classname="tests/search-utils.test.js" name="escapeHtml – branch gaps &gt; returns empty string for null input" time="0.0003644">
        </testcase>
        <testcase classname="tests/search-utils.test.js" name="extractSnippet – branch gaps &gt; does not append ellipsis when opening text equals full content length" time="0.0004256">
        </testcase>
        <testcase classname="tests/search-utils.test.js" name="extractSnippet – branch gaps &gt; strips frontmatter with no closing delimiter (stripFrontmatter line 32)" time="0.0003982">
        </testcase>
        <testcase classname="tests/search-utils.test.js" name="applySearchFilters – branch gaps &gt; returns all results when sources Set is empty (size 0)" time="0.0005705">
        </testcase>
        <testcase classname="tests/search-utils.test.js" name="applySearchFilters – branch gaps &gt; does not apply topicId filter when tree is null" time="0.0006889">
        </testcase>
        <testcase classname="tests/search-utils.test.js" name="applySearchFilters – branch gaps &gt; minRating of 0 returns all chats" time="0.000544">
        </testcase>
        <testcase classname="tests/search-utils.test.js" name="applySearchFilters – branch gaps &gt; minRating of null returns all chats" time="0.0005493">
        </testcase>
        <testcase classname="tests/search-utils.test.js" name="applySearchFilters – branch gaps &gt; applies only dateFrom when dateTo is absent" time="0.0005977">
        </testcase>
        <testcase classname="tests/search-utils.test.js" name="applySearchFilters – branch gaps &gt; applies only dateTo when dateFrom is absent" time="0.0016897">
        </testcase>
    </testsuite>
    <testsuite name="tests/semantic-analyser.test.js" timestamp="2026-03-17T19:02:07.797Z" hostname="Kahana-PC" tests="22" failures="0" errors="0" skipped="0" time="0.025786">
        <testcase classname="tests/semantic-analyser.test.js" name="DIVERGENCE_THRESHOLD &gt; is 0.65" time="0.003351">
        </testcase>
        <testcase classname="tests/semantic-analyser.test.js" name="cosineSimilarity &gt; identical vectors â†’ 1.0" time="0.0008169">
        </testcase>
        <testcase classname="tests/semantic-analyser.test.js" name="cosineSimilarity &gt; orthogonal vectors â†’ 0.0" time="0.0004105">
        </testcase>
        <testcase classname="tests/semantic-analyser.test.js" name="cosineSimilarity &gt; opposite vectors â†’ -1.0" time="0.0003737">
        </testcase>
        <testcase classname="tests/semantic-analyser.test.js" name="cosineSimilarity &gt; zero vector â†’ 0 (no division by zero)" time="0.0003919">
        </testcase>
        <testcase classname="tests/semantic-analyser.test.js" name="tokenize &gt; lowercases and splits on whitespace" time="0.0022827">
        </testcase>
        <testcase classname="tests/semantic-analyser.test.js" name="tokenize &gt; strips fenced code blocks" time="0.0024359">
        </testcase>
        <testcase classname="tests/semantic-analyser.test.js" name="tokenize &gt; strips inline code" time="0.0006256">
        </testcase>
        <testcase classname="tests/semantic-analyser.test.js" name="tokenize &gt; filters single-character tokens" time="0.0004371">
        </testcase>
        <testcase classname="tests/semantic-analyser.test.js" name="tokenize &gt; handles empty string" time="0.0003171">
        </testcase>
        <testcase classname="tests/semantic-analyser.test.js" name="tokenize &gt; handles null/undefined gracefully" time="0.000391">
        </testcase>
        <testcase classname="tests/semantic-analyser.test.js" name="compareReasoningTurns &gt; returns correct shape" time="0.0025734">
        </testcase>
        <testcase classname="tests/semantic-analyser.test.js" name="compareReasoningTurns &gt; medoidIndex is within [0, n-1]" time="0.0008607">
        </testcase>
        <testcase classname="tests/semantic-analyser.test.js" name="compareReasoningTurns &gt; overallScore for medoid is 1.0" time="0.0004429">
        </testcase>
        <testcase classname="tests/semantic-analyser.test.js" name="compareReasoningTurns &gt; turnScores for medoid are null" time="0.0005882">
        </testcase>
        <testcase classname="tests/semantic-analyser.test.js" name="compareReasoningTurns &gt; identical chats: non-medoid has score of 1.0" time="0.0005281">
        </testcase>
        <testcase classname="tests/semantic-analyser.test.js" name="compareReasoningTurns &gt; empty turns â†’ handles gracefully with no divergent turns" time="0.0012737">
        </testcase>
        <testcase classname="tests/semantic-analyser.test.js" name="compareReasoningTurns &gt; unequal turn counts: missing turns get null score" time="0.0005525">
        </testcase>
        <testcase classname="tests/semantic-analyser.test.js" name="compareReasoningTurns &gt; very different vocabularies: turn flagged as divergent" time="0.0009185">
        </testcase>
        <testcase classname="tests/semantic-analyser.test.js" name="compareReasoningTurns &gt; progress callback receives values 0â€“100" time="0.0007869">
        </testcase>
        <testcase classname="tests/semantic-analyser.test.js" name="compareReasoningTurns &gt; weighted average: longer turns weight more heavily on overall score" time="0.0005638">
        </testcase>
        <testcase classname="tests/semantic-analyser.test.js" name="compareReasoningTurns &gt; turnScores has correct length for each chat" time="0.0007526">
        </testcase>
    </testsuite>
    <testsuite name="tests/settings-panel.test.js" timestamp="2026-03-17T19:02:07.814Z" hostname="Kahana-PC" tests="19" failures="0" errors="0" skipped="0" time="0.2165867">
        <testcase classname="tests/settings-panel.test.js" name="openSettingsPanel() &gt; does nothing when #settingsPanel is absent" time="0.0261134">
        </testcase>
        <testcase classname="tests/settings-panel.test.js" name="openSettingsPanel() &gt; adds the settings-panel--open class" time="0.0175887">
        </testcase>
        <testcase classname="tests/settings-panel.test.js" name="openSettingsPanel() &gt; sets aria-hidden to false" time="0.0079847">
        </testcase>
        <testcase classname="tests/settings-panel.test.js" name="openSettingsPanel() &gt; sets logLevelSelect value from logger.getLevel()" time="0.008736">
        </testcase>
        <testcase classname="tests/settings-panel.test.js" name="openSettingsPanel() &gt; wires logLevelSelect change to logger.setLevel" time="0.0158815">
        </testcase>
        <testcase classname="tests/settings-panel.test.js" name="openSettingsPanel() &gt; does not re-wire logLevelSelect on second open (idempotent)" time="0.0118005">
        </testcase>
        <testcase classname="tests/settings-panel.test.js" name="openSettingsPanel() &gt; wires backdrop click to close the panel" time="0.0127675">
        </testcase>
        <testcase classname="tests/settings-panel.test.js" name="openSettingsPanel() &gt; wires close button to close the panel" time="0.008158">
        </testcase>
        <testcase classname="tests/settings-panel.test.js" name="openSettingsPanel() &gt; loads backupReminderToggle state from storage" time="0.0116947">
        </testcase>
        <testcase classname="tests/settings-panel.test.js" name="openSettingsPanel() &gt; loads backupReminderIntervalSelect from storage" time="0.0105462">
        </testcase>
        <testcase classname="tests/settings-panel.test.js" name="openSettingsPanel() &gt; persists backupReminderToggle change to storage" time="0.0127972">
        </testcase>
        <testcase classname="tests/settings-panel.test.js" name="openSettingsPanel() &gt; persists backupReminderIntervalSelect change to storage" time="0.0071889">
        </testcase>
        <testcase classname="tests/settings-panel.test.js" name="openSettingsPanel() &gt; loads clipboardFormatSelect from storage" time="0.0062715">
        </testcase>
        <testcase classname="tests/settings-panel.test.js" name="openSettingsPanel() &gt; hides imagesRow when format is not html" time="0.0077521">
        </testcase>
        <testcase classname="tests/settings-panel.test.js" name="openSettingsPanel() &gt; fires persist on clipboardFormatSelect change" time="0.0076625">
        </testcase>
        <testcase classname="tests/settings-panel.test.js" name="openSettingsPanel() &gt; wires showOrdinalsToggle change to storage" time="0.00912">
        </testcase>
        <testcase classname="tests/settings-panel.test.js" name="closeSettingsPanel() &gt; does nothing when #settingsPanel is absent" time="0.0061799">
        </testcase>
        <testcase classname="tests/settings-panel.test.js" name="closeSettingsPanel() &gt; removes the settings-panel--open class" time="0.0081089">
        </testcase>
        <testcase classname="tests/settings-panel.test.js" name="closeSettingsPanel() &gt; sets aria-hidden to true" time="0.0144705">
        </testcase>
    </testsuite>
    <testsuite name="tests/sidepanel-integration.test.js" timestamp="2026-03-17T19:02:07.834Z" hostname="Kahana-PC" tests="29" failures="0" errors="0" skipped="0" time="1.0833801">
        <testcase classname="tests/sidepanel-integration.test.js" name="Sidepanel Integration - Dialog Workflows with Storage &gt; Add Topic Workflow &gt; should create topic and save to storage" time="0.1124477">
        </testcase>
        <testcase classname="tests/sidepanel-integration.test.js" name="Sidepanel Integration - Dialog Workflows with Storage &gt; Add Topic Workflow &gt; should create child topic under parent" time="0.0419181">
        </testcase>
        <testcase classname="tests/sidepanel-integration.test.js" name="Sidepanel Integration - Dialog Workflows with Storage &gt; Add Topic Workflow &gt; should not save if user cancels dialog" time="0.0201748">
        </testcase>
        <testcase classname="tests/sidepanel-integration.test.js" name="Sidepanel Integration - Dialog Workflows with Storage &gt; Add Topic Workflow &gt; should not save if validation fails" time="0.0195344">
        </testcase>
        <testcase classname="tests/sidepanel-integration.test.js" name="Sidepanel Integration - Dialog Workflows with Storage &gt; Add Topic Workflow &gt; should show error alert for duplicate name at root level" time="0.0738486">
        </testcase>
        <testcase classname="tests/sidepanel-integration.test.js" name="Sidepanel Integration - Dialog Workflows with Storage &gt; Add Topic Workflow &gt; should show error alert for duplicate name at child level" time="0.0960306">
        </testcase>
        <testcase classname="tests/sidepanel-integration.test.js" name="Sidepanel Integration - Dialog Workflows with Storage &gt; Rename Topic Workflow &gt; should rename topic and save to storage" time="0.0156426">
        </testcase>
        <testcase classname="tests/sidepanel-integration.test.js" name="Sidepanel Integration - Dialog Workflows with Storage &gt; Rename Topic Workflow &gt; should not save if name unchanged" time="0.009749">
        </testcase>
        <testcase classname="tests/sidepanel-integration.test.js" name="Sidepanel Integration - Dialog Workflows with Storage &gt; Rename Topic Workflow &gt; should show error alert when renaming to duplicate name" time="0.1074751">
        </testcase>
        <testcase classname="tests/sidepanel-integration.test.js" name="Sidepanel Integration - Dialog Workflows with Storage &gt; Move Topic Workflow &gt; should move topic and save to storage" time="0.0162721">
        </testcase>
        <testcase classname="tests/sidepanel-integration.test.js" name="Sidepanel Integration - Dialog Workflows with Storage &gt; Delete Topic Workflow &gt; should delete topic and save to storage" time="0.0092624">
        </testcase>
        <testcase classname="tests/sidepanel-integration.test.js" name="Sidepanel Integration - Dialog Workflows with Storage &gt; Delete Topic Workflow &gt; should not save if user cancels deletion" time="0.0096227">
        </testcase>
        <testcase classname="tests/sidepanel-integration.test.js" name="Sidepanel Integration - Dialog Workflows with Storage &gt; Merge Topics Workflow &gt; should merge topics and save to storage" time="0.0819183">
        </testcase>
        <testcase classname="tests/sidepanel-integration.test.js" name="Sidepanel Integration - Dialog Workflows with Storage &gt; Storage Error Handling &gt; should handle storage save errors gracefully" time="0.0015597">
        </testcase>
        <testcase classname="tests/sidepanel-integration.test.js" name="Sidepanel Integration - Dialog Workflows with Storage &gt; Storage Error Handling &gt; should handle storage load errors gracefully" time="0.0009012">
        </testcase>
        <testcase classname="tests/sidepanel-integration.test.js" name="Sidepanel Integration - Dialog Workflows with Storage &gt; Chrome Storage API Integration &gt; should use correct method names" time="0.0014529">
        </testcase>
        <testcase classname="tests/sidepanel-integration.test.js" name="Sidepanel Integration - Dialog Workflows with Storage &gt; Chrome Storage API Integration &gt; should properly serialize tree for storage" time="0.0043728">
        </testcase>
        <testcase classname="tests/sidepanel-integration.test.js" name="Sidepanel Integration - Dialog Workflows with Storage &gt; Chrome Storage API Integration &gt; should properly deserialize tree from storage" time="0.0075553">
        </testcase>
        <testcase classname="tests/sidepanel-integration.test.js" name="TopicDialogs – error paths &gt; showRenameTopic: should alert and return null for non-existent topicId" time="0.0463367">
        </testcase>
        <testcase classname="tests/sidepanel-integration.test.js" name="TopicDialogs – error paths &gt; showRenameTopic: should return null when same name is submitted" time="0.0465939">
        </testcase>
        <testcase classname="tests/sidepanel-integration.test.js" name="TopicDialogs – error paths &gt; showMoveTopic: should alert and return null for non-existent topicId" time="0.0404613">
        </testcase>
        <testcase classname="tests/sidepanel-integration.test.js" name="TopicDialogs – error paths &gt; showMoveTopic: should show &quot;Cannot Move&quot; alert when no other locations exist" time="0.0386768">
        </testcase>
        <testcase classname="tests/sidepanel-integration.test.js" name="TopicDialogs – error paths &gt; showMoveTopic: should return null when same parent is selected" time="0.0163933">
        </testcase>
        <testcase classname="tests/sidepanel-integration.test.js" name="TopicDialogs – error paths &gt; showDeleteTopic: should alert and return null for non-existent topicId" time="0.0354687">
        </testcase>
        <testcase classname="tests/sidepanel-integration.test.js" name="TopicDialogs – error paths &gt; showDeleteTopic: should include child/chat counts in confirmation message" time="0.0311213">
        </testcase>
        <testcase classname="tests/sidepanel-integration.test.js" name="TopicDialogs – error paths &gt; showMergeTopic: should alert and return null for non-existent source topicId" time="0.0314068">
        </testcase>
        <testcase classname="tests/sidepanel-integration.test.js" name="TopicDialogs – error paths &gt; showMergeTopic: should alert &quot;Cannot Merge&quot; when no other targets exist" time="0.0321847">
        </testcase>
        <testcase classname="tests/sidepanel-integration.test.js" name="TopicDialogs – error paths &gt; showMergeTopic: should return null when user cancels the confirmation dialog" time="0.0619012">
        </testcase>
        <testcase classname="tests/sidepanel-integration.test.js" name="TopicDialogs – error paths &gt; showAddTopic: should show error alert when addTopic throws" time="0.0640762">
        </testcase>
    </testsuite>
    <testsuite name="tests/sidepanel-tabs.test.js" timestamp="2026-03-17T19:02:07.857Z" hostname="Kahana-PC" tests="12" failures="0" errors="0" skipped="0" time="0.0349044">
        <testcase classname="tests/sidepanel-tabs.test.js" name="switchTab() — panel visibility &gt; clicking entity tab hides session panel" time="0.0116343">
        </testcase>
        <testcase classname="tests/sidepanel-tabs.test.js" name="switchTab() — panel visibility &gt; clicking entity tab shows entity panel" time="0.0015328">
        </testcase>
        <testcase classname="tests/sidepanel-tabs.test.js" name="switchTab() — panel visibility &gt; clicking sessions tab shows session panel" time="0.0011824">
        </testcase>
        <testcase classname="tests/sidepanel-tabs.test.js" name="switchTab() — panel visibility &gt; clicking sessions tab hides entity panel" time="0.0011085">
        </testcase>
        <testcase classname="tests/sidepanel-tabs.test.js" name="switchTab() — panel visibility &gt; updates state.activeTab" time="0.0011551">
        </testcase>
        <testcase classname="tests/sidepanel-tabs.test.js" name="switchTab() — aria-selected attributes &gt; switching to entities sets aria-selected=&quot;true&quot; on entity tab" time="0.0012199">
        </testcase>
        <testcase classname="tests/sidepanel-tabs.test.js" name="switchTab() — aria-selected attributes &gt; switching to entities sets aria-selected=&quot;false&quot; on sessions tab" time="0.0008635">
        </testcase>
        <testcase classname="tests/sidepanel-tabs.test.js" name="switchTab() — aria-selected attributes &gt; switching back to sessions restores aria-selected correctly" time="0.0009347">
        </testcase>
        <testcase classname="tests/sidepanel-tabs.test.js" name="switchTab() — aria-selected attributes &gt; panel-tab--active class follows active tab" time="0.0010645">
        </testcase>
        <testcase classname="tests/sidepanel-tabs.test.js" name="switchTab() — automatic search-context sync &gt; switching to entities tab calls setSearchContext(&quot;entities&quot;)" time="0.0063393">
        </testcase>
        <testcase classname="tests/sidepanel-tabs.test.js" name="switchTab() — automatic search-context sync &gt; switching to sessions tab calls setSearchContext(&quot;chats&quot;)" time="0.0016749">
        </testcase>
        <testcase classname="tests/sidepanel-tabs.test.js" name="switchTab() — automatic search-context sync &gt; setSearchContext is called on every tab switch" time="0.002214">
        </testcase>
    </testsuite>
    <testsuite name="tests/sidepanel-ui.test.js" timestamp="2026-03-17T19:02:07.865Z" hostname="Kahana-PC" tests="8" failures="0" errors="0" skipped="0" time="3.6008921">
        <testcase classname="tests/sidepanel-ui.test.js" name="Sidepanel UI - Critical Safety Only &gt; CSP Compliance - Catches Security Violations &gt; should not have onclick attributes (CSP violation)" time="1.0710247">
        </testcase>
        <testcase classname="tests/sidepanel-ui.test.js" name="Sidepanel UI - Critical Safety Only &gt; CSP Compliance - Catches Security Violations &gt; should not have onerror attributes" time="0.4283857">
        </testcase>
        <testcase classname="tests/sidepanel-ui.test.js" name="Sidepanel UI - Critical Safety Only &gt; CSP Compliance - Catches Security Violations &gt; should not have onload attributes on non-body elements" time="0.3622833">
        </testcase>
        <testcase classname="tests/sidepanel-ui.test.js" name="Sidepanel UI - Critical Safety Only &gt; CSP Compliance - Catches Security Violations &gt; should not have inline event handlers" time="0.3411505">
        </testcase>
        <testcase classname="tests/sidepanel-ui.test.js" name="Sidepanel UI - Critical Safety Only &gt; HTML Structure - Catches Real Bugs &gt; should not have onclick on create first topic button" time="0.3394679">
        </testcase>
        <testcase classname="tests/sidepanel-ui.test.js" name="Sidepanel UI - Critical Safety Only &gt; HTML Structure - Catches Real Bugs &gt; should not have duplicate IDs (breaks getElementById)" time="0.332656">
        </testcase>
        <testcase classname="tests/sidepanel-ui.test.js" name="Sidepanel UI - Critical Safety Only &gt; Runtime Safety - Catches Bugs &gt; should not log console errors during initialization" time="0.3540941">
        </testcase>
        <testcase classname="tests/sidepanel-ui.test.js" name="Sidepanel UI - Critical Safety Only &gt; Accessibility - Catches Real Issues &gt; should have accessible button labels for screen readers" time="0.3653385">
        </testcase>
    </testsuite>
    <testsuite name="tests/sticky-notes-ui.test.js" timestamp="2026-03-17T19:02:07.872Z" hostname="Kahana-PC" tests="85" failures="0" errors="0" skipped="0" time="0.8218189">
        <testcase classname="tests/sticky-notes-ui.test.js" name="clusterNotes &gt; returns empty array for empty input" time="0.0135362">
        </testcase>
        <testcase classname="tests/sticky-notes-ui.test.js" name="clusterNotes &gt; single note → single cluster with one note" time="0.0064582">
        </testcase>
        <testcase classname="tests/sticky-notes-ui.test.js" name="clusterNotes &gt; two notes within threshold → same cluster" time="0.0013017">
        </testcase>
        <testcase classname="tests/sticky-notes-ui.test.js" name="clusterNotes &gt; two notes exactly at threshold boundary → same cluster" time="0.0010788">
        </testcase>
        <testcase classname="tests/sticky-notes-ui.test.js" name="clusterNotes &gt; two notes beyond threshold → separate clusters" time="0.0016912">
        </testcase>
        <testcase classname="tests/sticky-notes-ui.test.js" name="clusterNotes &gt; sorts notes by anchorPageY before clustering" time="0.0020407">
        </testcase>
        <testcase classname="tests/sticky-notes-ui.test.js" name="clusterNotes &gt; three notes all within threshold → one cluster" time="0.0015006">
        </testcase>
        <testcase classname="tests/sticky-notes-ui.test.js" name="clusterNotes &gt; does not mutate the original array" time="0.001131">
        </testcase>
        <testcase classname="tests/sticky-notes-ui.test.js" name="clusterNotes &gt; consecutive notes with equal anchor → same cluster" time="0.0013007">
        </testcase>
        <testcase classname="tests/sticky-notes-ui.test.js" name="wrapSelection &gt; wraps selected text with prefix and suffix" time="0.001466">
        </testcase>
        <testcase classname="tests/sticky-notes-ui.test.js" name="wrapSelection &gt; inserts defaultText when nothing is selected" time="0.0012127">
        </testcase>
        <testcase classname="tests/sticky-notes-ui.test.js" name="wrapSelection &gt; selects the wrapped content so the user can type over it" time="0.0006677">
        </testcase>
        <testcase classname="tests/sticky-notes-ui.test.js" name="wrapSelection &gt; wraps inline code with backticks" time="0.0006205">
        </testcase>
        <testcase classname="tests/sticky-notes-ui.test.js" name="wrapSelection &gt; wraps code block with fenced syntax" time="0.000557">
        </testcase>
        <testcase classname="tests/sticky-notes-ui.test.js" name="wrapSelection &gt; dispatches an input event to trigger auto-save" time="0.0019182">
        </testcase>
        <testcase classname="tests/sticky-notes-ui.test.js" name="wrapSelection &gt; focuses the textarea after wrapping" time="0.0013621">
        </testcase>
        <testcase classname="tests/sticky-notes-ui.test.js" name="wrapLink &gt; wraps selected text as [text](https://)" time="0.0019129">
        </testcase>
        <testcase classname="tests/sticky-notes-ui.test.js" name="wrapLink &gt; uses &quot;link text&quot; placeholder when nothing is selected" time="0.0029625">
        </testcase>
        <testcase classname="tests/sticky-notes-ui.test.js" name="wrapLink &gt; selects the URL placeholder after insertion" time="0.0013227">
        </testcase>
        <testcase classname="tests/sticky-notes-ui.test.js" name="wrapLink &gt; selects the URL placeholder when text was already selected" time="0.0015103">
        </testcase>
        <testcase classname="tests/sticky-notes-ui.test.js" name="wrapLink &gt; dispatches an input event to trigger auto-save" time="0.0014314">
        </testcase>
        <testcase classname="tests/sticky-notes-ui.test.js" name="wrapLink &gt; focuses the textarea after wrapping" time="0.0007783">
        </testcase>
        <testcase classname="tests/sticky-notes-ui.test.js" name="buildNoteOverlay – single note, no content (edit mode) &gt; returns a div with className sticky-note" time="0.1350214">
        </testcase>
        <testcase classname="tests/sticky-notes-ui.test.js" name="buildNoteOverlay – single note, no content (edit mode) &gt; sets data-clusterId to the first note id" time="0.0081327">
        </testcase>
        <testcase classname="tests/sticky-notes-ui.test.js" name="buildNoteOverlay – single note, no content (edit mode) &gt; positions the overlay at anchorPageY" time="0.0068896">
        </testcase>
        <testcase classname="tests/sticky-notes-ui.test.js" name="buildNoteOverlay – single note, no content (edit mode) &gt; renders a textarea in edit mode when note has no content" time="0.0179639">
        </testcase>
        <testcase classname="tests/sticky-notes-ui.test.js" name="buildNoteOverlay – single note, no content (edit mode) &gt; does not render nav buttons for single note" time="0.0113203">
        </testcase>
        <testcase classname="tests/sticky-notes-ui.test.js" name="buildNoteOverlay – single note, no content (edit mode) &gt; renders delete button" time="0.0077881">
        </testcase>
        <testcase classname="tests/sticky-notes-ui.test.js" name="buildNoteOverlay – single note, no content (edit mode) &gt; renders toggle edit/preview button" time="0.0060577">
        </testcase>
        <testcase classname="tests/sticky-notes-ui.test.js" name="buildNoteOverlay – single note, no content (edit mode) &gt; renders header timestamp span" time="0.0060977">
        </testcase>
        <testcase classname="tests/sticky-notes-ui.test.js" name="buildNoteOverlay – single note, no content (edit mode) &gt; renders toolbar with bold button" time="0.0137612">
        </testcase>
        <testcase classname="tests/sticky-notes-ui.test.js" name="buildNoteOverlay – single note, no content (edit mode) &gt; renders toolbar with preview button" time="0.0064131">
        </testcase>
        <testcase classname="tests/sticky-notes-ui.test.js" name="buildNoteOverlay – single note, no content (edit mode) &gt; clicking toggle switches to preview mode" time="0.0229478">
        </testcase>
        <testcase classname="tests/sticky-notes-ui.test.js" name="buildNoteOverlay – single note, no content (edit mode) &gt; delete button calls onDelete after confirmation" time="0.0172791">
        </testcase>
        <testcase classname="tests/sticky-notes-ui.test.js" name="buildNoteOverlay – single note, no content (edit mode) &gt; delete with cancelled confirm does nothing" time="0.0111676">
        </testcase>
        <testcase classname="tests/sticky-notes-ui.test.js" name="buildNoteOverlay – single note WITH content (preview mode) &gt; renders in preview mode when note has content" time="0.0091378">
        </testcase>
        <testcase classname="tests/sticky-notes-ui.test.js" name="buildNoteOverlay – single note WITH content (preview mode) &gt; toggle button text is ✎ (edit pen) when in preview" time="0.0047913">
        </testcase>
        <testcase classname="tests/sticky-notes-ui.test.js" name="buildNoteOverlay – single note WITH content (preview mode) &gt; clicking toggle in preview switches to edit mode" time="0.0134601">
        </testcase>
        <testcase classname="tests/sticky-notes-ui.test.js" name="buildNoteOverlay – single note WITH content (preview mode) &gt; uses custom renderFn when provided" time="0.0108494">
        </testcase>
        <testcase classname="tests/sticky-notes-ui.test.js" name="buildNoteOverlay – single note WITH content (preview mode) &gt; preview renders empty placeholder for note with no content" time="0.0155211">
        </testcase>
        <testcase classname="tests/sticky-notes-ui.test.js" name="buildNoteOverlay – multi-note cluster (disambiguation nav) &gt; renders nav buttons for multi-note cluster" time="0.0064096">
        </testcase>
        <testcase classname="tests/sticky-notes-ui.test.js" name="buildNoteOverlay – multi-note cluster (disambiguation nav) &gt; nav label shows &quot;1 / 3&quot; for the first note" time="0.0043131">
        </testcase>
        <testcase classname="tests/sticky-notes-ui.test.js" name="buildNoteOverlay – multi-note cluster (disambiguation nav) &gt; clicking next advances to note 2 (label shows &quot;2 / 3&quot;)" time="0.011957">
        </testcase>
        <testcase classname="tests/sticky-notes-ui.test.js" name="buildNoteOverlay – multi-note cluster (disambiguation nav) &gt; clicking prev from note 1 wraps to note 3 (label shows &quot;3 / 3&quot;)" time="0.0122679">
        </testcase>
        <testcase classname="tests/sticky-notes-ui.test.js" name="buildNoteOverlay – multi-note cluster (disambiguation nav) &gt; note position on overlay matches first cluster note anchorPageY" time="0.0049135">
        </testcase>
        <testcase classname="tests/sticky-notes-ui.test.js" name="buildNoteOverlay – saved X position restores left/right &gt; sets left style when anchorPageX is set" time="0.0141791">
        </testcase>
        <testcase classname="tests/sticky-notes-ui.test.js" name="buildNoteOverlay – saved X position restores left/right &gt; does not set explicit left when anchorPageX is null" time="0.0051212">
        </testcase>
        <testcase classname="tests/sticky-notes-ui.test.js" name="buildNoteOverlay – toolbar button interactions &gt; bold button wraps selected text" time="0.0120127">
        </testcase>
        <testcase classname="tests/sticky-notes-ui.test.js" name="buildNoteOverlay – toolbar button interactions &gt; preview toolbar button toggles to preview mode" time="0.0298973">
        </testcase>
        <testcase classname="tests/sticky-notes-ui.test.js" name="setupStickyNotes – early returns &gt; returns early when chatId is falsy" time="0.0126551">
        </testcase>
        <testcase classname="tests/sticky-notes-ui.test.js" name="setupStickyNotes – early returns &gt; returns early when storage is null" time="0.0128067">
        </testcase>
        <testcase classname="tests/sticky-notes-ui.test.js" name="setupStickyNotes – early returns &gt; returns early when DOM elements are missing" time="0.0029201">
        </testcase>
        <testcase classname="tests/sticky-notes-ui.test.js" name="setupStickyNotes – DOM setup with empty notes &gt; creates sticky-notes-layer in body" time="0.016612">
        </testcase>
        <testcase classname="tests/sticky-notes-ui.test.js" name="setupStickyNotes – DOM setup with empty notes &gt; creates toggle button (hidden when no notes)" time="0.003784">
        </testcase>
        <testcase classname="tests/sticky-notes-ui.test.js" name="setupStickyNotes – DOM setup with empty notes &gt; is idempotent – calling twice reuses existing layer" time="0.0035686">
        </testcase>
        <testcase classname="tests/sticky-notes-ui.test.js" name="setupStickyNotes – notes present &gt; renders overlays for loaded notes and shows toggle button" time="0.0082061">
        </testcase>
        <testcase classname="tests/sticky-notes-ui.test.js" name="setupStickyNotes – notes present &gt; layer is hidden when loadNotesVisible returns false" time="0.007689">
        </testcase>
        <testcase classname="tests/sticky-notes-ui.test.js" name="setupStickyNotes – notes present &gt; toggle button click flips visibility" time="0.0189109">
        </testcase>
        <testcase classname="tests/sticky-notes-ui.test.js" name="setupStickyNotes – notes present &gt; context menu is created" time="0.0028638">
        </testcase>
        <testcase classname="tests/sticky-notes-ui.test.js" name="setupStickyNotes – notes present &gt; context menu shows on contextmenu event" time="0.0118463">
        </testcase>
        <testcase classname="tests/sticky-notes-ui.test.js" name="setupStickyNotes – notes present &gt; context menu hides on outside click" time="0.0134379">
        </testcase>
        <testcase classname="tests/sticky-notes-ui.test.js" name="setupStickyNotes – dropdown hover &gt; mouseenter on toggle shows dropdown when notes exist" time="0.013997">
        </testcase>
        <testcase classname="tests/sticky-notes-ui.test.js" name="setupStickyNotes – dropdown hover &gt; mouseleave on toggle schedules dropdown hide" time="0.0134587">
        </testcase>
        <testcase classname="tests/sticky-notes-ui.test.js" name="setupStickyNotes – dropdown hover &gt; mouseenter on dropdown cancels the hide timer" time="0.0111916">
        </testcase>
        <testcase classname="tests/sticky-notes-ui.test.js" name="setupStickyNotes – dropdown hover &gt; mouseenter does not show dropdown when notes list is empty" time="0.0050342">
        </testcase>
        <testcase classname="tests/sticky-notes-ui.test.js" name="setupStickyNotes – dropdown items &gt; dropdown item scrolls to note when clicked (notes visible)" time="0.0147122">
        </testcase>
        <testcase classname="tests/sticky-notes-ui.test.js" name="setupStickyNotes – dropdown items &gt; dropdown item with notes hidden makes notes visible on click" time="0.0164581">
        </testcase>
        <testcase classname="tests/sticky-notes-ui.test.js" name="setupStickyNotes – dropdown items &gt; dropdown renders long content truncated to 60 chars + ellipsis" time="0.0159558">
        </testcase>
        <testcase classname="tests/sticky-notes-ui.test.js" name="setupStickyNotes – dropdown items &gt; dropdown renders (empty note) placeholder when content is empty" time="0.0108045">
        </testcase>
        <testcase classname="tests/sticky-notes-ui.test.js" name="setupStickyNotes – add note via context menu &gt; clicking sn-add-note-btn saves a new note and re-renders" time="0.018307">
        </testcase>
        <testcase classname="tests/sticky-notes-ui.test.js" name="setupStickyNotes – add note via context menu &gt; clicking add-note when hidden makes notes visible first" time="0.0159904">
        </testcase>
        <testcase classname="tests/sticky-notes-ui.test.js" name="setupStickyNotes – header without .reader-header__meta &gt; appends toggle wrapper to .reader-header__inner when no .reader-header__meta" time="0.0082098">
        </testcase>
        <testcase classname="tests/sticky-notes-ui.test.js" name="setupStickyNotes – reloadAndRender triggered by deleting from multi-note cluster &gt; reloadAndRender re-fetches notes and re-renders after note deletion" time="0.0190529">
        </testcase>
        <testcase classname="tests/sticky-notes-ui.test.js" name="clusterNotes &gt; returns empty array for empty input" time="0.0008935">
        </testcase>
        <testcase classname="tests/sticky-notes-ui.test.js" name="clusterNotes &gt; puts a single note into a single cluster" time="0.0011184">
        </testcase>
        <testcase classname="tests/sticky-notes-ui.test.js" name="clusterNotes &gt; groups notes within SAME_AREA_THRESHOLD_PX (100px) into one cluster" time="0.001363">
        </testcase>
        <testcase classname="tests/sticky-notes-ui.test.js" name="clusterNotes &gt; splits notes more than 100px apart into separate clusters" time="0.001067">
        </testcase>
        <testcase classname="tests/sticky-notes-ui.test.js" name="clusterNotes &gt; sorts notes by anchorPageY before clustering" time="0.0006748">
        </testcase>
        <testcase classname="tests/sticky-notes-ui.test.js" name="wrapSelection &gt; wraps existing selection with prefix and suffix" time="0.0018171">
        </testcase>
        <testcase classname="tests/sticky-notes-ui.test.js" name="wrapSelection &gt; inserts defaultText when nothing is selected" time="0.0014623">
        </testcase>
        <testcase classname="tests/sticky-notes-ui.test.js" name="wrapSelection &gt; dispatches input event after wrapping" time="0.0015962">
        </testcase>
        <testcase classname="tests/sticky-notes-ui.test.js" name="wrapLink &gt; wraps selected text as a markdown link" time="0.0016761">
        </testcase>
        <testcase classname="tests/sticky-notes-ui.test.js" name="wrapLink &gt; uses &quot;link text&quot; placeholder when nothing is selected" time="0.0016414">
        </testcase>
        <testcase classname="tests/sticky-notes-ui.test.js" name="wrapLink &gt; dispatches input event" time="0.001702">
        </testcase>
        <testcase classname="tests/sticky-notes-ui.test.js" name="buildNoteOverlay – drag repositioning &gt; moves overlay on pointermove then persists on pointerup" time="0.0385489">
        </testcase>
    </testsuite>
    <testsuite name="tests/sticky-notes.test.js" timestamp="2026-03-17T19:02:07.934Z" hostname="Kahana-PC" tests="19" failures="0" errors="0" skipped="0" time="0.0218752">
        <testcase classname="tests/sticky-notes.test.js" name="loadStickyNotes &gt; returns empty array when no notes stored" time="0.0049555">
        </testcase>
        <testcase classname="tests/sticky-notes.test.js" name="loadStickyNotes &gt; returns stored notes" time="0.0006336">
        </testcase>
        <testcase classname="tests/sticky-notes.test.js" name="saveStickyNote &gt; adds a note and returns full list" time="0.0031075">
        </testcase>
        <testcase classname="tests/sticky-notes.test.js" name="saveStickyNote &gt; accumulates multiple notes" time="0.0008502">
        </testcase>
        <testcase classname="tests/sticky-notes.test.js" name="saveStickyNote &gt; persists note with provided id if supplied" time="0.0005188">
        </testcase>
        <testcase classname="tests/sticky-notes.test.js" name="saveStickyNote &gt; persists the content field" time="0.0005705">
        </testcase>
        <testcase classname="tests/sticky-notes.test.js" name="updateStickyNote &gt; patches the matching note and refreshes updatedAt" time="0.001084">
        </testcase>
        <testcase classname="tests/sticky-notes.test.js" name="updateStickyNote &gt; leaves other notes unchanged" time="0.0007001">
        </testcase>
        <testcase classname="tests/sticky-notes.test.js" name="updateStickyNote &gt; returns unchanged list when noteId not found" time="0.0006027">
        </testcase>
        <testcase classname="tests/sticky-notes.test.js" name="deleteStickyNote &gt; removes the note with the given id" time="0.0008108">
        </testcase>
        <testcase classname="tests/sticky-notes.test.js" name="deleteStickyNote &gt; returns empty array when last note is deleted" time="0.0005819">
        </testcase>
        <testcase classname="tests/sticky-notes.test.js" name="deleteStickyNote &gt; is a no-op for unknown id" time="0.0005894">
        </testcase>
        <testcase classname="tests/sticky-notes.test.js" name="deleteStickyNote &gt; returns empty array when storage was empty" time="0.0004682">
        </testcase>
        <testcase classname="tests/sticky-notes.test.js" name="loadNotesVisible &gt; defaults to true when never stored" time="0.0005345">
        </testcase>
        <testcase classname="tests/sticky-notes.test.js" name="loadNotesVisible &gt; returns stored true" time="0.0004173">
        </testcase>
        <testcase classname="tests/sticky-notes.test.js" name="loadNotesVisible &gt; returns stored false" time="0.0003669">
        </testcase>
        <testcase classname="tests/sticky-notes.test.js" name="saveNotesVisible &gt; persists true" time="0.000446">
        </testcase>
        <testcase classname="tests/sticky-notes.test.js" name="saveNotesVisible &gt; persists false" time="0.0003094">
        </testcase>
        <testcase classname="tests/sticky-notes.test.js" name="saveNotesVisible &gt; calls storage.set exactly once" time="0.0004549">
        </testcase>
    </testsuite>
    <testsuite name="tests/storage-usage.test.js" timestamp="2026-03-17T19:02:07.946Z" hostname="Kahana-PC" tests="4" failures="0" errors="0" skipped="0" time="0.0380829">
        <testcase classname="tests/storage-usage.test.js" name="updateStorageUsage() &gt; displays formatted usage in the storageUsage element" time="0.0167367">
        </testcase>
        <testcase classname="tests/storage-usage.test.js" name="updateStorageUsage() &gt; does not add warn class when isApproachingQuota returns false" time="0.0020605">
        </testcase>
        <testcase classname="tests/storage-usage.test.js" name="updateStorageUsage() &gt; adds warn class when isApproachingQuota returns true" time="0.0018946">
        </testcase>
        <testcase classname="tests/storage-usage.test.js" name="updateStorageUsage() &gt; sets &quot;Unknown&quot; text when StorageUsageTracker throws" time="0.0134462">
            <system-err>
[bAInder] [ERROR] Error getting storage usage: Error: Quota API error
    at C:/Repos/Personal/bAInder/tests/storage-usage.test.js:79:36
    at [90mfile:///C:/Repos/Personal/bAInder/[39mnode_modules/[4m@vitest/runner[24m/dist/index.js:145:11
    at [90mfile:///C:/Repos/Personal/bAInder/[39mnode_modules/[4m@vitest/runner[24m/dist/index.js:915:26
    at [90mfile:///C:/Repos/Personal/bAInder/[39mnode_modules/[4m@vitest/runner[24m/dist/index.js:1243:20
    at new Promise (&lt;anonymous&gt;)
    at runWithTimeout [90m(file:///C:/Repos/Personal/bAInder/[39mnode_modules/[4m@vitest/runner[24m/dist/index.js:1209:10[90m)[39m
    at [90mfile:///C:/Repos/Personal/bAInder/[39mnode_modules/[4m@vitest/runner[24m/dist/index.js:1653:37
    at Traces.$ [90m(file:///C:/Repos/Personal/bAInder/[39mnode_modules/[4mvitest[24m/dist/chunks/traces.CCmnQaNT.js:142:27[90m)[39m
    at trace [90m(file:///C:/Repos/Personal/bAInder/[39mnode_modules/[4mvitest[24m/dist/chunks/test.B8ej_ZHS.js:239:21[90m)[39m
    at runTest [90m(file:///C:/Repos/Personal/bAInder/[39mnode_modules/[4m@vitest/runner[24m/dist/index.js:1653:12[90m)[39m

            </system-err>
        </testcase>
    </testsuite>
    <testsuite name="tests/storage.test.js" timestamp="2026-03-17T19:02:07.952Z" hostname="Kahana-PC" tests="58" failures="0" errors="0" skipped="0" time="0.1199625">
        <testcase classname="tests/storage.test.js" name="IStorageService Interface &gt; should throw errors for unimplemented methods" time="0.0118663">
        </testcase>
        <testcase classname="tests/storage.test.js" name="ChromeStorageAdapter &gt; Topic Tree Operations &gt; should save and load an empty topic tree" time="0.0043779">
        </testcase>
        <testcase classname="tests/storage.test.js" name="ChromeStorageAdapter &gt; Topic Tree Operations &gt; should save and load a topic tree with topics" time="0.0019557">
        </testcase>
        <testcase classname="tests/storage.test.js" name="ChromeStorageAdapter &gt; Topic Tree Operations &gt; should return default tree structure if none exists" time="0.0006629">
        </testcase>
        <testcase classname="tests/storage.test.js" name="ChromeStorageAdapter &gt; Search Operations &gt; should search chats by title" time="0.0017192">
        </testcase>
        <testcase classname="tests/storage.test.js" name="ChromeStorageAdapter &gt; Search Operations &gt; should search chats by content" time="0.0007283">
        </testcase>
        <testcase classname="tests/storage.test.js" name="ChromeStorageAdapter &gt; Search Operations &gt; should return empty array for no matches" time="0.0005384">
        </testcase>
        <testcase classname="tests/storage.test.js" name="ChromeStorageAdapter &gt; Search Operations &gt; should be case-insensitive" time="0.0005073">
        </testcase>
        <testcase classname="tests/storage.test.js" name="ChromeStorageAdapter &gt; Search Operations &gt; should prioritize title matches over content matches" time="0.0007977">
        </testcase>
        <testcase classname="tests/storage.test.js" name="ChromeStorageAdapter &gt; Search Operations &gt; should return all chats for an empty query (filter-only mode)" time="0.0004484">
        </testcase>
        <testcase classname="tests/storage.test.js" name="ChromeStorageAdapter &gt; Search Operations &gt; should use the supplied chats array and skip the storage read" time="0.0019999">
        </testcase>
        <testcase classname="tests/storage.test.js" name="ChromeStorageAdapter &gt; Search Operations &gt; should cap results at SEARCH_RESULT_CAP" time="0.0014354">
        </testcase>
        <testcase classname="tests/storage.test.js" name="ChromeStorageAdapter &gt; Search Operations &gt; uses [] fallback when storage returns no chats key" time="0.0008461">
        </testcase>
        <testcase classname="tests/storage.test.js" name="ChromeStorageAdapter &gt; Search Operations &gt; throws wrapped error when storage.local.get rejects (catch block lines 172-173)" time="0.0342641">
            <system-err>
[bAInder] [ERROR] Error searching chats: Error: storage failure
    at Object.&lt;anonymous&gt; (C:/Repos/Personal/bAInder/tests/storage.test.js:228:31)
    at Object.Mock [as get] [90m(file:///C:/Repos/Personal/bAInder/[39mnode_modules/[4m@vitest/spy[24m/dist/index.js:285:34[90m)[39m
    at ChromeStorageAdapter.searchChats (C:/Repos/Personal/bAInder/src/lib/storage.js:172:52)
    at C:/Repos/Personal/bAInder/tests/storage.test.js:230:28
    at [90mfile:///C:/Repos/Personal/bAInder/[39mnode_modules/[4m@vitest/runner[24m/dist/index.js:145:11
    at [90mfile:///C:/Repos/Personal/bAInder/[39mnode_modules/[4m@vitest/runner[24m/dist/index.js:915:26
    at [90mfile:///C:/Repos/Personal/bAInder/[39mnode_modules/[4m@vitest/runner[24m/dist/index.js:1243:20
    at new Promise (&lt;anonymous&gt;)
    at runWithTimeout [90m(file:///C:/Repos/Personal/bAInder/[39mnode_modules/[4m@vitest/runner[24m/dist/index.js:1209:10[90m)[39m
    at [90mfile:///C:/Repos/Personal/bAInder/[39mnode_modules/[4m@vitest/runner[24m/dist/index.js:1653:37

            </system-err>
        </testcase>
        <testcase classname="tests/storage.test.js" name="ChromeStorageAdapter &gt; Search Operations &gt; _buildSearchableText: uses || [] fallback when chat has no tags property" time="0.0006951">
        </testcase>
        <testcase classname="tests/storage.test.js" name="ChromeStorageAdapter &gt; Search Operations &gt; _buildSearchableText: uses || &quot;&quot; fallback when chat has no title property" time="0.0007267">
        </testcase>
        <testcase classname="tests/storage.test.js" name="ChromeStorageAdapter &gt; Search Operations &gt; _isTopResult: tagMatch fires when query matches a tag value" time="0.0013132">
        </testcase>
        <testcase classname="tests/storage.test.js" name="ChromeStorageAdapter &gt; Search Operations &gt; _isTopResult: title-match chat ranks before content-only match" time="0.0006311">
        </testcase>
        <testcase classname="tests/storage.test.js" name="ChromeStorageAdapter &gt; Search Operations &gt; _rankChats sort: uses || 0 timestamp fallback when timestamp is absent" time="0.0005603">
        </testcase>
        <testcase classname="tests/storage.test.js" name="ChromeStorageAdapter &gt; Search Operations &gt; _isTopResult: uses || &quot;&quot; and || [] fallbacks (no title, no tags)" time="0.0004764">
        </testcase>
        <testcase classname="tests/storage.test.js" name="ChromeStorageAdapter &gt; Storage Usage &gt; should get storage usage statistics" time="0.0015364">
        </testcase>
        <testcase classname="tests/storage.test.js" name="ChromeStorageAdapter &gt; Storage Usage &gt; fast path: when counts are supplied, storage.get is not called" time="0.0007311">
        </testcase>
        <testcase classname="tests/storage.test.js" name="ChromeStorageAdapter &gt; Storage Usage &gt; fallback path: when counts are omitted, a single batched get call is made" time="0.0010489">
        </testcase>
        <testcase classname="tests/storage.test.js" name="ChromeStorageAdapter &gt; Storage Usage &gt; getStorageUsage: uses tree.topics || {} when topicTree has no topics property" time="0.0005682">
        </testcase>
        <testcase classname="tests/storage.test.js" name="ChromeStorageAdapter &gt; Storage Usage &gt; getStorageUsage: percentUsed is null when quota is null" time="0.0009103">
        </testcase>
        <testcase classname="tests/storage.test.js" name="ChromeStorageAdapter &gt; Clear Operations &gt; should clear all storage" time="0.000459">
        </testcase>
        <testcase classname="tests/storage.test.js" name="ChromeStorageAdapter &gt; Raw get/set pass-throughs &gt; get() delegates to browser.storage.local.get with the same keys array" time="0.0037556">
        </testcase>
        <testcase classname="tests/storage.test.js" name="ChromeStorageAdapter &gt; Raw get/set pass-throughs &gt; get() delegates to browser.storage.local.get with a string key" time="0.0008407">
        </testcase>
        <testcase classname="tests/storage.test.js" name="ChromeStorageAdapter &gt; Raw get/set pass-throughs &gt; set() delegates to browser.storage.local.set with the supplied data" time="0.0017954">
        </testcase>
        <testcase classname="tests/storage.test.js" name="ChromeStorageAdapter &gt; Raw get/set pass-throughs &gt; set() returns the value resolved by browser.storage.local.set" time="0.0014501">
        </testcase>
        <testcase classname="tests/storage.test.js" name="StorageService Factory &gt; should create Chrome storage adapter by default" time="0.0009702">
        </testcase>
        <testcase classname="tests/storage.test.js" name="StorageService Factory &gt; should create Chrome storage adapter explicitly" time="0.0004015">
        </testcase>
        <testcase classname="tests/storage.test.js" name="StorageService Factory &gt; should throw error for unknown storage type" time="0.0007078">
        </testcase>
        <testcase classname="tests/storage.test.js" name="StorageService Factory &gt; should throw error for IndexedDB (not implemented yet)" time="0.00057">
        </testcase>
        <testcase classname="tests/storage.test.js" name="StorageService Factory &gt; should return same instance (singleton)" time="0.000387">
        </testcase>
        <testcase classname="tests/storage.test.js" name="StorageService Factory &gt; should reset instance" time="0.0008639">
        </testcase>
        <testcase classname="tests/storage.test.js" name="StorageUsageTracker &gt; should get formatted usage string" time="0.0010852">
        </testcase>
        <testcase classname="tests/storage.test.js" name="StorageUsageTracker &gt; should check if approaching quota" time="0.0006835">
        </testcase>
        <testcase classname="tests/storage.test.js" name="StorageUsageTracker &gt; should get statistics" time="0.0008475">
        </testcase>
        <testcase classname="tests/storage.test.js" name="StorageUsageTracker &gt; getStatistics(counts) threads counts through and skips data reads" time="0.0014018">
        </testcase>
        <testcase classname="tests/storage.test.js" name="StorageUsageTracker &gt; should handle errors gracefully" time="0.0009841">
        </testcase>
        <testcase classname="tests/storage.test.js" name="StorageUsageTracker &gt; should return true when bytesUsed meets the warn threshold" time="0.0006917">
        </testcase>
        <testcase classname="tests/storage.test.js" name="StorageUsageTracker &gt; should return false when bytesUsed is below the warn threshold" time="0.0005782">
        </testcase>
        <testcase classname="tests/storage.test.js" name="StorageUsageTracker &gt; getWarnThresholdMB() returns STORAGE_WARN_THRESHOLD_DEFAULT_MB when key is absent" time="0.0004824">
        </testcase>
        <testcase classname="tests/storage.test.js" name="StorageUsageTracker &gt; getWarnThresholdMB() returns the stored value when the key is present" time="0.0012817">
        </testcase>
        <testcase classname="tests/storage.test.js" name="StorageUsageTracker &gt; setWarnThresholdMB() persists the threshold via storage.set" time="0.0018899">
        </testcase>
        <testcase classname="tests/storage.test.js" name="StorageUsageTracker &gt; isApproachingQuota() returns true at the threshold stored by setWarnThresholdMB()" time="0.0009435">
        </testcase>
        <testcase classname="tests/storage.test.js" name="ChromeStorageAdapter – error propagation &gt; should throw wrapped error when loadTopicTree fails" time="0.0036299">
            <system-err>
[bAInder] [ERROR] Error loading topic tree: Error: storage gone
    at Object.&lt;anonymous&gt; (C:/Repos/Personal/bAInder/tests/storage.test.js:586:13)
    at Object.Mock [as get] [90m(file:///C:/Repos/Personal/bAInder/[39mnode_modules/[4m@vitest/spy[24m/dist/index.js:285:34[90m)[39m
    at ChromeStorageAdapter.loadTopicTree (C:/Repos/Personal/bAInder/src/lib/storage.js:139:50)
    at C:/Repos/Personal/bAInder/tests/storage.test.js:589:26
    at [90mfile:///C:/Repos/Personal/bAInder/[39mnode_modules/[4m@vitest/runner[24m/dist/index.js:145:11
    at [90mfile:///C:/Repos/Personal/bAInder/[39mnode_modules/[4m@vitest/runner[24m/dist/index.js:915:26
    at [90mfile:///C:/Repos/Personal/bAInder/[39mnode_modules/[4m@vitest/runner[24m/dist/index.js:1243:20
    at new Promise (&lt;anonymous&gt;)
    at runWithTimeout [90m(file:///C:/Repos/Personal/bAInder/[39mnode_modules/[4m@vitest/runner[24m/dist/index.js:1209:10[90m)[39m
    at [90mfile:///C:/Repos/Personal/bAInder/[39mnode_modules/[4m@vitest/runner[24m/dist/index.js:1653:37

            </system-err>
        </testcase>
        <testcase classname="tests/storage.test.js" name="ChromeStorageAdapter – error propagation &gt; should throw wrapped error when saveTopicTree fails" time="0.0025122">
            <system-err>
[bAInder] [ERROR] Error saving topic tree: Error: quota exceeded
    at Object.&lt;anonymous&gt; (C:/Repos/Personal/bAInder/tests/storage.test.js:594:13)
    at Object.Mock [as set] [90m(file:///C:/Repos/Personal/bAInder/[39mnode_modules/[4m@vitest/spy[24m/dist/index.js:285:34[90m)[39m
    at ChromeStorageAdapter.saveTopicTree (C:/Repos/Personal/bAInder/src/lib/storage.js:123:35)
    at C:/Repos/Personal/bAInder/tests/storage.test.js:597:26
    at [90mfile:///C:/Repos/Personal/bAInder/[39mnode_modules/[4m@vitest/runner[24m/dist/index.js:145:11
    at [90mfile:///C:/Repos/Personal/bAInder/[39mnode_modules/[4m@vitest/runner[24m/dist/index.js:915:26
    at [90mfile:///C:/Repos/Personal/bAInder/[39mnode_modules/[4m@vitest/runner[24m/dist/index.js:1243:20
    at new Promise (&lt;anonymous&gt;)
    at runWithTimeout [90m(file:///C:/Repos/Personal/bAInder/[39mnode_modules/[4m@vitest/runner[24m/dist/index.js:1209:10[90m)[39m
    at [90mfile:///C:/Repos/Personal/bAInder/[39mnode_modules/[4m@vitest/runner[24m/dist/index.js:1653:37

            </system-err>
        </testcase>
        <testcase classname="tests/storage.test.js" name="ChromeStorageAdapter – error propagation &gt; should throw wrapped error when getStorageUsage fails" time="0.0019791">
            <system-err>
[bAInder] [ERROR] Error getting storage usage: Error: Permission denied
    at Object.&lt;anonymous&gt; (C:/Repos/Personal/bAInder/tests/storage.test.js:604:13)
    at Object.Mock [as getBytesInUse] [90m(file:///C:/Repos/Personal/bAInder/[39mnode_modules/[4m@vitest/spy[24m/dist/index.js:285:34[90m)[39m
    at ChromeStorageAdapter.getStorageUsage (C:/Repos/Personal/bAInder/src/lib/storage.js:293:31)
    at C:/Repos/Personal/bAInder/tests/storage.test.js:607:26
    at [90mfile:///C:/Repos/Personal/bAInder/[39mnode_modules/[4m@vitest/runner[24m/dist/index.js:145:11
    at [90mfile:///C:/Repos/Personal/bAInder/[39mnode_modules/[4m@vitest/runner[24m/dist/index.js:915:26
    at [90mfile:///C:/Repos/Personal/bAInder/[39mnode_modules/[4m@vitest/runner[24m/dist/index.js:1243:20
    at new Promise (&lt;anonymous&gt;)
    at runWithTimeout [90m(file:///C:/Repos/Personal/bAInder/[39mnode_modules/[4m@vitest/runner[24m/dist/index.js:1209:10[90m)[39m
    at [90mfile:///C:/Repos/Personal/bAInder/[39mnode_modules/[4m@vitest/runner[24m/dist/index.js:1653:37

            </system-err>
        </testcase>
        <testcase classname="tests/storage.test.js" name="ChromeStorageAdapter – error propagation &gt; should throw wrapped error when clearAll fails" time="0.0023714">
            <system-err>
[bAInder] [ERROR] Error clearing storage: Error: Permission denied
    at Object.&lt;anonymous&gt; (C:/Repos/Personal/bAInder/tests/storage.test.js:612:13)
    at Object.Mock [as clear] [90m(file:///C:/Repos/Personal/bAInder/[39mnode_modules/[4m@vitest/spy[24m/dist/index.js:285:34[90m)[39m
    at ChromeStorageAdapter.clearAll (C:/Repos/Personal/bAInder/src/lib/storage.js:318:35)
    at C:/Repos/Personal/bAInder/tests/storage.test.js:615:26
    at [90mfile:///C:/Repos/Personal/bAInder/[39mnode_modules/[4m@vitest/runner[24m/dist/index.js:145:11
    at [90mfile:///C:/Repos/Personal/bAInder/[39mnode_modules/[4m@vitest/runner[24m/dist/index.js:915:26
    at [90mfile:///C:/Repos/Personal/bAInder/[39mnode_modules/[4m@vitest/runner[24m/dist/index.js:1243:20
    at new Promise (&lt;anonymous&gt;)
    at runWithTimeout [90m(file:///C:/Repos/Personal/bAInder/[39mnode_modules/[4m@vitest/runner[24m/dist/index.js:1209:10[90m)[39m
    at [90mfile:///C:/Repos/Personal/bAInder/[39mnode_modules/[4m@vitest/runner[24m/dist/index.js:1653:37

            </system-err>
        </testcase>
        <testcase classname="tests/storage.test.js" name="ChromeStorageAdapter – error propagation &gt; should handle _updateMetadata error gracefully (no rethrow)" time="0.0021922">
            <system-err>
[bAInder] [ERROR] Error updating metadata: Error: metadata write failed
    at Object.&lt;anonymous&gt; (C:/Repos/Personal/bAInder/tests/storage.test.js:621:13)
    at Object.Mock [as set] [90m(file:///C:/Repos/Personal/bAInder/[39mnode_modules/[4m@vitest/spy[24m/dist/index.js:285:34[90m)[39m
    at ChromeStorageAdapter._updateMetadata (C:/Repos/Personal/bAInder/src/lib/storage.js:359:35)
    at C:/Repos/Personal/bAInder/tests/storage.test.js:624:26
    at [90mfile:///C:/Repos/Personal/bAInder/[39mnode_modules/[4m@vitest/runner[24m/dist/index.js:145:11
    at [90mfile:///C:/Repos/Personal/bAInder/[39mnode_modules/[4m@vitest/runner[24m/dist/index.js:915:26
    at [90mfile:///C:/Repos/Personal/bAInder/[39mnode_modules/[4m@vitest/runner[24m/dist/index.js:1243:20
    at new Promise (&lt;anonymous&gt;)
    at runWithTimeout [90m(file:///C:/Repos/Personal/bAInder/[39mnode_modules/[4m@vitest/runner[24m/dist/index.js:1209:10[90m)[39m
    at [90mfile:///C:/Repos/Personal/bAInder/[39mnode_modules/[4m@vitest/runner[24m/dist/index.js:1653:37

            </system-err>
        </testcase>
        <testcase classname="tests/storage.test.js" name="ChromeStorageAdapter – getStorageUsage with defined QUOTA_BYTES &gt; bytesQuota is always null (unlimitedStorage — QUOTA_BYTES is ignored)" time="0.0012474">
        </testcase>
        <testcase classname="tests/storage.test.js" name="ChromeStorageAdapter – getStorageUsage with defined QUOTA_BYTES &gt; percentUsed is null when QUOTA_BYTES is undefined (unlimited storage)" time="0.0007097">
        </testcase>
        <testcase classname="tests/storage.test.js" name="ChromeStorageAdapter – getStorageUsage with defined QUOTA_BYTES &gt; fallback path also returns null quota when QUOTA_BYTES is defined (unlimitedStorage)" time="0.0008545">
        </testcase>
        <testcase classname="tests/storage.test.js" name="StorageUsageTracker._formatUsage() &gt; shows &quot;MB used&quot; without denominator when bytesQuota is null" time="0.0012486">
        </testcase>
        <testcase classname="tests/storage.test.js" name="StorageUsageTracker._formatUsage() &gt; shows &quot;MB used&quot; without denominator when bytesQuota is undefined" time="0.000647">
        </testcase>
        <testcase classname="tests/storage.test.js" name="StorageUsageTracker._formatUsage() &gt; shows &quot;MB / MB&quot; with denominator when bytesQuota is a positive number" time="0.0006337">
        </testcase>
    </testsuite>
    <testsuite name="tests/structural-analyser.test.js" timestamp="2026-03-17T19:02:07.998Z" hostname="Kahana-PC" tests="14" failures="0" errors="0" skipped="0" time="0.0108134">
        <testcase classname="tests/structural-analyser.test.js" name="analyseStructure &gt; returns all zeros for empty turns array" time="0.0042553">
        </testcase>
        <testcase classname="tests/structural-analyser.test.js" name="analyseStructure &gt; counts headings: single turn with 2 ATX headings" time="0.000863">
        </testcase>
        <testcase classname="tests/structural-analyser.test.js" name="analyseStructure &gt; counts all heading levels (h1–h6)" time="0.0002559">
        </testcase>
        <testcase classname="tests/structural-analyser.test.js" name="analyseStructure &gt; counts code blocks: single fenced code block" time="0.00027">
        </testcase>
        <testcase classname="tests/structural-analyser.test.js" name="analyseStructure &gt; counts multiple code blocks" time="0.0001731">
        </testcase>
        <testcase classname="tests/structural-analyser.test.js" name="analyseStructure &gt; counts unordered list items (3 items)" time="0.0001353">
        </testcase>
        <testcase classname="tests/structural-analyser.test.js" name="analyseStructure &gt; counts ordered list items (2 items)" time="0.0001268">
        </testcase>
        <testcase classname="tests/structural-analyser.test.js" name="analyseStructure &gt; counts table lines: turn with single markdown table" time="0.0001986">
        </testcase>
        <testcase classname="tests/structural-analyser.test.js" name="analyseStructure &gt; correctly counts totalWords across two turns" time="0.0003038">
        </testcase>
        <testcase classname="tests/structural-analyser.test.js" name="analyseStructure &gt; counts paragraphs: 3 prose blocks separated by blank lines" time="0.0001574">
        </testcase>
        <testcase classname="tests/structural-analyser.test.js" name="analyseStructure &gt; excludes code block content from word count" time="0.000135">
        </testcase>
        <testcase classname="tests/structural-analyser.test.js" name="analyseStructure &gt; handles mixed content: headings + code + list + prose" time="0.0002678">
        </testcase>
        <testcase classname="tests/structural-analyser.test.js" name="analyseStructure &gt; averages turn words correctly across multiple turns" time="0.0003686">
        </testcase>
        <testcase classname="tests/structural-analyser.test.js" name="analyseStructure &gt; returns avgTurnWords = 0 for empty turns" time="0.0001484">
        </testcase>
    </testsuite>
    <testsuite name="tests/style-transformer.test.js" timestamp="2026-03-17T19:02:08.009Z" hostname="Kahana-PC" tests="129" failures="0" errors="0" skipped="0" time="0.1184666">
        <testcase classname="tests/style-transformer.test.js" name="STYLES constant &gt; has keys RAW, TECHNICAL, ACADEMIC, BLOG, LINKEDIN" time="0.0043131">
        </testcase>
        <testcase classname="tests/style-transformer.test.js" name="STYLES constant &gt; all values are strings" time="0.0008741">
        </testcase>
        <testcase classname="tests/style-transformer.test.js" name="STYLES constant &gt; has exactly five entries" time="0.0003263">
        </testcase>
        <testcase classname="tests/style-transformer.test.js" name="STYLE_LABELS constant &gt; has a label for each STYLES value" time="0.0005744">
        </testcase>
        <testcase classname="tests/style-transformer.test.js" name="STYLE_LABELS constant &gt; labels are non-empty strings" time="0.0009452">
        </testcase>
        <testcase classname="tests/style-transformer.test.js" name="STYLE_LABELS constant &gt; STYLE_LABELS[&apos;raw&apos;] equals &apos;Raw Transcript&apos;" time="0.000338">
        </testcase>
        <testcase classname="tests/style-transformer.test.js" name="STYLE_LABELS constant &gt; STYLE_LABELS[&apos;technical&apos;] equals &apos;Technical Article&apos;" time="0.0031946">
        </testcase>
        <testcase classname="tests/style-transformer.test.js" name="STYLE_LABELS constant &gt; STYLE_LABELS[&apos;academic&apos;] equals &apos;Academic Journal&apos;" time="0.0003569">
        </testcase>
        <testcase classname="tests/style-transformer.test.js" name="STYLE_LABELS constant &gt; STYLE_LABELS[&apos;blog&apos;] equals &apos;Blog Post&apos;" time="0.0002642">
        </testcase>
        <testcase classname="tests/style-transformer.test.js" name="STYLE_LABELS constant &gt; STYLE_LABELS[&apos;linkedin&apos;] equals &apos;LinkedIn Article&apos;" time="0.0002167">
        </testcase>
        <testcase classname="tests/style-transformer.test.js" name="applyStyle() — common behaviour &gt; returns object with title, introduction, sections, conclusion, meta keys" time="0.0010852">
        </testcase>
        <testcase classname="tests/style-transformer.test.js" name="applyStyle() — common behaviour &gt; meta.style equals the requested style" time="0.002247">
        </testcase>
        <testcase classname="tests/style-transformer.test.js" name="applyStyle() — common behaviour &gt; meta.originalTitle equals chat.title" time="0.0005647">
        </testcase>
        <testcase classname="tests/style-transformer.test.js" name="applyStyle() — common behaviour &gt; meta.source equals chat.source" time="0.0003419">
        </testcase>
        <testcase classname="tests/style-transformer.test.js" name="applyStyle() — common behaviour &gt; sections is a non-empty array for a chat with messages" time="0.0003652">
        </testcase>
        <testcase classname="tests/style-transformer.test.js" name="applyStyle() — common behaviour &gt; each section has heading (string) and content (string)" time="0.0019244">
        </testcase>
        <testcase classname="tests/style-transformer.test.js" name="applyStyle() — common behaviour &gt; null chat → returns default structure with empty sections, no throw" time="0.002289">
        </testcase>
        <testcase classname="tests/style-transformer.test.js" name="applyStyle() — common behaviour &gt; undefined chat → returns default structure with empty sections, no throw" time="0.0006517">
        </testcase>
        <testcase classname="tests/style-transformer.test.js" name="applyStyle() — common behaviour &gt; invalid style falls back to raw (same result as STYLES.RAW)" time="0.0003773">
        </testcase>
        <testcase classname="tests/style-transformer.test.js" name="applyStyle() — common behaviour &gt; missing style (undefined) falls back to raw" time="0.0003107">
        </testcase>
        <testcase classname="tests/style-transformer.test.js" name="applyStyle() — common behaviour &gt; empty string style falls back to raw" time="0.0003087">
        </testcase>
        <testcase classname="tests/style-transformer.test.js" name="applyStyle() — common behaviour &gt; chat with no messages → uses content body as a single section" time="0.0003191">
        </testcase>
        <testcase classname="tests/style-transformer.test.js" name="applyStyle() — common behaviour &gt; meta.messageCount equals chat.messageCount" time="0.0002036">
        </testcase>
        <testcase classname="tests/style-transformer.test.js" name="applyStyle() — common behaviour &gt; meta.url equals chat.url" time="0.0001833">
        </testcase>
        <testcase classname="tests/style-transformer.test.js" name="applyStyle() — common behaviour &gt; meta.timestamp equals chat.timestamp" time="0.0002041">
        </testcase>
        <testcase classname="tests/style-transformer.test.js" name="applyStyle() — common behaviour &gt; does not mutate the original chat object" time="0.0024226">
        </testcase>
        <testcase classname="tests/style-transformer.test.js" name="applyStyle() — common behaviour &gt; minimalChat (id only) — no throw for any style" time="0.0019896">
        </testcase>
        <testcase classname="tests/style-transformer.test.js" name="applyStyle() — common behaviour &gt; minimalChat returns sections array" time="0.0004137">
        </testcase>
        <testcase classname="tests/style-transformer.test.js" name="applyStyle() — RAW style &gt; sections.length equals messages.length" time="0.0003757">
        </testcase>
        <testcase classname="tests/style-transformer.test.js" name="applyStyle() — RAW style &gt; section headings are &quot;User&quot; and &quot;Assistant&quot; (capitalised)" time="0.0019019">
        </testcase>
        <testcase classname="tests/style-transformer.test.js" name="applyStyle() — RAW style &gt; introduction is empty string" time="0.0004435">
        </testcase>
        <testcase classname="tests/style-transformer.test.js" name="applyStyle() — RAW style &gt; conclusion is empty string" time="0.0003129">
        </testcase>
        <testcase classname="tests/style-transformer.test.js" name="applyStyle() — RAW style &gt; section content equals the original message content verbatim" time="0.0004088">
        </testcase>
        <testcase classname="tests/style-transformer.test.js" name="applyStyle() — RAW style &gt; title equals chat.title" time="0.0002686">
        </testcase>
        <testcase classname="tests/style-transformer.test.js" name="applyStyle() — RAW style &gt; user messages appear before their corresponding assistant messages" time="0.0003467">
        </testcase>
        <testcase classname="tests/style-transformer.test.js" name="applyStyle() — RAW style &gt; works correctly for chat with no messages (content fallback)" time="0.0003619">
        </testcase>
        <testcase classname="tests/style-transformer.test.js" name="applyStyle() — TECHNICAL style &gt; introduction is a non-empty string mentioning the topic" time="0.0002857">
        </testcase>
        <testcase classname="tests/style-transformer.test.js" name="applyStyle() — TECHNICAL style &gt; conclusion is a non-empty string" time="0.0001518">
        </testcase>
        <testcase classname="tests/style-transformer.test.js" name="applyStyle() — TECHNICAL style &gt; sections include user and assistant turns with different headings than raw" time="0.0002951">
        </testcase>
        <testcase classname="tests/style-transformer.test.js" name="applyStyle() — TECHNICAL style &gt; sections count equals messages count" time="0.0002405">
        </testcase>
        <testcase classname="tests/style-transformer.test.js" name="applyStyle() — TECHNICAL style &gt; appends a suffix when title is not already technical" time="0.0004035">
        </testcase>
        <testcase classname="tests/style-transformer.test.js" name="applyStyle() — TECHNICAL style &gt; does not append suffix when title already contains a technical keyword" time="0.0002117">
        </testcase>
        <testcase classname="tests/style-transformer.test.js" name="applyStyle() — TECHNICAL style &gt; user sections use &quot;Problem Statement&quot; or &quot;Follow-up Questions&quot; headings" time="0.0003229">
        </testcase>
        <testcase classname="tests/style-transformer.test.js" name="applyStyle() — TECHNICAL style &gt; assistant sections use technical headings" time="0.0005808">
        </testcase>
        <testcase classname="tests/style-transformer.test.js" name="applyStyle() — TECHNICAL style &gt; section content preserves original message content" time="0.0004939">
        </testcase>
        <testcase classname="tests/style-transformer.test.js" name="applyStyle() — TECHNICAL style &gt; meta.style is TECHNICAL" time="0.0003015">
        </testcase>
        <testcase classname="tests/style-transformer.test.js" name="applyStyle() — ACADEMIC style &gt; introduction contains &quot;Abstract&quot; academic framing" time="0.0005748">
        </testcase>
        <testcase classname="tests/style-transformer.test.js" name="applyStyle() — ACADEMIC style &gt; conclusion contains academic framing" time="0.0003625">
        </testcase>
        <testcase classname="tests/style-transformer.test.js" name="applyStyle() — ACADEMIC style &gt; section headings contain &quot;Query&quot; and &quot;Response&quot; patterns" time="0.0003492">
        </testcase>
        <testcase classname="tests/style-transformer.test.js" name="applyStyle() — ACADEMIC style &gt; Query headings are numbered sequentially" time="0.0003523">
        </testcase>
        <testcase classname="tests/style-transformer.test.js" name="applyStyle() — ACADEMIC style &gt; Response headings are numbered sequentially" time="0.0003111">
        </testcase>
        <testcase classname="tests/style-transformer.test.js" name="applyStyle() — ACADEMIC style &gt; title is in Title Case" time="0.0003705">
        </testcase>
        <testcase classname="tests/style-transformer.test.js" name="applyStyle() — ACADEMIC style &gt; title converts minor words to lower case" time="0.0006734">
        </testcase>
        <testcase classname="tests/style-transformer.test.js" name="applyStyle() — ACADEMIC style &gt; meta.style is ACADEMIC" time="0.0004149">
        </testcase>
        <testcase classname="tests/style-transformer.test.js" name="applyStyle() — ACADEMIC style &gt; sections count equals messages count" time="0.0003046">
        </testcase>
        <testcase classname="tests/style-transformer.test.js" name="applyStyle() — ACADEMIC style &gt; section content preserves original message content" time="0.0004244">
        </testcase>
        <testcase classname="tests/style-transformer.test.js" name="applyStyle() — BLOG style &gt; introduction is friendly/casual (contains &quot;fascinating&quot; or &quot;insights&quot;)" time="0.0010431">
        </testcase>
        <testcase classname="tests/style-transformer.test.js" name="applyStyle() — BLOG style &gt; conclusion invites comments" time="0.0006332">
        </testcase>
        <testcase classname="tests/style-transformer.test.js" name="applyStyle() — BLOG style &gt; user sections are blockquoted (content starts with &quot;&gt;&quot;)" time="0.0010265">
        </testcase>
        <testcase classname="tests/style-transformer.test.js" name="applyStyle() — BLOG style &gt; assistant sections are not blockquoted" time="0.0008023">
        </testcase>
        <testcase classname="tests/style-transformer.test.js" name="applyStyle() — BLOG style &gt; adds &quot;How to:&quot; prefix for question-type titles" time="0.0012096">
        </testcase>
        <testcase classname="tests/style-transformer.test.js" name="applyStyle() — BLOG style &gt; adds &quot;How to:&quot; prefix for titles starting with action verbs" time="0.0015087">
        </testcase>
        <testcase classname="tests/style-transformer.test.js" name="applyStyle() — BLOG style &gt; does not add &quot;How to:&quot; prefix for neutral declarative titles" time="0.0004259">
        </testcase>
        <testcase classname="tests/style-transformer.test.js" name="applyStyle() — BLOG style &gt; multiline user content is blockquoted on all lines" time="0.0008315">
        </testcase>
        <testcase classname="tests/style-transformer.test.js" name="applyStyle() — BLOG style &gt; meta.style is BLOG" time="0.0006019">
        </testcase>
        <testcase classname="tests/style-transformer.test.js" name="applyStyle() — BLOG style &gt; sections count equals messages count" time="0.0004288">
        </testcase>
        <testcase classname="tests/style-transformer.test.js" name="applyStyle() — LINKEDIN style &gt; introduction is professional in tone" time="0.0005706">
        </testcase>
        <testcase classname="tests/style-transformer.test.js" name="applyStyle() — LINKEDIN style &gt; conclusion contains AI-related hashtags" time="0.0007824">
        </testcase>
        <testcase classname="tests/style-transformer.test.js" name="applyStyle() — LINKEDIN style &gt; title is professional — contains the original topic" time="0.000438">
        </testcase>
        <testcase classname="tests/style-transformer.test.js" name="applyStyle() — LINKEDIN style &gt; uses &quot;N Key Insights on …&quot; title format when there are ≥3 assistant messages" time="0.0009507">
        </testcase>
        <testcase classname="tests/style-transformer.test.js" name="applyStyle() — LINKEDIN style &gt; uses &quot;N Key Insights&quot; format when ≥3 assistant messages" time="0.0007981">
        </testcase>
        <testcase classname="tests/style-transformer.test.js" name="applyStyle() — LINKEDIN style &gt; sections present assistant content with &quot;Insight N&quot; headings" time="0.0007065">
        </testcase>
        <testcase classname="tests/style-transformer.test.js" name="applyStyle() — LINKEDIN style &gt; user sections use &quot;Context&quot; heading" time="0.0004794">
        </testcase>
        <testcase classname="tests/style-transformer.test.js" name="applyStyle() — LINKEDIN style &gt; meta.style is LINKEDIN" time="0.0005668">
        </testcase>
        <testcase classname="tests/style-transformer.test.js" name="applyStyle() — LINKEDIN style &gt; sections count equals messages count" time="0.0003939">
        </testcase>
        <testcase classname="tests/style-transformer.test.js" name="applyStyle() — all styles × all fixtures produce valid structure &gt; style=&quot;raw&quot; fixture=&quot;chatWithMessages&quot; → valid result" time="0.0012503">
        </testcase>
        <testcase classname="tests/style-transformer.test.js" name="applyStyle() — all styles × all fixtures produce valid structure &gt; style=&quot;raw&quot; fixture=&quot;chatWithoutMessages&quot; → valid result" time="0.0007604">
        </testcase>
        <testcase classname="tests/style-transformer.test.js" name="applyStyle() — all styles × all fixtures produce valid structure &gt; style=&quot;raw&quot; fixture=&quot;minimalChat&quot; → valid result" time="0.0008424">
        </testcase>
        <testcase classname="tests/style-transformer.test.js" name="applyStyle() — all styles × all fixtures produce valid structure &gt; style=&quot;technical&quot; fixture=&quot;chatWithMessages&quot; → valid result" time="0.0015176">
        </testcase>
        <testcase classname="tests/style-transformer.test.js" name="applyStyle() — all styles × all fixtures produce valid structure &gt; style=&quot;technical&quot; fixture=&quot;chatWithoutMessages&quot; → valid result" time="0.0007312">
        </testcase>
        <testcase classname="tests/style-transformer.test.js" name="applyStyle() — all styles × all fixtures produce valid structure &gt; style=&quot;technical&quot; fixture=&quot;minimalChat&quot; → valid result" time="0.010577">
        </testcase>
        <testcase classname="tests/style-transformer.test.js" name="applyStyle() — all styles × all fixtures produce valid structure &gt; style=&quot;academic&quot; fixture=&quot;chatWithMessages&quot; → valid result" time="0.0043089">
        </testcase>
        <testcase classname="tests/style-transformer.test.js" name="applyStyle() — all styles × all fixtures produce valid structure &gt; style=&quot;academic&quot; fixture=&quot;chatWithoutMessages&quot; → valid result" time="0.0006712">
        </testcase>
        <testcase classname="tests/style-transformer.test.js" name="applyStyle() — all styles × all fixtures produce valid structure &gt; style=&quot;academic&quot; fixture=&quot;minimalChat&quot; → valid result" time="0.0007019">
        </testcase>
        <testcase classname="tests/style-transformer.test.js" name="applyStyle() — all styles × all fixtures produce valid structure &gt; style=&quot;blog&quot; fixture=&quot;chatWithMessages&quot; → valid result" time="0.0008571">
        </testcase>
        <testcase classname="tests/style-transformer.test.js" name="applyStyle() — all styles × all fixtures produce valid structure &gt; style=&quot;blog&quot; fixture=&quot;chatWithoutMessages&quot; → valid result" time="0.000519">
        </testcase>
        <testcase classname="tests/style-transformer.test.js" name="applyStyle() — all styles × all fixtures produce valid structure &gt; style=&quot;blog&quot; fixture=&quot;minimalChat&quot; → valid result" time="0.0005346">
        </testcase>
        <testcase classname="tests/style-transformer.test.js" name="applyStyle() — all styles × all fixtures produce valid structure &gt; style=&quot;linkedin&quot; fixture=&quot;chatWithMessages&quot; → valid result" time="0.0007687">
        </testcase>
        <testcase classname="tests/style-transformer.test.js" name="applyStyle() — all styles × all fixtures produce valid structure &gt; style=&quot;linkedin&quot; fixture=&quot;chatWithoutMessages&quot; → valid result" time="0.0007982">
        </testcase>
        <testcase classname="tests/style-transformer.test.js" name="applyStyle() — all styles × all fixtures produce valid structure &gt; style=&quot;linkedin&quot; fixture=&quot;minimalChat&quot; → valid result" time="0.0006486">
        </testcase>
        <testcase classname="tests/style-transformer.test.js" name="styledToMarkdown() &gt; null styledChat → returns &quot;&quot;" time="0.0007565">
        </testcase>
        <testcase classname="tests/style-transformer.test.js" name="styledToMarkdown() &gt; undefined styledChat → returns &quot;&quot;" time="0.0003717">
        </testcase>
        <testcase classname="tests/style-transformer.test.js" name="styledToMarkdown() &gt; result starts with &quot;# &quot; title heading" time="0.0006358">
        </testcase>
        <testcase classname="tests/style-transformer.test.js" name="styledToMarkdown() &gt; contains introduction text when non-empty" time="0.000489">
        </testcase>
        <testcase classname="tests/style-transformer.test.js" name="styledToMarkdown() &gt; each section with a heading has a &quot;## &quot; heading line" time="0.0007028">
        </testcase>
        <testcase classname="tests/style-transformer.test.js" name="styledToMarkdown() &gt; conclusion appears after &quot;---&quot; separator" time="0.0006692">
        </testcase>
        <testcase classname="tests/style-transformer.test.js" name="styledToMarkdown() &gt; sections appear in correct order (first section before last section)" time="0.0006498">
        </testcase>
        <testcase classname="tests/style-transformer.test.js" name="styledToMarkdown() &gt; raw style produces &quot;## User&quot; and &quot;## Assistant&quot; headings" time="0.0004548">
        </testcase>
        <testcase classname="tests/style-transformer.test.js" name="styledToMarkdown() &gt; raw style: no &quot;---&quot; separator (no conclusion)" time="0.000403">
        </testcase>
        <testcase classname="tests/style-transformer.test.js" name="styledToMarkdown() &gt; contains section content in output" time="0.0006271">
        </testcase>
        <testcase classname="tests/style-transformer.test.js" name="styledToMarkdown() &gt; no &quot;## &quot; heading line for sections with empty heading (blog style)" time="0.0004721">
        </testcase>
        <testcase classname="tests/style-transformer.test.js" name="styledToMarkdown() &gt; styledToMarkdown with no title → no &quot;# &quot; heading line" time="0.0004983">
        </testcase>
        <testcase classname="tests/style-transformer.test.js" name="styledToMarkdown() &gt; styledToMarkdown with no introduction → no blank intro line" time="0.0004509">
        </testcase>
        <testcase classname="tests/style-transformer.test.js" name="styledToMarkdown() &gt; styledToMarkdown with no conclusion → no &quot;---&quot; separator" time="0.0003788">
        </testcase>
        <testcase classname="tests/style-transformer.test.js" name="styledToMarkdown() &gt; all 5 styles produce non-empty markdown for chatWithMessages" time="0.0013353">
        </testcase>
        <testcase classname="tests/style-transformer.test.js" name="styledToHtmlBody() &gt; null → returns &quot;&quot;" time="0.0010728">
        </testcase>
        <testcase classname="tests/style-transformer.test.js" name="styledToHtmlBody() &gt; undefined → returns &quot;&quot;" time="0.0005288">
        </testcase>
        <testcase classname="tests/style-transformer.test.js" name="styledToHtmlBody() &gt; contains &lt;p class=&quot;intro&quot;&gt; for introduction when non-empty" time="0.0009707">
        </testcase>
        <testcase classname="tests/style-transformer.test.js" name="styledToHtmlBody() &gt; contains &lt;section&gt; elements for each section" time="0.00053">
        </testcase>
        <testcase classname="tests/style-transformer.test.js" name="styledToHtmlBody() &gt; contains &lt;footer class=&quot;conclusion&quot;&gt; for conclusion when non-empty" time="0.0004819">
        </testcase>
        <testcase classname="tests/style-transformer.test.js" name="styledToHtmlBody() &gt; empty introduction → no &lt;p class=&quot;intro&quot;&gt;" time="0.0005247">
        </testcase>
        <testcase classname="tests/style-transformer.test.js" name="styledToHtmlBody() &gt; empty conclusion → no &lt;footer class=&quot;conclusion&quot;&gt;" time="0.0007615">
        </testcase>
        <testcase classname="tests/style-transformer.test.js" name="styledToHtmlBody() &gt; HTML-escapes &lt; and &gt; in content (no raw script injection)" time="0.0007403">
        </testcase>
        <testcase classname="tests/style-transformer.test.js" name="styledToHtmlBody() &gt; HTML-escapes &amp; in content" time="0.0004789">
        </testcase>
        <testcase classname="tests/style-transformer.test.js" name="styledToHtmlBody() &gt; HTML-escapes double-quotes in title" time="0.0007329">
        </testcase>
        <testcase classname="tests/style-transformer.test.js" name="styledToHtmlBody() &gt; title is wrapped in &lt;h1&gt; tag" time="0.0008594">
        </testcase>
        <testcase classname="tests/style-transformer.test.js" name="styledToHtmlBody() &gt; section heading is wrapped in &lt;h2&gt; tag when non-empty" time="0.0004743">
        </testcase>
        <testcase classname="tests/style-transformer.test.js" name="styledToHtmlBody() &gt; no &lt;h2&gt; for sections with empty heading" time="0.0004615">
        </testcase>
        <testcase classname="tests/style-transformer.test.js" name="styledToHtmlBody() &gt; newlines in content are converted to &lt;br&gt; tags" time="0.0004877">
        </testcase>
        <testcase classname="tests/style-transformer.test.js" name="styledToHtmlBody() &gt; all 5 styles produce non-empty HTML for chatWithMessages" time="0.0010627">
        </testcase>
        <testcase classname="tests/style-transformer.test.js" name="styledToHtmlBody() &gt; styledToHtmlBody with no title → no &lt;h1&gt; tag" time="0.0004601">
        </testcase>
        <testcase classname="tests/style-transformer.test.js" name="styledToHtmlBody() &gt; section content appears inside &lt;p&gt; tags" time="0.0005141">
        </testcase>
        <testcase classname="tests/style-transformer.test.js" name="styledToMarkdown() — branch coverage for non-array sections and empty content &gt; handles non-array sections gracefully (line 409 false branch)" time="0.0007338">
        </testcase>
        <testcase classname="tests/style-transformer.test.js" name="styledToMarkdown() — branch coverage for non-array sections and empty content &gt; handles sections as a plain object (non-array) without crashing" time="0.0007892">
        </testcase>
        <testcase classname="tests/style-transformer.test.js" name="styledToMarkdown() — branch coverage for non-array sections and empty content &gt; section with falsy content falls back to empty string (line 416 ||&apos;&apos;&apos;)" time="0.0060004">
        </testcase>
        <testcase classname="tests/style-transformer.test.js" name="styledToMarkdown() — branch coverage for non-array sections and empty content &gt; section with no heading skips the ## heading line" time="0.0008722">
        </testcase>
        <testcase classname="tests/style-transformer.test.js" name="styledToHtmlBody() — branch coverage for missing heading and non-array sections &gt; section with empty heading uses empty headingHtml (ternary false branch, line ~469)" time="0.0006386">
        </testcase>
        <testcase classname="tests/style-transformer.test.js" name="styledToHtmlBody() — branch coverage for missing heading and non-array sections &gt; section with null content passes through _contentToHtml safely (line 472)" time="0.0007992">
        </testcase>
        <testcase classname="tests/style-transformer.test.js" name="styledToHtmlBody() — branch coverage for missing heading and non-array sections &gt; non-array sections returns empty htmlParts body (line 466 false branch)" time="0.0007651">
        </testcase>
    </testsuite>
    <testsuite name="tests/thumbnail-service.test.js" timestamp="2026-03-17T19:02:08.112Z" hostname="Kahana-PC" tests="6" failures="0" errors="0" skipped="0" time="0.0517176">
        <testcase classname="tests/thumbnail-service.test.js" name="generateThumbnail() &gt; null / empty src &gt; returns null for null src" time="0.0035049">
        </testcase>
        <testcase classname="tests/thumbnail-service.test.js" name="generateThumbnail() &gt; null / empty src &gt; returns null for empty string src" time="0.0004995">
        </testcase>
        <testcase classname="tests/thumbnail-service.test.js" name="generateThumbnail() &gt; image already ≤ maxPx &gt; 200×200 image with maxPx 400 → null (no resize needed)" time="0.0137017">
        </testcase>
        <testcase classname="tests/thumbnail-service.test.js" name="generateThumbnail() &gt; image already ≤ maxPx &gt; 400×300 image with maxPx 400 → null (already within ≤ maxPx)" time="0.0007088">
        </testcase>
        <testcase classname="tests/thumbnail-service.test.js" name="generateThumbnail() &gt; image larger than maxPx (canvas path) &gt; 800×600 image with OffscreenCanvas → returns a data URI string" time="0.0154289">
        </testcase>
        <testcase classname="tests/thumbnail-service.test.js" name="generateThumbnail() &gt; inaccessible src &gt; image load error → returns null without throwing" time="0.014304">
        </testcase>
    </testsuite>
    <testsuite name="tests/topic-actions.test.js" timestamp="2026-03-17T19:02:08.118Z" hostname="Kahana-PC" tests="34" failures="0" errors="0" skipped="0" time="0.1729397">
        <testcase classname="tests/topic-actions.test.js" name="showContextMenu() &gt; sets left/top and shows the menu" time="0.016737">
        </testcase>
        <testcase classname="tests/topic-actions.test.js" name="showContextMenu() &gt; adjusts position when menu overflows the right edge" time="0.002997">
        </testcase>
        <testcase classname="tests/topic-actions.test.js" name="showContextMenu() &gt; adjusts position when menu overflows the bottom edge" time="0.0017273">
        </testcase>
        <testcase classname="tests/topic-actions.test.js" name="hideContextMenu() &gt; sets display to none" time="0.0013483">
        </testcase>
        <testcase classname="tests/topic-actions.test.js" name="handleTopicClick() &gt; calls saveExpandedState" time="0.0036999">
        </testcase>
        <testcase classname="tests/topic-actions.test.js" name="handleTopicContextMenu() &gt; calls event.preventDefault()" time="0.0030081">
        </testcase>
        <testcase classname="tests/topic-actions.test.js" name="handleTopicContextMenu() &gt; sets contextMenuTopic on state" time="0.0022141">
        </testcase>
        <testcase classname="tests/topic-actions.test.js" name="setupContextMenuActions() &gt; wires click handlers to [data-action] items in the context menu" time="0.0106047">
        </testcase>
        <testcase classname="tests/topic-actions.test.js" name="setupContextMenuActions() &gt; logs a warning when no topic is selected" time="0.0053179">
        </testcase>
        <testcase classname="tests/topic-actions.test.js" name="setupContextMenuActions() &gt; logs a warning for unknown actions" time="0.0026432">
        </testcase>
        <testcase classname="tests/topic-actions.test.js" name="handleAddTopic() &gt; does not call saveTree when dialog is cancelled" time="0.0022856">
        </testcase>
        <testcase classname="tests/topic-actions.test.js" name="handleAddTopic() &gt; saves tree and renders when dialog returns a result" time="0.0058482">
        </testcase>
        <testcase classname="tests/topic-actions.test.js" name="handleAddTopic() &gt; calls renderer.expandToTopic when the new topic has a parentId" time="0.0028368">
        </testcase>
        <testcase classname="tests/topic-actions.test.js" name="handleRenameTopic() &gt; does nothing when contextMenuTopic is null" time="0.0020379">
        </testcase>
        <testcase classname="tests/topic-actions.test.js" name="handleRenameTopic() &gt; does nothing when dialog returns null (cancelled)" time="0.0019227">
        </testcase>
        <testcase classname="tests/topic-actions.test.js" name="handleRenameTopic() &gt; saves tree and renders when rename succeeds" time="0.0021461">
        </testcase>
        <testcase classname="tests/topic-actions.test.js" name="handleMoveTopic() &gt; does nothing when contextMenuTopic is null" time="0.0017909">
        </testcase>
        <testcase classname="tests/topic-actions.test.js" name="handleMoveTopic() &gt; saves tree and renders when move dialog succeeds" time="0.0022042">
        </testcase>
        <testcase classname="tests/topic-actions.test.js" name="handleMergeTopic() &gt; does nothing when contextMenuTopic is null" time="0.0041925">
        </testcase>
        <testcase classname="tests/topic-actions.test.js" name="handleMergeTopic() &gt; saves tree and re-renders on success" time="0.0022118">
        </testcase>
        <testcase classname="tests/topic-actions.test.js" name="handleExportTopic() &gt; does nothing when contextMenuTopic is null" time="0.001836">
        </testcase>
        <testcase classname="tests/topic-actions.test.js" name="handleExportTopic() &gt; calls exportDialog.showExportTopic with the topic" time="0.0029986">
        </testcase>
        <testcase classname="tests/topic-actions.test.js" name="handleExportTopic() &gt; shows an alert dialog when export throws" time="0.0284894">
            <system-err>
[bAInder] [ERROR] Export failed: Error: Export failed!
    at C:/Repos/Personal/bAInder/tests/topic-actions.test.js:410:59
    at [90mfile:///C:/Repos/Personal/bAInder/[39mnode_modules/[4m@vitest/runner[24m/dist/index.js:145:11
    at [90mfile:///C:/Repos/Personal/bAInder/[39mnode_modules/[4m@vitest/runner[24m/dist/index.js:915:26
    at [90mfile:///C:/Repos/Personal/bAInder/[39mnode_modules/[4m@vitest/runner[24m/dist/index.js:1243:20
    at new Promise (&lt;anonymous&gt;)
    at runWithTimeout [90m(file:///C:/Repos/Personal/bAInder/[39mnode_modules/[4m@vitest/runner[24m/dist/index.js:1209:10[90m)[39m
    at [90mfile:///C:/Repos/Personal/bAInder/[39mnode_modules/[4m@vitest/runner[24m/dist/index.js:1653:37
    at Traces.$ [90m(file:///C:/Repos/Personal/bAInder/[39mnode_modules/[4mvitest[24m/dist/chunks/traces.CCmnQaNT.js:142:27[90m)[39m
    at trace [90m(file:///C:/Repos/Personal/bAInder/[39mnode_modules/[4mvitest[24m/dist/chunks/test.B8ej_ZHS.js:239:21[90m)[39m
    at runTest [90m(file:///C:/Repos/Personal/bAInder/[39mnode_modules/[4m@vitest/runner[24m/dist/index.js:1653:12[90m)[39m

            </system-err>
        </testcase>
        <testcase classname="tests/topic-actions.test.js" name="handleCopyAllTopicChats() &gt; does nothing when contextMenuTopic is null" time="0.0014495">
        </testcase>
        <testcase classname="tests/topic-actions.test.js" name="handleCopyAllTopicChats() &gt; shows &quot;No chats to copy&quot; notification when topic has no descendant chats" time="0.0026686">
        </testcase>
        <testcase classname="tests/topic-actions.test.js" name="handleCopyAllTopicChats() &gt; shows error when loadFullByIds throws" time="0.0051634">
            <system-err>
[bAInder] [WARN] Copy all: failed to load chat content Error: DB error
    at C:/Repos/Personal/bAInder/tests/topic-actions.test.js:447:53
    at [90mfile:///C:/Repos/Personal/bAInder/[39mnode_modules/[4m@vitest/runner[24m/dist/index.js:915:20

            </system-err>
        </testcase>
        <testcase classname="tests/topic-actions.test.js" name="handleCopyAllTopicChats() &gt; shows success notification when copy succeeds" time="0.0051207">
        </testcase>
        <testcase classname="tests/topic-actions.test.js" name="handleCopyAllTopicChats() &gt; shows tooLarge error when copy result has tooLarge flag" time="0.0020717">
        </testcase>
        <testcase classname="tests/topic-actions.test.js" name="handleCopyAllTopicChats() &gt; shows failure notification when copy result is not ok and not tooLarge" time="0.002043">
        </testcase>
        <testcase classname="tests/topic-actions.test.js" name="handleDeleteTopic() &gt; does nothing when contextMenuTopic is null" time="0.0021513">
        </testcase>
        <testcase classname="tests/topic-actions.test.js" name="handleDeleteTopic() &gt; does nothing when showDeleteTopic is cancelled" time="0.0017506">
        </testcase>
        <testcase classname="tests/topic-actions.test.js" name="handleDeleteTopic() &gt; removes descendant chats from state and re-renders when delete succeeds" time="0.019367">
        </testcase>
        <testcase classname="tests/topic-actions.test.js" name="handleDeleteTopic() &gt; calls removeManyChats and saveTree after the 6 s deferred timer fires" time="0.0061957">
        </testcase>
        <testcase classname="tests/topic-actions.test.js" name="handleDeleteTopic() &gt; invokes the undo callback and restores chats when undo button is clicked" time="0.0082665">
        </testcase>
    </testsuite>
    <testsuite name="tests/tree-controller.test.js" timestamp="2026-03-17T19:02:08.144Z" hostname="Kahana-PC" tests="32" failures="0" errors="0" skipped="0" time="0.1366302">
        <testcase classname="tests/tree-controller.test.js" name="showTreeSkeleton() &gt; does nothing when treeView element is absent" time="0.0072933">
        </testcase>
        <testcase classname="tests/tree-controller.test.js" name="showTreeSkeleton() &gt; appends skeleton rows to treeView" time="0.0130193">
        </testcase>
        <testcase classname="tests/tree-controller.test.js" name="showTreeSkeleton() &gt; skeleton rows are aria-hidden" time="0.0030839">
        </testcase>
        <testcase classname="tests/tree-controller.test.js" name="removeTreeSkeleton() &gt; removes existing skeleton rows" time="0.0025942">
        </testcase>
        <testcase classname="tests/tree-controller.test.js" name="removeTreeSkeleton() &gt; does nothing when treeView is absent" time="0.0008655">
        </testcase>
        <testcase classname="tests/tree-controller.test.js" name="loadTree() &gt; calls storage.loadTopicTree and assigns tree to state" time="0.0040753">
            <system-out>
[bAInder] [INFO] Loaded tree with 0 topics

            </system-out>
        </testcase>
        <testcase classname="tests/tree-controller.test.js" name="loadTree() &gt; sets state.tree to an empty TopicTree on storage error" time="0.0170597">
            <system-err>
[bAInder] [ERROR] Error loading tree: Error: Storage error
    at C:/Repos/Personal/bAInder/tests/tree-controller.test.js:161:52
    at [90mfile:///C:/Repos/Personal/bAInder/[39mnode_modules/[4m@vitest/runner[24m/dist/index.js:145:11
    at [90mfile:///C:/Repos/Personal/bAInder/[39mnode_modules/[4m@vitest/runner[24m/dist/index.js:915:26
    at [90mfile:///C:/Repos/Personal/bAInder/[39mnode_modules/[4m@vitest/runner[24m/dist/index.js:1243:20
    at new Promise (&lt;anonymous&gt;)
    at runWithTimeout [90m(file:///C:/Repos/Personal/bAInder/[39mnode_modules/[4m@vitest/runner[24m/dist/index.js:1209:10[90m)[39m
    at [90mfile:///C:/Repos/Personal/bAInder/[39mnode_modules/[4m@vitest/runner[24m/dist/index.js:1653:37
    at Traces.$ [90m(file:///C:/Repos/Personal/bAInder/[39mnode_modules/[4mvitest[24m/dist/chunks/traces.CCmnQaNT.js:142:27[90m)[39m
    at trace [90m(file:///C:/Repos/Personal/bAInder/[39mnode_modules/[4mvitest[24m/dist/chunks/test.B8ej_ZHS.js:239:21[90m)[39m
    at runTest [90m(file:///C:/Repos/Personal/bAInder/[39mnode_modules/[4m@vitest/runner[24m/dist/index.js:1653:12[90m)[39m

            </system-err>
        </testcase>
        <testcase classname="tests/tree-controller.test.js" name="saveTree() &gt; calls storage.saveTopicTree with tree data" time="0.0073946">
            <system-out>
[bAInder] [INFO] Tree saved successfully

            </system-out>
        </testcase>
        <testcase classname="tests/tree-controller.test.js" name="saveTree() &gt; shows error notification when save fails" time="0.0075975">
            <system-err>
[bAInder] [ERROR] Error saving tree: Error: Write error
    at C:/Repos/Personal/bAInder/tests/tree-controller.test.js:183:52
    at [90mfile:///C:/Repos/Personal/bAInder/[39mnode_modules/[4m@vitest/runner[24m/dist/index.js:145:11
    at [90mfile:///C:/Repos/Personal/bAInder/[39mnode_modules/[4m@vitest/runner[24m/dist/index.js:915:26
    at [90mfile:///C:/Repos/Personal/bAInder/[39mnode_modules/[4m@vitest/runner[24m/dist/index.js:1243:20
    at new Promise (&lt;anonymous&gt;)
    at runWithTimeout [90m(file:///C:/Repos/Personal/bAInder/[39mnode_modules/[4m@vitest/runner[24m/dist/index.js:1209:10[90m)[39m
    at [90mfile:///C:/Repos/Personal/bAInder/[39mnode_modules/[4m@vitest/runner[24m/dist/index.js:1653:37
    at Traces.$ [90m(file:///C:/Repos/Personal/bAInder/[39mnode_modules/[4mvitest[24m/dist/chunks/traces.CCmnQaNT.js:142:27[90m)[39m
    at trace [90m(file:///C:/Repos/Personal/bAInder/[39mnode_modules/[4mvitest[24m/dist/chunks/test.B8ej_ZHS.js:239:21[90m)[39m
    at runTest [90m(file:///C:/Repos/Personal/bAInder/[39mnode_modules/[4m@vitest/runner[24m/dist/index.js:1653:12[90m)[39m

            </system-err>
        </testcase>
        <testcase classname="tests/tree-controller.test.js" name="saveExpandedState() &gt; does not throw when renderer is null" time="0.0098533">
        </testcase>
        <testcase classname="tests/tree-controller.test.js" name="saveExpandedState() &gt; persists expanded IDs to localStorage when renderer is set" time="0.0018472">
        </testcase>
        <testcase classname="tests/tree-controller.test.js" name="renderTreeView() &gt; does not throw when renderer is null" time="0.0019191">
        </testcase>
        <testcase classname="tests/tree-controller.test.js" name="renderTreeView() &gt; calls renderer.render() and updateTopicCount()" time="0.0011699">
        </testcase>
        <testcase classname="tests/tree-controller.test.js" name="collectDescendantChatIds() &gt; returns empty array when topicId not found" time="0.0011916">
        </testcase>
        <testcase classname="tests/tree-controller.test.js" name="collectDescendantChatIds() &gt; returns direct chat IDs for a leaf topic" time="0.0009099">
        </testcase>
        <testcase classname="tests/tree-controller.test.js" name="collectDescendantChatIds() &gt; includes chat IDs from nested descendants" time="0.0012994">
        </testcase>
        <testcase classname="tests/tree-controller.test.js" name="collectDescendantChatIds() &gt; returns empty array when tree itself is falsy" time="0.0011673">
        </testcase>
        <testcase classname="tests/tree-controller.test.js" name="initTreeRenderer() &gt; creates a renderer and assigns it to state.renderer" time="0.0047642">
        </testcase>
        <testcase classname="tests/tree-controller.test.js" name="initTreeRenderer() &gt; restores expanded state from localStorage" time="0.0054341">
        </testcase>
        <testcase classname="tests/tree-controller.test.js" name="initTreeRenderer() &gt; calls populateTopicScope callback if provided" time="0.0039042">
        </testcase>
        <testcase classname="tests/tree-controller.test.js" name="initTreeRenderer() &gt; wires custom event callbacks" time="0.0059625">
        </testcase>
        <testcase classname="tests/tree-controller.test.js" name="handleTopicDrop() &gt; does nothing when tree is null" time="0.0045132">
        </testcase>
        <testcase classname="tests/tree-controller.test.js" name="handleTopicDrop() &gt; does nothing when dragged topic is not found" time="0.0013156">
        </testcase>
        <testcase classname="tests/tree-controller.test.js" name="handleTopicDrop() &gt; does nothing when parentId equals targetTopicId (no-op)" time="0.0010964">
        </testcase>
        <testcase classname="tests/tree-controller.test.js" name="handleTopicDrop() &gt; moves the topic and saves tree on valid drop" time="0.0027689">
            <system-out>
[bAInder] [INFO] Tree saved successfully

            </system-out>
        </testcase>
        <testcase classname="tests/tree-controller.test.js" name="handleChatDrop() &gt; does nothing when chat is not found in state" time="0.001545">
        </testcase>
        <testcase classname="tests/tree-controller.test.js" name="handleChatDrop() &gt; does nothing when chat is already in the target topic" time="0.0010786">
        </testcase>
        <testcase classname="tests/tree-controller.test.js" name="handleChatDrop() &gt; moves chat, saves, and shows success notification" time="0.0094294">
            <system-out>
[bAInder] [INFO] Tree saved successfully

            </system-out>
        </testcase>
        <testcase classname="tests/tree-controller.test.js" name="handleTopicPin() &gt; does nothing when tree is null" time="0.0012028">
        </testcase>
        <testcase classname="tests/tree-controller.test.js" name="handleTopicPin() &gt; does nothing when topic is not found" time="0.0009141">
        </testcase>
        <testcase classname="tests/tree-controller.test.js" name="handleTopicPin() &gt; pins a topic, saves tree, and shows notification" time="0.0021065">
            <system-out>
[bAInder] [INFO] Tree saved successfully

            </system-out>
        </testcase>
        <testcase classname="tests/tree-controller.test.js" name="handleTopicPin() &gt; unpins a topic and shows &quot;unpinned&quot; notification" time="0.0021127">
            <system-out>
[bAInder] [INFO] Tree saved successfully

            </system-out>
        </testcase>
    </testsuite>
    <testsuite name="tests/tree-renderer.test.js" timestamp="2026-03-17T19:02:08.185Z" hostname="Kahana-PC" tests="134" failures="0" errors="0" skipped="0" time="0.9845578">
        <testcase classname="tests/tree-renderer.test.js" name="TreeRenderer &gt; Initialization &gt; should create renderer with container" time="0.0309311">
        </testcase>
        <testcase classname="tests/tree-renderer.test.js" name="TreeRenderer &gt; Initialization &gt; should create renderer with tree" time="0.0024817">
        </testcase>
        <testcase classname="tests/tree-renderer.test.js" name="TreeRenderer &gt; Initialization &gt; should initialize with empty expanded nodes" time="0.0016169">
        </testcase>
        <testcase classname="tests/tree-renderer.test.js" name="TreeRenderer &gt; Initialization &gt; should initialize with null selected node" time="0.0026589">
        </testcase>
        <testcase classname="tests/tree-renderer.test.js" name="TreeRenderer &gt; Empty State &gt; should show empty state for null tree" time="0.0194266">
        </testcase>
        <testcase classname="tests/tree-renderer.test.js" name="TreeRenderer &gt; Empty State &gt; should show empty state for tree with no topics" time="0.0040199">
        </testcase>
        <testcase classname="tests/tree-renderer.test.js" name="TreeRenderer &gt; Empty State &gt; should expand collapsed toc section when rendering empty state" time="0.0081653">
        </testcase>
        <testcase classname="tests/tree-renderer.test.js" name="TreeRenderer &gt; Basic Rendering &gt; should render single root topic" time="0.0382189">
        </testcase>
        <testcase classname="tests/tree-renderer.test.js" name="TreeRenderer &gt; Basic Rendering &gt; should render multiple root topics" time="0.056678">
        </testcase>
        <testcase classname="tests/tree-renderer.test.js" name="TreeRenderer &gt; Basic Rendering &gt; should render topic with correct name" time="0.0054675">
        </testcase>
        <testcase classname="tests/tree-renderer.test.js" name="TreeRenderer &gt; Basic Rendering &gt; should render folder icon for topics with children" time="0.0067547">
        </testcase>
        <testcase classname="tests/tree-renderer.test.js" name="TreeRenderer &gt; Basic Rendering &gt; should render document icon for topics without children" time="0.004831">
        </testcase>
        <testcase classname="tests/tree-renderer.test.js" name="TreeRenderer &gt; Basic Rendering &gt; should hide empty state when rendering topics" time="0.0069824">
        </testcase>
        <testcase classname="tests/tree-renderer.test.js" name="TreeRenderer &gt; Hierarchical Rendering &gt; should not render children when node is collapsed" time="0.0065248">
        </testcase>
        <testcase classname="tests/tree-renderer.test.js" name="TreeRenderer &gt; Hierarchical Rendering &gt; should render children when node is expanded" time="0.0123891">
        </testcase>
        <testcase classname="tests/tree-renderer.test.js" name="TreeRenderer &gt; Hierarchical Rendering &gt; should render nested children correctly" time="0.0128058">
        </testcase>
        <testcase classname="tests/tree-renderer.test.js" name="TreeRenderer &gt; Hierarchical Rendering &gt; should apply correct indentation based on level" time="0.0092502">
        </testcase>
        <testcase classname="tests/tree-renderer.test.js" name="TreeRenderer &gt; Expand/Collapse &gt; should show expand button for topics with children" time="0.0076238">
        </testcase>
        <testcase classname="tests/tree-renderer.test.js" name="TreeRenderer &gt; Expand/Collapse &gt; should not show expand button for leaf topics" time="0.0058181">
        </testcase>
        <testcase classname="tests/tree-renderer.test.js" name="TreeRenderer &gt; Expand/Collapse &gt; should show spacer for topics without children" time="0.0043677">
        </testcase>
        <testcase classname="tests/tree-renderer.test.js" name="TreeRenderer &gt; Expand/Collapse &gt; should toggle node expansion" time="0.0195566">
        </testcase>
        <testcase classname="tests/tree-renderer.test.js" name="TreeRenderer &gt; Expand/Collapse &gt; should expand all nodes" time="0.0096324">
        </testcase>
        <testcase classname="tests/tree-renderer.test.js" name="TreeRenderer &gt; Expand/Collapse &gt; should expand topics that contain only chats (no sub-topics)" time="0.0130372">
        </testcase>
        <testcase classname="tests/tree-renderer.test.js" name="TreeRenderer &gt; Expand/Collapse &gt; should collapse all nodes" time="0.0101253">
        </testcase>
        <testcase classname="tests/tree-renderer.test.js" name="TreeRenderer &gt; Expand/Collapse &gt; should expand path to specific topic" time="0.0154574">
        </testcase>
        <testcase classname="tests/tree-renderer.test.js" name="TreeRenderer &gt; Selection &gt; should select a node" time="0.0091087">
        </testcase>
        <testcase classname="tests/tree-renderer.test.js" name="TreeRenderer &gt; Selection &gt; should deselect nodes" time="0.0059402">
        </testcase>
        <testcase classname="tests/tree-renderer.test.js" name="TreeRenderer &gt; Selection &gt; should get selected node ID" time="0.0045831">
        </testcase>
        <testcase classname="tests/tree-renderer.test.js" name="TreeRenderer &gt; Selection &gt; should only have one selected node" time="0.0065457">
        </testcase>
        <testcase classname="tests/tree-renderer.test.js" name="TreeRenderer &gt; Timespan Display &gt; should show timespan for topic with chats" time="0.0408041">
        </testcase>
        <testcase classname="tests/tree-renderer.test.js" name="TreeRenderer &gt; Timespan Display &gt; should not show timespan for topic without chats" time="0.0054405">
        </testcase>
        <testcase classname="tests/tree-renderer.test.js" name="TreeRenderer &gt; Chat Count Badge &gt; should show chat count for topic with chats" time="0.0227235">
        </testcase>
        <testcase classname="tests/tree-renderer.test.js" name="TreeRenderer &gt; Chat Count Badge &gt; should not show chat count for topic without chats" time="0.0033572">
        </testcase>
        <testcase classname="tests/tree-renderer.test.js" name="TreeRenderer &gt; Chat Count Badge &gt; should show singular tooltip for 1 chat" time="0.0205277">
        </testcase>
        <testcase classname="tests/tree-renderer.test.js" name="TreeRenderer &gt; Chat Count Badge &gt; should show plural tooltip for multiple chats" time="0.0050199">
        </testcase>
        <testcase classname="tests/tree-renderer.test.js" name="TreeRenderer &gt; Event Handlers &gt; should call onTopicClick when topic is clicked" time="0.0156366">
        </testcase>
        <testcase classname="tests/tree-renderer.test.js" name="TreeRenderer &gt; Event Handlers &gt; should call onTopicContextMenu on right-click" time="0.0081294">
        </testcase>
        <testcase classname="tests/tree-renderer.test.js" name="TreeRenderer &gt; Search Highlighting &gt; should highlight matching topics" time="0.0122056">
        </testcase>
        <testcase classname="tests/tree-renderer.test.js" name="TreeRenderer &gt; Search Highlighting &gt; should clear highlighting" time="0.0078427">
        </testcase>
        <testcase classname="tests/tree-renderer.test.js" name="TreeRenderer &gt; Search Highlighting &gt; should handle empty search term" time="0.016909">
        </testcase>
        <testcase classname="tests/tree-renderer.test.js" name="TreeRenderer &gt; Topic Count Update &gt; should update topic count badge" time="0.0078301">
        </testcase>
        <testcase classname="tests/tree-renderer.test.js" name="TreeRenderer &gt; Topic Count Update &gt; should show singular for 1 topic" time="0.0046969">
        </testcase>
        <testcase classname="tests/tree-renderer.test.js" name="TreeRenderer &gt; Topic Count Update &gt; should show 0 topics for empty tree" time="0.0017114">
        </testcase>
        <testcase classname="tests/tree-renderer.test.js" name="TreeRenderer &gt; Topic Count Update &gt; does not throw when tree is null (if condition FALSE branch)" time="0.009534">
        </testcase>
        <testcase classname="tests/tree-renderer.test.js" name="TreeRenderer &gt; State Persistence &gt; should get expanded state" time="0.0191363">
        </testcase>
        <testcase classname="tests/tree-renderer.test.js" name="TreeRenderer &gt; State Persistence &gt; should restore expanded state" time="0.0090182">
        </testcase>
        <testcase classname="tests/tree-renderer.test.js" name="TreeRenderer &gt; Accessibility &gt; should set role=&quot;tree&quot; on root list" time="0.0049131">
        </testcase>
        <testcase classname="tests/tree-renderer.test.js" name="TreeRenderer &gt; Accessibility &gt; should set role=&quot;treeitem&quot; on nodes" time="0.0052598">
        </testcase>
        <testcase classname="tests/tree-renderer.test.js" name="TreeRenderer &gt; Accessibility &gt; should set aria-expanded for expandable nodes" time="0.0069285">
        </testcase>
        <testcase classname="tests/tree-renderer.test.js" name="TreeRenderer &gt; Accessibility &gt; should update aria-expanded when expanding" time="0.0078912">
        </testcase>
        <testcase classname="tests/tree-renderer.test.js" name="TreeRenderer &gt; Accessibility &gt; should set aria-label on expand buttons" time="0.0028918">
        </testcase>
        <testcase classname="tests/tree-renderer.test.js" name="TreeRenderer – collapseNode() when node is not expanded (no-op) &gt; should be a no-op when topicId is not in expandedNodes" time="0.0014372">
        </testcase>
        <testcase classname="tests/tree-renderer.test.js" name="TreeRenderer – collapseNode() when node is not expanded (no-op) &gt; should collapse a node that is expanded" time="0.0067259">
        </testcase>
        <testcase classname="tests/tree-renderer.test.js" name="TreeRenderer – refreshNode() early-return branches &gt; should be a no-op when topicId has no DOM node" time="0.0044608">
        </testcase>
        <testcase classname="tests/tree-renderer.test.js" name="TreeRenderer – refreshNode() early-return branches &gt; should be a no-op when tree is null" time="0.0040972">
        </testcase>
        <testcase classname="tests/tree-renderer.test.js" name="TreeRenderer – refreshNode() early-return branches &gt; should be a no-op when topic no longer exists in tree" time="0.0151488">
        </testcase>
        <testcase classname="tests/tree-renderer.test.js" name="TreeRenderer – refreshNode() early-return branches &gt; should replace the DOM node when topic is valid" time="0.0152579">
        </testcase>
        <testcase classname="tests/tree-renderer.test.js" name="TreeRenderer – Stage 7 chat items &gt; setChatData &gt; stores a valid array" time="0.0027592">
        </testcase>
        <testcase classname="tests/tree-renderer.test.js" name="TreeRenderer – Stage 7 chat items &gt; setChatData &gt; initialises to empty array in constructor" time="0.0064161">
        </testcase>
        <testcase classname="tests/tree-renderer.test.js" name="TreeRenderer – Stage 7 chat items &gt; setChatData &gt; falls back to empty array for non-array input" time="0.0025545">
        </testcase>
        <testcase classname="tests/tree-renderer.test.js" name="TreeRenderer – Stage 7 chat items &gt; hasChildren includes chats &gt; topic with no children and no chats is a leaf node" time="0.002726">
        </testcase>
        <testcase classname="tests/tree-renderer.test.js" name="TreeRenderer – Stage 7 chat items &gt; hasChildren includes chats &gt; topic with assigned chat shows folder icon (has children)" time="0.0021576">
        </testcase>
        <testcase classname="tests/tree-renderer.test.js" name="TreeRenderer – Stage 7 chat items &gt; chat item rendering &gt; renders chat items inside expanded topic" time="0.0119854">
        </testcase>
        <testcase classname="tests/tree-renderer.test.js" name="TreeRenderer – Stage 7 chat items &gt; chat item rendering &gt; does not render chat items when topic is collapsed" time="0.0046534">
        </testcase>
        <testcase classname="tests/tree-renderer.test.js" name="TreeRenderer – Stage 7 chat items &gt; chat item rendering &gt; renders chat item with correct data-chat-id" time="0.0126621">
        </testcase>
        <testcase classname="tests/tree-renderer.test.js" name="TreeRenderer – Stage 7 chat items &gt; chat item rendering &gt; shows 💬 icon for regular chats" time="0.0116917">
        </testcase>
        <testcase classname="tests/tree-renderer.test.js" name="TreeRenderer – Stage 7 chat items &gt; chat item rendering &gt; shows ✂️ icon for excerpt chats" time="0.0093542">
        </testcase>
        <testcase classname="tests/tree-renderer.test.js" name="TreeRenderer – Stage 7 chat items &gt; chat item rendering &gt; shows chat title in label" time="0.0123205">
        </testcase>
        <testcase classname="tests/tree-renderer.test.js" name="TreeRenderer – Stage 7 chat items &gt; chat item rendering &gt; falls back to &quot;Untitled Chat&quot; when title is missing" time="0.0060024">
        </testcase>
        <testcase classname="tests/tree-renderer.test.js" name="TreeRenderer – Stage 7 chat items &gt; chat item rendering &gt; shows date badge when chat has timestamp" time="0.0088334">
        </testcase>
        <testcase classname="tests/tree-renderer.test.js" name="TreeRenderer – Stage 7 chat items &gt; chat item rendering &gt; omits date badge when chat has no timestamp" time="0.0062085">
        </testcase>
        <testcase classname="tests/tree-renderer.test.js" name="TreeRenderer – Stage 7 chat items &gt; chat item rendering &gt; renders chats from other topics only in their own topic" time="0.0178439">
        </testcase>
        <testcase classname="tests/tree-renderer.test.js" name="TreeRenderer – Stage 7 chat items &gt; chat item event handlers &gt; calls onChatClick when chat item is clicked" time="0.0236068">
        </testcase>
        <testcase classname="tests/tree-renderer.test.js" name="TreeRenderer – Stage 7 chat items &gt; chat item event handlers &gt; does not throw when onChatClick is null" time="0.0095672">
        </testcase>
        <testcase classname="tests/tree-renderer.test.js" name="TreeRenderer – Stage 7 chat items &gt; chat item event handlers &gt; calls onChatContextMenu on right-click" time="0.0097819">
        </testcase>
        <testcase classname="tests/tree-renderer.test.js" name="TreeRenderer – Stage 7 chat items &gt; chat item event handlers &gt; does not throw when onChatContextMenu is null" time="0.0084537">
        </testcase>
        <testcase classname="tests/tree-renderer.test.js" name="getTagColor() &gt; returns a number in [0, 359]" time="0.0013832">
        </testcase>
        <testcase classname="tests/tree-renderer.test.js" name="getTagColor() &gt; is deterministic — same tag always yields same hue" time="0.0007997">
        </testcase>
        <testcase classname="tests/tree-renderer.test.js" name="getTagColor() &gt; produces different hues for different tags" time="0.000451">
        </testcase>
        <testcase classname="tests/tree-renderer.test.js" name="getTagColor() &gt; handles empty string without throwing" time="0.0017678">
        </testcase>
        <testcase classname="tests/tree-renderer.test.js" name="getTagColor() &gt; handles single-char tags" time="0.0012027">
        </testcase>
        <testcase classname="tests/tree-renderer.test.js" name="getTagColor() &gt; chip rendering &gt; applies --tag-hue CSS custom property to rendered tag chips" time="0.0162846">
        </testcase>
        <testcase classname="tests/tree-renderer.test.js" name="TreeRenderer – virtual scroll &gt; renderVirtual is triggered when flatNodes exceed virtualThreshold" time="0.0048026">
        </testcase>
        <testcase classname="tests/tree-renderer.test.js" name="TreeRenderer – virtual scroll &gt; renderVirtual with existing handler clears old one" time="0.0047752">
        </testcase>
        <testcase classname="tests/tree-renderer.test.js" name="TreeRenderer – virtual scroll &gt; _makeVirtualCtx toggleExpand adds missing id" time="0.0015321">
        </testcase>
        <testcase classname="tests/tree-renderer.test.js" name="TreeRenderer – virtual scroll &gt; _makeVirtualCtx toggleExpand removes existing id" time="0.0029858">
        </testcase>
        <testcase classname="tests/tree-renderer.test.js" name="TreeRenderer – virtual scroll &gt; _makeVirtualCtx setSelectedNode updates selectedNodeId" time="0.0009443">
        </testcase>
        <testcase classname="tests/tree-renderer.test.js" name="TreeRenderer – virtual scroll &gt; _makeVirtualCtx rerenderVirtual calls renderVirtual when above threshold" time="0.0038921">
        </testcase>
        <testcase classname="tests/tree-renderer.test.js" name="TreeRenderer – virtual scroll &gt; _makeVirtualCtx rerenderVirtual calls render() when below threshold" time="0.0041143">
        </testcase>
        <testcase classname="tests/tree-renderer.test.js" name="TreeRenderer – virtual scroll &gt; _makeVirtualCtx flattenVisible returns array" time="0.0011458">
        </testcase>
        <testcase classname="tests/tree-renderer.test.js" name="TreeRenderer – virtual scroll &gt; _makeVirtualCtx onTopicClick callback fires when set" time="0.0011913">
        </testcase>
        <testcase classname="tests/tree-renderer.test.js" name="TreeRenderer – virtual scroll &gt; _makeVirtualCtx onChatClick callback fires when set" time="0.0010427">
        </testcase>
        <testcase classname="tests/tree-renderer.test.js" name="TreeRenderer – root ul drag drop zone &gt; dragover root ul adds drop-target class when topic drag is active" time="0.0067885">
        </testcase>
        <testcase classname="tests/tree-renderer.test.js" name="TreeRenderer – root ul drag drop zone &gt; dragover root ul is no-op when drag is null" time="0.003228">
        </testcase>
        <testcase classname="tests/tree-renderer.test.js" name="TreeRenderer – root ul drag drop zone &gt; dragleave root ul removes drop-target class" time="0.0028783">
        </testcase>
        <testcase classname="tests/tree-renderer.test.js" name="TreeRenderer – root ul drag drop zone &gt; drop on root ul calls onTopicDrop with null parent when drag is a topic" time="0.0034503">
        </testcase>
        <testcase classname="tests/tree-renderer.test.js" name="TreeRenderer – root ul drag drop zone &gt; drop on root ul is no-op when drag is null" time="0.004253">
        </testcase>
        <testcase classname="tests/tree-renderer.test.js" name="TreeRenderer – root ul drag drop zone &gt; dragover root ul is no-op when drag type is not &quot;topic&quot; (chat drag)" time="0.0040182">
        </testcase>
        <testcase classname="tests/tree-renderer.test.js" name="TreeRenderer – root ul drag drop zone &gt; dragover on child of root ul is no-op (e.target !== ul branch)" time="0.0030393">
        </testcase>
        <testcase classname="tests/tree-renderer.test.js" name="TreeRenderer – root ul drag drop zone &gt; dragleave when relatedTarget is inside root ul does NOT remove drop-target" time="0.0023999">
        </testcase>
        <testcase classname="tests/tree-renderer.test.js" name="TreeRenderer – internal delegates &gt; _buildSparklineEl returns an element" time="0.0020724">
        </testcase>
        <testcase classname="tests/tree-renderer.test.js" name="TreeRenderer – internal delegates &gt; _flattenVisible returns empty array when tree is null" time="0.0008597">
        </testcase>
        <testcase classname="tests/tree-renderer.test.js" name="TreeRenderer – internal delegates &gt; _sortTopics returns sorted topics" time="0.0023575">
        </testcase>
        <testcase classname="tests/tree-renderer.test.js" name="TreeRenderer – internal delegates &gt; renderNode returns an element" time="0.0036731">
        </testcase>
        <testcase classname="tests/tree-renderer.test.js" name="TreeRenderer – internal delegates &gt; _renderChatItem returns an element" time="0.0017447">
        </testcase>
        <testcase classname="tests/tree-renderer.test.js" name="TreeRenderer – internal delegates &gt; _makeCtx getDrag returns current drag state" time="0.0014292">
        </testcase>
        <testcase classname="tests/tree-renderer.test.js" name="TreeRenderer – internal delegates &gt; _makeCtx setDrag updates drag state" time="0.000719">
        </testcase>
        <testcase classname="tests/tree-renderer.test.js" name="TreeRenderer – internal delegates &gt; _makeCtx onTopicClick fires renderer callback" time="0.0010933">
        </testcase>
        <testcase classname="tests/tree-renderer.test.js" name="TreeRenderer – internal delegates &gt; _makeCtx toggleNode calls renderer.toggleNode" time="0.0041491">
        </testcase>
        <testcase classname="tests/tree-renderer.test.js" name="TreeRenderer – internal delegates &gt; _makeCtx selectNode calls renderer.selectNode" time="0.0035955">
        </testcase>
        <testcase classname="tests/tree-renderer.test.js" name="TreeRenderer – internal delegates &gt; _makeCtx getSelectedChats returns filtered chat list" time="0.0037127">
        </testcase>
        <testcase classname="tests/tree-renderer.test.js" name="TreeRenderer – internal delegates &gt; _makeCtx toggleChatSelection calls renderer.toggleChatSelection" time="0.0026172">
        </testcase>
        <testcase classname="tests/tree-renderer.test.js" name="TreeRenderer – internal delegates &gt; setSortMode re-renders the tree" time="0.0039012">
        </testcase>
        <testcase classname="tests/tree-renderer.test.js" name="TreeRenderer – internal delegates &gt; _makeCtx onTopicContextMenu fires renderer callback" time="0.0017531">
        </testcase>
        <testcase classname="tests/tree-renderer.test.js" name="TreeRenderer – internal delegates &gt; _makeCtx onTopicPin fires renderer callback" time="0.001245">
        </testcase>
        <testcase classname="tests/tree-renderer.test.js" name="TreeRenderer – internal delegates &gt; _makeCtx onTopicDrop fires renderer callback" time="0.0007736">
        </testcase>
        <testcase classname="tests/tree-renderer.test.js" name="TreeRenderer – internal delegates &gt; _makeCtx onChatDrop fires renderer callback" time="0.0011525">
        </testcase>
        <testcase classname="tests/tree-renderer.test.js" name="TreeRenderer – internal delegates &gt; _makeCtx onChatClick fires renderer callback" time="0.0020111">
        </testcase>
        <testcase classname="tests/tree-renderer.test.js" name="TreeRenderer – internal delegates &gt; _makeCtx onChatContextMenu fires renderer callback" time="0.0016088">
        </testcase>
        <testcase classname="tests/tree-renderer.test.js" name="TreeRenderer – internal delegates &gt; _makeCtx onSelectionChange fires renderer callback" time="0.0017166">
        </testcase>
        <testcase classname="tests/tree-renderer.test.js" name="TreeRenderer – internal delegates &gt; virtual scroll path clears existing scroll handler then re-enters" time="0.0038257">
        </testcase>
        <testcase classname="tests/tree-renderer.test.js" name="TreeRenderer – internal delegates &gt; clearSelection calls onSelectionChange with empty set" time="0.0018602">
        </testcase>
        <testcase classname="tests/tree-renderer.test.js" name="TreeRenderer – internal delegates &gt; toggleChatSelection updates rendered checkbox and fires onSelectionChange" time="0.0123918">
        </testcase>
        <testcase classname="tests/tree-renderer.test.js" name="TreeRenderer – internal delegates &gt; clearSelection removes selected class from all rendered chat items" time="0.0106254">
        </testcase>
        <testcase classname="tests/tree-renderer.test.js" name="TreeRenderer – internal delegates &gt; _renderVirtualRow returns a div element for a topic node" time="0.003981">
        </testcase>
        <testcase classname="tests/tree-renderer.test.js" name="TreeRenderer – internal delegates &gt; _makeVirtualCtx onTopicContextMenu fires renderer callback" time="0.0012076">
        </testcase>
        <testcase classname="tests/tree-renderer.test.js" name="TreeRenderer – internal delegates &gt; _makeVirtualCtx onChatContextMenu fires renderer callback" time="0.0011394">
        </testcase>
        <testcase classname="tests/tree-renderer.test.js" name="TreeRenderer — multi-select mode &amp; data setters &gt; setTree updates the tree reference" time="0.0010736">
        </testcase>
        <testcase classname="tests/tree-renderer.test.js" name="TreeRenderer — multi-select mode &amp; data setters &gt; setChatData falls back to [] when given non-array" time="0.0005742">
        </testcase>
        <testcase classname="tests/tree-renderer.test.js" name="TreeRenderer — multi-select mode &amp; data setters &gt; enterMultiSelectMode is a no-op when already in multiSelectMode" time="0.0005464">
        </testcase>
        <testcase classname="tests/tree-renderer.test.js" name="TreeRenderer — multi-select mode &amp; data setters &gt; enterMultiSelectMode transitions from false to true" time="0.0007008">
        </testcase>
        <testcase classname="tests/tree-renderer.test.js" name="TreeRenderer — multi-select mode &amp; data setters &gt; exitMultiSelectMode is a no-op when not in multiSelectMode" time="0.0005334">
        </testcase>
        <testcase classname="tests/tree-renderer.test.js" name="TreeRenderer — multi-select mode &amp; data setters &gt; exitMultiSelectMode transitions from true to false" time="0.0006185">
        </testcase>
        <testcase classname="tests/tree-renderer.test.js" name="TreeRenderer — multi-select mode &amp; data setters &gt; toggleChatSelection deselects an already-selected chat (delete branch)" time="0.0118201">
        </testcase>
    </testsuite>
    <testsuite name="tests/tree-sort.test.js" timestamp="2026-03-17T19:02:08.302Z" hostname="Kahana-PC" tests="19" failures="0" errors="0" skipped="0" time="0.0454419">
        <testcase classname="tests/tree-sort.test.js" name="sortTopics &gt; alpha-asc (default) &gt; sorts topics A→Z by name" time="0.0266473">
        </testcase>
        <testcase classname="tests/tree-sort.test.js" name="sortTopics &gt; alpha-asc (default) &gt; is case-insensitive" time="0.0009659">
        </testcase>
        <testcase classname="tests/tree-sort.test.js" name="sortTopics &gt; alpha-asc (default) &gt; uses alpha-asc as the default when mode is unrecognized" time="0.0004978">
        </testcase>
        <testcase classname="tests/tree-sort.test.js" name="sortTopics &gt; alpha-desc &gt; sorts topics Z→A by name" time="0.000775">
        </testcase>
        <testcase classname="tests/tree-sort.test.js" name="sortTopics &gt; alpha-desc &gt; is case-insensitive" time="0.0005188">
        </testcase>
        <testcase classname="tests/tree-sort.test.js" name="sortTopics &gt; updated &gt; sorts by updatedAt descending (most recent first)" time="0.0007102">
        </testcase>
        <testcase classname="tests/tree-sort.test.js" name="sortTopics &gt; updated &gt; handles missing updatedAt (treats as 0)" time="0.0004167">
        </testcase>
        <testcase classname="tests/tree-sort.test.js" name="sortTopics &gt; count &gt; sorts by chatIds.length descending" time="0.0006092">
        </testcase>
        <testcase classname="tests/tree-sort.test.js" name="sortTopics &gt; count &gt; handles missing chatIds (treats as 0)" time="0.0005792">
        </testcase>
        <testcase classname="tests/tree-sort.test.js" name="sortTopics &gt; pin-first behaviour &gt; pinned topics appear before unpinned regardless of mode (alpha-asc)" time="0.0005655">
        </testcase>
        <testcase classname="tests/tree-sort.test.js" name="sortTopics &gt; pin-first behaviour &gt; multiple pinned topics are sorted among themselves" time="0.0005802">
        </testcase>
        <testcase classname="tests/tree-sort.test.js" name="sortTopics &gt; pin-first behaviour &gt; pinned topics first in alpha-desc" time="0.0003771">
        </testcase>
        <testcase classname="tests/tree-sort.test.js" name="sortTopics &gt; pin-first behaviour &gt; pinned topics first in updated" time="0.0005483">
        </testcase>
        <testcase classname="tests/tree-sort.test.js" name="sortTopics &gt; pin-first behaviour &gt; pinned topics first in count" time="0.0006275">
        </testcase>
        <testcase classname="tests/tree-sort.test.js" name="sortTopics &gt; immutability &gt; does not mutate the original array" time="0.0010472">
        </testcase>
        <testcase classname="tests/tree-sort.test.js" name="sortTopics &gt; edge cases &gt; returns empty array for empty input" time="0.0006483">
        </testcase>
        <testcase classname="tests/tree-sort.test.js" name="sortTopics &gt; edge cases &gt; returns single-element array unchanged" time="0.0029879">
        </testcase>
        <testcase classname="tests/tree-sort.test.js" name="sortTopics count — empty chatIds arrays &gt; treats empty chatIds[] as length 0 (both sides of ||)" time="0.0008137">
        </testcase>
        <testcase classname="tests/tree-sort.test.js" name="sortTopics count — empty chatIds arrays &gt; correctly orders when one has length 0 and other has &gt; 0 via optional chain" time="0.0005606">
        </testcase>
    </testsuite>
    <testsuite name="tests/tree.test.js" timestamp="2026-03-17T19:02:08.318Z" hostname="Kahana-PC" tests="98" failures="0" errors="0" skipped="0" time="0.1656677">
        <testcase classname="tests/tree.test.js" name="Topic Model &gt; should create a topic with required fields" time="0.0062045">
        </testcase>
        <testcase classname="tests/tree.test.js" name="Topic Model &gt; should create a topic with parent" time="0.0006496">
        </testcase>
        <testcase classname="tests/tree.test.js" name="Topic Model &gt; should convert to and from plain object" time="0.000713">
        </testcase>
        <testcase classname="tests/tree.test.js" name="Topic Model &gt; should update timestamp on touch" time="0.0004338">
        </testcase>
        <testcase classname="tests/tree.test.js" name="Topic Model &gt; should update date range correctly" time="0.0006656">
        </testcase>
        <testcase classname="tests/tree.test.js" name="Topic Model &gt; should recalculate date range from timestamps" time="0.00058">
        </testcase>
        <testcase classname="tests/tree.test.js" name="Topic Model &gt; should clear date range when recalculating with empty array" time="0.0004959">
        </testcase>
        <testcase classname="tests/tree.test.js" name="Topic Model &gt; should format date range string" time="0.0347467">
        </testcase>
        <testcase classname="tests/tree.test.js" name="Topic Model &gt; should format date range for different months" time="0.0012117">
        </testcase>
        <testcase classname="tests/tree.test.js" name="ChatEntry Model &gt; should create a chat entry with required fields" time="0.0015281">
        </testcase>
        <testcase classname="tests/tree.test.js" name="ChatEntry Model &gt; should create with custom timestamp" time="0.0005446">
        </testcase>
        <testcase classname="tests/tree.test.js" name="ChatEntry Model &gt; should convert to and from plain object" time="0.0008783">
        </testcase>
        <testcase classname="tests/tree.test.js" name="ChatEntry Model &gt; should validate correctly" time="0.0008173">
        </testcase>
        <testcase classname="tests/tree.test.js" name="ChatEntry Model &gt; should fail validation without title" time="0.0029293">
        </testcase>
        <testcase classname="tests/tree.test.js" name="ChatEntry Model &gt; should fail validation without content" time="0.0007843">
        </testcase>
        <testcase classname="tests/tree.test.js" name="ChatEntry Model &gt; should fail validation with invalid source" time="0.0006927">
        </testcase>
        <testcase classname="tests/tree.test.js" name="TopicTree &gt; Basic Operations &gt; should create empty tree" time="0.0007749">
        </testcase>
        <testcase classname="tests/tree.test.js" name="TopicTree &gt; Basic Operations &gt; should add a root topic" time="0.0026843">
        </testcase>
        <testcase classname="tests/tree.test.js" name="TopicTree &gt; Basic Operations &gt; should add a child topic" time="0.0009116">
        </testcase>
        <testcase classname="tests/tree.test.js" name="TopicTree &gt; Basic Operations &gt; should trim whitespace from topic names" time="0.0005196">
        </testcase>
        <testcase classname="tests/tree.test.js" name="TopicTree &gt; Basic Operations &gt; should throw error for empty topic name" time="0.000872">
        </testcase>
        <testcase classname="tests/tree.test.js" name="TopicTree &gt; Basic Operations &gt; should throw error for non-existent parent" time="0.0006638">
        </testcase>
        <testcase classname="tests/tree.test.js" name="TopicTree &gt; Basic Operations &gt; should prevent duplicate names at root level" time="0.0009253">
        </testcase>
        <testcase classname="tests/tree.test.js" name="TopicTree &gt; Basic Operations &gt; should prevent duplicate names with different casing at root level" time="0.0018476">
        </testcase>
        <testcase classname="tests/tree.test.js" name="TopicTree &gt; Basic Operations &gt; should prevent duplicate names at same child level" time="0.0012341">
        </testcase>
        <testcase classname="tests/tree.test.js" name="TopicTree &gt; Basic Operations &gt; should allow same name under different parents" time="0.0040765">
        </testcase>
        <testcase classname="tests/tree.test.js" name="TopicTree &gt; Basic Operations &gt; should allow same name at root and child levels" time="0.0009613">
        </testcase>
        <testcase classname="tests/tree.test.js" name="TopicTree &gt; Alphabetical Sorting &gt; should sort root topics alphabetically" time="0.0011428">
        </testcase>
        <testcase classname="tests/tree.test.js" name="TopicTree &gt; Alphabetical Sorting &gt; should sort child topics alphabetically" time="0.0012485">
        </testcase>
        <testcase classname="tests/tree.test.js" name="TopicTree &gt; Alphabetical Sorting &gt; should maintain sort order after rename" time="0.0010124">
        </testcase>
        <testcase classname="tests/tree.test.js" name="TopicTree &gt; Alphabetical Sorting &gt; should sort case-insensitively" time="0.0007395">
        </testcase>
        <testcase classname="tests/tree.test.js" name="TopicTree &gt; Delete Operations &gt; should delete a root topic" time="0.0012028">
        </testcase>
        <testcase classname="tests/tree.test.js" name="TopicTree &gt; Delete Operations &gt; should delete a child topic" time="0.0009046">
        </testcase>
        <testcase classname="tests/tree.test.js" name="TopicTree &gt; Delete Operations &gt; should recursively delete child topics" time="0.0011944">
        </testcase>
        <testcase classname="tests/tree.test.js" name="TopicTree &gt; Delete Operations &gt; should return chat IDs when deleting" time="0.000963">
        </testcase>
        <testcase classname="tests/tree.test.js" name="TopicTree &gt; Delete Operations &gt; should return false for non-existent topic" time="0.0004492">
        </testcase>
        <testcase classname="tests/tree.test.js" name="TopicTree &gt; Move Operations &gt; should move topic to different parent" time="0.001535">
        </testcase>
        <testcase classname="tests/tree.test.js" name="TopicTree &gt; Move Operations &gt; should move topic to root" time="0.0013429">
        </testcase>
        <testcase classname="tests/tree.test.js" name="TopicTree &gt; Move Operations &gt; should prevent circular references" time="0.0014023">
        </testcase>
        <testcase classname="tests/tree.test.js" name="TopicTree &gt; Move Operations &gt; should prevent moving topic under itself" time="0.0008545">
        </testcase>
        <testcase classname="tests/tree.test.js" name="TopicTree &gt; Move Operations &gt; should throw error for non-existent topic" time="0.0006234">
        </testcase>
        <testcase classname="tests/tree.test.js" name="TopicTree &gt; Move Operations &gt; should throw error for non-existent parent" time="0.0007702">
        </testcase>
        <testcase classname="tests/tree.test.js" name="TopicTree &gt; Rename Operations &gt; should rename a topic" time="0.0005824">
        </testcase>
        <testcase classname="tests/tree.test.js" name="TopicTree &gt; Rename Operations &gt; should trim whitespace when renaming" time="0.0005232">
        </testcase>
        <testcase classname="tests/tree.test.js" name="TopicTree &gt; Rename Operations &gt; should throw error for empty name" time="0.0006911">
        </testcase>
        <testcase classname="tests/tree.test.js" name="TopicTree &gt; Rename Operations &gt; should throw error for non-existent topic" time="0.0006251">
        </testcase>
        <testcase classname="tests/tree.test.js" name="TopicTree &gt; Rename Operations &gt; should prevent renaming to duplicate name at same level" time="0.0008167">
        </testcase>
        <testcase classname="tests/tree.test.js" name="TopicTree &gt; Rename Operations &gt; should prevent renaming to duplicate name with different casing" time="0.0008612">
        </testcase>
        <testcase classname="tests/tree.test.js" name="TopicTree &gt; Rename Operations &gt; should allow renaming to same name (no change)" time="0.0009215">
        </testcase>
        <testcase classname="tests/tree.test.js" name="TopicTree &gt; Rename Operations &gt; should allow renaming to duplicate name at different level" time="0.0010171">
        </testcase>
        <testcase classname="tests/tree.test.js" name="TopicTree &gt; Topic Path &gt; should get path for root topic" time="0.0016105">
        </testcase>
        <testcase classname="tests/tree.test.js" name="TopicTree &gt; Topic Path &gt; should get full path for nested topic" time="0.00096">
        </testcase>
        <testcase classname="tests/tree.test.js" name="TopicTree &gt; Topic Path &gt; should return empty array for non-existent topic" time="0.0003956">
        </testcase>
        <testcase classname="tests/tree.test.js" name="TopicTree &gt; Merge Operations &gt; should merge two topics" time="0.0013732">
        </testcase>
        <testcase classname="tests/tree.test.js" name="TopicTree &gt; Merge Operations &gt; should merge children from source to target" time="0.0020201">
        </testcase>
        <testcase classname="tests/tree.test.js" name="TopicTree &gt; Merge Operations &gt; should merge date ranges" time="0.00217">
        </testcase>
        <testcase classname="tests/tree.test.js" name="TopicTree &gt; Merge Operations &gt; should throw error when merging topic with itself" time="0.0008155">
        </testcase>
        <testcase classname="tests/tree.test.js" name="TopicTree &gt; Merge Operations &gt; should throw error when merging with ancestor/descendant" time="0.0012378">
        </testcase>
        <testcase classname="tests/tree.test.js" name="TopicTree &gt; Date Range Operations &gt; should update topic date range" time="0.0007442">
        </testcase>
        <testcase classname="tests/tree.test.js" name="TopicTree &gt; Date Range Operations &gt; should get formatted date range" time="0.0119264">
        </testcase>
        <testcase classname="tests/tree.test.js" name="TopicTree &gt; Date Range Operations &gt; should return null for topic with no chats" time="0.0022917">
        </testcase>
        <testcase classname="tests/tree.test.js" name="TopicTree &gt; Serialization &gt; should convert tree to and from object" time="0.0015535">
        </testcase>
        <testcase classname="tests/tree.test.js" name="TopicTree &gt; Tree Utilities &gt; should get all topics" time="0.0014057">
        </testcase>
        <testcase classname="tests/tree.test.js" name="TopicTree &gt; Tree Utilities &gt; should get root topics" time="0.0015446">
        </testcase>
        <testcase classname="tests/tree.test.js" name="TopicTree &gt; Tree Utilities &gt; should get children of a topic" time="0.0008101">
        </testcase>
        <testcase classname="tests/tree.test.js" name="TopicTree &gt; Tree Utilities &gt; should find orphaned topics" time="0.0010863">
        </testcase>
        <testcase classname="tests/tree.test.js" name="TopicTree &gt; Tree Utilities &gt; should repair tree by moving orphans to root" time="0.0009172">
        </testcase>
        <testcase classname="tests/tree.test.js" name="TopicTree &gt; Tree Utilities &gt; should get tree statistics" time="0.0014765">
        </testcase>
        <testcase classname="tests/tree.test.js" name="TopicTree &gt; Tree Utilities &gt; should return zeroed statistics for empty tree" time="0.000984">
        </testcase>
        <testcase classname="tests/tree.test.js" name="Topic – touch() updates updatedAt &gt; should update updatedAt when touch() is called" time="0.0032114">
        </testcase>
        <testcase classname="tests/tree.test.js" name="Topic – getDateRangeString() partial dates &gt; should return null when only firstChatDate is set (lastChatDate null)" time="0.0006616">
        </testcase>
        <testcase classname="tests/tree.test.js" name="Topic – getDateRangeString() partial dates &gt; should return null when only lastChatDate is set (firstChatDate null)" time="0.0005022">
        </testcase>
        <testcase classname="tests/tree.test.js" name="Topic – getDateRangeString() partial dates &gt; should return single month string when first and last are in same month" time="0.001436">
        </testcase>
        <testcase classname="tests/tree.test.js" name="Topic – getDateRangeString() partial dates &gt; should return range string when first and last are in different months" time="0.0012129">
        </testcase>
        <testcase classname="tests/tree.test.js" name="ChatEntry – validate() non-string values &gt; should throw when title is a number" time="0.0012692">
        </testcase>
        <testcase classname="tests/tree.test.js" name="ChatEntry – validate() non-string values &gt; should throw when title is null" time="0.0008162">
        </testcase>
        <testcase classname="tests/tree.test.js" name="ChatEntry – validate() non-string values &gt; should throw when content is a number" time="0.0007273">
        </testcase>
        <testcase classname="tests/tree.test.js" name="ChatEntry – validate() non-string values &gt; should throw when content is null" time="0.0006444">
        </testcase>
        <testcase classname="tests/tree.test.js" name="ChatEntry – validate() non-string values &gt; should throw when source is unknown" time="0.0007169">
        </testcase>
        <testcase classname="tests/tree.test.js" name="ChatEntry – validate() non-string values &gt; should pass validation with correct fields" time="0.0004739">
        </testcase>
        <testcase classname="tests/tree.test.js" name="TopicTree – updateTopicDateRange() error path &gt; should throw when topicId does not exist" time="0.0006845">
        </testcase>
        <testcase classname="tests/tree.test.js" name="TopicTree – getChildren() for non-existent topic &gt; should return empty array for non-existent topicId" time="0.0004183">
        </testcase>
        <testcase classname="tests/tree.test.js" name="TopicTree – mergeTopics() date range edge cases &gt; should throw when source topic does not exist" time="0.0007793">
        </testcase>
        <testcase classname="tests/tree.test.js" name="TopicTree – mergeTopics() date range edge cases &gt; should throw when target topic does not exist" time="0.0016747">
        </testcase>
        <testcase classname="tests/tree.test.js" name="TopicTree – mergeTopics() date range edge cases &gt; should keep target dates when source has no dates" time="0.0016189">
        </testcase>
        <testcase classname="tests/tree.test.js" name="TopicTree – mergeTopics() date range edge cases &gt; should adopt source dates when target has no dates" time="0.0011128">
        </testcase>
        <testcase classname="tests/tree.test.js" name="TopicTree – repairTree() no duplicate root entry &gt; should not add orphan twice when it is already in rootTopicIds" time="0.0008295">
        </testcase>
        <testcase classname="tests/tree.test.js" name="TopicTree – fromObject() minimal/missing fields &gt; should handle empty object gracefully" time="0.0005927">
        </testcase>
        <testcase classname="tests/tree.test.js" name="TopicTree – fromObject() minimal/missing fields &gt; should handle object with topics but no rootTopicIds" time="0.0005294">
        </testcase>
        <testcase classname="tests/tree.test.js" name="TopicTree – sortChildren() when parent entry does not exist &gt; should not throw when parentId does not exist in topics" time="0.00092">
        </testcase>
        <testcase classname="tests/tree.test.js" name="TopicTree – getTopicDateRange() non-existent topic &gt; should return null when topicId does not exist" time="0.0003772">
        </testcase>
        <testcase classname="tests/tree.test.js" name="TopicTree – repairTree() orphan NOT in rootTopicIds &gt; should add orphan to rootTopicIds when it was a child of a deleted parent" time="0.0012694">
        </testcase>
        <testcase classname="tests/tree.test.js" name="TopicTree – _isDescendant() with non-existent topic ids &gt; returns false immediately when possibleDescendantId does not exist" time="0.0013444">
        </testcase>
        <testcase classname="tests/tree.test.js" name="TopicTree – _isDescendant() with non-existent topic ids &gt; returns false when topic chain leads to a missing parent" time="0.0006779">
        </testcase>
        <testcase classname="tests/tree.test.js" name="TopicTree – getStatistics() with ghost root IDs &gt; skipps root IDs not present in topics (walk returns early)" time="0.0006974">
        </testcase>
        <testcase classname="tests/tree.test.js" name="TopicTree – getTopicPath() with non-existent topic &gt; returns empty array for a non-existent topic id" time="0.0004222">
        </testcase>
        <testcase classname="tests/tree.test.js" name="Topic – _generateId() legacy method &gt; returns a string starting with &quot;topic_&quot;" time="0.0009089">
        </testcase>
        <testcase classname="tests/tree.test.js" name="ChatEntry – _generateId() legacy method &gt; returns a string starting with &quot;chat_&quot;" time="0.0010909">
        </testcase>
    </testsuite>
    <testsuite name="tests/url-utils.test.js" timestamp="2026-03-17T19:02:08.397Z" hostname="Kahana-PC" tests="21" failures="0" errors="0" skipped="0" time="0.0104788">
        <testcase classname="tests/url-utils.test.js" name="isSpecificChatUrl() &gt; non-Copilot platforms — always specific &gt; treats a ChatGPT conversation URL as specific" time="0.0026924">
        </testcase>
        <testcase classname="tests/url-utils.test.js" name="isSpecificChatUrl() &gt; non-Copilot platforms — always specific &gt; treats a Claude.ai conversation URL as specific" time="0.0004063">
        </testcase>
        <testcase classname="tests/url-utils.test.js" name="isSpecificChatUrl() &gt; non-Copilot platforms — always specific &gt; treats a Gemini conversation URL as specific" time="0.000341">
        </testcase>
        <testcase classname="tests/url-utils.test.js" name="isSpecificChatUrl() &gt; Copilot SPA — generic base URLs are NOT specific &gt; returns false for the bare m365 /chat page" time="0.0004812">
        </testcase>
        <testcase classname="tests/url-utils.test.js" name="isSpecificChatUrl() &gt; Copilot SPA — generic base URLs are NOT specific &gt; returns false for m365 /chat with trailing slash" time="0.0004108">
        </testcase>
        <testcase classname="tests/url-utils.test.js" name="isSpecificChatUrl() &gt; Copilot SPA — generic base URLs are NOT specific &gt; returns false for m365 root with no params" time="0.0002233">
        </testcase>
        <testcase classname="tests/url-utils.test.js" name="isSpecificChatUrl() &gt; Copilot SPA — generic base URLs are NOT specific &gt; returns false for copilot.microsoft.com root with no params" time="0.0001782">
        </testcase>
        <testcase classname="tests/url-utils.test.js" name="isSpecificChatUrl() &gt; Copilot SPA — generic base URLs are NOT specific &gt; returns false for copilot.microsoft.com/chat with no params" time="0.0001756">
        </testcase>
        <testcase classname="tests/url-utils.test.js" name="isSpecificChatUrl() &gt; Copilot SPA — generic base URLs are NOT specific &gt; returns false for unrelated query params (no conversation ID)" time="0.0002263">
        </testcase>
        <testcase classname="tests/url-utils.test.js" name="isSpecificChatUrl() &gt; Copilot SPA — conversation-specific URLs ARE specific &gt; returns true when entityid param is present (m365)" time="0.0001635">
        </testcase>
        <testcase classname="tests/url-utils.test.js" name="isSpecificChatUrl() &gt; Copilot SPA — conversation-specific URLs ARE specific &gt; returns true when entityid is mixed-case" time="0.000162">
        </testcase>
        <testcase classname="tests/url-utils.test.js" name="isSpecificChatUrl() &gt; Copilot SPA — conversation-specific URLs ARE specific &gt; returns true when ThreadId param is present" time="0.0001549">
        </testcase>
        <testcase classname="tests/url-utils.test.js" name="isSpecificChatUrl() &gt; Copilot SPA — conversation-specific URLs ARE specific &gt; returns true when conversationId is present" time="0.0002551">
        </testcase>
        <testcase classname="tests/url-utils.test.js" name="isSpecificChatUrl() &gt; Copilot SPA — conversation-specific URLs ARE specific &gt; returns true when chatId is present" time="0.0002179">
        </testcase>
        <testcase classname="tests/url-utils.test.js" name="isSpecificChatUrl() &gt; Copilot SPA — conversation-specific URLs ARE specific &gt; returns true when threadId (lowercase) is among multiple params" time="0.0001777">
        </testcase>
        <testcase classname="tests/url-utils.test.js" name="isSpecificChatUrl() &gt; Copilot SPA — conversation-specific URLs ARE specific &gt; returns true when entityid is not the first param" time="0.0001544">
        </testcase>
        <testcase classname="tests/url-utils.test.js" name="isSpecificChatUrl() &gt; edge cases &gt; returns false for an empty string" time="0.0001277">
        </testcase>
        <testcase classname="tests/url-utils.test.js" name="isSpecificChatUrl() &gt; edge cases &gt; returns false for null" time="0.0001239">
        </testcase>
        <testcase classname="tests/url-utils.test.js" name="isSpecificChatUrl() &gt; edge cases &gt; returns false for undefined" time="0.0001706">
        </testcase>
        <testcase classname="tests/url-utils.test.js" name="isSpecificChatUrl() &gt; edge cases &gt; returns false for a malformed / non-URL string" time="0.0002365">
        </testcase>
        <testcase classname="tests/url-utils.test.js" name="isSpecificChatUrl() &gt; edge cases &gt; returns false for a relative URL" time="0.0001614">
        </testcase>
    </testsuite>
    <testsuite name="tests/virtual-scroll.test.js" timestamp="2026-03-17T19:02:08.420Z" hostname="Kahana-PC" tests="34" failures="0" errors="0" skipped="0" time="0.1316284">
        <testcase classname="tests/virtual-scroll.test.js" name="renderVirtualRow — topic &gt; creates a div with the correct classes" time="0.0120396">
        </testcase>
        <testcase classname="tests/virtual-scroll.test.js" name="renderVirtualRow — topic &gt; adds selected class when item id matches selectedNodeId" time="0.0016827">
        </testcase>
        <testcase classname="tests/virtual-scroll.test.js" name="renderVirtualRow — topic &gt; does not add selected class for non-selected item" time="0.0009549">
        </testcase>
        <testcase classname="tests/virtual-scroll.test.js" name="renderVirtualRow — topic &gt; renders indent spacer with correct width" time="0.0072267">
        </testcase>
        <testcase classname="tests/virtual-scroll.test.js" name="renderVirtualRow — topic &gt; shows collapsed chevron ▶ when topic is not expanded and has children" time="0.0016393">
        </testcase>
        <testcase classname="tests/virtual-scroll.test.js" name="renderVirtualRow — topic &gt; shows expanded chevron ▼ when topic is expanded" time="0.0014236">
        </testcase>
        <testcase classname="tests/virtual-scroll.test.js" name="renderVirtualRow — topic &gt; shows space chevron when topic has no children or chats" time="0.0011541">
        </testcase>
        <testcase classname="tests/virtual-scroll.test.js" name="renderVirtualRow — topic &gt; renders topic name" time="0.0010212">
        </testcase>
        <testcase classname="tests/virtual-scroll.test.js" name="renderVirtualRow — topic &gt; renders &quot;Untitled&quot; for topic with no name" time="0.0012087">
        </testcase>
        <testcase classname="tests/virtual-scroll.test.js" name="renderVirtualRow — topic &gt; renders chat count badge when chats exist" time="0.0016412">
        </testcase>
        <testcase classname="tests/virtual-scroll.test.js" name="renderVirtualRow — topic &gt; does not render count badge when no chats" time="0.0010517">
        </testcase>
        <testcase classname="tests/virtual-scroll.test.js" name="renderVirtualRow — topic &gt; click event calls setSelectedNode and toggleExpand when hasChildren" time="0.0113684">
        </testcase>
        <testcase classname="tests/virtual-scroll.test.js" name="renderVirtualRow — topic &gt; click event calls onTopicClick when provided" time="0.0014447">
        </testcase>
        <testcase classname="tests/virtual-scroll.test.js" name="renderVirtualRow — topic &gt; click event calls rerenderVirtual" time="0.0013795">
        </testcase>
        <testcase classname="tests/virtual-scroll.test.js" name="renderVirtualRow — topic &gt; contextmenu event calls onTopicContextMenu when provided" time="0.0023393">
        </testcase>
        <testcase classname="tests/virtual-scroll.test.js" name="renderVirtualRow — topic &gt; contextmenu does not throw when onTopicContextMenu is null" time="0.002567">
        </testcase>
        <testcase classname="tests/virtual-scroll.test.js" name="renderVirtualRow — topic &gt; handles null tree in ctx gracefully" time="0.0038426">
        </testcase>
        <testcase classname="tests/virtual-scroll.test.js" name="renderVirtualRow — chat &gt; creates a div with chat class" time="0.0044561">
        </testcase>
        <testcase classname="tests/virtual-scroll.test.js" name="renderVirtualRow — chat &gt; renders chat title" time="0.0067095">
        </testcase>
        <testcase classname="tests/virtual-scroll.test.js" name="renderVirtualRow — chat &gt; renders &quot;Untitled&quot; when title missing" time="0.0055713">
        </testcase>
        <testcase classname="tests/virtual-scroll.test.js" name="renderVirtualRow — chat &gt; click calls setSelectedNode and onChatClick" time="0.0021655">
        </testcase>
        <testcase classname="tests/virtual-scroll.test.js" name="renderVirtualRow — chat &gt; click does not throw when onChatClick is null" time="0.0016438">
        </testcase>
        <testcase classname="tests/virtual-scroll.test.js" name="renderVirtualRow — chat &gt; contextmenu calls onChatContextMenu when provided" time="0.0014324">
        </testcase>
        <testcase classname="tests/virtual-scroll.test.js" name="renderVirtualRow — chat &gt; contextmenu does not throw when onChatContextMenu is null" time="0.0016565">
        </testcase>
        <testcase classname="tests/virtual-scroll.test.js" name="startVirtualScroll &gt; returns a function (the scroll handler)" time="0.0050163">
        </testcase>
        <testcase classname="tests/virtual-scroll.test.js" name="startVirtualScroll &gt; adds tree-virtual-container CSS class" time="0.0017297">
        </testcase>
        <testcase classname="tests/virtual-scroll.test.js" name="startVirtualScroll &gt; creates a sizer div with correct height for the total rows" time="0.0074879">
        </testcase>
        <testcase classname="tests/virtual-scroll.test.js" name="startVirtualScroll &gt; creates a viewport div" time="0.0017666">
        </testcase>
        <testcase classname="tests/virtual-scroll.test.js" name="startVirtualScroll &gt; removes previous scroll handler before attaching new one" time="0.004997">
        </testcase>
        <testcase classname="tests/virtual-scroll.test.js" name="startVirtualScroll &gt; renders visible rows on initial call" time="0.0046779">
        </testcase>
        <testcase classname="tests/virtual-scroll.test.js" name="startVirtualScroll &gt; clears container innerHTML before mounting" time="0.0056276">
        </testcase>
        <testcase classname="tests/virtual-scroll.test.js" name="startVirtualScroll &gt; handler re-renders slice on scroll" time="0.0141278">
        </testcase>
        <testcase classname="tests/virtual-scroll.test.js" name="startVirtualScroll &gt; handles empty flatNodes without error" time="0.0016177">
        </testcase>
        <testcase classname="tests/virtual-scroll.test.js" name="startVirtualScroll &gt; does not remove previous handler when prevHandler is null" time="0.0013277">
        </testcase>
    </testsuite>
    <testsuite name="tests/entity-cards/artifact-card.test.js" timestamp="2026-03-17T19:02:08.446Z" hostname="Kahana-PC" tests="19" failures="0" errors="0" skipped="0" time="0.1013451">
        <testcase classname="tests/entity-cards/artifact-card.test.js" name="artifactCard() &gt; returns an HTMLElement" time="0.0144536">
        </testcase>
        <testcase classname="tests/entity-cards/artifact-card.test.js" name="artifactCard() &gt; has class entity-card--artifact" time="0.0034381">
        </testcase>
        <testcase classname="tests/entity-cards/artifact-card.test.js" name="artifactCard() &gt; badge shows &quot;HTML&quot; for artifactType html" time="0.0074334">
        </testcase>
        <testcase classname="tests/entity-cards/artifact-card.test.js" name="artifactCard() &gt; badge shows &quot;React&quot; for artifactType react" time="0.0021988">
        </testcase>
        <testcase classname="tests/entity-cards/artifact-card.test.js" name="artifactCard() &gt; badge shows &quot;SVG&quot; for artifactType svg" time="0.0015693">
        </testcase>
        <testcase classname="tests/entity-cards/artifact-card.test.js" name="artifactCard() &gt; badge shows &quot;Text&quot; for artifactType text" time="0.0015798">
        </testcase>
        <testcase classname="tests/entity-cards/artifact-card.test.js" name="artifactCard() &gt; screenshot &lt;img&gt; is rendered when screenshotDataUri is set" time="0.0020219">
        </testcase>
        <testcase classname="tests/entity-cards/artifact-card.test.js" name="artifactCard() &gt; placeholder is rendered when screenshotDataUri is null" time="0.0017149">
        </testcase>
        <testcase classname="tests/entity-cards/artifact-card.test.js" name="artifactCard() &gt; title element is rendered when entity.title is non-empty" time="0.0017224">
        </testcase>
        <testcase classname="tests/entity-cards/artifact-card.test.js" name="artifactCard() &gt; title element is absent when entity.title is empty" time="0.0017082">
        </testcase>
        <testcase classname="tests/entity-cards/artifact-card.test.js" name="artifactCard() &gt; &quot;Preview&quot; button calls onPreview with the entity" time="0.0132577">
        </testcase>
        <testcase classname="tests/entity-cards/artifact-card.test.js" name="artifactCard() &gt; &quot;Preview&quot; button click does not bubble to onOpen" time="0.0025941">
        </testcase>
        <testcase classname="tests/entity-cards/artifact-card.test.js" name="artifactCard() &gt; &quot;Copy source&quot; button writes source to clipboard" time="0.0026422">
        </testcase>
        <testcase classname="tests/entity-cards/artifact-card.test.js" name="artifactCard() &gt; &quot;Copy source&quot; click does not bubble to onOpen" time="0.0033029">
        </testcase>
        <testcase classname="tests/entity-cards/artifact-card.test.js" name="artifactCard() &gt; &quot;Download&quot; button generates correct .html extension for text/html" time="0.0081928">
        </testcase>
        <testcase classname="tests/entity-cards/artifact-card.test.js" name="artifactCard() &gt; &quot;Download&quot; button uses .svg extension for image/svg+xml" time="0.0069848">
        </testcase>
        <testcase classname="tests/entity-cards/artifact-card.test.js" name="artifactCard() &gt; &quot;Download&quot; button uses .html extension for HTML artifact" time="0.0034591">
        </testcase>
        <testcase classname="tests/entity-cards/artifact-card.test.js" name="artifactCard() &gt; &quot;Download&quot; click does not bubble to onOpen" time="0.003915">
        </testcase>
        <testcase classname="tests/entity-cards/artifact-card.test.js" name="artifactCard() &gt; clicking the card body fires onOpen" time="0.0129886">
        </testcase>
    </testsuite>
    <testsuite name="tests/entity-cards/attachment-card.test.js" timestamp="2026-03-17T19:02:08.460Z" hostname="Kahana-PC" tests="17" failures="0" errors="0" skipped="0" time="0.057245">
        <testcase classname="tests/entity-cards/attachment-card.test.js" name="attachmentCard() &gt; returns an HTMLElement" time="0.0082583">
        </testcase>
        <testcase classname="tests/entity-cards/attachment-card.test.js" name="attachmentCard() &gt; has class entity-card--attachment" time="0.0021147">
        </testcase>
        <testcase classname="tests/entity-cards/attachment-card.test.js" name="attachmentCard() &gt; PDF mime type → shows PDF icon" time="0.015124">
        </testcase>
        <testcase classname="tests/entity-cards/attachment-card.test.js" name="attachmentCard() &gt; image mime type → shows image icon" time="0.0015957">
        </testcase>
        <testcase classname="tests/entity-cards/attachment-card.test.js" name="attachmentCard() &gt; CSV mime type → shows spreadsheet icon" time="0.0014277">
        </testcase>
        <testcase classname="tests/entity-cards/attachment-card.test.js" name="attachmentCard() &gt; zip mime type → shows archive icon" time="0.0012597">
        </testcase>
        <testcase classname="tests/entity-cards/attachment-card.test.js" name="attachmentCard() &gt; filename is displayed" time="0.0013202">
        </testcase>
        <testcase classname="tests/entity-cards/attachment-card.test.js" name="attachmentCard() &gt; size badge shows KB for byte sizes under 1 MB" time="0.001601">
        </testcase>
        <testcase classname="tests/entity-cards/attachment-card.test.js" name="attachmentCard() &gt; size badge shows MB for byte sizes ≥ 1 MB" time="0.0012788">
        </testcase>
        <testcase classname="tests/entity-cards/attachment-card.test.js" name="attachmentCard() &gt; no size badge when sizeBytes is null" time="0.0010787">
        </testcase>
        <testcase classname="tests/entity-cards/attachment-card.test.js" name="attachmentCard() &gt; &quot;Original file&quot; notice is present for all attachment cards" time="0.0013944">
        </testcase>
        <testcase classname="tests/entity-cards/attachment-card.test.js" name="attachmentCard() &gt; &quot;Original file&quot; notice present even without filename" time="0.0012609">
        </testcase>
        <testcase classname="tests/entity-cards/attachment-card.test.js" name="attachmentCard() &gt; &quot;Go to message&quot; button fires onOpen with entity" time="0.0095087">
        </testcase>
        <testcase classname="tests/entity-cards/attachment-card.test.js" name="attachmentCard() &gt; no &quot;Go to message&quot; button when onOpen not provided" time="0.0028174">
        </testcase>
        <testcase classname="tests/entity-cards/attachment-card.test.js" name="attachmentCard() &gt; &quot;Untitled file&quot; shown when filename is null" time="0.0010618">
        </testcase>
        <testcase classname="tests/entity-cards/attachment-card.test.js" name="attachmentCard() &gt; size formats correctly: exactly 1024 bytes → 1 KB" time="0.0011167">
        </testcase>
        <testcase classname="tests/entity-cards/attachment-card.test.js" name="attachmentCard() &gt; small byte size (under 1 KB) shown as bytes" time="0.0009971">
        </testcase>
    </testsuite>
    <testsuite name="tests/entity-cards/audio-card.test.js" timestamp="2026-03-17T19:02:08.475Z" hostname="Kahana-PC" tests="13" failures="0" errors="0" skipped="0" time="0.044509">
        <testcase classname="tests/entity-cards/audio-card.test.js" name="audioCard() &gt; returns an HTMLElement" time="0.0102706">
        </testcase>
        <testcase classname="tests/entity-cards/audio-card.test.js" name="audioCard() &gt; has correct CSS class" time="0.0022192">
        </testcase>
        <testcase classname="tests/entity-cards/audio-card.test.js" name="audioCard() &gt; src set — audio player &gt; &lt;audio controls&gt; rendered with that src" time="0.0044726">
        </testcase>
        <testcase classname="tests/entity-cards/audio-card.test.js" name="audioCard() &gt; src set — audio player &gt; no error notice when src is valid and no captureError" time="0.0013012">
        </testcase>
        <testcase classname="tests/entity-cards/audio-card.test.js" name="audioCard() &gt; captureError set &gt; captureError &quot;too_large&quot; → notice replaces audio player" time="0.0016216">
        </testcase>
        <testcase classname="tests/entity-cards/audio-card.test.js" name="audioCard() &gt; captureError set &gt; captureError &quot;expired&quot; → notice mentions &quot;expired&quot;" time="0.0009324">
        </testcase>
        <testcase classname="tests/entity-cards/audio-card.test.js" name="audioCard() &gt; duration badge &gt; duration badge renders as m:ss" time="0.0021358">
        </testcase>
        <testcase classname="tests/entity-cards/audio-card.test.js" name="audioCard() &gt; duration badge &gt; no duration badge when durationSeconds is null" time="0.0015179">
        </testcase>
        <testcase classname="tests/entity-cards/audio-card.test.js" name="audioCard() &gt; duration badge &gt; duration 0 → badge shows 0:00" time="0.0015243">
        </testcase>
        <testcase classname="tests/entity-cards/audio-card.test.js" name="audioCard() &gt; transcript &gt; transcript non-null → collapsible &lt;details&gt; rendered" time="0.002534">
        </testcase>
        <testcase classname="tests/entity-cards/audio-card.test.js" name="audioCard() &gt; transcript &gt; transcript null → no collapsible section" time="0.0012816">
        </testcase>
        <testcase classname="tests/entity-cards/audio-card.test.js" name="audioCard() &gt; onOpen callback &gt; clicking card fires onOpen with entity" time="0.0070541">
        </testcase>
        <testcase classname="tests/entity-cards/audio-card.test.js" name="audioCard() &gt; onOpen callback &gt; no error when no onOpen provided" time="0.0035029">
        </testcase>
    </testsuite>
    <testsuite name="tests/entity-cards/citation-card.test.js" timestamp="2026-03-17T19:02:08.487Z" hostname="Kahana-PC" tests="10" failures="0" errors="0" skipped="0" time="0.054954">
        <testcase classname="tests/entity-cards/citation-card.test.js" name="citationCard() &gt; returns an HTMLElement" time="0.0110468">
        </testcase>
        <testcase classname="tests/entity-cards/citation-card.test.js" name="citationCard() &gt; has class entity-card--citation" time="0.0038577">
        </testcase>
        <testcase classname="tests/entity-cards/citation-card.test.js" name="citationCard() &gt; title is rendered as a link with correct href" time="0.0067669">
        </testcase>
        <testcase classname="tests/entity-cards/citation-card.test.js" name="citationCard() &gt; link has target=&quot;_blank&quot;" time="0.0021216">
        </testcase>
        <testcase classname="tests/entity-cards/citation-card.test.js" name="citationCard() &gt; link has rel containing &quot;noopener&quot;" time="0.0022286">
        </testcase>
        <testcase classname="tests/entity-cards/citation-card.test.js" name="citationCard() &gt; domain pill shows the hostname" time="0.0026619">
        </testcase>
        <testcase classname="tests/entity-cards/citation-card.test.js" name="citationCard() &gt; snippet is present in the DOM" time="0.0020946">
        </testcase>
        <testcase classname="tests/entity-cards/citation-card.test.js" name="citationCard() &gt; &quot;Open&quot; button click calls window.open with entity.url" time="0.0127056">
        </testcase>
        <testcase classname="tests/entity-cards/citation-card.test.js" name="citationCard() &gt; snippet element is absent when snippet is empty string" time="0.0052425">
        </testcase>
        <testcase classname="tests/entity-cards/citation-card.test.js" name="citationCard() &gt; uses url as link text when title is absent" time="0.0018025">
        </testcase>
    </testsuite>
    <testsuite name="tests/entity-cards/code-card.test.js" timestamp="2026-03-17T19:02:08.497Z" hostname="Kahana-PC" tests="11" failures="0" errors="0" skipped="0" time="0.043844">
        <testcase classname="tests/entity-cards/code-card.test.js" name="codeCard() &gt; returns an HTMLElement" time="0.009017">
        </testcase>
        <testcase classname="tests/entity-cards/code-card.test.js" name="codeCard() &gt; has class entity-card--code" time="0.0023055">
        </testcase>
        <testcase classname="tests/entity-cards/code-card.test.js" name="codeCard() &gt; language badge shows correct language" time="0.0047768">
        </testcase>
        <testcase classname="tests/entity-cards/code-card.test.js" name="codeCard() &gt; &lt;pre&gt; contains only first 3 lines when code has more" time="0.0019308">
        </testcase>
        <testcase classname="tests/entity-cards/code-card.test.js" name="codeCard() &gt; &lt;pre&gt; contains all lines when code has ≤ 3 lines" time="0.0013729">
        </testcase>
        <testcase classname="tests/entity-cards/code-card.test.js" name="codeCard() &gt; line count badge shows correct value" time="0.0016231">
        </testcase>
        <testcase classname="tests/entity-cards/code-card.test.js" name="codeCard() &gt; Copy button writes full entity.code to clipboard" time="0.0078251">
        </testcase>
        <testcase classname="tests/entity-cards/code-card.test.js" name="codeCard() &gt; clicking card fires onOpen with the entity" time="0.0044792">
        </testcase>
        <testcase classname="tests/entity-cards/code-card.test.js" name="codeCard() &gt; no onOpen → clicking card does not throw" time="0.0038509">
        </testcase>
        <testcase classname="tests/entity-cards/code-card.test.js" name="codeCard() &gt; Copy button is present" time="0.0014713">
        </testcase>
        <testcase classname="tests/entity-cards/code-card.test.js" name="codeCard() &gt; defaults language to &quot;text&quot; when entity.language is absent" time="0.0012981">
        </testcase>
    </testsuite>
    <testsuite name="tests/entity-cards/diagram-card.test.js" timestamp="2026-03-17T19:02:08.506Z" hostname="Kahana-PC" tests="15" failures="0" errors="0" skipped="0" time="0.1015021">
        <testcase classname="tests/entity-cards/diagram-card.test.js" name="diagramCard() &gt; returns an HTMLElement" time="0.0268461">
        </testcase>
        <testcase classname="tests/entity-cards/diagram-card.test.js" name="diagramCard() &gt; has class entity-card--diagram" time="0.0043423">
        </testcase>
        <testcase classname="tests/entity-cards/diagram-card.test.js" name="diagramCard() &gt; diagramType badge shows correct type" time="0.0045028">
        </testcase>
        <testcase classname="tests/entity-cards/diagram-card.test.js" name="diagramCard() &gt; when thumbnailSvg is non-null, SVG is injected into card DOM" time="0.004409">
        </testcase>
        <testcase classname="tests/entity-cards/diagram-card.test.js" name="diagramCard() &gt; when thumbnailSvg is null and source is present, code preview is shown" time="0.0026952">
        </testcase>
        <testcase classname="tests/entity-cards/diagram-card.test.js" name="diagramCard() &gt; when thumbnailSvg is null and source is also empty, placeholder is shown" time="0.0015629">
        </testcase>
        <testcase classname="tests/entity-cards/diagram-card.test.js" name="diagramCard() &gt; code preview shows at most first 4 lines of source" time="0.0037668">
        </testcase>
        <testcase classname="tests/entity-cards/diagram-card.test.js" name="diagramCard() &gt; &quot;Copy source&quot; button writes entity.source to clipboard" time="0.0091199">
        </testcase>
        <testcase classname="tests/entity-cards/diagram-card.test.js" name="diagramCard() &gt; &quot;Download SVG&quot; button creates a download link when thumbnailSvg is set" time="0.0092873">
        </testcase>
        <testcase classname="tests/entity-cards/diagram-card.test.js" name="diagramCard() &gt; &quot;Download SVG&quot; button not present when thumbnailSvg is null" time="0.0080513">
        </testcase>
        <testcase classname="tests/entity-cards/diagram-card.test.js" name="diagramCard() &gt; &quot;Open in Mermaid Live&quot; button present when source is non-empty" time="0.0025394">
        </testcase>
        <testcase classname="tests/entity-cards/diagram-card.test.js" name="diagramCard() &gt; &quot;Open in Mermaid Live&quot; button opens mermaid.live with base64 payload" time="0.0068584">
        </testcase>
        <testcase classname="tests/entity-cards/diagram-card.test.js" name="diagramCard() &gt; &quot;Open in Mermaid Live&quot; button not present when source is empty" time="0.0019909">
        </testcase>
        <testcase classname="tests/entity-cards/diagram-card.test.js" name="diagramCard() &gt; clicking card fires onOpen with the entity" time="0.0050234">
        </testcase>
        <testcase classname="tests/entity-cards/diagram-card.test.js" name="diagramCard() &gt; no onOpen → clicking card does not throw" time="0.0048146">
        </testcase>
    </testsuite>
    <testsuite name="tests/entity-cards/image-card.test.js" timestamp="2026-03-17T19:02:08.517Z" hostname="Kahana-PC" tests="18" failures="0" errors="0" skipped="0" time="0.0636621">
        <testcase classname="tests/entity-cards/image-card.test.js" name="imageCard() &gt; returns an HTMLElement" time="0.0107892">
        </testcase>
        <testcase classname="tests/entity-cards/image-card.test.js" name="imageCard() &gt; has correct CSS class" time="0.0023152">
        </testcase>
        <testcase classname="tests/entity-cards/image-card.test.js" name="imageCard() &gt; thumbnail &gt; thumbnailDataUri set → &lt;img src&gt; is that URI" time="0.0053029">
        </testcase>
        <testcase classname="tests/entity-cards/image-card.test.js" name="imageCard() &gt; thumbnail &gt; thumbnailDataUri null → placeholder element rendered" time="0.0016374">
        </testcase>
        <testcase classname="tests/entity-cards/image-card.test.js" name="imageCard() &gt; thumbnail &gt; placeholder has aria-label from altText" time="0.0010925">
        </testcase>
        <testcase classname="tests/entity-cards/image-card.test.js" name="imageCard() &gt; thumbnail &gt; placeholder falls back to &quot;Image&quot; when altText is null" time="0.0013034">
        </testcase>
        <testcase classname="tests/entity-cards/image-card.test.js" name="imageCard() &gt; altText caption &gt; altText rendered in caption" time="0.001445">
        </testcase>
        <testcase classname="tests/entity-cards/image-card.test.js" name="imageCard() &gt; altText caption &gt; no caption when altText is null" time="0.0010946">
        </testcase>
        <testcase classname="tests/entity-cards/image-card.test.js" name="imageCard() &gt; mimeType badge &gt; mimeType badge shown" time="0.001146">
        </testcase>
        <testcase classname="tests/entity-cards/image-card.test.js" name="imageCard() &gt; mimeType badge &gt; no badge when mimeType is null" time="0.0009926">
        </testcase>
        <testcase classname="tests/entity-cards/image-card.test.js" name="imageCard() &gt; onOpen callback &gt; clicking card fires onOpen with entity" time="0.0053335">
        </testcase>
        <testcase classname="tests/entity-cards/image-card.test.js" name="imageCard() &gt; onOpen callback &gt; no error when no onOpen provided" time="0.0022309">
        </testcase>
        <testcase classname="tests/entity-cards/image-card.test.js" name="imageCard() &gt; Open image button &gt; button element exists when src is set" time="0.0089488">
        </testcase>
        <testcase classname="tests/entity-cards/image-card.test.js" name="imageCard() &gt; Open image button &gt; no button when src is null" time="0.0016339">
        </testcase>
        <testcase classname="tests/entity-cards/image-card.test.js" name="imageCard() &gt; Open image button &gt; https:// src → window.open called with src directly" time="0.0028548">
        </testcase>
        <testcase classname="tests/entity-cards/image-card.test.js" name="imageCard() &gt; Open image button &gt; data: src → createObjectURL called, window.open gets blob URL" time="0.0031967">
        </testcase>
        <testcase classname="tests/entity-cards/image-card.test.js" name="imageCard() &gt; Open image button &gt; data: src → revokeObjectURL is called after 60 s" time="0.0046878">
        </testcase>
        <testcase classname="tests/entity-cards/image-card.test.js" name="imageCard() &gt; Open image button &gt; clicking button does not bubble to card onOpen" time="0.0029654">
        </testcase>
    </testsuite>
    <testsuite name="tests/entity-cards/prompt-card.test.js" timestamp="2026-03-17T19:02:08.534Z" hostname="Kahana-PC" tests="9" failures="0" errors="0" skipped="0" time="0.0454491">
        <testcase classname="tests/entity-cards/prompt-card.test.js" name="promptCard() &gt; returns an HTMLElement" time="0.0112008">
        </testcase>
        <testcase classname="tests/entity-cards/prompt-card.test.js" name="promptCard() &gt; has class entity-card--prompt" time="0.0030168">
        </testcase>
        <testcase classname="tests/entity-cards/prompt-card.test.js" name="promptCard() &gt; renders text truncated to 120 characters with ellipsis" time="0.0054119">
        </testcase>
        <testcase classname="tests/entity-cards/prompt-card.test.js" name="promptCard() &gt; does not truncate text shorter than or equal to 120 characters" time="0.0017262">
        </testcase>
        <testcase classname="tests/entity-cards/prompt-card.test.js" name="promptCard() &gt; word count badge shows correct value" time="0.0016924">
        </testcase>
        <testcase classname="tests/entity-cards/prompt-card.test.js" name="promptCard() &gt; clicking Copy calls navigator.clipboard.writeText with full (un-truncated) text" time="0.0076967">
        </testcase>
        <testcase classname="tests/entity-cards/prompt-card.test.js" name="promptCard() &gt; clicking Re-fire calls onRefire with the entity" time="0.0047042">
        </testcase>
        <testcase classname="tests/entity-cards/prompt-card.test.js" name="promptCard() &gt; no Re-fire button when onRefire is not provided" time="0.0031323">
        </testcase>
        <testcase classname="tests/entity-cards/prompt-card.test.js" name="promptCard() &gt; Copy button is present even without onRefire" time="0.0027592">
        </testcase>
    </testsuite>
    <testsuite name="tests/entity-cards/table-card.test.js" timestamp="2026-03-17T19:02:08.545Z" hostname="Kahana-PC" tests="12" failures="0" errors="0" skipped="0" time="0.0874662">
        <testcase classname="tests/entity-cards/table-card.test.js" name="tableCard() &gt; returns an HTMLElement" time="0.0156746">
        </testcase>
        <testcase classname="tests/entity-cards/table-card.test.js" name="tableCard() &gt; has class entity-card--table" time="0.0037976">
        </testcase>
        <testcase classname="tests/entity-cards/table-card.test.js" name="tableCard() &gt; renders the header row with correct column names" time="0.0081937">
        </testcase>
        <testcase classname="tests/entity-cards/table-card.test.js" name="tableCard() &gt; shows first 2 data rows visible initially" time="0.0069608">
        </testcase>
        <testcase classname="tests/entity-cards/table-card.test.js" name="tableCard() &gt; remaining rows are hidden initially" time="0.0026483">
        </testcase>
        <testcase classname="tests/entity-cards/table-card.test.js" name="tableCard() &gt; &quot;Show all&quot; toggle reveals all rows" time="0.0099064">
        </testcase>
        <testcase classname="tests/entity-cards/table-card.test.js" name="tableCard() &gt; &quot;Show all&quot; button text changes to &quot;Show less&quot; after click" time="0.0052482">
        </testcase>
        <testcase classname="tests/entity-cards/table-card.test.js" name="tableCard() &gt; clicking &quot;Show less&quot; hides extra rows again" time="0.0052495">
        </testcase>
        <testcase classname="tests/entity-cards/table-card.test.js" name="tableCard() &gt; &quot;Copy as Markdown&quot; writes correct Markdown to clipboard" time="0.0068498">
        </testcase>
        <testcase classname="tests/entity-cards/table-card.test.js" name="tableCard() &gt; &quot;Export as CSV&quot; creates a Blob and triggers download" time="0.0114385">
        </testcase>
        <testcase classname="tests/entity-cards/table-card.test.js" name="tableCard() &gt; no expand toggle rendered when rows ≤ 2" time="0.0023994">
        </testcase>
        <testcase classname="tests/entity-cards/table-card.test.js" name="tableCard() &gt; handles entity with no rows gracefully" time="0.0033242">
        </testcase>
    </testsuite>
    <testsuite name="tests/entity-cards/tool-call-card.test.js" timestamp="2026-03-17T19:02:08.555Z" hostname="Kahana-PC" tests="15" failures="0" errors="0" skipped="0" time="0.0572775">
        <testcase classname="tests/entity-cards/tool-call-card.test.js" name="toolCallCard() &gt; returns an HTMLElement" time="0.0118391">
        </testcase>
        <testcase classname="tests/entity-cards/tool-call-card.test.js" name="toolCallCard() &gt; has class entity-card--tool-call" time="0.0030039">
        </testcase>
        <testcase classname="tests/entity-cards/tool-call-card.test.js" name="toolCallCard() &gt; badge shows the correct tool type label" time="0.0056381">
        </testcase>
        <testcase classname="tests/entity-cards/tool-call-card.test.js" name="toolCallCard() &gt; badge shows label for code_interpreter" time="0.0017203">
        </testcase>
        <testcase classname="tests/entity-cards/tool-call-card.test.js" name="toolCallCard() &gt; badge shows label for unknown tool" time="0.0015145">
        </testcase>
        <testcase classname="tests/entity-cards/tool-call-card.test.js" name="toolCallCard() &gt; input is truncated to 100 chars in summary" time="0.0020715">
        </testcase>
        <testcase classname="tests/entity-cards/tool-call-card.test.js" name="toolCallCard() &gt; output is truncated to 150 chars in preview" time="0.0017219">
        </testcase>
        <testcase classname="tests/entity-cards/tool-call-card.test.js" name="toolCallCard() &gt; &quot;Show full&quot; details element is present when input or output exists" time="0.0015312">
        </testcase>
        <testcase classname="tests/entity-cards/tool-call-card.test.js" name="toolCallCard() &gt; &quot;Show full&quot; section contains full input text" time="0.0015987">
        </testcase>
        <testcase classname="tests/entity-cards/tool-call-card.test.js" name="toolCallCard() &gt; &quot;Show full&quot; section contains full output text" time="0.0014789">
        </testcase>
        <testcase classname="tests/entity-cards/tool-call-card.test.js" name="toolCallCard() &gt; clicking card fires onOpen with the entity" time="0.0083469">
        </testcase>
        <testcase classname="tests/entity-cards/tool-call-card.test.js" name="toolCallCard() &gt; card without onOpen does not throw on click" time="0.0061974">
        </testcase>
        <testcase classname="tests/entity-cards/tool-call-card.test.js" name="toolCallCard() &gt; empty input renders no input summary element" time="0.0022646">
        </testcase>
        <testcase classname="tests/entity-cards/tool-call-card.test.js" name="toolCallCard() &gt; empty output renders no output preview element" time="0.0013756">
        </testcase>
        <testcase classname="tests/entity-cards/tool-call-card.test.js" name="toolCallCard() &gt; short input is not truncated" time="0.0012414">
        </testcase>
    </testsuite>
    <testsuite name="tests/extractors/artifacts.test.js" timestamp="2026-03-17T19:02:08.569Z" hostname="Kahana-PC" tests="17" failures="0" errors="0" skipped="0" time="0.0691681">
        <testcase classname="tests/extractors/artifacts.test.js" name="extractArtifacts() — doc null &gt; returns empty array when doc is null" time="0.0044947">
        </testcase>
        <testcase classname="tests/extractors/artifacts.test.js" name="extractArtifacts() — Claude [data-artifact-type] &gt; extracts an HTML artifact" time="0.0213378">
        </testcase>
        <testcase classname="tests/extractors/artifacts.test.js" name="extractArtifacts() — Claude [data-artifact-type] &gt; extracts a text artifact with mimeType text/plain" time="0.0015496">
        </testcase>
        <testcase classname="tests/extractors/artifacts.test.js" name="extractArtifacts() — Claude [data-artifact-type] &gt; extracts an SVG artifact with mimeType image/svg+xml" time="0.001264">
        </testcase>
        <testcase classname="tests/extractors/artifacts.test.js" name="extractArtifacts() — Claude [data-artifact-type] &gt; screenshotDataUri is null at extraction time" time="0.0044767">
        </testcase>
        <testcase classname="tests/extractors/artifacts.test.js" name="extractArtifacts() — Claude [data-artifact-type] &gt; extracts title from adjacent previous heading sibling" time="0.0026397">
        </testcase>
        <testcase classname="tests/extractors/artifacts.test.js" name="extractArtifacts() — Claude [data-artifact-type] &gt; extracts title from data-artifact-title attribute" time="0.001773">
        </testcase>
        <testcase classname="tests/extractors/artifacts.test.js" name="extractArtifacts() — Claude [data-artifact-type] &gt; extracts source text from &lt;pre&gt;" time="0.0019849">
        </testcase>
        <testcase classname="tests/extractors/artifacts.test.js" name="extractArtifacts() — Claude [data-artifact-type] &gt; extracts source text from &lt;textarea&gt;" time="0.0026818">
        </testcase>
        <testcase classname="tests/extractors/artifacts.test.js" name="extractArtifacts() — Claude [data-artifact-type] &gt; no artifact DOM elements → empty result" time="0.0016295">
        </testcase>
        <testcase classname="tests/extractors/artifacts.test.js" name="extractArtifacts() — Claude [data-artifact-type] &gt; stamped fields: chatId, type, role, messageIndex" time="0.002546">
        </testcase>
        <testcase classname="tests/extractors/artifacts.test.js" name="extractArtifacts() — Claude [data-artifact-type] &gt; multiple [data-artifact-type] elements → multiple entities" time="0.0028114">
        </testcase>
        <testcase classname="tests/extractors/artifacts.test.js" name="extractArtifacts() — Claude .artifact-container &gt; extracts artifact from .artifact-container without data-artifact-type" time="0.0049854">
        </testcase>
        <testcase classname="tests/extractors/artifacts.test.js" name="extractArtifacts() — Claude .artifact-container &gt; .artifact-container with data-artifact-type child is not double-counted" time="0.0023993">
        </testcase>
        <testcase classname="tests/extractors/artifacts.test.js" name="extractArtifacts() — ChatGPT Canvas &gt; .canvas-panel → artifact with artifactType &quot;canvas&quot;" time="0.0023703">
        </testcase>
        <testcase classname="tests/extractors/artifacts.test.js" name="extractArtifacts() — ChatGPT Canvas &gt; [data-panel=&quot;canvas&quot;] → artifact with artifactType &quot;canvas&quot;" time="0.0019402">
        </testcase>
        <testcase classname="tests/extractors/artifacts.test.js" name="extractArtifacts() — ChatGPT Canvas &gt; duplicate canvas selector matches on same element are deduplicated" time="0.003718">
        </testcase>
    </testsuite>
    <testsuite name="tests/extractors/attachments.test.js" timestamp="2026-03-17T19:02:08.583Z" hostname="Kahana-PC" tests="36" failures="0" errors="0" skipped="0" time="0.0801446">
        <testcase classname="tests/extractors/attachments.test.js" name="extractAttachments() — structured content.parts &gt; message with file_reference part → 1 attachment entity" time="0.0088378">
            <system-out>
[bAInder] [attachments] strategy1 (parts): [33m1[39m found

            </system-out>
        </testcase>
        <testcase classname="tests/extractors/attachments.test.js" name="extractAttachments() — structured content.parts &gt; message with image_file part → 1 attachment entity" time="0.0011098">
            <system-out>
[bAInder] [attachments] strategy1 (parts): [33m1[39m found

            </system-out>
        </testcase>
        <testcase classname="tests/extractors/attachments.test.js" name="extractAttachments() — structured content.parts &gt; multiple parts → multiple attachment entities" time="0.0010209">
            <system-out>
[bAInder] [attachments] strategy1 (parts): [33m2[39m found

            </system-out>
        </testcase>
        <testcase classname="tests/extractors/attachments.test.js" name="extractAttachments() — structured content.parts &gt; non-attachment part types are ignored" time="0.0008392">
            <system-out>
[bAInder] [attachments] strategy1 (parts): [33m1[39m found

            </system-out>
        </testcase>
        <testcase classname="tests/extractors/attachments.test.js" name="extractAttachments() — structured content.parts &gt; sizeBytes is extracted from size_bytes field" time="0.0007147">
            <system-out>
[bAInder] [attachments] strategy1 (parts): [33m1[39m found

            </system-out>
        </testcase>
        <testcase classname="tests/extractors/attachments.test.js" name="extractAttachments() — structured content.parts &gt; mime type inferred from extension when not provided" time="0.0012385">
            <system-out>
[bAInder] [attachments] strategy1 (parts): [33m1[39m found

            </system-out>
        </testcase>
        <testcase classname="tests/extractors/attachments.test.js" name="extractAttachments() — structured content.parts &gt; messageIndex taken from message.index" time="0.0009986">
            <system-out>
[bAInder] [attachments] strategy1 (parts): [33m1[39m found

            </system-out>
        </testcase>
        <testcase classname="tests/extractors/attachments.test.js" name="extractAttachments() — structured content.parts &gt; chatId is stamped on each entity" time="0.0009481">
            <system-out>
[bAInder] [attachments] strategy1 (parts): [33m1[39m found

            </system-out>
        </testcase>
        <testcase classname="tests/extractors/attachments.test.js" name="extractAttachments() — structured content.parts &gt; assistant-role messages are also scanned" time="0.0012956">
            <system-out>
[bAInder] [attachments] strategy1 (parts): [33m1[39m found

            </system-out>
        </testcase>
        <testcase classname="tests/extractors/attachments.test.js" name="extractAttachments() — DOM scan &gt; [data-filename] element → attachment captured" time="0.014259">
            <system-out>
[bAInder] [attachments] strategy1 (parts): [33m0[39m found
[bAInder] [attachments] strategy2 (dom): [33m1[39m found

            </system-out>
        </testcase>
        <testcase classname="tests/extractors/attachments.test.js" name="extractAttachments() — DOM scan &gt; .attachment-name element → attachment captured" time="0.0058099">
            <system-out>
[bAInder] [attachments] strategy1 (parts): [33m0[39m found
[bAInder] [attachments] strategy2 (dom): [33m1[39m found

            </system-out>
        </testcase>
        <testcase classname="tests/extractors/attachments.test.js" name="extractAttachments() — DOM scan &gt; .attachment-name inside [data-filename] is not double-captured" time="0.0026087">
            <system-out>
[bAInder] [attachments] strategy1 (parts): [33m0[39m found
[bAInder] [attachments] strategy2 (dom): [33m1[39m found

            </system-out>
        </testcase>
        <testcase classname="tests/extractors/attachments.test.js" name="extractAttachments() — DOM scan &gt; [data-size-bytes] parsed to numeric sizeBytes" time="0.0019497">
            <system-out>
[bAInder] [attachments] strategy1 (parts): [33m0[39m found
[bAInder] [attachments] strategy2 (dom): [33m1[39m found

            </system-out>
        </testcase>
        <testcase classname="tests/extractors/attachments.test.js" name="extractAttachments() — no attachment data &gt; plain-text content messages → empty result" time="0.0036998">
            <system-out>
[bAInder] [attachments] strategy1 (parts): [33m0[39m found
[bAInder] [attachments] _extractFromText: scanning [33m2[39m messages for chat-1
[bAInder] [attachments] msg [33m0[39m user | content[:200]: &quot;Hello&quot;
[bAInder] [attachments] msg [33m1[39m assistant | content[:200]: &quot;Hi back&quot;
[bAInder] [attachments] strategy3 (text): [33m0[39m found

            </system-out>
        </testcase>
        <testcase classname="tests/extractors/attachments.test.js" name="extractAttachments() — no attachment data &gt; empty messages array and no doc → empty result" time="0.0009698">
            <system-out>
[bAInder] [attachments] strategy1 (parts): [33m0[39m found
[bAInder] [attachments] _extractFromText: scanning [33m0[39m messages for chat-1
[bAInder] [attachments] strategy3 (text): [33m0[39m found

            </system-out>
        </testcase>
        <testcase classname="tests/extractors/attachments.test.js" name="extractAttachments() — no attachment data &gt; doc null does not throw" time="0.0027573">
            <system-out>
[bAInder] [attachments] strategy1 (parts): [33m0[39m found
[bAInder] [attachments] _extractFromText: scanning [33m0[39m messages for chat-1
[bAInder] [attachments] strategy3 (text): [33m0[39m found

            </system-out>
        </testcase>
        <testcase classname="tests/extractors/attachments.test.js" name="extractAttachments() — no attachment data &gt; empty body DOM → empty result" time="0.0017092">
            <system-out>
[bAInder] [attachments] strategy1 (parts): [33m0[39m found
[bAInder] [attachments] strategy2 (dom): [33m0[39m found
[bAInder] [attachments] _extractFromText: scanning [33m0[39m messages for chat-1
[bAInder] [attachments] strategy3 (text): [33m0[39m found

            </system-out>
        </testcase>
        <testcase classname="tests/extractors/attachments.test.js" name="extractAttachments() — markdown text scan &gt; filename on its own line → 1 attachment entity" time="0.0012378">
            <system-out>
[bAInder] [attachments] strategy1 (parts): [33m0[39m found
[bAInder] [attachments] _extractFromText: scanning [33m1[39m messages for chat-1
[bAInder] [attachments] msg [33m0[39m user | content[:200]: &quot;termination_letter_template.pdf&quot;
[bAInder] [attachments] strategy3 (text): [33m1[39m found

            </system-out>
        </testcase>
        <testcase classname="tests/extractors/attachments.test.js" name="extractAttachments() — markdown text scan &gt; ChatGPT chip format (filename \n\n type label) → 1 attachment entity" time="0.0012748">
            <system-out>
[bAInder] [attachments] strategy1 (parts): [33m0[39m found
[bAInder] [attachments] _extractFromText: scanning [33m1[39m messages for chat-1
[bAInder] [attachments] msg [33m0[39m user | content[:200]: &quot;termination_letter_template.pdf\n\nPDF&quot;
[bAInder] [attachments] strategy3 (text): [33m1[39m found

            </system-out>
        </testcase>
        <testcase classname="tests/extractors/attachments.test.js" name="extractAttachments() — markdown text scan &gt; filename embedded in prose is NOT extracted (line contains more text)" time="0.0008736">
            <system-out>
[bAInder] [attachments] strategy1 (parts): [33m0[39m found
[bAInder] [attachments] _extractFromText: scanning [33m1[39m messages for chat-1
[bAInder] [attachments] msg [33m0[39m user | content[:200]: &quot;Please review the file report.pdf and let me know.&quot;
[bAInder] [attachments] strategy3 (text): [33m0[39m found

            </system-out>
        </testcase>
        <testcase classname="tests/extractors/attachments.test.js" name="extractAttachments() — markdown text scan &gt; filename inside a fenced code block is NOT extracted" time="0.0008503">
            <system-out>
[bAInder] [attachments] strategy1 (parts): [33m0[39m found
[bAInder] [attachments] _extractFromText: scanning [33m1[39m messages for chat-1
[bAInder] [attachments] msg [33m0[39m assistant | content[:200]: &quot;```\nreport.pdf\n```&quot;
[bAInder] [attachments] strategy3 (text): [33m0[39m found

            </system-out>
        </testcase>
        <testcase classname="tests/extractors/attachments.test.js" name="extractAttachments() — markdown text scan &gt; filename inside inline code is NOT extracted" time="0.0009698">
            <system-out>
[bAInder] [attachments] strategy1 (parts): [33m0[39m found
[bAInder] [attachments] _extractFromText: scanning [33m1[39m messages for chat-1
[bAInder] [attachments] msg [33m0[39m assistant | content[:200]: &quot;Run `data.csv` to see results.&quot;
[bAInder] [attachments] strategy3 (text): [33m0[39m found

            </system-out>
        </testcase>
        <testcase classname="tests/extractors/attachments.test.js" name="extractAttachments() — markdown text scan &gt; filename inside a URL is NOT extracted" time="0.0009005">
            <system-out>
[bAInder] [attachments] strategy1 (parts): [33m0[39m found
[bAInder] [attachments] _extractFromText: scanning [33m1[39m messages for chat-1
[bAInder] [attachments] msg [33m0[39m assistant | content[:200]: &quot;See [report](https://example.com/report.pdf)&quot;
[bAInder] [attachments] strategy3 (text): [33m0[39m found

            </system-out>
        </testcase>
        <testcase classname="tests/extractors/attachments.test.js" name="extractAttachments() — markdown text scan &gt; multiple files in one message → multiple entities" time="0.0022329">
            <system-out>
[bAInder] [attachments] strategy1 (parts): [33m0[39m found
[bAInder] [attachments] _extractFromText: scanning [33m1[39m messages for chat-1
[bAInder] [attachments] msg [33m0[39m user | content[:200]: &quot;data.csv\nreport.pdf&quot;
[bAInder] [attachments] strategy3 (text): [33m2[39m found

            </system-out>
        </testcase>
        <testcase classname="tests/extractors/attachments.test.js" name="extractAttachments() — markdown text scan &gt; same filename twice in one message → deduplicated to 1 entity" time="0.0011247">
            <system-out>
[bAInder] [attachments] strategy1 (parts): [33m0[39m found
[bAInder] [attachments] _extractFromText: scanning [33m1[39m messages for chat-1
[bAInder] [attachments] msg [33m0[39m user | content[:200]: &quot;report.pdf\n\nreport.pdf&quot;
[bAInder] [attachments] strategy3 (text): [33m1[39m found

            </system-out>
        </testcase>
        <testcase classname="tests/extractors/attachments.test.js" name="extractAttachments() — markdown text scan &gt; DOCX file → mimeType correctly inferred" time="0.0011596">
            <system-out>
[bAInder] [attachments] strategy1 (parts): [33m0[39m found
[bAInder] [attachments] _extractFromText: scanning [33m1[39m messages for chat-1
[bAInder] [attachments] msg [33m0[39m user | content[:200]: &quot;proposal.docx&quot;
[bAInder] [attachments] strategy3 (text): [33m1[39m found

            </system-out>
        </testcase>
        <testcase classname="tests/extractors/attachments.test.js" name="extractAttachments() — markdown text scan &gt; PNG file → mimeType image/png" time="0.0019691">
            <system-out>
[bAInder] [attachments] strategy1 (parts): [33m0[39m found
[bAInder] [attachments] _extractFromText: scanning [33m1[39m messages for chat-1
[bAInder] [attachments] msg [33m0[39m user | content[:200]: &quot;screenshot.png&quot;
[bAInder] [attachments] strategy3 (text): [33m1[39m found

            </system-out>
        </testcase>
        <testcase classname="tests/extractors/attachments.test.js" name="extractAttachments() — markdown text scan &gt; CSV file → mimeType text/csv" time="0.0011256">
            <system-out>
[bAInder] [attachments] strategy1 (parts): [33m0[39m found
[bAInder] [attachments] _extractFromText: scanning [33m1[39m messages for chat-1
[bAInder] [attachments] msg [33m0[39m user | content[:200]: &quot;data.csv&quot;
[bAInder] [attachments] strategy3 (text): [33m1[39m found

            </system-out>
        </testcase>
        <testcase classname="tests/extractors/attachments.test.js" name="extractAttachments() — markdown text scan &gt; Python file → text-scan picks it up" time="0.0012737">
            <system-out>
[bAInder] [attachments] strategy1 (parts): [33m0[39m found
[bAInder] [attachments] _extractFromText: scanning [33m1[39m messages for chat-1
[bAInder] [attachments] msg [33m0[39m user | content[:200]: &quot;analysis.py&quot;
[bAInder] [attachments] strategy3 (text): [33m1[39m found

            </system-out>
        </testcase>
        <testcase classname="tests/extractors/attachments.test.js" name="extractAttachments() — markdown text scan &gt; filename with spaces and accents → extracted" time="0.001425">
            <system-out>
[bAInder] [attachments] strategy1 (parts): [33m0[39m found
[bAInder] [attachments] _extractFromText: scanning [33m1[39m messages for chat-1
[bAInder] [attachments] msg [33m0[39m user | content[:200]: &quot;résumé finale.pdf&quot;
[bAInder] [attachments] strategy3 (text): [33m1[39m found

            </system-out>
        </testcase>
        <testcase classname="tests/extractors/attachments.test.js" name="extractAttachments() — markdown text scan &gt; sizeBytes is null for text-scan entities (unavailable from text)" time="0.0011485">
            <system-out>
[bAInder] [attachments] strategy1 (parts): [33m0[39m found
[bAInder] [attachments] _extractFromText: scanning [33m1[39m messages for chat-1
[bAInder] [attachments] msg [33m0[39m user | content[:200]: &quot;report.pdf&quot;
[bAInder] [attachments] strategy3 (text): [33m1[39m found

            </system-out>
        </testcase>
        <testcase classname="tests/extractors/attachments.test.js" name="extractAttachments() — markdown text scan &gt; chatId stamped on text-scan entity" time="0.0010579">
            <system-out>
[bAInder] [attachments] strategy1 (parts): [33m0[39m found
[bAInder] [attachments] _extractFromText: scanning [33m1[39m messages for chat-xyz
[bAInder] [attachments] msg [33m0[39m user | content[:200]: &quot;report.pdf&quot;
[bAInder] [attachments] strategy3 (text): [33m1[39m found

            </system-out>
        </testcase>
        <testcase classname="tests/extractors/attachments.test.js" name="extractAttachments() — markdown text scan &gt; messageIndex taken from message.index in text-scan" time="0.0009712">
            <system-out>
[bAInder] [attachments] strategy1 (parts): [33m0[39m found
[bAInder] [attachments] _extractFromText: scanning [33m1[39m messages for chat-1
[bAInder] [attachments] msg [33m0[39m user | content[:200]: &quot;report.pdf&quot;
[bAInder] [attachments] strategy3 (text): [33m1[39m found

            </system-out>
        </testcase>
        <testcase classname="tests/extractors/attachments.test.js" name="extractAttachments() — markdown text scan &gt; structured strategy takes priority over text scan when parts are present" time="0.0011261">
            <system-out>
[bAInder] [attachments] strategy1 (parts): [33m1[39m found

            </system-out>
        </testcase>
        <testcase classname="tests/extractors/attachments.test.js" name="extractAttachments() — markdown text scan &gt; bare line &quot;PDF&quot; (type label only) is NOT extracted as a filename" time="0.000984">
            <system-out>
[bAInder] [attachments] strategy1 (parts): [33m0[39m found
[bAInder] [attachments] _extractFromText: scanning [33m1[39m messages for chat-1
[bAInder] [attachments] msg [33m0[39m user | content[:200]: &quot;PDF&quot;
[bAInder] [attachments] strategy3 (text): [33m0[39m found

            </system-out>
        </testcase>
        <testcase classname="tests/extractors/attachments.test.js" name="extractAttachments() — markdown text scan &gt; assistant message with standalone attachment filename → extracted" time="0.0011962">
            <system-out>
[bAInder] [attachments] strategy1 (parts): [33m0[39m found
[bAInder] [attachments] _extractFromText: scanning [33m1[39m messages for chat-1
[bAInder] [attachments] msg [33m0[39m assistant | content[:200]: &quot;Here is the output:\nresults.csv&quot;
[bAInder] [attachments] strategy3 (text): [33m1[39m found

            </system-out>
        </testcase>
    </testsuite>
    <testsuite name="tests/extractors/audio.test.js" timestamp="2026-03-17T19:02:08.643Z" hostname="Kahana-PC" tests="21" failures="0" errors="0" skipped="0" time="0.0817127">
        <testcase classname="tests/extractors/audio.test.js" name="extractAudio() — DOM strategy &gt; DOM &lt;audio src=&quot;https://…&quot;&gt; → entity created" time="0.0281223">
        </testcase>
        <testcase classname="tests/extractors/audio.test.js" name="extractAudio() — DOM strategy &gt; DOM &lt;audio&gt; with transcript sibling → transcript populated" time="0.0059225">
        </testcase>
        <testcase classname="tests/extractors/audio.test.js" name="extractAudio() — DOM strategy &gt; DOM &lt;audio&gt; without transcript → transcript is null" time="0.002391">
        </testcase>
        <testcase classname="tests/extractors/audio.test.js" name="extractAudio() — DOM strategy &gt; no &lt;audio&gt; elements → empty result" time="0.0019246">
        </testcase>
        <testcase classname="tests/extractors/audio.test.js" name="extractAudio() — DOM strategy &gt; doc null → DOM strategy skipped, no throw" time="0.0042127">
        </testcase>
        <testcase classname="tests/extractors/audio.test.js" name="extractAudio() — blob URL capture &gt; blob src → fetch() is called on it" time="0.007729">
        </testcase>
        <testcase classname="tests/extractors/audio.test.js" name="extractAudio() — blob URL capture &gt; blob &gt; 10 MB → captureError: &quot;too_large&quot;, src: null" time="0.0028335">
        </testcase>
        <testcase classname="tests/extractors/audio.test.js" name="extractAudio() — blob URL capture &gt; expired blob (fetch rejects) → captureError: &quot;expired&quot;" time="0.0071903">
        </testcase>
        <testcase classname="tests/extractors/audio.test.js" name="extractAudio() — blob URL capture &gt; blob fetch returns !ok → captureError: &quot;expired&quot;" time="0.0027966">
        </testcase>
        <testcase classname="tests/extractors/audio.test.js" name="extractAudio() — structured content.parts strategy &gt; message with audio part → entity with src and mimeType" time="0.002511">
        </testcase>
        <testcase classname="tests/extractors/audio.test.js" name="extractAudio() — structured content.parts strategy &gt; transcript in part → transcript field populated" time="0.0009282">
        </testcase>
        <testcase classname="tests/extractors/audio.test.js" name="extractAudio() — structured content.parts strategy &gt; no audio parts → empty result" time="0.000694">
        </testcase>
        <testcase classname="tests/extractors/audio.test.js" name="extractAudio() — structured content.parts strategy &gt; empty messages array → empty result" time="0.0008163">
        </testcase>
        <testcase classname="tests/extractors/audio.test.js" name="extractAudio() — structured content.parts strategy &gt; chatId is stamped onto each entity" time="0.0006772">
        </testcase>
        <testcase classname="tests/extractors/audio.test.js" name="extractAudio() — Markdown marker strategy &gt; [🔊 Generated audio](data:…) → audio entity with src" time="0.0015591">
        </testcase>
        <testcase classname="tests/extractors/audio.test.js" name="extractAudio() — Markdown marker strategy &gt; [🔊 Generated audio](https://…) → entity, no captureError" time="0.0009064">
        </testcase>
        <testcase classname="tests/extractors/audio.test.js" name="extractAudio() — Markdown marker strategy &gt; [🔊 Generated audio (session-only)](blob:…) → captureError &quot;expired&quot;" time="0.0010172">
        </testcase>
        <testcase classname="tests/extractors/audio.test.js" name="extractAudio() — Markdown marker strategy &gt; duplicate markers in same message → deduplicated to 1" time="0.0010897">
        </testcase>
        <testcase classname="tests/extractors/audio.test.js" name="extractAudio() — Markdown marker strategy &gt; mimeType guessed from data: prefix" time="0.0006894">
        </testcase>
        <testcase classname="tests/extractors/audio.test.js" name="extractAudio() — Markdown marker strategy &gt; no markers in content → empty result (doc null)" time="0.0012272">
        </testcase>
        <testcase classname="tests/extractors/audio.test.js" name="extractAudio() — Markdown marker strategy &gt; role is preserved from message" time="0.0017429">
        </testcase>
    </testsuite>
    <testsuite name="tests/extractors/citations.test.js" timestamp="2026-03-17T19:02:08.660Z" hostname="Kahana-PC" tests="11" failures="0" errors="0" skipped="0" time="0.0319161">
        <testcase classname="tests/extractors/citations.test.js" name="extractCitations() — text strategy &gt; extracts citation from [N] URL — Title pattern" time="0.0083372">
        </testcase>
        <testcase classname="tests/extractors/citations.test.js" name="extractCitations() — text strategy &gt; extracts citation without title" time="0.0009353">
        </testcase>
        <testcase classname="tests/extractors/citations.test.js" name="extractCitations() — text strategy &gt; extracts multiple citations from one message" time="0.0006888">
        </testcase>
        <testcase classname="tests/extractors/citations.test.js" name="extractCitations() — text strategy &gt; user messages are excluded" time="0.00063">
        </testcase>
        <testcase classname="tests/extractors/citations.test.js" name="extractCitations() — text strategy &gt; messages with no citation markers return empty result" time="0.0005547">
        </testcase>
        <testcase classname="tests/extractors/citations.test.js" name="extractCitations() — text strategy &gt; null doc does not throw" time="0.0017916">
        </testcase>
        <testcase classname="tests/extractors/citations.test.js" name="extractCitations() — text strategy &gt; model role is treated as assistant" time="0.0005993">
        </testcase>
        <testcase classname="tests/extractors/citations.test.js" name="extractCitations() — text strategy &gt; chatId is stamped on every entity" time="0.0004972">
        </testcase>
        <testcase classname="tests/extractors/citations.test.js" name="extractCitations() — DOM strategy &gt; extracts from [data-source] elements" time="0.011621">
        </testcase>
        <testcase classname="tests/extractors/citations.test.js" name="extractCitations() — DOM strategy &gt; DOM strategy takes precedence over text strategy" time="0.0014999">
        </testcase>
        <testcase classname="tests/extractors/citations.test.js" name="extractCitations() — DOM strategy &gt; falls back to text strategy when DOM has no matching elements" time="0.0012201">
        </testcase>
    </testsuite>
    <testsuite name="tests/extractors/code-snippets.test.js" timestamp="2026-03-17T19:02:08.668Z" hostname="Kahana-PC" tests="16" failures="0" errors="0" skipped="0" time="0.0252105">
        <testcase classname="tests/extractors/code-snippets.test.js" name="extractCodeSnippets() &gt; single JS block → 1 entity with language &quot;javascript&quot;" time="0.0086343">
        </testcase>
        <testcase classname="tests/extractors/code-snippets.test.js" name="extractCodeSnippets() &gt; two blocks in one message → 2 entities with same messageIndex" time="0.001271">
        </testcase>
        <testcase classname="tests/extractors/code-snippets.test.js" name="extractCodeSnippets() &gt; fenced block with no language tag → language &quot;text&quot;" time="0.0009745">
        </testcase>
        <testcase classname="tests/extractors/code-snippets.test.js" name="extractCodeSnippets() &gt; user-role messages excluded" time="0.0007599">
        </testcase>
        <testcase classname="tests/extractors/code-snippets.test.js" name="extractCodeSnippets() &gt; model role treated as assistant" time="0.0007545">
        </testcase>
        <testcase classname="tests/extractors/code-snippets.test.js" name="extractCodeSnippets() &gt; empty messages array returns empty result" time="0.000537">
        </testcase>
        <testcase classname="tests/extractors/code-snippets.test.js" name="extractCodeSnippets() &gt; lineCount is correct for multi-line block" time="0.0006611">
        </testcase>
        <testcase classname="tests/extractors/code-snippets.test.js" name="extractCodeSnippets() &gt; code field contains the raw block body" time="0.0007274">
        </testcase>
        <testcase classname="tests/extractors/code-snippets.test.js" name="extractCodeSnippets() &gt; chatId is stamped on each entity" time="0.0005794">
        </testcase>
        <testcase classname="tests/extractors/code-snippets.test.js" name="extractCodeSnippets() &gt; entities have a unique non-empty id" time="0.0021613">
        </testcase>
        <testcase classname="tests/extractors/code-snippets.test.js" name="extractCodeSnippets() &gt; multiple assistant messages are all scanned" time="0.0006951">
        </testcase>
        <testcase classname="tests/extractors/code-snippets.test.js" name="extractCodeSnippets() — diagram skip logic &gt; mermaid fence skipped — no code entity created" time="0.0005008">
        </testcase>
        <testcase classname="tests/extractors/code-snippets.test.js" name="extractCodeSnippets() — diagram skip logic &gt; plain fence with sequenceDiagram body skipped" time="0.0006269">
        </testcase>
        <testcase classname="tests/extractors/code-snippets.test.js" name="extractCodeSnippets() — diagram skip logic &gt; wrong-tag fence with flowchart body skipped" time="0.0005199">
        </testcase>
        <testcase classname="tests/extractors/code-snippets.test.js" name="extractCodeSnippets() — diagram skip logic &gt; prose diagram fence skipped (heading + 2 arrow lines)" time="0.0010532">
        </testcase>
        <testcase classname="tests/extractors/code-snippets.test.js" name="extractCodeSnippets() — diagram skip logic &gt; regular code block alongside a mermaid block — only regular block extracted" time="0.0007845">
        </testcase>
    </testsuite>
    <testsuite name="tests/extractors/diagrams.test.js" timestamp="2026-03-17T19:02:08.679Z" hostname="Kahana-PC" tests="24" failures="0" errors="0" skipped="0" time="0.0606696">
        <testcase classname="tests/extractors/diagrams.test.js" name="extractDiagrams() — fenced Mermaid blocks &gt; flowchart LR block → diagramType &quot;flowchart&quot;" time="0.0119873">
        </testcase>
        <testcase classname="tests/extractors/diagrams.test.js" name="extractDiagrams() — fenced Mermaid blocks &gt; sequenceDiagram block → diagramType &quot;sequence&quot;" time="0.0008284">
        </testcase>
        <testcase classname="tests/extractors/diagrams.test.js" name="extractDiagrams() — fenced Mermaid blocks &gt; graph TD block → diagramType &quot;flowchart&quot; (synonym)" time="0.0005835">
        </testcase>
        <testcase classname="tests/extractors/diagrams.test.js" name="extractDiagrams() — fenced Mermaid blocks &gt; unknown diagram keyword → diagramType &quot;other&quot;" time="0.0005358">
        </testcase>
        <testcase classname="tests/extractors/diagrams.test.js" name="extractDiagrams() — fenced Mermaid blocks &gt; erDiagram block → diagramType &quot;er&quot;" time="0.0005269">
        </testcase>
        <testcase classname="tests/extractors/diagrams.test.js" name="extractDiagrams() — fenced Mermaid blocks &gt; thumbnailSvg is null at extraction time (deferred)" time="0.0005649">
        </testcase>
        <testcase classname="tests/extractors/diagrams.test.js" name="extractDiagrams() — fenced Mermaid blocks &gt; source field contains the raw diagram text" time="0.0008444">
        </testcase>
        <testcase classname="tests/extractors/diagrams.test.js" name="extractDiagrams() — fenced Mermaid blocks &gt; user messages excluded" time="0.0005673">
        </testcase>
        <testcase classname="tests/extractors/diagrams.test.js" name="extractDiagrams() — fenced Mermaid blocks &gt; empty messages array returns empty result" time="0.0005283">
        </testcase>
        <testcase classname="tests/extractors/diagrams.test.js" name="extractDiagrams() — fenced Mermaid blocks &gt; chatId is stamped on the entity" time="0.0005507">
        </testcase>
        <testcase classname="tests/extractors/diagrams.test.js" name="extractDiagrams() — fenced Mermaid blocks &gt; multiple mermaid blocks → multiple entities" time="0.0007659">
        </testcase>
        <testcase classname="tests/extractors/diagrams.test.js" name="extractDiagrams() — DOM SVG strategy &gt; DOM strategy: &lt;svg&gt; inside .mermaid → thumbnailSvg populated" time="0.019394">
        </testcase>
        <testcase classname="tests/extractors/diagrams.test.js" name="extractDiagrams() — DOM SVG strategy &gt; DOM strategy: &lt;svg&gt; inside [data-diagram] → thumbnailSvg populated" time="0.0054036">
        </testcase>
        <testcase classname="tests/extractors/diagrams.test.js" name="extractDiagrams() — DOM SVG strategy &gt; null doc does not throw and returns only text results" time="0.0035307">
        </testcase>
        <testcase classname="tests/extractors/diagrams.test.js" name="extractDiagrams() — Strategy 3: non-mermaid fence with Mermaid keyword content &gt; plain code fence starting with sequenceDiagram → diagram entity" time="0.0018547">
        </testcase>
        <testcase classname="tests/extractors/diagrams.test.js" name="extractDiagrams() — Strategy 3: non-mermaid fence with Mermaid keyword content &gt; wrong language tag (e.g. &quot;diagram&quot;) with sequenceDiagram body → diagram entity" time="0.0015101">
        </testcase>
        <testcase classname="tests/extractors/diagrams.test.js" name="extractDiagrams() — Strategy 3: non-mermaid fence with Mermaid keyword content &gt; plain fence with flowchart body → diagramType &quot;flowchart&quot;" time="0.0007355">
        </testcase>
        <testcase classname="tests/extractors/diagrams.test.js" name="extractDiagrams() — Strategy 3: non-mermaid fence with Mermaid keyword content &gt; plain fence with erDiagram body → diagramType &quot;er&quot;" time="0.0004909">
        </testcase>
        <testcase classname="tests/extractors/diagrams.test.js" name="extractDiagrams() — Strategy 3: non-mermaid fence with Mermaid keyword content &gt; strategy 3 block not double-counted with strategy 1" time="0.0006305">
        </testcase>
        <testcase classname="tests/extractors/diagrams.test.js" name="extractDiagrams() — Strategy 3: non-mermaid fence with Mermaid keyword content &gt; typescript code block with regular TS code → NOT extracted as diagram" time="0.000574">
        </testcase>
        <testcase classname="tests/extractors/diagrams.test.js" name="extractDiagrams() — Strategy 4: prose diagram inside a code fence &gt; code fence with &quot;Sequence Diagram:&quot; heading + 2 arrow lines → diagram entity" time="0.0015087">
        </testcase>
        <testcase classname="tests/extractors/diagrams.test.js" name="extractDiagrams() — Strategy 4: prose diagram inside a code fence &gt; code fence with &quot;Flow Diagram:&quot; heading + 2 arrow lines → diagramType &quot;flowchart&quot;" time="0.0007937">
        </testcase>
        <testcase classname="tests/extractors/diagrams.test.js" name="extractDiagrams() — Strategy 4: prose diagram inside a code fence &gt; prose with &quot;diagram&quot; heading but only 1 arrow line → NOT extracted" time="0.0005188">
        </testcase>
        <testcase classname="tests/extractors/diagrams.test.js" name="extractDiagrams() — Strategy 4: prose diagram inside a code fence &gt; free prose (no code fence) with sequence diagram structure → NOT extracted" time="0.0004628">
        </testcase>
    </testsuite>
    <testsuite name="tests/extractors/images.test.js" timestamp="2026-03-17T19:02:08.703Z" hostname="Kahana-PC" tests="26" failures="0" errors="0" skipped="0" time="0.0692795">
        <testcase classname="tests/extractors/images.test.js" name="extractImages() — Markdown strategy &gt; message with ![alt](https://…) → 1 image entity" time="0.0107402">
        </testcase>
        <testcase classname="tests/extractors/images.test.js" name="extractImages() — Markdown strategy &gt; two Markdown images in one message → 2 entities" time="0.0008802">
        </testcase>
        <testcase classname="tests/extractors/images.test.js" name="extractImages() — Markdown strategy &gt; user messages are now included in Markdown scan (user-uploaded images)" time="0.0008078">
        </testcase>
        <testcase classname="tests/extractors/images.test.js" name="extractImages() — Markdown strategy &gt; empty messages array → empty result" time="0.0005001">
        </testcase>
        <testcase classname="tests/extractors/images.test.js" name="extractImages() — Markdown strategy &gt; thumbnailDataUri is null at extraction time" time="0.0005737">
        </testcase>
        <testcase classname="tests/extractors/images.test.js" name="extractImages() — Markdown strategy &gt; mimeType is guessed from URL extension" time="0.0005525">
        </testcase>
        <testcase classname="tests/extractors/images.test.js" name="extractImages() — Markdown strategy &gt; chatId is stamped onto each entity" time="0.0004192">
        </testcase>
        <testcase classname="tests/extractors/images.test.js" name="extractImages() — Markdown strategy &gt; messageIndex matches message index field" time="0.0004534">
        </testcase>
        <testcase classname="tests/extractors/images.test.js" name="extractImages() — Markdown strategy &gt; role is preserved from message for https:// src" time="0.0004126">
        </testcase>
        <testcase classname="tests/extractors/images.test.js" name="extractImages() — data: URI images (Copilot blob resolution) &gt; assistant message with data: URI → 1 entity with thumbnailDataUri set" time="0.0008614">
        </testcase>
        <testcase classname="tests/extractors/images.test.js" name="extractImages() — data: URI images (Copilot blob resolution) &gt; data: URI has mimeType extracted from the URI prefix" time="0.0004722">
        </testcase>
        <testcase classname="tests/extractors/images.test.js" name="extractImages() — data: URI images (Copilot blob resolution) &gt; user message with data: URI → extracted (user-attached images)" time="0.0006288">
        </testcase>
        <testcase classname="tests/extractors/images.test.js" name="extractImages() — data: URI images (Copilot blob resolution) &gt; oversize data: URI → thumbnailDataUri is null, oversize flag is true" time="0.009837">
        </testcase>
        <testcase classname="tests/extractors/images.test.js" name="extractImages() — data: URI images (Copilot blob resolution) &gt; Copilot markdown format with {width=W height=H} suffix → still matched" time="0.0006676">
        </testcase>
        <testcase classname="tests/extractors/images.test.js" name="extractImages() — data: URI images (Copilot blob resolution) &gt; same data: URI appearing twice in one message → deduplicated to 1 entity" time="0.0005732">
        </testcase>
        <testcase classname="tests/extractors/images.test.js" name="extractImages() — data: URI images (Copilot blob resolution) &gt; same https:// URL across two messages → deduplicated to 1 entity" time="0.0005374">
        </testcase>
        <testcase classname="tests/extractors/images.test.js" name="extractImages() — data: URI images (Copilot blob resolution) &gt; two distinct data: URIs in one message → 2 separate entities" time="0.0005041">
        </testcase>
        <testcase classname="tests/extractors/images.test.js" name="extractImages() — data: URI images (Copilot blob resolution) &gt; mixed message with https:// and data: URIs → both captured" time="0.0006889">
        </testcase>
        <testcase classname="tests/extractors/images.test.js" name="extractImages() — structured content.parts strategy &gt; part with type image_url and url → image entity" time="0.0006814">
        </testcase>
        <testcase classname="tests/extractors/images.test.js" name="extractImages() — structured content.parts strategy &gt; part with type image_file → image entity" time="0.0005794">
        </testcase>
        <testcase classname="tests/extractors/images.test.js" name="extractImages() — structured content.parts strategy &gt; structured strategy wins over Markdown when both present" time="0.0005361">
        </testcase>
        <testcase classname="tests/extractors/images.test.js" name="extractImages() — DOM strategy &gt; DOM &lt;img&gt; in assistant turn → captured" time="0.0172605">
        </testcase>
        <testcase classname="tests/extractors/images.test.js" name="extractImages() — DOM strategy &gt; small/decorative &lt;img&gt; (aria-hidden) → excluded" time="0.0081072">
        </testcase>
        <testcase classname="tests/extractors/images.test.js" name="extractImages() — DOM strategy &gt; tiny &lt;img&gt; (width &lt; 10) → excluded" time="0.0041625">
        </testcase>
        <testcase classname="tests/extractors/images.test.js" name="extractImages() — DOM strategy &gt; data:image large enough → stored with oversize flag when &gt; limit" time="0.001254">
        </testcase>
        <testcase classname="tests/extractors/images.test.js" name="extractImages() — DOM strategy &gt; doc null → DOM strategy is skipped, no throw" time="0.0023217">
        </testcase>
    </testsuite>
    <testsuite name="tests/extractors/prompts.test.js" timestamp="2026-03-17T19:02:08.725Z" hostname="Kahana-PC" tests="11" failures="0" errors="0" skipped="0" time="0.0154828">
        <testcase classname="tests/extractors/prompts.test.js" name="extractPrompts() &gt; 2 user turns from 4-message array → 2 prompt entities" time="0.0052755">
        </testcase>
        <testcase classname="tests/extractors/prompts.test.js" name="extractPrompts() &gt; entities have type &quot;prompt&quot;" time="0.0006287">
        </testcase>
        <testcase classname="tests/extractors/prompts.test.js" name="extractPrompts() &gt; entities have role &quot;user&quot;" time="0.000478">
        </testcase>
        <testcase classname="tests/extractors/prompts.test.js" name="extractPrompts() &gt; entities carry the correct text" time="0.0007167">
        </testcase>
        <testcase classname="tests/extractors/prompts.test.js" name="extractPrompts() &gt; wordCount is computed correctly" time="0.0007916">
        </testcase>
        <testcase classname="tests/extractors/prompts.test.js" name="extractPrompts() &gt; uses m.index for messageIndex when available" time="0.0007138">
        </testcase>
        <testcase classname="tests/extractors/prompts.test.js" name="extractPrompts() &gt; falls back to filtered-array position when m.index is absent" time="0.0006083">
        </testcase>
        <testcase classname="tests/extractors/prompts.test.js" name="extractPrompts() &gt; assistant turns are excluded" time="0.0005004">
        </testcase>
        <testcase classname="tests/extractors/prompts.test.js" name="extractPrompts() &gt; empty messages array returns empty result" time="0.001073">
        </testcase>
        <testcase classname="tests/extractors/prompts.test.js" name="extractPrompts() &gt; chatId is stamped on every entity" time="0.0006832">
        </testcase>
        <testcase classname="tests/extractors/prompts.test.js" name="extractPrompts() &gt; entities have a unique non-empty id" time="0.0007306">
        </testcase>
    </testsuite>
    <testsuite name="tests/extractors/tables.test.js" timestamp="2026-03-17T19:02:08.734Z" hostname="Kahana-PC" tests="10" failures="0" errors="0" skipped="0" time="0.022099">
        <testcase classname="tests/extractors/tables.test.js" name="extractTables() &gt; 3-column, 4-row table → 1 entity with correct headers and rows" time="0.0092029">
        </testcase>
        <testcase classname="tests/extractors/tables.test.js" name="extractTables() &gt; two separate tables in one message → 2 entities" time="0.0009488">
        </testcase>
        <testcase classname="tests/extractors/tables.test.js" name="extractTables() &gt; text with | characters but no valid separator row → no entity" time="0.0004763">
        </testcase>
        <testcase classname="tests/extractors/tables.test.js" name="extractTables() &gt; table with trailing pipe on header is parsed correctly" time="0.0028872">
        </testcase>
        <testcase classname="tests/extractors/tables.test.js" name="extractTables() &gt; user messages are excluded" time="0.0009072">
        </testcase>
        <testcase classname="tests/extractors/tables.test.js" name="extractTables() &gt; model role is treated as assistant" time="0.0009308">
        </testcase>
        <testcase classname="tests/extractors/tables.test.js" name="extractTables() &gt; empty messages array returns empty result" time="0.0006865">
        </testcase>
        <testcase classname="tests/extractors/tables.test.js" name="extractTables() &gt; entity type is &quot;table&quot;" time="0.0006507">
        </testcase>
        <testcase classname="tests/extractors/tables.test.js" name="extractTables() &gt; chatId is stamped on each entity" time="0.0007622">
        </testcase>
        <testcase classname="tests/extractors/tables.test.js" name="extractTables() &gt; uses m.index for messageIndex when available" time="0.0005976">
        </testcase>
    </testsuite>
    <testsuite name="tests/extractors/tool-calls.test.js" timestamp="2026-03-17T19:02:08.744Z" hostname="Kahana-PC" tests="16" failures="0" errors="0" skipped="0" time="0.0278108">
        <testcase classname="tests/extractors/tool-calls.test.js" name="extractToolCalls() — structured: role &quot;tool&quot; &gt; message with role &quot;tool&quot; → entity with input/output populated" time="0.0099685">
        </testcase>
        <testcase classname="tests/extractors/tool-calls.test.js" name="extractToolCalls() — structured: role &quot;tool&quot; &gt; role &quot;tool&quot; without a name → tool &quot;unknown&quot;" time="0.0008523">
        </testcase>
        <testcase classname="tests/extractors/tool-calls.test.js" name="extractToolCalls() — structured: role &quot;tool&quot; &gt; chatId is stamped on each entity" time="0.0005029">
        </testcase>
        <testcase classname="tests/extractors/tool-calls.test.js" name="extractToolCalls() — structured: role &quot;tool&quot; &gt; messageIndex is taken from message.index" time="0.0004906">
        </testcase>
        <testcase classname="tests/extractors/tool-calls.test.js" name="extractToolCalls() — structured: type &quot;tool_use&quot; &gt; message with type &quot;tool_use&quot; and name &quot;web_search&quot; → entity with tool &quot;web_search&quot;" time="0.0008163">
        </testcase>
        <testcase classname="tests/extractors/tool-calls.test.js" name="extractToolCalls() — structured: type &quot;tool_use&quot; &gt; type &quot;tool_use&quot; with code interpreter name → tool &quot;code_interpreter&quot;" time="0.0005606">
        </testcase>
        <testcase classname="tests/extractors/tool-calls.test.js" name="extractToolCalls() — structured: type &quot;tool_result&quot; &gt; message with type &quot;tool_result&quot; → entity with output populated" time="0.0007062">
        </testcase>
        <testcase classname="tests/extractors/tool-calls.test.js" name="extractToolCalls() — output truncation &gt; output longer than 10 000 chars is truncated" time="0.0008164">
        </testcase>
        <testcase classname="tests/extractors/tool-calls.test.js" name="extractToolCalls() — output truncation &gt; output exactly 10 000 chars is NOT truncated" time="0.0005225">
        </testcase>
        <testcase classname="tests/extractors/tool-calls.test.js" name="extractToolCalls() — no tool messages &gt; regular user+assistant messages → empty result" time="0.002047">
        </testcase>
        <testcase classname="tests/extractors/tool-calls.test.js" name="extractToolCalls() — no tool messages &gt; empty messages array → empty result" time="0.0004601">
        </testcase>
        <testcase classname="tests/extractors/tool-calls.test.js" name="extractToolCalls() — heuristic prose scan &gt; &quot;Web search:&quot; prose pattern → entity with tool &quot;web_search&quot;" time="0.0018775">
        </testcase>
        <testcase classname="tests/extractors/tool-calls.test.js" name="extractToolCalls() — heuristic prose scan &gt; &quot;Ran code:&quot; prose pattern → entity with tool &quot;code_interpreter&quot;" time="0.0006824">
        </testcase>
        <testcase classname="tests/extractors/tool-calls.test.js" name="extractToolCalls() — heuristic prose scan &gt; doc being null does not throw during prose scan" time="0.002156">
        </testcase>
        <testcase classname="tests/extractors/tool-calls.test.js" name="extractToolCalls() — tool name normalisation &gt; &quot;python&quot; maps to &quot;code_interpreter&quot;" time="0.0005522">
        </testcase>
        <testcase classname="tests/extractors/tool-calls.test.js" name="extractToolCalls() — tool name normalisation &gt; &quot;browser&quot; maps to &quot;browser&quot;" time="0.0004535">
        </testcase>
    </testsuite>
</testsuites>
